node.exe : (node:23460) Warning: `--localstorage-file` was provi
ded without a valid path
D:\npm-global\npx.ps1:24 знак:5
+     & "node$exe"  "$basedir/node_modules/npm/bin/npx-cli.js" $
args
+     ~~~~~~~~~~~~~~~~~~~~~~~~~~~~~~~~~~~~~~~~~~~~~~~~~~~~~~~~~~
~~~~
    + CategoryInfo          : NotSpecified: ((node:23460) Wa... 
   ut a valid path:String) [], RemoteException
    + FullyQualifiedErrorId : NativeCommandError
 
(Use `node --trace-warnings ...` to show where the warning was c
reated)
FAIL src/tests/full_cycle.test.ts
  тЧП E2E Full Cycle: Payment to Order Completion тА║ Should pro
cess Payment -> Create Order -> Send to Provider -> Sync Status

    PrismaClientValidationError: 
    Invalid `prisma.internalService.create()` invocation in
    D:\Smmplan\src\tests\full_cycle.test.ts:56:48

      53 providerId = provider.id;
      54 
      55 // Create Service
    тЖТ 56 service = await prisma.internalService.create({
           data: {
             name: "E2E Test Service",
             pricePer1000: 100,
             minQty: 10,
             maxQty: 1000,
             platform: "TELEGRAM",
             category: "VIEWS",
         +   id: String
           }
         })

    Argument `id` is missing.

    [0m [90m 54 |[39m
     [90m 55 |[39m         [90m// Create Service[39m
    [31m[1m>[22m[39m[90m 56 |[39m         service [33m=[
39m [36mawait[39m prisma[33m.[39minternalService[33m.[39mc
reate({
     [90m    |[39m                   [31m[1m^[22m[39m
     [90m 57 |[39m             data[33m:[39m {
     [90m 58 |[39m                 name[33m:[39m [32m'E2E T
est Service'[39m[33m,[39m
     [90m 59 |[39m                 pricePer1000[33m:[39m [3
5m100[39m[33m,[39m[0m

      at Nn (node_modules/@prisma/client/src/runtime/core/errorR
endering/throwValidationException.ts:45:9)
      at ei.throwValidationException [as handleRequestError] (no
de_modules/@prisma/client/src/runtime/RequestHandler.ts:202:7)
      at ei.handleAndLogRequestError (node_modules/@prisma/clien
t/src/runtime/RequestHandler.ts:174:12)
      at ei.request (node_modules/@prisma/client/src/runtime/Req
uestHandler.ts:143:12)
      at a (node_modules/@prisma/client/src/runtime/getPrismaCli
ent.ts:833:24)
      at Object.<anonymous> (src/tests/full_cycle.test.ts:56:19)


  тЧП Test suite failed to run

    TypeError: Cannot read properties of undefined (reading 'id'
)

    [0m [90m 115 |[39m         [36mawait[39m prisma[33m.[
39morder[33m.[39mdeleteMany({ where[33m:[39m { userId[33m:
[39m user[33m.[39mid } })[33m;[39m
     [90m 116 |[39m         [36mawait[39m prisma[33m.[39mu
ser[33m.[39m[36mdelete[39m({ where[33m:[39m { id[33m:[39
m user[33m.[39mid } })[33m;[39m
    [31m[1m>[22m[39m[90m 117 |[39m         [36mawait[39m
 prisma[33m.[39minternalServiceMapping[33m.[39mdeleteMany({ 
where[33m:[39m { internalServiceId[33m:[39m service[33m.[3
9mid } })[33m;[39m
     [90m     |[39m                                           
                                                   [31m[1m^[2
2m[39m
     [90m 118 |[39m         [36mawait[39m prisma[33m.[39mi
nternalService[33m.[39m[36mdelete[39m({ where[33m:[39m { i
d[33m:[39m service[33m.[39mid } })[33m;[39m
     [90m 119 |[39m         [36mawait[39m prisma[33m.[39m$
disconnect()[33m;[39m
     [90m 120 |[39m     })[33m;[39m[0m

      at Object.<anonymous> (src/tests/full_cycle.test.ts:117:94
)

Failed to collect coverage from D:\Smmplan\src\app\page.tsx
ERROR: D:\Smmplan\src\app\page.tsx: Support for the experimental
 syntax 'jsx' isn't currently enabled (58:17):

[0m [90m 56 |[39m     }[33m,[39m [])[33m;[39m
 [90m 57 |[39m     [36mif[39m (isTma [33m===[39m [36mnull
[39m) {
[31m[1m>[22m[39m[90m 58 |[39m         [36mreturn[39m ([
33m<[39m[33mdiv[39m className[33m=[39m[32m"min-h-screen bg
-white flex items-center justify-center"[39m[33m>[39m
 [90m    |[39m                 [31m[1m^[22m[39m
 [90m 59 |[39m         [33m<[39m[33mdiv[39m className[33m
=[39m[32m"w-8 h-8 border-4 border-primary border-t-transparent
 rounded-full animate-spin"[39m[33m/[39m[33m>[39m
 [90m 60 |[39m       [33m<[39m[33m/[39m[33mdiv[39m[33m>
[39m)[33m;[39m
 [90m 61 |[39m     }[0m

Add @babel/preset-react (https://github.com/babel/babel/tree/mai
n/packages/babel-preset-react) to the 'presets' section of your 
Babel config to enable transformation.
If you want to leave it as-is, add @babel/plugin-syntax-jsx (htt
ps://github.com/babel/babel/tree/main/packages/babel-plugin-synt
ax-jsx) to the 'plugins' section to enable parsing.

If you already added the plugin for this syntax to your config, 
it's possible that your config isn't being loaded.
You can re-run Babel with the BABEL_SHOW_CONFIG_FOR environment 
variable to show the loaded configuration:
	npx cross-env BABEL_SHOW_CONFIG_FOR=D:\Smmplan\src\app\page.tsx
 <your build command>
See https://babeljs.io/docs/configuration#print-effective-config
s for more info.

STACK: SyntaxError: D:\Smmplan\src\app\page.tsx: Support for the
 experimental syntax 'jsx' isn't currently enabled (58:17):

[0m [90m 56 |[39m     }[33m,[39m [])[33m;[39m
 [90m 57 |[39m     [36mif[39m (isTma [33m===[39m [36mnull
[39m) {
[31m[1m>[22m[39m[90m 58 |[39m         [36mreturn[39m ([
33m<[39m[33mdiv[39m className[33m=[39m[32m"min-h-screen bg
-white flex items-center justify-center"[39m[33m>[39m
 [90m    |[39m                 [31m[1m^[22m[39m
 [90m 59 |[39m         [33m<[39m[33mdiv[39m className[33m
=[39m[32m"w-8 h-8 border-4 border-primary border-t-transparent
 rounded-full animate-spin"[39m[33m/[39m[33m>[39m
 [90m 60 |[39m       [33m<[39m[33m/[39m[33mdiv[39m[33m>
[39m)[33m;[39m
 [90m 61 |[39m     }[0m

Add @babel/preset-react (https://github.com/babel/babel/tree/mai
n/packages/babel-preset-react) to the 'presets' section of your 
Babel config to enable transformation.
If you want to leave it as-is, add @babel/plugin-syntax-jsx (htt
ps://github.com/babel/babel/tree/main/packages/babel-plugin-synt
ax-jsx) to the 'plugins' section to enable parsing.

If you already added the plugin for this syntax to your config, 
it's possible that your config isn't being loaded.
You can re-run Babel with the BABEL_SHOW_CONFIG_FOR environment 
variable to show the loaded configuration:
	npx cross-env BABEL_SHOW_CONFIG_FOR=D:\Smmplan\src\app\page.tsx
 <your build command>
See https://babeljs.io/docs/configuration#print-effective-config
s for more info.

    at constructor (D:\Smmplan\node_modules\@babel\parser\lib\in
dex.js:365:19)
    at Parser.raise (D:\Smmplan\node_modules\@babel\parser\lib\i
ndex.js:6599:19)
    at Parser.expectOnePlugin (D:\Smmplan\node_modules\@babel\pa
rser\lib\index.js:6633:18)
    at Parser.parseExprAtom (D:\Smmplan\node_modules\@babel\pars
er\lib\index.js:11388:24)
    at Parser.parseExprSubscripts (D:\Smmplan\node_modules\@babe
l\parser\lib\index.js:11071:23)
    at Parser.parseUpdate (D:\Smmplan\node_modules\@babel\parser
\lib\index.js:11056:21)
    at Parser.parseMaybeUnary (D:\Smmplan\node_modules\@babel\pa
rser\lib\index.js:11036:23)
    at Parser.parseMaybeUnaryOrPrivate (D:\Smmplan\node_modules\
@babel\parser\lib\index.js:10889:61)
    at Parser.parseExprOps (D:\Smmplan\node_modules\@babel\parse
r\lib\index.js:10894:23)
    at Parser.parseMaybeConditional (D:\Smmplan\node_modules\@ba
bel\parser\lib\index.js:10871:23)
    at Parser.parseMaybeAssign (D:\Smmplan\node_modules\@babel\p
arser\lib\index.js:10821:21)
    at D:\Smmplan\node_modules\@babel\parser\lib\index.js:10790:
39
    at Parser.allowInAnd (D:\Smmplan\node_modules\@babel\parser\
lib\index.js:12416:12)
    at Parser.parseMaybeAssignAllowIn (D:\Smmplan\node_modules\@
babel\parser\lib\index.js:10790:17)
    at Parser.parseMaybeAssignAllowInOrVoidPattern (D:\Smmplan\n
ode_modules\@babel\parser\lib\index.js:12483:17)
    at Parser.parseParenAndDistinguishExpression (D:\Smmplan\nod
e_modules\@babel\parser\lib\index.js:11665:28)
    at Parser.parseExprAtom (D:\Smmplan\node_modules\@babel\pars
er\lib\index.js:11321:23)
    at Parser.parseExprSubscripts (D:\Smmplan\node_modules\@babe
l\parser\lib\index.js:11071:23)
    at Parser.parseUpdate (D:\Smmplan\node_modules\@babel\parser
\lib\index.js:11056:21)
    at Parser.parseMaybeUnary (D:\Smmplan\node_modules\@babel\pa
rser\lib\index.js:11036:23)
    at Parser.parseMaybeUnaryOrPrivate (D:\Smmplan\node_modules\
@babel\parser\lib\index.js:10889:61)
    at Parser.parseExprOps (D:\Smmplan\node_modules\@babel\parse
r\lib\index.js:10894:23)
    at Parser.parseMaybeConditional (D:\Smmplan\node_modules\@ba
bel\parser\lib\index.js:10871:23)
    at Parser.parseMaybeAssign (D:\Smmplan\node_modules\@babel\p
arser\lib\index.js:10821:21)
    at Parser.parseExpressionBase (D:\Smmplan\node_modules\@babe
l\parser\lib\index.js:10774:23)
    at D:\Smmplan\node_modules\@babel\parser\lib\index.js:10770:
39
    at Parser.allowInAnd (D:\Smmplan\node_modules\@babel\parser\
lib\index.js:12411:16)
    at Parser.parseExpression (D:\Smmplan\node_modules\@babel\pa
rser\lib\index.js:10770:17)
    at Parser.parseReturnStatement (D:\Smmplan\node_modules\@bab
el\parser\lib\index.js:13132:28)
    at Parser.parseStatementContent (D:\Smmplan\node_modules\@ba
bel\parser\lib\index.js:12788:21)
    at Parser.parseStatementLike (D:\Smmplan\node_modules\@babel
\parser\lib\index.js:12757:17)
    at Parser.parseStatementListItem (D:\Smmplan\node_modules\@b
abel\parser\lib\index.js:12737:17)
    at Parser.parseBlockOrModuleBlockBody (D:\Smmplan\node_modul
es\@babel\parser\lib\index.js:13306:61)
    at Parser.parseBlockBody (D:\Smmplan\node_modules\@babel\par
ser\lib\index.js:13299:10)
    at Parser.parseBlock (D:\Smmplan\node_modules\@babel\parser\
lib\index.js:13287:10)
    at Parser.parseStatementContent (D:\Smmplan\node_modules\@ba
bel\parser\lib\index.js:12848:21)
    at Parser.parseStatementLike (D:\Smmplan\node_modules\@babel
\parser\lib\index.js:12757:17)
    at Parser.parseStatementOrSloppyAnnexBFunctionDeclaration (D
:\Smmplan\node_modules\@babel\parser\lib\index.js:12747:17)
    at Parser.parseIfStatement (D:\Smmplan\node_modules\@babel\p
arser\lib\index.js:13120:28)
    at Parser.parseStatementContent (D:\Smmplan\node_modules\@ba
bel\parser\lib\index.js:12786:21)
    at Parser.parseStatementLike (D:\Smmplan\node_modules\@babel
\parser\lib\index.js:12757:17)
    at Parser.parseStatementListItem (D:\Smmplan\node_modules\@b
abel\parser\lib\index.js:12737:17)
    at Parser.parseBlockOrModuleBlockBody (D:\Smmplan\node_modul
es\@babel\parser\lib\index.js:13306:61)
    at Parser.parseBlockBody (D:\Smmplan\node_modules\@babel\par
ser\lib\index.js:13299:10)
    at Parser.parseBlock (D:\Smmplan\node_modules\@babel\parser\
lib\index.js:13287:10)
    at Parser.parseFunctionBody (D:\Smmplan\node_modules\@babel\
parser\lib\index.js:12090:24)
    at Parser.parseFunctionBodyAndFinish (D:\Smmplan\node_module
s\@babel\parser\lib\index.js:12076:10)
    at D:\Smmplan\node_modules\@babel\parser\lib\index.js:13435:
12
    at Parser.withSmartMixTopicForbiddingContext (D:\Smmplan\nod
e_modules\@babel\parser\lib\index.js:12393:14)
    at Parser.parseFunction (D:\Smmplan\node_modules\@babel\pars
er\lib\index.js:13434:10)
Failed to collect coverage from D:\Smmplan\src\app\layout.tsx
ERROR: D:\Smmplan\src\app\layout.tsx: Support for the experiment
al syntax 'jsx' isn't currently enabled (16:13):

[0m [90m 14 |[39m }[33m;[39m
 [90m 15 |[39m [36mfunction[39m [33mRootLayout[39m({ child
ren[33m,[39m }) {
[31m[1m>[22m[39m[90m 16 |[39m     [36mreturn[39m ([33m<
[39m[33mhtml[39m lang[33m=[39m[32m"ru"[39m suppressHydrat
ionWarning[33m>[39m
 [90m    |[39m             [31m[1m^[22m[39m
 [90m 17 |[39m       [33m<[39m[33mhead[39m[33m>[39m
 [90m 18 |[39m         [33m<[39m[33mscript_1[39m[33m.[39
m[36mdefault[39m src[33m=[39m[32m"https://telegram.org/js/t
elegram-web-app.js"[39m strategy[33m=[39m[32m"beforeInteract
ive"[39m[33m/[39m[33m>[39m
 [90m 19 |[39m       [33m<[39m[33m/[39m[33mhead[39m[33m
>[39m[0m

Add @babel/preset-react (https://github.com/babel/babel/tree/mai
n/packages/babel-preset-react) to the 'presets' section of your 
Babel config to enable transformation.
If you want to leave it as-is, add @babel/plugin-syntax-jsx (htt
ps://github.com/babel/babel/tree/main/packages/babel-plugin-synt
ax-jsx) to the 'plugins' section to enable parsing.

If you already added the plugin for this syntax to your config, 
it's possible that your config isn't being loaded.
You can re-run Babel with the BABEL_SHOW_CONFIG_FOR environment 
variable to show the loaded configuration:
	npx cross-env BABEL_SHOW_CONFIG_FOR=D:\Smmplan\src\app\layout.t
sx <your build command>
See https://babeljs.io/docs/configuration#print-effective-config
s for more info.

STACK: SyntaxError: D:\Smmplan\src\app\layout.tsx: Support for t
he experimental syntax 'jsx' isn't currently enabled (16:13):

[0m [90m 14 |[39m }[33m;[39m
 [90m 15 |[39m [36mfunction[39m [33mRootLayout[39m({ child
ren[33m,[39m }) {
[31m[1m>[22m[39m[90m 16 |[39m     [36mreturn[39m ([33m<
[39m[33mhtml[39m lang[33m=[39m[32m"ru"[39m suppressHydrat
ionWarning[33m>[39m
 [90m    |[39m             [31m[1m^[22m[39m
 [90m 17 |[39m       [33m<[39m[33mhead[39m[33m>[39m
 [90m 18 |[39m         [33m<[39m[33mscript_1[39m[33m.[39
m[36mdefault[39m src[33m=[39m[32m"https://telegram.org/js/t
elegram-web-app.js"[39m strategy[33m=[39m[32m"beforeInteract
ive"[39m[33m/[39m[33m>[39m
 [90m 19 |[39m       [33m<[39m[33m/[39m[33mhead[39m[33m
>[39m[0m

Add @babel/preset-react (https://github.com/babel/babel/tree/mai
n/packages/babel-preset-react) to the 'presets' section of your 
Babel config to enable transformation.
If you want to leave it as-is, add @babel/plugin-syntax-jsx (htt
ps://github.com/babel/babel/tree/main/packages/babel-plugin-synt
ax-jsx) to the 'plugins' section to enable parsing.

If you already added the plugin for this syntax to your config, 
it's possible that your config isn't being loaded.
You can re-run Babel with the BABEL_SHOW_CONFIG_FOR environment 
variable to show the loaded configuration:
	npx cross-env BABEL_SHOW_CONFIG_FOR=D:\Smmplan\src\app\layout.t
sx <your build command>
See https://babeljs.io/docs/configuration#print-effective-config
s for more info.

    at constructor (D:\Smmplan\node_modules\@babel\parser\lib\in
dex.js:365:19)
    at Parser.raise (D:\Smmplan\node_modules\@babel\parser\lib\i
ndex.js:6599:19)
    at Parser.expectOnePlugin (D:\Smmplan\node_modules\@babel\pa
rser\lib\index.js:6633:18)
    at Parser.parseExprAtom (D:\Smmplan\node_modules\@babel\pars
er\lib\index.js:11388:24)
    at Parser.parseExprSubscripts (D:\Smmplan\node_modules\@babe
l\parser\lib\index.js:11071:23)
    at Parser.parseUpdate (D:\Smmplan\node_modules\@babel\parser
\lib\index.js:11056:21)
    at Parser.parseMaybeUnary (D:\Smmplan\node_modules\@babel\pa
rser\lib\index.js:11036:23)
    at Parser.parseMaybeUnaryOrPrivate (D:\Smmplan\node_modules\
@babel\parser\lib\index.js:10889:61)
    at Parser.parseExprOps (D:\Smmplan\node_modules\@babel\parse
r\lib\index.js:10894:23)
    at Parser.parseMaybeConditional (D:\Smmplan\node_modules\@ba
bel\parser\lib\index.js:10871:23)
    at Parser.parseMaybeAssign (D:\Smmplan\node_modules\@babel\p
arser\lib\index.js:10821:21)
    at D:\Smmplan\node_modules\@babel\parser\lib\index.js:10790:
39
    at Parser.allowInAnd (D:\Smmplan\node_modules\@babel\parser\
lib\index.js:12416:12)
    at Parser.parseMaybeAssignAllowIn (D:\Smmplan\node_modules\@
babel\parser\lib\index.js:10790:17)
    at Parser.parseMaybeAssignAllowInOrVoidPattern (D:\Smmplan\n
ode_modules\@babel\parser\lib\index.js:12483:17)
    at Parser.parseParenAndDistinguishExpression (D:\Smmplan\nod
e_modules\@babel\parser\lib\index.js:11665:28)
    at Parser.parseExprAtom (D:\Smmplan\node_modules\@babel\pars
er\lib\index.js:11321:23)
    at Parser.parseExprSubscripts (D:\Smmplan\node_modules\@babe
l\parser\lib\index.js:11071:23)
    at Parser.parseUpdate (D:\Smmplan\node_modules\@babel\parser
\lib\index.js:11056:21)
    at Parser.parseMaybeUnary (D:\Smmplan\node_modules\@babel\pa
rser\lib\index.js:11036:23)
    at Parser.parseMaybeUnaryOrPrivate (D:\Smmplan\node_modules\
@babel\parser\lib\index.js:10889:61)
    at Parser.parseExprOps (D:\Smmplan\node_modules\@babel\parse
r\lib\index.js:10894:23)
    at Parser.parseMaybeConditional (D:\Smmplan\node_modules\@ba
bel\parser\lib\index.js:10871:23)
    at Parser.parseMaybeAssign (D:\Smmplan\node_modules\@babel\p
arser\lib\index.js:10821:21)
    at Parser.parseExpressionBase (D:\Smmplan\node_modules\@babe
l\parser\lib\index.js:10774:23)
    at D:\Smmplan\node_modules\@babel\parser\lib\index.js:10770:
39
    at Parser.allowInAnd (D:\Smmplan\node_modules\@babel\parser\
lib\index.js:12411:16)
    at Parser.parseExpression (D:\Smmplan\node_modules\@babel\pa
rser\lib\index.js:10770:17)
    at Parser.parseReturnStatement (D:\Smmplan\node_modules\@bab
el\parser\lib\index.js:13132:28)
    at Parser.parseStatementContent (D:\Smmplan\node_modules\@ba
bel\parser\lib\index.js:12788:21)
    at Parser.parseStatementLike (D:\Smmplan\node_modules\@babel
\parser\lib\index.js:12757:17)
    at Parser.parseStatementListItem (D:\Smmplan\node_modules\@b
abel\parser\lib\index.js:12737:17)
    at Parser.parseBlockOrModuleBlockBody (D:\Smmplan\node_modul
es\@babel\parser\lib\index.js:13306:61)
    at Parser.parseBlockBody (D:\Smmplan\node_modules\@babel\par
ser\lib\index.js:13299:10)
    at Parser.parseBlock (D:\Smmplan\node_modules\@babel\parser\
lib\index.js:13287:10)
    at Parser.parseFunctionBody (D:\Smmplan\node_modules\@babel\
parser\lib\index.js:12090:24)
    at Parser.parseFunctionBodyAndFinish (D:\Smmplan\node_module
s\@babel\parser\lib\index.js:12076:10)
    at D:\Smmplan\node_modules\@babel\parser\lib\index.js:13435:
12
    at Parser.withSmartMixTopicForbiddingContext (D:\Smmplan\nod
e_modules\@babel\parser\lib\index.js:12393:14)
    at Parser.parseFunction (D:\Smmplan\node_modules\@babel\pars
er\lib\index.js:13434:10)
    at Parser.parseFunctionStatement (D:\Smmplan\node_modules\@b
abel\parser\lib\index.js:13115:17)
    at Parser.parseStatementContent (D:\Smmplan\node_modules\@ba
bel\parser\lib\index.js:12781:21)
    at Parser.parseStatementLike (D:\Smmplan\node_modules\@babel
\parser\lib\index.js:12757:17)
    at Parser.parseModuleItem (D:\Smmplan\node_modules\@babel\pa
rser\lib\index.js:12734:17)
    at Parser.parseBlockOrModuleBlockBody (D:\Smmplan\node_modul
es\@babel\parser\lib\index.js:13306:36)
    at Parser.parseBlockBody (D:\Smmplan\node_modules\@babel\par
ser\lib\index.js:13299:10)
    at Parser.parseProgram (D:\Smmplan\node_modules\@babel\parse
r\lib\index.js:12612:10)
    at Parser.parseTopLevel (D:\Smmplan\node_modules\@babel\pars
er\lib\index.js:12602:25)
    at Parser.parse (D:\Smmplan\node_modules\@babel\parser\lib\i
ndex.js:14478:25)
    at parse (D:\Smmplan\node_modules\@babel\parser\lib\index.js
:14512:38)
Failed to collect coverage from D:\Smmplan\src\components\Provid
ers.tsx
ERROR: D:\Smmplan\src\components\Providers.tsx: Support for the 
experimental syntax 'jsx' isn't currently enabled (11:13):

[0m [90m  9 |[39m [36mconst[39m react_2 [33m=[39m __impor
tDefault(require([32m"react"[39m))[33m;[39m
 [90m 10 |[39m [36mfunction[39m [33mProviders[39m({ childr
en }) {
[31m[1m>[22m[39m[90m 11 |[39m     [36mreturn[39m ([33m<
[39m[33mreact_1[39m[33m.[39m[33mSessionProvider[39m[33m>
[39m
 [90m    |[39m             [31m[1m^[22m[39m
 [90m 12 |[39m             {children}
 [90m 13 |[39m         [33m<[39m[33m/[39m[33mreact_1[39m
[33m.[39m[33mSessionProvider[39m[33m>[39m)[33m;[39m
 [90m 14 |[39m }[0m

Add @babel/preset-react (https://github.com/babel/babel/tree/mai
n/packages/babel-preset-react) to the 'presets' section of your 
Babel config to enable transformation.
If you want to leave it as-is, add @babel/plugin-syntax-jsx (htt
ps://github.com/babel/babel/tree/main/packages/babel-plugin-synt
ax-jsx) to the 'plugins' section to enable parsing.

If you already added the plugin for this syntax to your config, 
it's possible that your config isn't being loaded.
You can re-run Babel with the BABEL_SHOW_CONFIG_FOR environment 
variable to show the loaded configuration:
	npx cross-env BABEL_SHOW_CONFIG_FOR=D:\Smmplan\src\components\P
roviders.tsx <your build command>
See https://babeljs.io/docs/configuration#print-effective-config
s for more info.

STACK: SyntaxError: D:\Smmplan\src\components\Providers.tsx: Sup
port for the experimental syntax 'jsx' isn't currently enabled (
11:13):

[0m [90m  9 |[39m [36mconst[39m react_2 [33m=[39m __impor
tDefault(require([32m"react"[39m))[33m;[39m
 [90m 10 |[39m [36mfunction[39m [33mProviders[39m({ childr
en }) {
[31m[1m>[22m[39m[90m 11 |[39m     [36mreturn[39m ([33m<
[39m[33mreact_1[39m[33m.[39m[33mSessionProvider[39m[33m>
[39m
 [90m    |[39m             [31m[1m^[22m[39m
 [90m 12 |[39m             {children}
 [90m 13 |[39m         [33m<[39m[33m/[39m[33mreact_1[39m
[33m.[39m[33mSessionProvider[39m[33m>[39m)[33m;[39m
 [90m 14 |[39m }[0m

Add @babel/preset-react (https://github.com/babel/babel/tree/mai
n/packages/babel-preset-react) to the 'presets' section of your 
Babel config to enable transformation.
If you want to leave it as-is, add @babel/plugin-syntax-jsx (htt
ps://github.com/babel/babel/tree/main/packages/babel-plugin-synt
ax-jsx) to the 'plugins' section to enable parsing.

If you already added the plugin for this syntax to your config, 
it's possible that your config isn't being loaded.
You can re-run Babel with the BABEL_SHOW_CONFIG_FOR environment 
variable to show the loaded configuration:
	npx cross-env BABEL_SHOW_CONFIG_FOR=D:\Smmplan\src\components\P
roviders.tsx <your build command>
See https://babeljs.io/docs/configuration#print-effective-config
s for more info.

    at constructor (D:\Smmplan\node_modules\@babel\parser\lib\in
dex.js:365:19)
    at Parser.raise (D:\Smmplan\node_modules\@babel\parser\lib\i
ndex.js:6599:19)
    at Parser.expectOnePlugin (D:\Smmplan\node_modules\@babel\pa
rser\lib\index.js:6633:18)
    at Parser.parseExprAtom (D:\Smmplan\node_modules\@babel\pars
er\lib\index.js:11388:24)
    at Parser.parseExprSubscripts (D:\Smmplan\node_modules\@babe
l\parser\lib\index.js:11071:23)
    at Parser.parseUpdate (D:\Smmplan\node_modules\@babel\parser
\lib\index.js:11056:21)
    at Parser.parseMaybeUnary (D:\Smmplan\node_modules\@babel\pa
rser\lib\index.js:11036:23)
    at Parser.parseMaybeUnaryOrPrivate (D:\Smmplan\node_modules\
@babel\parser\lib\index.js:10889:61)
    at Parser.parseExprOps (D:\Smmplan\node_modules\@babel\parse
r\lib\index.js:10894:23)
    at Parser.parseMaybeConditional (D:\Smmplan\node_modules\@ba
bel\parser\lib\index.js:10871:23)
    at Parser.parseMaybeAssign (D:\Smmplan\node_modules\@babel\p
arser\lib\index.js:10821:21)
    at D:\Smmplan\node_modules\@babel\parser\lib\index.js:10790:
39
    at Parser.allowInAnd (D:\Smmplan\node_modules\@babel\parser\
lib\index.js:12416:12)
    at Parser.parseMaybeAssignAllowIn (D:\Smmplan\node_modules\@
babel\parser\lib\index.js:10790:17)
    at Parser.parseMaybeAssignAllowInOrVoidPattern (D:\Smmplan\n
ode_modules\@babel\parser\lib\index.js:12483:17)
    at Parser.parseParenAndDistinguishExpression (D:\Smmplan\nod
e_modules\@babel\parser\lib\index.js:11665:28)
    at Parser.parseExprAtom (D:\Smmplan\node_modules\@babel\pars
er\lib\index.js:11321:23)
    at Parser.parseExprSubscripts (D:\Smmplan\node_modules\@babe
l\parser\lib\index.js:11071:23)
    at Parser.parseUpdate (D:\Smmplan\node_modules\@babel\parser
\lib\index.js:11056:21)
    at Parser.parseMaybeUnary (D:\Smmplan\node_modules\@babel\pa
rser\lib\index.js:11036:23)
    at Parser.parseMaybeUnaryOrPrivate (D:\Smmplan\node_modules\
@babel\parser\lib\index.js:10889:61)
    at Parser.parseExprOps (D:\Smmplan\node_modules\@babel\parse
r\lib\index.js:10894:23)
    at Parser.parseMaybeConditional (D:\Smmplan\node_modules\@ba
bel\parser\lib\index.js:10871:23)
    at Parser.parseMaybeAssign (D:\Smmplan\node_modules\@babel\p
arser\lib\index.js:10821:21)
    at Parser.parseExpressionBase (D:\Smmplan\node_modules\@babe
l\parser\lib\index.js:10774:23)
    at D:\Smmplan\node_modules\@babel\parser\lib\index.js:10770:
39
    at Parser.allowInAnd (D:\Smmplan\node_modules\@babel\parser\
lib\index.js:12411:16)
    at Parser.parseExpression (D:\Smmplan\node_modules\@babel\pa
rser\lib\index.js:10770:17)
    at Parser.parseReturnStatement (D:\Smmplan\node_modules\@bab
el\parser\lib\index.js:13132:28)
    at Parser.parseStatementContent (D:\Smmplan\node_modules\@ba
bel\parser\lib\index.js:12788:21)
    at Parser.parseStatementLike (D:\Smmplan\node_modules\@babel
\parser\lib\index.js:12757:17)
    at Parser.parseStatementListItem (D:\Smmplan\node_modules\@b
abel\parser\lib\index.js:12737:17)
    at Parser.parseBlockOrModuleBlockBody (D:\Smmplan\node_modul
es\@babel\parser\lib\index.js:13306:61)
    at Parser.parseBlockBody (D:\Smmplan\node_modules\@babel\par
ser\lib\index.js:13299:10)
    at Parser.parseBlock (D:\Smmplan\node_modules\@babel\parser\
lib\index.js:13287:10)
    at Parser.parseFunctionBody (D:\Smmplan\node_modules\@babel\
parser\lib\index.js:12090:24)
    at Parser.parseFunctionBodyAndFinish (D:\Smmplan\node_module
s\@babel\parser\lib\index.js:12076:10)
    at D:\Smmplan\node_modules\@babel\parser\lib\index.js:13435:
12
    at Parser.withSmartMixTopicForbiddingContext (D:\Smmplan\nod
e_modules\@babel\parser\lib\index.js:12393:14)
    at Parser.parseFunction (D:\Smmplan\node_modules\@babel\pars
er\lib\index.js:13434:10)
    at Parser.parseFunctionStatement (D:\Smmplan\node_modules\@b
abel\parser\lib\index.js:13115:17)
    at Parser.parseStatementContent (D:\Smmplan\node_modules\@ba
bel\parser\lib\index.js:12781:21)
    at Parser.parseStatementLike (D:\Smmplan\node_modules\@babel
\parser\lib\index.js:12757:17)
    at Parser.parseModuleItem (D:\Smmplan\node_modules\@babel\pa
rser\lib\index.js:12734:17)
    at Parser.parseBlockOrModuleBlockBody (D:\Smmplan\node_modul
es\@babel\parser\lib\index.js:13306:36)
    at Parser.parseBlockBody (D:\Smmplan\node_modules\@babel\par
ser\lib\index.js:13299:10)
    at Parser.parseProgram (D:\Smmplan\node_modules\@babel\parse
r\lib\index.js:12612:10)
    at Parser.parseTopLevel (D:\Smmplan\node_modules\@babel\pars
er\lib\index.js:12602:25)
    at Parser.parse (D:\Smmplan\node_modules\@babel\parser\lib\i
ndex.js:14478:25)
    at parse (D:\Smmplan\node_modules\@babel\parser\lib\index.js
:14512:38)
Failed to collect coverage from D:\Smmplan\src\components\client
\AnimatedBackground.tsx
ERROR: D:\Smmplan\src\components\client\AnimatedBackground.tsx: 
Support for the experimental syntax 'jsx' isn't currently enable
d (11:13):

[0m [90m  9 |[39m [36mconst[39m framer_motion_1 [33m=[39m
 require([32m"framer-motion"[39m)[33m;[39m
 [90m 10 |[39m [36mconst[39m [33mAnimatedBackground[39m [
33m=[39m () [33m=>[39m {
[31m[1m>[22m[39m[90m 11 |[39m     [36mreturn[39m ([33m<
[39m[33mdiv[39m className[33m=[39m[32m"fixed inset-0 -z-50
 overflow-hidden bg-[#02040a]"[39m[33m>[39m
 [90m    |[39m             [31m[1m^[22m[39m
 [90m 12 |[39m             {[90m/* Main Cyber Grid */[39m}
 [90m 13 |[39m             [33m<[39m[33mdiv[39m className
[33m=[39m[32m"absolute inset-0 cyber-grid opacity-20 pointer-e
vents-none"[39m style[33m=[39m{{
 [90m 14 |[39m             perspective[33m:[39m [32m"1000px
"[39m[33m,[39m[0m

Add @babel/preset-react (https://github.com/babel/babel/tree/mai
n/packages/babel-preset-react) to the 'presets' section of your 
Babel config to enable transformation.
If you want to leave it as-is, add @babel/plugin-syntax-jsx (htt
ps://github.com/babel/babel/tree/main/packages/babel-plugin-synt
ax-jsx) to the 'plugins' section to enable parsing.

If you already added the plugin for this syntax to your config, 
it's possible that your config isn't being loaded.
You can re-run Babel with the BABEL_SHOW_CONFIG_FOR environment 
variable to show the loaded configuration:
	npx cross-env BABEL_SHOW_CONFIG_FOR=D:\Smmplan\src\components\c
lient\AnimatedBackground.tsx <your build command>
See https://babeljs.io/docs/configuration#print-effective-config
s for more info.

STACK: SyntaxError: D:\Smmplan\src\components\client\AnimatedBac
kground.tsx: Support for the experimental syntax 'jsx' isn't cur
rently enabled (11:13):

[0m [90m  9 |[39m [36mconst[39m framer_motion_1 [33m=[39m
 require([32m"framer-motion"[39m)[33m;[39m
 [90m 10 |[39m [36mconst[39m [33mAnimatedBackground[39m [
33m=[39m () [33m=>[39m {
[31m[1m>[22m[39m[90m 11 |[39m     [36mreturn[39m ([33m<
[39m[33mdiv[39m className[33m=[39m[32m"fixed inset-0 -z-50
 overflow-hidden bg-[#02040a]"[39m[33m>[39m
 [90m    |[39m             [31m[1m^[22m[39m
 [90m 12 |[39m             {[90m/* Main Cyber Grid */[39m}
 [90m 13 |[39m             [33m<[39m[33mdiv[39m className
[33m=[39m[32m"absolute inset-0 cyber-grid opacity-20 pointer-e
vents-none"[39m style[33m=[39m{{
 [90m 14 |[39m             perspective[33m:[39m [32m"1000px
"[39m[33m,[39m[0m

Add @babel/preset-react (https://github.com/babel/babel/tree/mai
n/packages/babel-preset-react) to the 'presets' section of your 
Babel config to enable transformation.
If you want to leave it as-is, add @babel/plugin-syntax-jsx (htt
ps://github.com/babel/babel/tree/main/packages/babel-plugin-synt
ax-jsx) to the 'plugins' section to enable parsing.

If you already added the plugin for this syntax to your config, 
it's possible that your config isn't being loaded.
You can re-run Babel with the BABEL_SHOW_CONFIG_FOR environment 
variable to show the loaded configuration:
	npx cross-env BABEL_SHOW_CONFIG_FOR=D:\Smmplan\src\components\c
lient\AnimatedBackground.tsx <your build command>
See https://babeljs.io/docs/configuration#print-effective-config
s for more info.

    at constructor (D:\Smmplan\node_modules\@babel\parser\lib\in
dex.js:365:19)
    at Parser.raise (D:\Smmplan\node_modules\@babel\parser\lib\i
ndex.js:6599:19)
    at Parser.expectOnePlugin (D:\Smmplan\node_modules\@babel\pa
rser\lib\index.js:6633:18)
    at Parser.parseExprAtom (D:\Smmplan\node_modules\@babel\pars
er\lib\index.js:11388:24)
    at Parser.parseExprSubscripts (D:\Smmplan\node_modules\@babe
l\parser\lib\index.js:11071:23)
    at Parser.parseUpdate (D:\Smmplan\node_modules\@babel\parser
\lib\index.js:11056:21)
    at Parser.parseMaybeUnary (D:\Smmplan\node_modules\@babel\pa
rser\lib\index.js:11036:23)
    at Parser.parseMaybeUnaryOrPrivate (D:\Smmplan\node_modules\
@babel\parser\lib\index.js:10889:61)
    at Parser.parseExprOps (D:\Smmplan\node_modules\@babel\parse
r\lib\index.js:10894:23)
    at Parser.parseMaybeConditional (D:\Smmplan\node_modules\@ba
bel\parser\lib\index.js:10871:23)
    at Parser.parseMaybeAssign (D:\Smmplan\node_modules\@babel\p
arser\lib\index.js:10821:21)
    at D:\Smmplan\node_modules\@babel\parser\lib\index.js:10790:
39
    at Parser.allowInAnd (D:\Smmplan\node_modules\@babel\parser\
lib\index.js:12416:12)
    at Parser.parseMaybeAssignAllowIn (D:\Smmplan\node_modules\@
babel\parser\lib\index.js:10790:17)
    at Parser.parseMaybeAssignAllowInOrVoidPattern (D:\Smmplan\n
ode_modules\@babel\parser\lib\index.js:12483:17)
    at Parser.parseParenAndDistinguishExpression (D:\Smmplan\nod
e_modules\@babel\parser\lib\index.js:11665:28)
    at Parser.parseExprAtom (D:\Smmplan\node_modules\@babel\pars
er\lib\index.js:11321:23)
    at Parser.parseExprSubscripts (D:\Smmplan\node_modules\@babe
l\parser\lib\index.js:11071:23)
    at Parser.parseUpdate (D:\Smmplan\node_modules\@babel\parser
\lib\index.js:11056:21)
    at Parser.parseMaybeUnary (D:\Smmplan\node_modules\@babel\pa
rser\lib\index.js:11036:23)
    at Parser.parseMaybeUnaryOrPrivate (D:\Smmplan\node_modules\
@babel\parser\lib\index.js:10889:61)
    at Parser.parseExprOps (D:\Smmplan\node_modules\@babel\parse
r\lib\index.js:10894:23)
    at Parser.parseMaybeConditional (D:\Smmplan\node_modules\@ba
bel\parser\lib\index.js:10871:23)
    at Parser.parseMaybeAssign (D:\Smmplan\node_modules\@babel\p
arser\lib\index.js:10821:21)
    at Parser.parseExpressionBase (D:\Smmplan\node_modules\@babe
l\parser\lib\index.js:10774:23)
    at D:\Smmplan\node_modules\@babel\parser\lib\index.js:10770:
39
    at Parser.allowInAnd (D:\Smmplan\node_modules\@babel\parser\
lib\index.js:12411:16)
    at Parser.parseExpression (D:\Smmplan\node_modules\@babel\pa
rser\lib\index.js:10770:17)
    at Parser.parseReturnStatement (D:\Smmplan\node_modules\@bab
el\parser\lib\index.js:13132:28)
    at Parser.parseStatementContent (D:\Smmplan\node_modules\@ba
bel\parser\lib\index.js:12788:21)
    at Parser.parseStatementLike (D:\Smmplan\node_modules\@babel
\parser\lib\index.js:12757:17)
    at Parser.parseStatementListItem (D:\Smmplan\node_modules\@b
abel\parser\lib\index.js:12737:17)
    at Parser.parseBlockOrModuleBlockBody (D:\Smmplan\node_modul
es\@babel\parser\lib\index.js:13306:61)
    at Parser.parseBlockBody (D:\Smmplan\node_modules\@babel\par
ser\lib\index.js:13299:10)
    at Parser.parseBlock (D:\Smmplan\node_modules\@babel\parser\
lib\index.js:13287:10)
    at Parser.parseFunctionBody (D:\Smmplan\node_modules\@babel\
parser\lib\index.js:12090:24)
    at Parser.parseArrowExpression (D:\Smmplan\node_modules\@bab
el\parser\lib\index.js:12065:10)
    at Parser.parseParenAndDistinguishExpression (D:\Smmplan\nod
e_modules\@babel\parser\lib\index.js:11677:12)
    at Parser.parseExprAtom (D:\Smmplan\node_modules\@babel\pars
er\lib\index.js:11321:23)
    at Parser.parseExprSubscripts (D:\Smmplan\node_modules\@babe
l\parser\lib\index.js:11071:23)
    at Parser.parseUpdate (D:\Smmplan\node_modules\@babel\parser
\lib\index.js:11056:21)
    at Parser.parseMaybeUnary (D:\Smmplan\node_modules\@babel\pa
rser\lib\index.js:11036:23)
    at Parser.parseMaybeUnaryOrPrivate (D:\Smmplan\node_modules\
@babel\parser\lib\index.js:10889:61)
    at Parser.parseExprOps (D:\Smmplan\node_modules\@babel\parse
r\lib\index.js:10894:23)
    at Parser.parseMaybeConditional (D:\Smmplan\node_modules\@ba
bel\parser\lib\index.js:10871:23)
    at Parser.parseMaybeAssign (D:\Smmplan\node_modules\@babel\p
arser\lib\index.js:10821:21)
    at D:\Smmplan\node_modules\@babel\parser\lib\index.js:10790:
39
    at Parser.allowInAnd (D:\Smmplan\node_modules\@babel\parser\
lib\index.js:12411:16)
    at Parser.parseMaybeAssignAllowIn (D:\Smmplan\node_modules\@
babel\parser\lib\index.js:10790:17)
    at Parser.parseVar (D:\Smmplan\node_modules\@babel\parser\li
b\index.js:13374:91)
Failed to collect coverage from D:\Smmplan\src\components\client
\CategoryCard.tsx
ERROR: D:\Smmplan\src\components\client\CategoryCard.tsx: Suppor
t for the experimental syntax 'jsx' isn't currently enabled (27:
13):

[0m [90m 25 |[39m     [36mconst[39m isBig [33m=[39m index
 [33m===[39m [35m0[39m [33m||[39m index [33m===[39m [35
m5[39m[33m;[39m
 [90m 26 |[39m     [36mconst[39m isWide [33m=[39m index [
33m===[39m [35m1[39m [33m||[39m index [33m===[39m [35m4
[39m[33m;[39m
[31m[1m>[22m[39m[90m 27 |[39m     [36mreturn[39m ([33m<
[39m[33mframer_motion_1[39m[33m.[39mmotion[33m.[39mbutton
 initial[33m=[39m{{ opacity[33m:[39m [35m0[39m[33m,[39m 
y[33m:[39m [35m20[39m }} animate[33m=[39m{{ opacity[33m:
[39m [35m1[39m[33m,[39m y[33m:[39m [35m0[39m }} transiti
on[33m=[39m{{
 [90m    |[39m             [31m[1m^[22m[39m
 [90m 28 |[39m             delay[33m:[39m index [33m*[39m 
[35m0.05[39m[33m,[39m
 [90m 29 |[39m             duration[33m:[39m [35m0.4[39m[
33m,[39m
 [90m 30 |[39m             ease[33m:[39m [[35m0.23[39m[33
m,[39m [35m1[39m[33m,[39m [35m0.32[39m[33m,[39m [35m1
[39m][0m

Add @babel/preset-react (https://github.com/babel/babel/tree/mai
n/packages/babel-preset-react) to the 'presets' section of your 
Babel config to enable transformation.
If you want to leave it as-is, add @babel/plugin-syntax-jsx (htt
ps://github.com/babel/babel/tree/main/packages/babel-plugin-synt
ax-jsx) to the 'plugins' section to enable parsing.

If you already added the plugin for this syntax to your config, 
it's possible that your config isn't being loaded.
You can re-run Babel with the BABEL_SHOW_CONFIG_FOR environment 
variable to show the loaded configuration:
	npx cross-env BABEL_SHOW_CONFIG_FOR=D:\Smmplan\src\components\c
lient\CategoryCard.tsx <your build command>
See https://babeljs.io/docs/configuration#print-effective-config
s for more info.

STACK: SyntaxError: D:\Smmplan\src\components\client\CategoryCar
d.tsx: Support for the experimental syntax 'jsx' isn't currently
 enabled (27:13):

[0m [90m 25 |[39m     [36mconst[39m isBig [33m=[39m index
 [33m===[39m [35m0[39m [33m||[39m index [33m===[39m [35
m5[39m[33m;[39m
 [90m 26 |[39m     [36mconst[39m isWide [33m=[39m index [
33m===[39m [35m1[39m [33m||[39m index [33m===[39m [35m4
[39m[33m;[39m
[31m[1m>[22m[39m[90m 27 |[39m     [36mreturn[39m ([33m<
[39m[33mframer_motion_1[39m[33m.[39mmotion[33m.[39mbutton
 initial[33m=[39m{{ opacity[33m:[39m [35m0[39m[33m,[39m 
y[33m:[39m [35m20[39m }} animate[33m=[39m{{ opacity[33m:
[39m [35m1[39m[33m,[39m y[33m:[39m [35m0[39m }} transiti
on[33m=[39m{{
 [90m    |[39m             [31m[1m^[22m[39m
 [90m 28 |[39m             delay[33m:[39m index [33m*[39m 
[35m0.05[39m[33m,[39m
 [90m 29 |[39m             duration[33m:[39m [35m0.4[39m[
33m,[39m
 [90m 30 |[39m             ease[33m:[39m [[35m0.23[39m[33
m,[39m [35m1[39m[33m,[39m [35m0.32[39m[33m,[39m [35m1
[39m][0m

Add @babel/preset-react (https://github.com/babel/babel/tree/mai
n/packages/babel-preset-react) to the 'presets' section of your 
Babel config to enable transformation.
If you want to leave it as-is, add @babel/plugin-syntax-jsx (htt
ps://github.com/babel/babel/tree/main/packages/babel-plugin-synt
ax-jsx) to the 'plugins' section to enable parsing.

If you already added the plugin for this syntax to your config, 
it's possible that your config isn't being loaded.
You can re-run Babel with the BABEL_SHOW_CONFIG_FOR environment 
variable to show the loaded configuration:
	npx cross-env BABEL_SHOW_CONFIG_FOR=D:\Smmplan\src\components\c
lient\CategoryCard.tsx <your build command>
See https://babeljs.io/docs/configuration#print-effective-config
s for more info.

    at constructor (D:\Smmplan\node_modules\@babel\parser\lib\in
dex.js:365:19)
    at Parser.raise (D:\Smmplan\node_modules\@babel\parser\lib\i
ndex.js:6599:19)
    at Parser.expectOnePlugin (D:\Smmplan\node_modules\@babel\pa
rser\lib\index.js:6633:18)
    at Parser.parseExprAtom (D:\Smmplan\node_modules\@babel\pars
er\lib\index.js:11388:24)
    at Parser.parseExprSubscripts (D:\Smmplan\node_modules\@babe
l\parser\lib\index.js:11071:23)
    at Parser.parseUpdate (D:\Smmplan\node_modules\@babel\parser
\lib\index.js:11056:21)
    at Parser.parseMaybeUnary (D:\Smmplan\node_modules\@babel\pa
rser\lib\index.js:11036:23)
    at Parser.parseMaybeUnaryOrPrivate (D:\Smmplan\node_modules\
@babel\parser\lib\index.js:10889:61)
    at Parser.parseExprOps (D:\Smmplan\node_modules\@babel\parse
r\lib\index.js:10894:23)
    at Parser.parseMaybeConditional (D:\Smmplan\node_modules\@ba
bel\parser\lib\index.js:10871:23)
    at Parser.parseMaybeAssign (D:\Smmplan\node_modules\@babel\p
arser\lib\index.js:10821:21)
    at D:\Smmplan\node_modules\@babel\parser\lib\index.js:10790:
39
    at Parser.allowInAnd (D:\Smmplan\node_modules\@babel\parser\
lib\index.js:12416:12)
    at Parser.parseMaybeAssignAllowIn (D:\Smmplan\node_modules\@
babel\parser\lib\index.js:10790:17)
    at Parser.parseMaybeAssignAllowInOrVoidPattern (D:\Smmplan\n
ode_modules\@babel\parser\lib\index.js:12483:17)
    at Parser.parseParenAndDistinguishExpression (D:\Smmplan\nod
e_modules\@babel\parser\lib\index.js:11665:28)
    at Parser.parseExprAtom (D:\Smmplan\node_modules\@babel\pars
er\lib\index.js:11321:23)
    at Parser.parseExprSubscripts (D:\Smmplan\node_modules\@babe
l\parser\lib\index.js:11071:23)
    at Parser.parseUpdate (D:\Smmplan\node_modules\@babel\parser
\lib\index.js:11056:21)
    at Parser.parseMaybeUnary (D:\Smmplan\node_modules\@babel\pa
rser\lib\index.js:11036:23)
    at Parser.parseMaybeUnaryOrPrivate (D:\Smmplan\node_modules\
@babel\parser\lib\index.js:10889:61)
    at Parser.parseExprOps (D:\Smmplan\node_modules\@babel\parse
r\lib\index.js:10894:23)
    at Parser.parseMaybeConditional (D:\Smmplan\node_modules\@ba
bel\parser\lib\index.js:10871:23)
    at Parser.parseMaybeAssign (D:\Smmplan\node_modules\@babel\p
arser\lib\index.js:10821:21)
    at Parser.parseExpressionBase (D:\Smmplan\node_modules\@babe
l\parser\lib\index.js:10774:23)
    at D:\Smmplan\node_modules\@babel\parser\lib\index.js:10770:
39
    at Parser.allowInAnd (D:\Smmplan\node_modules\@babel\parser\
lib\index.js:12411:16)
    at Parser.parseExpression (D:\Smmplan\node_modules\@babel\pa
rser\lib\index.js:10770:17)
    at Parser.parseReturnStatement (D:\Smmplan\node_modules\@bab
el\parser\lib\index.js:13132:28)
    at Parser.parseStatementContent (D:\Smmplan\node_modules\@ba
bel\parser\lib\index.js:12788:21)
    at Parser.parseStatementLike (D:\Smmplan\node_modules\@babel
\parser\lib\index.js:12757:17)
    at Parser.parseStatementListItem (D:\Smmplan\node_modules\@b
abel\parser\lib\index.js:12737:17)
    at Parser.parseBlockOrModuleBlockBody (D:\Smmplan\node_modul
es\@babel\parser\lib\index.js:13306:61)
    at Parser.parseBlockBody (D:\Smmplan\node_modules\@babel\par
ser\lib\index.js:13299:10)
    at Parser.parseBlock (D:\Smmplan\node_modules\@babel\parser\
lib\index.js:13287:10)
    at Parser.parseFunctionBody (D:\Smmplan\node_modules\@babel\
parser\lib\index.js:12090:24)
    at Parser.parseArrowExpression (D:\Smmplan\node_modules\@bab
el\parser\lib\index.js:12065:10)
    at Parser.parseParenAndDistinguishExpression (D:\Smmplan\nod
e_modules\@babel\parser\lib\index.js:11677:12)
    at Parser.parseExprAtom (D:\Smmplan\node_modules\@babel\pars
er\lib\index.js:11321:23)
    at Parser.parseExprSubscripts (D:\Smmplan\node_modules\@babe
l\parser\lib\index.js:11071:23)
    at Parser.parseUpdate (D:\Smmplan\node_modules\@babel\parser
\lib\index.js:11056:21)
    at Parser.parseMaybeUnary (D:\Smmplan\node_modules\@babel\pa
rser\lib\index.js:11036:23)
    at Parser.parseMaybeUnaryOrPrivate (D:\Smmplan\node_modules\
@babel\parser\lib\index.js:10889:61)
    at Parser.parseExprOps (D:\Smmplan\node_modules\@babel\parse
r\lib\index.js:10894:23)
    at Parser.parseMaybeConditional (D:\Smmplan\node_modules\@ba
bel\parser\lib\index.js:10871:23)
    at Parser.parseMaybeAssign (D:\Smmplan\node_modules\@babel\p
arser\lib\index.js:10821:21)
    at D:\Smmplan\node_modules\@babel\parser\lib\index.js:10790:
39
    at Parser.allowInAnd (D:\Smmplan\node_modules\@babel\parser\
lib\index.js:12411:16)
    at Parser.parseMaybeAssignAllowIn (D:\Smmplan\node_modules\@
babel\parser\lib\index.js:10790:17)
    at Parser.parseVar (D:\Smmplan\node_modules\@babel\parser\li
b\index.js:13374:91)
Failed to collect coverage from D:\Smmplan\src\app\admin\layout.
tsx
ERROR: D:\Smmplan\src\app\admin\layout.tsx: Support for the expe
rimental syntax 'jsx' isn't currently enabled (20:17):

[0m [90m 18 |[39m     [90m// Always show simple layout for l
ogin page or when no session[39m
 [90m 19 |[39m     [36mif[39m ([33m![39mhasSession [33m||
[39m isLoginPage) {
[31m[1m>[22m[39m[90m 20 |[39m         [36mreturn[39m ([
33m<[39m[33mdiv[39m className[33m=[39m[32m"min-h-screen bg
-slate-950"[39m[33m>[39m
 [90m    |[39m                 [31m[1m^[22m[39m
 [90m 21 |[39m         {children}
 [90m 22 |[39m       [33m<[39m[33m/[39m[33mdiv[39m[33m>
[39m)[33m;[39m
 [90m 23 |[39m     }[0m

Add @babel/preset-react (https://github.com/babel/babel/tree/mai
n/packages/babel-preset-react) to the 'presets' section of your 
Babel config to enable transformation.
If you want to leave it as-is, add @babel/plugin-syntax-jsx (htt
ps://github.com/babel/babel/tree/main/packages/babel-plugin-synt
ax-jsx) to the 'plugins' section to enable parsing.

If you already added the plugin for this syntax to your config, 
it's possible that your config isn't being loaded.
You can re-run Babel with the BABEL_SHOW_CONFIG_FOR environment 
variable to show the loaded configuration:
	npx cross-env BABEL_SHOW_CONFIG_FOR=D:\Smmplan\src\app\admin\la
yout.tsx <your build command>
See https://babeljs.io/docs/configuration#print-effective-config
s for more info.

STACK: SyntaxError: D:\Smmplan\src\app\admin\layout.tsx: Support
 for the experimental syntax 'jsx' isn't currently enabled (20:1
7):

[0m [90m 18 |[39m     [90m// Always show simple layout for l
ogin page or when no session[39m
 [90m 19 |[39m     [36mif[39m ([33m![39mhasSession [33m||
[39m isLoginPage) {
[31m[1m>[22m[39m[90m 20 |[39m         [36mreturn[39m ([
33m<[39m[33mdiv[39m className[33m=[39m[32m"min-h-screen bg
-slate-950"[39m[33m>[39m
 [90m    |[39m                 [31m[1m^[22m[39m
 [90m 21 |[39m         {children}
 [90m 22 |[39m       [33m<[39m[33m/[39m[33mdiv[39m[33m>
[39m)[33m;[39m
 [90m 23 |[39m     }[0m

Add @babel/preset-react (https://github.com/babel/babel/tree/mai
n/packages/babel-preset-react) to the 'presets' section of your 
Babel config to enable transformation.
If you want to leave it as-is, add @babel/plugin-syntax-jsx (htt
ps://github.com/babel/babel/tree/main/packages/babel-plugin-synt
ax-jsx) to the 'plugins' section to enable parsing.

If you already added the plugin for this syntax to your config, 
it's possible that your config isn't being loaded.
You can re-run Babel with the BABEL_SHOW_CONFIG_FOR environment 
variable to show the loaded configuration:
	npx cross-env BABEL_SHOW_CONFIG_FOR=D:\Smmplan\src\app\admin\la
yout.tsx <your build command>
See https://babeljs.io/docs/configuration#print-effective-config
s for more info.

    at constructor (D:\Smmplan\node_modules\@babel\parser\lib\in
dex.js:365:19)
    at Parser.raise (D:\Smmplan\node_modules\@babel\parser\lib\i
ndex.js:6599:19)
    at Parser.expectOnePlugin (D:\Smmplan\node_modules\@babel\pa
rser\lib\index.js:6633:18)
    at Parser.parseExprAtom (D:\Smmplan\node_modules\@babel\pars
er\lib\index.js:11388:24)
    at Parser.parseExprSubscripts (D:\Smmplan\node_modules\@babe
l\parser\lib\index.js:11071:23)
    at Parser.parseUpdate (D:\Smmplan\node_modules\@babel\parser
\lib\index.js:11056:21)
    at Parser.parseMaybeUnary (D:\Smmplan\node_modules\@babel\pa
rser\lib\index.js:11036:23)
    at Parser.parseMaybeUnaryOrPrivate (D:\Smmplan\node_modules\
@babel\parser\lib\index.js:10889:61)
    at Parser.parseExprOps (D:\Smmplan\node_modules\@babel\parse
r\lib\index.js:10894:23)
    at Parser.parseMaybeConditional (D:\Smmplan\node_modules\@ba
bel\parser\lib\index.js:10871:23)
    at Parser.parseMaybeAssign (D:\Smmplan\node_modules\@babel\p
arser\lib\index.js:10821:21)
    at D:\Smmplan\node_modules\@babel\parser\lib\index.js:10790:
39
    at Parser.allowInAnd (D:\Smmplan\node_modules\@babel\parser\
lib\index.js:12416:12)
    at Parser.parseMaybeAssignAllowIn (D:\Smmplan\node_modules\@
babel\parser\lib\index.js:10790:17)
    at Parser.parseMaybeAssignAllowInOrVoidPattern (D:\Smmplan\n
ode_modules\@babel\parser\lib\index.js:12483:17)
    at Parser.parseParenAndDistinguishExpression (D:\Smmplan\nod
e_modules\@babel\parser\lib\index.js:11665:28)
    at Parser.parseExprAtom (D:\Smmplan\node_modules\@babel\pars
er\lib\index.js:11321:23)
    at Parser.parseExprSubscripts (D:\Smmplan\node_modules\@babe
l\parser\lib\index.js:11071:23)
    at Parser.parseUpdate (D:\Smmplan\node_modules\@babel\parser
\lib\index.js:11056:21)
    at Parser.parseMaybeUnary (D:\Smmplan\node_modules\@babel\pa
rser\lib\index.js:11036:23)
    at Parser.parseMaybeUnaryOrPrivate (D:\Smmplan\node_modules\
@babel\parser\lib\index.js:10889:61)
    at Parser.parseExprOps (D:\Smmplan\node_modules\@babel\parse
r\lib\index.js:10894:23)
    at Parser.parseMaybeConditional (D:\Smmplan\node_modules\@ba
bel\parser\lib\index.js:10871:23)
    at Parser.parseMaybeAssign (D:\Smmplan\node_modules\@babel\p
arser\lib\index.js:10821:21)
    at Parser.parseExpressionBase (D:\Smmplan\node_modules\@babe
l\parser\lib\index.js:10774:23)
    at D:\Smmplan\node_modules\@babel\parser\lib\index.js:10770:
39
    at Parser.allowInAnd (D:\Smmplan\node_modules\@babel\parser\
lib\index.js:12411:16)
    at Parser.parseExpression (D:\Smmplan\node_modules\@babel\pa
rser\lib\index.js:10770:17)
    at Parser.parseReturnStatement (D:\Smmplan\node_modules\@bab
el\parser\lib\index.js:13132:28)
    at Parser.parseStatementContent (D:\Smmplan\node_modules\@ba
bel\parser\lib\index.js:12788:21)
    at Parser.parseStatementLike (D:\Smmplan\node_modules\@babel
\parser\lib\index.js:12757:17)
    at Parser.parseStatementListItem (D:\Smmplan\node_modules\@b
abel\parser\lib\index.js:12737:17)
    at Parser.parseBlockOrModuleBlockBody (D:\Smmplan\node_modul
es\@babel\parser\lib\index.js:13306:61)
    at Parser.parseBlockBody (D:\Smmplan\node_modules\@babel\par
ser\lib\index.js:13299:10)
    at Parser.parseBlock (D:\Smmplan\node_modules\@babel\parser\
lib\index.js:13287:10)
    at Parser.parseStatementContent (D:\Smmplan\node_modules\@ba
bel\parser\lib\index.js:12848:21)
    at Parser.parseStatementLike (D:\Smmplan\node_modules\@babel
\parser\lib\index.js:12757:17)
    at Parser.parseStatementOrSloppyAnnexBFunctionDeclaration (D
:\Smmplan\node_modules\@babel\parser\lib\index.js:12747:17)
    at Parser.parseIfStatement (D:\Smmplan\node_modules\@babel\p
arser\lib\index.js:13120:28)
    at Parser.parseStatementContent (D:\Smmplan\node_modules\@ba
bel\parser\lib\index.js:12786:21)
    at Parser.parseStatementLike (D:\Smmplan\node_modules\@babel
\parser\lib\index.js:12757:17)
    at Parser.parseStatementListItem (D:\Smmplan\node_modules\@b
abel\parser\lib\index.js:12737:17)
    at Parser.parseBlockOrModuleBlockBody (D:\Smmplan\node_modul
es\@babel\parser\lib\index.js:13306:61)
    at Parser.parseBlockBody (D:\Smmplan\node_modules\@babel\par
ser\lib\index.js:13299:10)
    at Parser.parseBlock (D:\Smmplan\node_modules\@babel\parser\
lib\index.js:13287:10)
    at Parser.parseFunctionBody (D:\Smmplan\node_modules\@babel\
parser\lib\index.js:12090:24)
    at Parser.parseFunctionBodyAndFinish (D:\Smmplan\node_module
s\@babel\parser\lib\index.js:12076:10)
    at D:\Smmplan\node_modules\@babel\parser\lib\index.js:13435:
12
    at Parser.withSmartMixTopicForbiddingContext (D:\Smmplan\nod
e_modules\@babel\parser\lib\index.js:12393:14)
    at Parser.parseFunction (D:\Smmplan\node_modules\@babel\pars
er\lib\index.js:13434:10)
Failed to collect coverage from D:\Smmplan\src\components\client
\OrderStepIndicator.tsx
ERROR: D:\Smmplan\src\components\client\OrderStepIndicator.tsx: 
Support for the experimental syntax 'jsx' isn't currently enable
d (20:13):

[0m [90m 18 |[39m [36mconst[39m [33mOrderStepIndicator[39
m [33m=[39m ({ currentStep }) [33m=>[39m {
 [90m 19 |[39m     [36mconst[39m currentIndex [33m=[39m st
eps[33m.[39mfindIndex(s [33m=>[39m s[33m.[39mid [33m===[
39m currentStep)[33m;[39m
[31m[1m>[22m[39m[90m 20 |[39m     [36mreturn[39m ([33m<
[39m[33mdiv[39m className[33m=[39m[32m"w-full max-w-2xl mx
-auto mb-12"[39m[33m>[39m
 [90m    |[39m             [31m[1m^[22m[39m
 [90m 21 |[39m             [33m<[39m[33mdiv[39m className
[33m=[39m[32m"relative flex justify-between"[39m[33m>[39m
 [90m 22 |[39m                 {[90m/* Progress Line */[39m}
 [90m 23 |[39m                 [33m<[39m[33mdiv[39m classN
ame[33m=[39m[32m"absolute top-1/2 left-0 w-full h-0.5 bg-bord
er -translate-y-1/2 z-0"[39m[33m/[39m[33m>[39m[0m

Add @babel/preset-react (https://github.com/babel/babel/tree/mai
n/packages/babel-preset-react) to the 'presets' section of your 
Babel config to enable transformation.
If you want to leave it as-is, add @babel/plugin-syntax-jsx (htt
ps://github.com/babel/babel/tree/main/packages/babel-plugin-synt
ax-jsx) to the 'plugins' section to enable parsing.

If you already added the plugin for this syntax to your config, 
it's possible that your config isn't being loaded.
You can re-run Babel with the BABEL_SHOW_CONFIG_FOR environment 
variable to show the loaded configuration:
	npx cross-env BABEL_SHOW_CONFIG_FOR=D:\Smmplan\src\components\c
lient\OrderStepIndicator.tsx <your build command>
See https://babeljs.io/docs/configuration#print-effective-config
s for more info.

STACK: SyntaxError: D:\Smmplan\src\components\client\OrderStepIn
dicator.tsx: Support for the experimental syntax 'jsx' isn't cur
rently enabled (20:13):

[0m [90m 18 |[39m [36mconst[39m [33mOrderStepIndicator[39
m [33m=[39m ({ currentStep }) [33m=>[39m {
 [90m 19 |[39m     [36mconst[39m currentIndex [33m=[39m st
eps[33m.[39mfindIndex(s [33m=>[39m s[33m.[39mid [33m===[
39m currentStep)[33m;[39m
[31m[1m>[22m[39m[90m 20 |[39m     [36mreturn[39m ([33m<
[39m[33mdiv[39m className[33m=[39m[32m"w-full max-w-2xl mx
-auto mb-12"[39m[33m>[39m
 [90m    |[39m             [31m[1m^[22m[39m
 [90m 21 |[39m             [33m<[39m[33mdiv[39m className
[33m=[39m[32m"relative flex justify-between"[39m[33m>[39m
 [90m 22 |[39m                 {[90m/* Progress Line */[39m}
 [90m 23 |[39m                 [33m<[39m[33mdiv[39m classN
ame[33m=[39m[32m"absolute top-1/2 left-0 w-full h-0.5 bg-bord
er -translate-y-1/2 z-0"[39m[33m/[39m[33m>[39m[0m

Add @babel/preset-react (https://github.com/babel/babel/tree/mai
n/packages/babel-preset-react) to the 'presets' section of your 
Babel config to enable transformation.
If you want to leave it as-is, add @babel/plugin-syntax-jsx (htt
ps://github.com/babel/babel/tree/main/packages/babel-plugin-synt
ax-jsx) to the 'plugins' section to enable parsing.

If you already added the plugin for this syntax to your config, 
it's possible that your config isn't being loaded.
You can re-run Babel with the BABEL_SHOW_CONFIG_FOR environment 
variable to show the loaded configuration:
	npx cross-env BABEL_SHOW_CONFIG_FOR=D:\Smmplan\src\components\c
lient\OrderStepIndicator.tsx <your build command>
See https://babeljs.io/docs/configuration#print-effective-config
s for more info.

    at constructor (D:\Smmplan\node_modules\@babel\parser\lib\in
dex.js:365:19)
    at Parser.raise (D:\Smmplan\node_modules\@babel\parser\lib\i
ndex.js:6599:19)
    at Parser.expectOnePlugin (D:\Smmplan\node_modules\@babel\pa
rser\lib\index.js:6633:18)
    at Parser.parseExprAtom (D:\Smmplan\node_modules\@babel\pars
er\lib\index.js:11388:24)
    at Parser.parseExprSubscripts (D:\Smmplan\node_modules\@babe
l\parser\lib\index.js:11071:23)
    at Parser.parseUpdate (D:\Smmplan\node_modules\@babel\parser
\lib\index.js:11056:21)
    at Parser.parseMaybeUnary (D:\Smmplan\node_modules\@babel\pa
rser\lib\index.js:11036:23)
    at Parser.parseMaybeUnaryOrPrivate (D:\Smmplan\node_modules\
@babel\parser\lib\index.js:10889:61)
    at Parser.parseExprOps (D:\Smmplan\node_modules\@babel\parse
r\lib\index.js:10894:23)
    at Parser.parseMaybeConditional (D:\Smmplan\node_modules\@ba
bel\parser\lib\index.js:10871:23)
    at Parser.parseMaybeAssign (D:\Smmplan\node_modules\@babel\p
arser\lib\index.js:10821:21)
    at D:\Smmplan\node_modules\@babel\parser\lib\index.js:10790:
39
    at Parser.allowInAnd (D:\Smmplan\node_modules\@babel\parser\
lib\index.js:12416:12)
    at Parser.parseMaybeAssignAllowIn (D:\Smmplan\node_modules\@
babel\parser\lib\index.js:10790:17)
    at Parser.parseMaybeAssignAllowInOrVoidPattern (D:\Smmplan\n
ode_modules\@babel\parser\lib\index.js:12483:17)
    at Parser.parseParenAndDistinguishExpression (D:\Smmplan\nod
e_modules\@babel\parser\lib\index.js:11665:28)
    at Parser.parseExprAtom (D:\Smmplan\node_modules\@babel\pars
er\lib\index.js:11321:23)
    at Parser.parseExprSubscripts (D:\Smmplan\node_modules\@babe
l\parser\lib\index.js:11071:23)
    at Parser.parseUpdate (D:\Smmplan\node_modules\@babel\parser
\lib\index.js:11056:21)
    at Parser.parseMaybeUnary (D:\Smmplan\node_modules\@babel\pa
rser\lib\index.js:11036:23)
    at Parser.parseMaybeUnaryOrPrivate (D:\Smmplan\node_modules\
@babel\parser\lib\index.js:10889:61)
    at Parser.parseExprOps (D:\Smmplan\node_modules\@babel\parse
r\lib\index.js:10894:23)
    at Parser.parseMaybeConditional (D:\Smmplan\node_modules\@ba
bel\parser\lib\index.js:10871:23)
    at Parser.parseMaybeAssign (D:\Smmplan\node_modules\@babel\p
arser\lib\index.js:10821:21)
    at Parser.parseExpressionBase (D:\Smmplan\node_modules\@babe
l\parser\lib\index.js:10774:23)
    at D:\Smmplan\node_modules\@babel\parser\lib\index.js:10770:
39
    at Parser.allowInAnd (D:\Smmplan\node_modules\@babel\parser\
lib\index.js:12411:16)
    at Parser.parseExpression (D:\Smmplan\node_modules\@babel\pa
rser\lib\index.js:10770:17)
    at Parser.parseReturnStatement (D:\Smmplan\node_modules\@bab
el\parser\lib\index.js:13132:28)
    at Parser.parseStatementContent (D:\Smmplan\node_modules\@ba
bel\parser\lib\index.js:12788:21)
    at Parser.parseStatementLike (D:\Smmplan\node_modules\@babel
\parser\lib\index.js:12757:17)
    at Parser.parseStatementListItem (D:\Smmplan\node_modules\@b
abel\parser\lib\index.js:12737:17)
    at Parser.parseBlockOrModuleBlockBody (D:\Smmplan\node_modul
es\@babel\parser\lib\index.js:13306:61)
    at Parser.parseBlockBody (D:\Smmplan\node_modules\@babel\par
ser\lib\index.js:13299:10)
    at Parser.parseBlock (D:\Smmplan\node_modules\@babel\parser\
lib\index.js:13287:10)
    at Parser.parseFunctionBody (D:\Smmplan\node_modules\@babel\
parser\lib\index.js:12090:24)
    at Parser.parseArrowExpression (D:\Smmplan\node_modules\@bab
el\parser\lib\index.js:12065:10)
    at Parser.parseParenAndDistinguishExpression (D:\Smmplan\nod
e_modules\@babel\parser\lib\index.js:11677:12)
    at Parser.parseExprAtom (D:\Smmplan\node_modules\@babel\pars
er\lib\index.js:11321:23)
    at Parser.parseExprSubscripts (D:\Smmplan\node_modules\@babe
l\parser\lib\index.js:11071:23)
    at Parser.parseUpdate (D:\Smmplan\node_modules\@babel\parser
\lib\index.js:11056:21)
    at Parser.parseMaybeUnary (D:\Smmplan\node_modules\@babel\pa
rser\lib\index.js:11036:23)
    at Parser.parseMaybeUnaryOrPrivate (D:\Smmplan\node_modules\
@babel\parser\lib\index.js:10889:61)
    at Parser.parseExprOps (D:\Smmplan\node_modules\@babel\parse
r\lib\index.js:10894:23)
    at Parser.parseMaybeConditional (D:\Smmplan\node_modules\@ba
bel\parser\lib\index.js:10871:23)
    at Parser.parseMaybeAssign (D:\Smmplan\node_modules\@babel\p
arser\lib\index.js:10821:21)
    at D:\Smmplan\node_modules\@babel\parser\lib\index.js:10790:
39
    at Parser.allowInAnd (D:\Smmplan\node_modules\@babel\parser\
lib\index.js:12411:16)
    at Parser.parseMaybeAssignAllowIn (D:\Smmplan\node_modules\@
babel\parser\lib\index.js:10790:17)
    at Parser.parseVar (D:\Smmplan\node_modules\@babel\parser\li
b\index.js:13374:91)
Failed to collect coverage from D:\Smmplan\src\components\admin\
transaction-filter.tsx
ERROR: D:\Smmplan\src\components\admin\transaction-filter.tsx: S
upport for the experimental syntax 'jsx' isn't currently enabled
 (29:13):

[0m [90m 27 |[39m         router[33m.[39mpush([32m'/admin/
transactions'[39m)[33m;[39m
 [90m 28 |[39m     }[33m;[39m
[31m[1m>[22m[39m[90m 29 |[39m     [36mreturn[39m ([33m<
[39m[33mform[39m onSubmit[33m=[39m{handleSearch} className
[33m=[39m[32m"bg-white p-6 rounded-[2rem] border border-slate-
200 shadow-sm space-y-6"[39m[33m>[39m
 [90m    |[39m             [31m[1m^[22m[39m
 [90m 30 |[39m       [33m<[39m[33minput[39m type[33m=[39
m[32m"hidden"[39m name[33m=[39m[32m"userId"[39m defaultVal
ue[33m=[39m{initialParams[33m.[39muserId}[33m/[39m[33m>[
39m
 [90m 31 |[39m       
 [90m 32 |[39m       {initialParams[33m.[39muserId [33m&&[
39m ([33m<[39m[33mdiv[39m className[33m=[39m[32m"flex ite
ms-center gap-2 p-3 bg-blue-50 border border-blue-100 rounded-xl
"[39m[33m>[39m[0m

Add @babel/preset-react (https://github.com/babel/babel/tree/mai
n/packages/babel-preset-react) to the 'presets' section of your 
Babel config to enable transformation.
If you want to leave it as-is, add @babel/plugin-syntax-jsx (htt
ps://github.com/babel/babel/tree/main/packages/babel-plugin-synt
ax-jsx) to the 'plugins' section to enable parsing.

If you already added the plugin for this syntax to your config, 
it's possible that your config isn't being loaded.
You can re-run Babel with the BABEL_SHOW_CONFIG_FOR environment 
variable to show the loaded configuration:
	npx cross-env BABEL_SHOW_CONFIG_FOR=D:\Smmplan\src\components\a
dmin\transaction-filter.tsx <your build command>
See https://babeljs.io/docs/configuration#print-effective-config
s for more info.

STACK: SyntaxError: D:\Smmplan\src\components\admin\transaction-
filter.tsx: Support for the experimental syntax 'jsx' isn't curr
ently enabled (29:13):

[0m [90m 27 |[39m         router[33m.[39mpush([32m'/admin/
transactions'[39m)[33m;[39m
 [90m 28 |[39m     }[33m;[39m
[31m[1m>[22m[39m[90m 29 |[39m     [36mreturn[39m ([33m<
[39m[33mform[39m onSubmit[33m=[39m{handleSearch} className
[33m=[39m[32m"bg-white p-6 rounded-[2rem] border border-slate-
200 shadow-sm space-y-6"[39m[33m>[39m
 [90m    |[39m             [31m[1m^[22m[39m
 [90m 30 |[39m       [33m<[39m[33minput[39m type[33m=[39
m[32m"hidden"[39m name[33m=[39m[32m"userId"[39m defaultVal
ue[33m=[39m{initialParams[33m.[39muserId}[33m/[39m[33m>[
39m
 [90m 31 |[39m       
 [90m 32 |[39m       {initialParams[33m.[39muserId [33m&&[
39m ([33m<[39m[33mdiv[39m className[33m=[39m[32m"flex ite
ms-center gap-2 p-3 bg-blue-50 border border-blue-100 rounded-xl
"[39m[33m>[39m[0m

Add @babel/preset-react (https://github.com/babel/babel/tree/mai
n/packages/babel-preset-react) to the 'presets' section of your 
Babel config to enable transformation.
If you want to leave it as-is, add @babel/plugin-syntax-jsx (htt
ps://github.com/babel/babel/tree/main/packages/babel-plugin-synt
ax-jsx) to the 'plugins' section to enable parsing.

If you already added the plugin for this syntax to your config, 
it's possible that your config isn't being loaded.
You can re-run Babel with the BABEL_SHOW_CONFIG_FOR environment 
variable to show the loaded configuration:
	npx cross-env BABEL_SHOW_CONFIG_FOR=D:\Smmplan\src\components\a
dmin\transaction-filter.tsx <your build command>
See https://babeljs.io/docs/configuration#print-effective-config
s for more info.

    at constructor (D:\Smmplan\node_modules\@babel\parser\lib\in
dex.js:365:19)
    at Parser.raise (D:\Smmplan\node_modules\@babel\parser\lib\i
ndex.js:6599:19)
    at Parser.expectOnePlugin (D:\Smmplan\node_modules\@babel\pa
rser\lib\index.js:6633:18)
    at Parser.parseExprAtom (D:\Smmplan\node_modules\@babel\pars
er\lib\index.js:11388:24)
    at Parser.parseExprSubscripts (D:\Smmplan\node_modules\@babe
l\parser\lib\index.js:11071:23)
    at Parser.parseUpdate (D:\Smmplan\node_modules\@babel\parser
\lib\index.js:11056:21)
    at Parser.parseMaybeUnary (D:\Smmplan\node_modules\@babel\pa
rser\lib\index.js:11036:23)
    at Parser.parseMaybeUnaryOrPrivate (D:\Smmplan\node_modules\
@babel\parser\lib\index.js:10889:61)
    at Parser.parseExprOps (D:\Smmplan\node_modules\@babel\parse
r\lib\index.js:10894:23)
    at Parser.parseMaybeConditional (D:\Smmplan\node_modules\@ba
bel\parser\lib\index.js:10871:23)
    at Parser.parseMaybeAssign (D:\Smmplan\node_modules\@babel\p
arser\lib\index.js:10821:21)
    at D:\Smmplan\node_modules\@babel\parser\lib\index.js:10790:
39
    at Parser.allowInAnd (D:\Smmplan\node_modules\@babel\parser\
lib\index.js:12416:12)
    at Parser.parseMaybeAssignAllowIn (D:\Smmplan\node_modules\@
babel\parser\lib\index.js:10790:17)
    at Parser.parseMaybeAssignAllowInOrVoidPattern (D:\Smmplan\n
ode_modules\@babel\parser\lib\index.js:12483:17)
    at Parser.parseParenAndDistinguishExpression (D:\Smmplan\nod
e_modules\@babel\parser\lib\index.js:11665:28)
    at Parser.parseExprAtom (D:\Smmplan\node_modules\@babel\pars
er\lib\index.js:11321:23)
    at Parser.parseExprSubscripts (D:\Smmplan\node_modules\@babe
l\parser\lib\index.js:11071:23)
    at Parser.parseUpdate (D:\Smmplan\node_modules\@babel\parser
\lib\index.js:11056:21)
    at Parser.parseMaybeUnary (D:\Smmplan\node_modules\@babel\pa
rser\lib\index.js:11036:23)
    at Parser.parseMaybeUnaryOrPrivate (D:\Smmplan\node_modules\
@babel\parser\lib\index.js:10889:61)
    at Parser.parseExprOps (D:\Smmplan\node_modules\@babel\parse
r\lib\index.js:10894:23)
    at Parser.parseMaybeConditional (D:\Smmplan\node_modules\@ba
bel\parser\lib\index.js:10871:23)
    at Parser.parseMaybeAssign (D:\Smmplan\node_modules\@babel\p
arser\lib\index.js:10821:21)
    at Parser.parseExpressionBase (D:\Smmplan\node_modules\@babe
l\parser\lib\index.js:10774:23)
    at D:\Smmplan\node_modules\@babel\parser\lib\index.js:10770:
39
    at Parser.allowInAnd (D:\Smmplan\node_modules\@babel\parser\
lib\index.js:12411:16)
    at Parser.parseExpression (D:\Smmplan\node_modules\@babel\pa
rser\lib\index.js:10770:17)
    at Parser.parseReturnStatement (D:\Smmplan\node_modules\@bab
el\parser\lib\index.js:13132:28)
    at Parser.parseStatementContent (D:\Smmplan\node_modules\@ba
bel\parser\lib\index.js:12788:21)
    at Parser.parseStatementLike (D:\Smmplan\node_modules\@babel
\parser\lib\index.js:12757:17)
    at Parser.parseStatementListItem (D:\Smmplan\node_modules\@b
abel\parser\lib\index.js:12737:17)
    at Parser.parseBlockOrModuleBlockBody (D:\Smmplan\node_modul
es\@babel\parser\lib\index.js:13306:61)
    at Parser.parseBlockBody (D:\Smmplan\node_modules\@babel\par
ser\lib\index.js:13299:10)
    at Parser.parseBlock (D:\Smmplan\node_modules\@babel\parser\
lib\index.js:13287:10)
    at Parser.parseFunctionBody (D:\Smmplan\node_modules\@babel\
parser\lib\index.js:12090:24)
    at Parser.parseFunctionBodyAndFinish (D:\Smmplan\node_module
s\@babel\parser\lib\index.js:12076:10)
    at D:\Smmplan\node_modules\@babel\parser\lib\index.js:13435:
12
    at Parser.withSmartMixTopicForbiddingContext (D:\Smmplan\nod
e_modules\@babel\parser\lib\index.js:12393:14)
    at Parser.parseFunction (D:\Smmplan\node_modules\@babel\pars
er\lib\index.js:13434:10)
    at Parser.parseFunctionStatement (D:\Smmplan\node_modules\@b
abel\parser\lib\index.js:13115:17)
    at Parser.parseStatementContent (D:\Smmplan\node_modules\@ba
bel\parser\lib\index.js:12781:21)
    at Parser.parseStatementLike (D:\Smmplan\node_modules\@babel
\parser\lib\index.js:12757:17)
    at Parser.parseModuleItem (D:\Smmplan\node_modules\@babel\pa
rser\lib\index.js:12734:17)
    at Parser.parseBlockOrModuleBlockBody (D:\Smmplan\node_modul
es\@babel\parser\lib\index.js:13306:36)
    at Parser.parseBlockBody (D:\Smmplan\node_modules\@babel\par
ser\lib\index.js:13299:10)
    at Parser.parseProgram (D:\Smmplan\node_modules\@babel\parse
r\lib\index.js:12612:10)
    at Parser.parseTopLevel (D:\Smmplan\node_modules\@babel\pars
er\lib\index.js:12602:25)
    at Parser.parse (D:\Smmplan\node_modules\@babel\parser\lib\i
ndex.js:14478:25)
    at parse (D:\Smmplan\node_modules\@babel\parser\lib\index.js
:14512:38)
Failed to collect coverage from D:\Smmplan\src\components\client
\TmaInterface.tsx
ERROR: D:\Smmplan\src\components\client\TmaInterface.tsx: Suppor
t for the experimental syntax 'jsx' isn't currently enabled (163
:13):

[0m [90m 161 |[39m         setOrderError([32m""[39m)[33m;
[39m
 [90m 162 |[39m     }[33m;[39m
[31m[1m>[22m[39m[90m 163 |[39m     [36mreturn[39m ([33m
<[39m[33mdiv[39m className[33m=[39m[32m"flex flex-col min-
h-screen bg-background text-foreground selection:bg-primary/10 s
elect-none pb-24"[39m[33m>[39m
 [90m     |[39m             [31m[1m^[22m[39m
 [90m 164 |[39m             {[90m/* Background Grid */[39m}
 [90m 165 |[39m             [33m<[39m[33mdiv[39m className
[33m=[39m[32m"fixed inset-0 pointer-events-none opacity-[0.03
] grid-bg -z-10"[39m[33m/[39m[33m>[39m
 [90m 166 |[39m[0m

Add @babel/preset-react (https://github.com/babel/babel/tree/mai
n/packages/babel-preset-react) to the 'presets' section of your 
Babel config to enable transformation.
If you want to leave it as-is, add @babel/plugin-syntax-jsx (htt
ps://github.com/babel/babel/tree/main/packages/babel-plugin-synt
ax-jsx) to the 'plugins' section to enable parsing.

If you already added the plugin for this syntax to your config, 
it's possible that your config isn't being loaded.
You can re-run Babel with the BABEL_SHOW_CONFIG_FOR environment 
variable to show the loaded configuration:
	npx cross-env BABEL_SHOW_CONFIG_FOR=D:\Smmplan\src\components\c
lient\TmaInterface.tsx <your build command>
See https://babeljs.io/docs/configuration#print-effective-config
s for more info.

STACK: SyntaxError: D:\Smmplan\src\components\client\TmaInterfac
e.tsx: Support for the experimental syntax 'jsx' isn't currently
 enabled (163:13):

[0m [90m 161 |[39m         setOrderError([32m""[39m)[33m;
[39m
 [90m 162 |[39m     }[33m;[39m
[31m[1m>[22m[39m[90m 163 |[39m     [36mreturn[39m ([33m
<[39m[33mdiv[39m className[33m=[39m[32m"flex flex-col min-
h-screen bg-background text-foreground selection:bg-primary/10 s
elect-none pb-24"[39m[33m>[39m
 [90m     |[39m             [31m[1m^[22m[39m
 [90m 164 |[39m             {[90m/* Background Grid */[39m}
 [90m 165 |[39m             [33m<[39m[33mdiv[39m className
[33m=[39m[32m"fixed inset-0 pointer-events-none opacity-[0.03
] grid-bg -z-10"[39m[33m/[39m[33m>[39m
 [90m 166 |[39m[0m

Add @babel/preset-react (https://github.com/babel/babel/tree/mai
n/packages/babel-preset-react) to the 'presets' section of your 
Babel config to enable transformation.
If you want to leave it as-is, add @babel/plugin-syntax-jsx (htt
ps://github.com/babel/babel/tree/main/packages/babel-plugin-synt
ax-jsx) to the 'plugins' section to enable parsing.

If you already added the plugin for this syntax to your config, 
it's possible that your config isn't being loaded.
You can re-run Babel with the BABEL_SHOW_CONFIG_FOR environment 
variable to show the loaded configuration:
	npx cross-env BABEL_SHOW_CONFIG_FOR=D:\Smmplan\src\components\c
lient\TmaInterface.tsx <your build command>
See https://babeljs.io/docs/configuration#print-effective-config
s for more info.

    at constructor (D:\Smmplan\node_modules\@babel\parser\lib\in
dex.js:365:19)
    at Parser.raise (D:\Smmplan\node_modules\@babel\parser\lib\i
ndex.js:6599:19)
    at Parser.expectOnePlugin (D:\Smmplan\node_modules\@babel\pa
rser\lib\index.js:6633:18)
    at Parser.parseExprAtom (D:\Smmplan\node_modules\@babel\pars
er\lib\index.js:11388:24)
    at Parser.parseExprSubscripts (D:\Smmplan\node_modules\@babe
l\parser\lib\index.js:11071:23)
    at Parser.parseUpdate (D:\Smmplan\node_modules\@babel\parser
\lib\index.js:11056:21)
    at Parser.parseMaybeUnary (D:\Smmplan\node_modules\@babel\pa
rser\lib\index.js:11036:23)
    at Parser.parseMaybeUnaryOrPrivate (D:\Smmplan\node_modules\
@babel\parser\lib\index.js:10889:61)
    at Parser.parseExprOps (D:\Smmplan\node_modules\@babel\parse
r\lib\index.js:10894:23)
    at Parser.parseMaybeConditional (D:\Smmplan\node_modules\@ba
bel\parser\lib\index.js:10871:23)
    at Parser.parseMaybeAssign (D:\Smmplan\node_modules\@babel\p
arser\lib\index.js:10821:21)
    at D:\Smmplan\node_modules\@babel\parser\lib\index.js:10790:
39
    at Parser.allowInAnd (D:\Smmplan\node_modules\@babel\parser\
lib\index.js:12416:12)
    at Parser.parseMaybeAssignAllowIn (D:\Smmplan\node_modules\@
babel\parser\lib\index.js:10790:17)
    at Parser.parseMaybeAssignAllowInOrVoidPattern (D:\Smmplan\n
ode_modules\@babel\parser\lib\index.js:12483:17)
    at Parser.parseParenAndDistinguishExpression (D:\Smmplan\nod
e_modules\@babel\parser\lib\index.js:11665:28)
    at Parser.parseExprAtom (D:\Smmplan\node_modules\@babel\pars
er\lib\index.js:11321:23)
    at Parser.parseExprSubscripts (D:\Smmplan\node_modules\@babe
l\parser\lib\index.js:11071:23)
    at Parser.parseUpdate (D:\Smmplan\node_modules\@babel\parser
\lib\index.js:11056:21)
    at Parser.parseMaybeUnary (D:\Smmplan\node_modules\@babel\pa
rser\lib\index.js:11036:23)
    at Parser.parseMaybeUnaryOrPrivate (D:\Smmplan\node_modules\
@babel\parser\lib\index.js:10889:61)
    at Parser.parseExprOps (D:\Smmplan\node_modules\@babel\parse
r\lib\index.js:10894:23)
    at Parser.parseMaybeConditional (D:\Smmplan\node_modules\@ba
bel\parser\lib\index.js:10871:23)
    at Parser.parseMaybeAssign (D:\Smmplan\node_modules\@babel\p
arser\lib\index.js:10821:21)
    at Parser.parseExpressionBase (D:\Smmplan\node_modules\@babe
l\parser\lib\index.js:10774:23)
    at D:\Smmplan\node_modules\@babel\parser\lib\index.js:10770:
39
    at Parser.allowInAnd (D:\Smmplan\node_modules\@babel\parser\
lib\index.js:12411:16)
    at Parser.parseExpression (D:\Smmplan\node_modules\@babel\pa
rser\lib\index.js:10770:17)
    at Parser.parseReturnStatement (D:\Smmplan\node_modules\@bab
el\parser\lib\index.js:13132:28)
    at Parser.parseStatementContent (D:\Smmplan\node_modules\@ba
bel\parser\lib\index.js:12788:21)
    at Parser.parseStatementLike (D:\Smmplan\node_modules\@babel
\parser\lib\index.js:12757:17)
    at Parser.parseStatementListItem (D:\Smmplan\node_modules\@b
abel\parser\lib\index.js:12737:17)
    at Parser.parseBlockOrModuleBlockBody (D:\Smmplan\node_modul
es\@babel\parser\lib\index.js:13306:61)
    at Parser.parseBlockBody (D:\Smmplan\node_modules\@babel\par
ser\lib\index.js:13299:10)
    at Parser.parseBlock (D:\Smmplan\node_modules\@babel\parser\
lib\index.js:13287:10)
    at Parser.parseFunctionBody (D:\Smmplan\node_modules\@babel\
parser\lib\index.js:12090:24)
    at Parser.parseFunctionBodyAndFinish (D:\Smmplan\node_module
s\@babel\parser\lib\index.js:12076:10)
    at D:\Smmplan\node_modules\@babel\parser\lib\index.js:13435:
12
    at Parser.withSmartMixTopicForbiddingContext (D:\Smmplan\nod
e_modules\@babel\parser\lib\index.js:12393:14)
    at Parser.parseFunction (D:\Smmplan\node_modules\@babel\pars
er\lib\index.js:13434:10)
    at Parser.parseFunctionStatement (D:\Smmplan\node_modules\@b
abel\parser\lib\index.js:13115:17)
    at Parser.parseStatementContent (D:\Smmplan\node_modules\@ba
bel\parser\lib\index.js:12781:21)
    at Parser.parseStatementLike (D:\Smmplan\node_modules\@babel
\parser\lib\index.js:12757:17)
    at Parser.parseModuleItem (D:\Smmplan\node_modules\@babel\pa
rser\lib\index.js:12734:17)
    at Parser.parseBlockOrModuleBlockBody (D:\Smmplan\node_modul
es\@babel\parser\lib\index.js:13306:36)
    at Parser.parseBlockBody (D:\Smmplan\node_modules\@babel\par
ser\lib\index.js:13299:10)
    at Parser.parseProgram (D:\Smmplan\node_modules\@babel\parse
r\lib\index.js:12612:10)
    at Parser.parseTopLevel (D:\Smmplan\node_modules\@babel\pars
er\lib\index.js:12602:25)
    at Parser.parse (D:\Smmplan\node_modules\@babel\parser\lib\i
ndex.js:14478:25)
    at parse (D:\Smmplan\node_modules\@babel\parser\lib\index.js
:14512:38)
Failed to collect coverage from D:\Smmplan\src\components\client
\StoreLayout.tsx
ERROR: D:\Smmplan\src\components\client\StoreLayout.tsx: Support
 for the experimental syntax 'jsx' isn't currently enabled (22:1
3):

[0m [90m 20 |[39m         { label[33m:[39m [32m"Help"[39m
[33m,[39m icon[33m:[39m lucide_react_1[33m.[39m[33mCpu[3
9m[33m,[39m href[33m:[39m [32m"/support"[39m }[33m,[39m
 [90m 21 |[39m     ][33m;[39m
[31m[1m>[22m[39m[90m 22 |[39m     [36mreturn[39m ([33m<
[39m[33mdiv[39m className[33m=[39m[32m"min-h-screen text-f
oreground font-mono selection:bg-primary/20 relative bg-[#02040a
] overflow-x-hidden"[39m[33m>[39m
 [90m    |[39m             [31m[1m^[22m[39m
 [90m 23 |[39m             [33m<[39m[33mAnimatedBackground_
1[39m[33m.[39m[33mAnimatedBackground[39m [33m/[39m[33m>
[39m
 [90m 24 |[39m
 [90m 25 |[39m             {[90m/* Header (HUD Desktop) */[3
9m}[0m

Add @babel/preset-react (https://github.com/babel/babel/tree/mai
n/packages/babel-preset-react) to the 'presets' section of your 
Babel config to enable transformation.
If you want to leave it as-is, add @babel/plugin-syntax-jsx (htt
ps://github.com/babel/babel/tree/main/packages/babel-plugin-synt
ax-jsx) to the 'plugins' section to enable parsing.

If you already added the plugin for this syntax to your config, 
it's possible that your config isn't being loaded.
You can re-run Babel with the BABEL_SHOW_CONFIG_FOR environment 
variable to show the loaded configuration:
	npx cross-env BABEL_SHOW_CONFIG_FOR=D:\Smmplan\src\components\c
lient\StoreLayout.tsx <your build command>
See https://babeljs.io/docs/configuration#print-effective-config
s for more info.

STACK: SyntaxError: D:\Smmplan\src\components\client\StoreLayout
.tsx: Support for the experimental syntax 'jsx' isn't currently 
enabled (22:13):

[0m [90m 20 |[39m         { label[33m:[39m [32m"Help"[39m
[33m,[39m icon[33m:[39m lucide_react_1[33m.[39m[33mCpu[3
9m[33m,[39m href[33m:[39m [32m"/support"[39m }[33m,[39m
 [90m 21 |[39m     ][33m;[39m
[31m[1m>[22m[39m[90m 22 |[39m     [36mreturn[39m ([33m<
[39m[33mdiv[39m className[33m=[39m[32m"min-h-screen text-f
oreground font-mono selection:bg-primary/20 relative bg-[#02040a
] overflow-x-hidden"[39m[33m>[39m
 [90m    |[39m             [31m[1m^[22m[39m
 [90m 23 |[39m             [33m<[39m[33mAnimatedBackground_
1[39m[33m.[39m[33mAnimatedBackground[39m [33m/[39m[33m>
[39m
 [90m 24 |[39m
 [90m 25 |[39m             {[90m/* Header (HUD Desktop) */[3
9m}[0m

Add @babel/preset-react (https://github.com/babel/babel/tree/mai
n/packages/babel-preset-react) to the 'presets' section of your 
Babel config to enable transformation.
If you want to leave it as-is, add @babel/plugin-syntax-jsx (htt
ps://github.com/babel/babel/tree/main/packages/babel-plugin-synt
ax-jsx) to the 'plugins' section to enable parsing.

If you already added the plugin for this syntax to your config, 
it's possible that your config isn't being loaded.
You can re-run Babel with the BABEL_SHOW_CONFIG_FOR environment 
variable to show the loaded configuration:
	npx cross-env BABEL_SHOW_CONFIG_FOR=D:\Smmplan\src\components\c
lient\StoreLayout.tsx <your build command>
See https://babeljs.io/docs/configuration#print-effective-config
s for more info.

    at constructor (D:\Smmplan\node_modules\@babel\parser\lib\in
dex.js:365:19)
    at Parser.raise (D:\Smmplan\node_modules\@babel\parser\lib\i
ndex.js:6599:19)
    at Parser.expectOnePlugin (D:\Smmplan\node_modules\@babel\pa
rser\lib\index.js:6633:18)
    at Parser.parseExprAtom (D:\Smmplan\node_modules\@babel\pars
er\lib\index.js:11388:24)
    at Parser.parseExprSubscripts (D:\Smmplan\node_modules\@babe
l\parser\lib\index.js:11071:23)
    at Parser.parseUpdate (D:\Smmplan\node_modules\@babel\parser
\lib\index.js:11056:21)
    at Parser.parseMaybeUnary (D:\Smmplan\node_modules\@babel\pa
rser\lib\index.js:11036:23)
    at Parser.parseMaybeUnaryOrPrivate (D:\Smmplan\node_modules\
@babel\parser\lib\index.js:10889:61)
    at Parser.parseExprOps (D:\Smmplan\node_modules\@babel\parse
r\lib\index.js:10894:23)
    at Parser.parseMaybeConditional (D:\Smmplan\node_modules\@ba
bel\parser\lib\index.js:10871:23)
    at Parser.parseMaybeAssign (D:\Smmplan\node_modules\@babel\p
arser\lib\index.js:10821:21)
    at D:\Smmplan\node_modules\@babel\parser\lib\index.js:10790:
39
    at Parser.allowInAnd (D:\Smmplan\node_modules\@babel\parser\
lib\index.js:12416:12)
    at Parser.parseMaybeAssignAllowIn (D:\Smmplan\node_modules\@
babel\parser\lib\index.js:10790:17)
    at Parser.parseMaybeAssignAllowInOrVoidPattern (D:\Smmplan\n
ode_modules\@babel\parser\lib\index.js:12483:17)
    at Parser.parseParenAndDistinguishExpression (D:\Smmplan\nod
e_modules\@babel\parser\lib\index.js:11665:28)
    at Parser.parseExprAtom (D:\Smmplan\node_modules\@babel\pars
er\lib\index.js:11321:23)
    at Parser.parseExprSubscripts (D:\Smmplan\node_modules\@babe
l\parser\lib\index.js:11071:23)
    at Parser.parseUpdate (D:\Smmplan\node_modules\@babel\parser
\lib\index.js:11056:21)
    at Parser.parseMaybeUnary (D:\Smmplan\node_modules\@babel\pa
rser\lib\index.js:11036:23)
    at Parser.parseMaybeUnaryOrPrivate (D:\Smmplan\node_modules\
@babel\parser\lib\index.js:10889:61)
    at Parser.parseExprOps (D:\Smmplan\node_modules\@babel\parse
r\lib\index.js:10894:23)
    at Parser.parseMaybeConditional (D:\Smmplan\node_modules\@ba
bel\parser\lib\index.js:10871:23)
    at Parser.parseMaybeAssign (D:\Smmplan\node_modules\@babel\p
arser\lib\index.js:10821:21)
    at Parser.parseExpressionBase (D:\Smmplan\node_modules\@babe
l\parser\lib\index.js:10774:23)
    at D:\Smmplan\node_modules\@babel\parser\lib\index.js:10770:
39
    at Parser.allowInAnd (D:\Smmplan\node_modules\@babel\parser\
lib\index.js:12411:16)
    at Parser.parseExpression (D:\Smmplan\node_modules\@babel\pa
rser\lib\index.js:10770:17)
    at Parser.parseReturnStatement (D:\Smmplan\node_modules\@bab
el\parser\lib\index.js:13132:28)
    at Parser.parseStatementContent (D:\Smmplan\node_modules\@ba
bel\parser\lib\index.js:12788:21)
    at Parser.parseStatementLike (D:\Smmplan\node_modules\@babel
\parser\lib\index.js:12757:17)
    at Parser.parseStatementListItem (D:\Smmplan\node_modules\@b
abel\parser\lib\index.js:12737:17)
    at Parser.parseBlockOrModuleBlockBody (D:\Smmplan\node_modul
es\@babel\parser\lib\index.js:13306:61)
    at Parser.parseBlockBody (D:\Smmplan\node_modules\@babel\par
ser\lib\index.js:13299:10)
    at Parser.parseBlock (D:\Smmplan\node_modules\@babel\parser\
lib\index.js:13287:10)
    at Parser.parseFunctionBody (D:\Smmplan\node_modules\@babel\
parser\lib\index.js:12090:24)
    at Parser.parseArrowExpression (D:\Smmplan\node_modules\@bab
el\parser\lib\index.js:12065:10)
    at Parser.parseParenAndDistinguishExpression (D:\Smmplan\nod
e_modules\@babel\parser\lib\index.js:11677:12)
    at Parser.parseExprAtom (D:\Smmplan\node_modules\@babel\pars
er\lib\index.js:11321:23)
    at Parser.parseExprSubscripts (D:\Smmplan\node_modules\@babe
l\parser\lib\index.js:11071:23)
    at Parser.parseUpdate (D:\Smmplan\node_modules\@babel\parser
\lib\index.js:11056:21)
    at Parser.parseMaybeUnary (D:\Smmplan\node_modules\@babel\pa
rser\lib\index.js:11036:23)
    at Parser.parseMaybeUnaryOrPrivate (D:\Smmplan\node_modules\
@babel\parser\lib\index.js:10889:61)
    at Parser.parseExprOps (D:\Smmplan\node_modules\@babel\parse
r\lib\index.js:10894:23)
    at Parser.parseMaybeConditional (D:\Smmplan\node_modules\@ba
bel\parser\lib\index.js:10871:23)
    at Parser.parseMaybeAssign (D:\Smmplan\node_modules\@babel\p
arser\lib\index.js:10821:21)
    at D:\Smmplan\node_modules\@babel\parser\lib\index.js:10790:
39
    at Parser.allowInAnd (D:\Smmplan\node_modules\@babel\parser\
lib\index.js:12411:16)
    at Parser.parseMaybeAssignAllowIn (D:\Smmplan\node_modules\@
babel\parser\lib\index.js:10790:17)
    at Parser.parseVar (D:\Smmplan\node_modules\@babel\parser\li
b\index.js:13374:91)
Failed to collect coverage from D:\Smmplan\src\app\(client)\layo
ut.tsx
ERROR: D:\Smmplan\src\app\(client)\layout.tsx: Support for the e
xperimental syntax 'jsx' isn't currently enabled (6:12):

[0m [90m 4 |[39m [36mconst[39m [33mStoreLayout_1[39m [33
m=[39m require([32m"@/components/client/StoreLayout"[39m)[33
m;[39m
 [90m 5 |[39m [36mfunction[39m [33mClientLayout[39m({ chil
dren }) {
[31m[1m>[22m[39m[90m 6 |[39m     [36mreturn[39m [33m<[
39m[33mStoreLayout_1[39m[33m.[39m[33mStoreLayout[39m[33m>
[39m{children}[33m<[39m[33m/[39m[33mStoreLayout_1[39m[33
m.[39m[33mStoreLayout[39m[33m>[39m[33m;[39m
 [90m   |[39m            [31m[1m^[22m[39m
 [90m 7 |[39m }
 [90m 8 |[39m [90m//# sourceMappingURL=data:application/json;
charset=utf-8;base64,eyJmaWxlIjoiRDpcXFNtbXBsYW5cXHNyY1xcYXBwXFw
oY2xpZW50KVxcbGF5b3V0LnRzeCIsIm1hcHBpbmdzIjoiOztBQUVBLCtCQUVDO0F
BSkQsaUVBQThEO0FBRTlELFNBQXdCLFlBQVksQ0FBQyxFQUFFLFFBQVEsRUFBaUM
7SUFDNUUsT0FBTyxDQUFDLHlCQUFXLENBQUMsQ0FBQyxRQUFRLENBQUMsRUFBRSx
5QkFBVyxDQUFDLENBQUM7QUFDakQsQ0FBQyIsIm5hbWVzIjpbXSwic291cmNlcyI
6WyJEOlxcU21tcGxhblxcc3JjXFxhcHBcXChjbGllbnQpXFxsYXlvdXQudHN4Il0
sInNvdXJjZXNDb250ZW50IjpbImltcG9ydCB7IFN0b3JlTGF5b3V0IH0gZnJvbSB
cIkAvY29tcG9uZW50cy9jbGllbnQvU3RvcmVMYXlvdXRcIjtcclxuXHJcbmV4cG9
ydCBkZWZhdWx0IGZ1bmN0aW9uIENsaWVudExheW91dCh7IGNoaWxkcmVuIH06IHs
gY2hpbGRyZW46IFJlYWN0LlJlYWN0Tm9kZSB9KSB7XHJcbiAgICByZXR1cm4gPFN
0b3JlTGF5b3V0PntjaGlsZHJlbn08L1N0b3JlTGF5b3V0PjtcclxufVxyXG4iXSw
idmVyc2lvbiI6M30=[39m[0m

Add @babel/preset-react (https://github.com/babel/babel/tree/mai
n/packages/babel-preset-react) to the 'presets' section of your 
Babel config to enable transformation.
If you want to leave it as-is, add @babel/plugin-syntax-jsx (htt
ps://github.com/babel/babel/tree/main/packages/babel-plugin-synt
ax-jsx) to the 'plugins' section to enable parsing.

If you already added the plugin for this syntax to your config, 
it's possible that your config isn't being loaded.
You can re-run Babel with the BABEL_SHOW_CONFIG_FOR environment 
variable to show the loaded configuration:
	npx cross-env BABEL_SHOW_CONFIG_FOR=D:\Smmplan\src\app\(client)
\layout.tsx <your build command>
See https://babeljs.io/docs/configuration#print-effective-config
s for more info.

STACK: SyntaxError: D:\Smmplan\src\app\(client)\layout.tsx: Supp
ort for the experimental syntax 'jsx' isn't currently enabled (6
:12):

[0m [90m 4 |[39m [36mconst[39m [33mStoreLayout_1[39m [33
m=[39m require([32m"@/components/client/StoreLayout"[39m)[33
m;[39m
 [90m 5 |[39m [36mfunction[39m [33mClientLayout[39m({ chil
dren }) {
[31m[1m>[22m[39m[90m 6 |[39m     [36mreturn[39m [33m<[
39m[33mStoreLayout_1[39m[33m.[39m[33mStoreLayout[39m[33m>
[39m{children}[33m<[39m[33m/[39m[33mStoreLayout_1[39m[33
m.[39m[33mStoreLayout[39m[33m>[39m[33m;[39m
 [90m   |[39m            [31m[1m^[22m[39m
 [90m 7 |[39m }
 [90m 8 |[39m [90m//# sourceMappingURL=data:application/json;
charset=utf-8;base64,eyJmaWxlIjoiRDpcXFNtbXBsYW5cXHNyY1xcYXBwXFw
oY2xpZW50KVxcbGF5b3V0LnRzeCIsIm1hcHBpbmdzIjoiOztBQUVBLCtCQUVDO0F
BSkQsaUVBQThEO0FBRTlELFNBQXdCLFlBQVksQ0FBQyxFQUFFLFFBQVEsRUFBaUM
7SUFDNUUsT0FBTyxDQUFDLHlCQUFXLENBQUMsQ0FBQyxRQUFRLENBQUMsRUFBRSx
5QkFBVyxDQUFDLENBQUM7QUFDakQsQ0FBQyIsIm5hbWVzIjpbXSwic291cmNlcyI
6WyJEOlxcU21tcGxhblxcc3JjXFxhcHBcXChjbGllbnQpXFxsYXlvdXQudHN4Il0
sInNvdXJjZXNDb250ZW50IjpbImltcG9ydCB7IFN0b3JlTGF5b3V0IH0gZnJvbSB
cIkAvY29tcG9uZW50cy9jbGllbnQvU3RvcmVMYXlvdXRcIjtcclxuXHJcbmV4cG9
ydCBkZWZhdWx0IGZ1bmN0aW9uIENsaWVudExheW91dCh7IGNoaWxkcmVuIH06IHs
gY2hpbGRyZW46IFJlYWN0LlJlYWN0Tm9kZSB9KSB7XHJcbiAgICByZXR1cm4gPFN
0b3JlTGF5b3V0PntjaGlsZHJlbn08L1N0b3JlTGF5b3V0PjtcclxufVxyXG4iXSw
idmVyc2lvbiI6M30=[39m[0m

Add @babel/preset-react (https://github.com/babel/babel/tree/mai
n/packages/babel-preset-react) to the 'presets' section of your 
Babel config to enable transformation.
If you want to leave it as-is, add @babel/plugin-syntax-jsx (htt
ps://github.com/babel/babel/tree/main/packages/babel-plugin-synt
ax-jsx) to the 'plugins' section to enable parsing.

If you already added the plugin for this syntax to your config, 
it's possible that your config isn't being loaded.
You can re-run Babel with the BABEL_SHOW_CONFIG_FOR environment 
variable to show the loaded configuration:
	npx cross-env BABEL_SHOW_CONFIG_FOR=D:\Smmplan\src\app\(client)
\layout.tsx <your build command>
See https://babeljs.io/docs/configuration#print-effective-config
s for more info.

    at constructor (D:\Smmplan\node_modules\@babel\parser\lib\in
dex.js:365:19)
    at Parser.raise (D:\Smmplan\node_modules\@babel\parser\lib\i
ndex.js:6599:19)
    at Parser.expectOnePlugin (D:\Smmplan\node_modules\@babel\pa
rser\lib\index.js:6633:18)
    at Parser.parseExprAtom (D:\Smmplan\node_modules\@babel\pars
er\lib\index.js:11388:24)
    at Parser.parseExprSubscripts (D:\Smmplan\node_modules\@babe
l\parser\lib\index.js:11071:23)
    at Parser.parseUpdate (D:\Smmplan\node_modules\@babel\parser
\lib\index.js:11056:21)
    at Parser.parseMaybeUnary (D:\Smmplan\node_modules\@babel\pa
rser\lib\index.js:11036:23)
    at Parser.parseMaybeUnaryOrPrivate (D:\Smmplan\node_modules\
@babel\parser\lib\index.js:10889:61)
    at Parser.parseExprOps (D:\Smmplan\node_modules\@babel\parse
r\lib\index.js:10894:23)
    at Parser.parseMaybeConditional (D:\Smmplan\node_modules\@ba
bel\parser\lib\index.js:10871:23)
    at Parser.parseMaybeAssign (D:\Smmplan\node_modules\@babel\p
arser\lib\index.js:10821:21)
    at Parser.parseExpressionBase (D:\Smmplan\node_modules\@babe
l\parser\lib\index.js:10774:23)
    at D:\Smmplan\node_modules\@babel\parser\lib\index.js:10770:
39
    at Parser.allowInAnd (D:\Smmplan\node_modules\@babel\parser\
lib\index.js:12411:16)
    at Parser.parseExpression (D:\Smmplan\node_modules\@babel\pa
rser\lib\index.js:10770:17)
    at Parser.parseReturnStatement (D:\Smmplan\node_modules\@bab
el\parser\lib\index.js:13132:28)
    at Parser.parseStatementContent (D:\Smmplan\node_modules\@ba
bel\parser\lib\index.js:12788:21)
    at Parser.parseStatementLike (D:\Smmplan\node_modules\@babel
\parser\lib\index.js:12757:17)
    at Parser.parseStatementListItem (D:\Smmplan\node_modules\@b
abel\parser\lib\index.js:12737:17)
    at Parser.parseBlockOrModuleBlockBody (D:\Smmplan\node_modul
es\@babel\parser\lib\index.js:13306:61)
    at Parser.parseBlockBody (D:\Smmplan\node_modules\@babel\par
ser\lib\index.js:13299:10)
    at Parser.parseBlock (D:\Smmplan\node_modules\@babel\parser\
lib\index.js:13287:10)
    at Parser.parseFunctionBody (D:\Smmplan\node_modules\@babel\
parser\lib\index.js:12090:24)
    at Parser.parseFunctionBodyAndFinish (D:\Smmplan\node_module
s\@babel\parser\lib\index.js:12076:10)
    at D:\Smmplan\node_modules\@babel\parser\lib\index.js:13435:
12
    at Parser.withSmartMixTopicForbiddingContext (D:\Smmplan\nod
e_modules\@babel\parser\lib\index.js:12393:14)
    at Parser.parseFunction (D:\Smmplan\node_modules\@babel\pars
er\lib\index.js:13434:10)
    at Parser.parseFunctionStatement (D:\Smmplan\node_modules\@b
abel\parser\lib\index.js:13115:17)
    at Parser.parseStatementContent (D:\Smmplan\node_modules\@ba
bel\parser\lib\index.js:12781:21)
    at Parser.parseStatementLike (D:\Smmplan\node_modules\@babel
\parser\lib\index.js:12757:17)
    at Parser.parseModuleItem (D:\Smmplan\node_modules\@babel\pa
rser\lib\index.js:12734:17)
    at Parser.parseBlockOrModuleBlockBody (D:\Smmplan\node_modul
es\@babel\parser\lib\index.js:13306:36)
    at Parser.parseBlockBody (D:\Smmplan\node_modules\@babel\par
ser\lib\index.js:13299:10)
    at Parser.parseProgram (D:\Smmplan\node_modules\@babel\parse
r\lib\index.js:12612:10)
    at Parser.parseTopLevel (D:\Smmplan\node_modules\@babel\pars
er\lib\index.js:12602:25)
    at Parser.parse (D:\Smmplan\node_modules\@babel\parser\lib\i
ndex.js:14478:25)
    at parse (D:\Smmplan\node_modules\@babel\parser\lib\index.js
:14512:38)
    at parser (D:\Smmplan\node_modules\@babel\core\lib\parser\in
dex.js:41:34)
    at parser.next (<anonymous>)
    at normalizeFile (D:\Smmplan\node_modules\@babel\core\lib\tr
ansformation\normalize-file.js:64:37)
    at normalizeFile.next (<anonymous>)
    at run (D:\Smmplan\node_modules\@babel\core\lib\transformati
on\index.js:22:50)
    at run.next (<anonymous>)
    at transform (D:\Smmplan\node_modules\@babel\core\lib\transf
orm.js:22:33)
    at transform.next (<anonymous>)
    at evaluateSync (D:\Smmplan\node_modules\gensync\index.js:25
1:28)
    at sync (D:\Smmplan\node_modules\gensync\index.js:89:14)
    at stopHiding - secret - don't use this - v1 (D:\Smmplan\nod
e_modules\@babel\core\lib\errors\rewrite-stack-trace.js:47:12)
    at transformSync (D:\Smmplan\node_modules\@babel\core\lib\tr
ansform.js:40:76)
    at ScriptTransformer._instrumentFile (D:\Smmplan\node_module
s\@jest\transform\build\index.js:301:46)
Failed to collect coverage from D:\Smmplan\src\app\test\page.tsx
ERROR: D:\Smmplan\src\app\test\page.tsx: Support for the experim
ental syntax 'jsx' isn't currently enabled (9:12):

[0m [90m  7 |[39m [36mconst[39m react_1 [33m=[39m __impor
tDefault(require([32m"react"[39m))[33m;[39m
 [90m  8 |[39m [36mfunction[39m [33mTestPage[39m() {
[31m[1m>[22m[39m[90m  9 |[39m     [36mreturn[39m [33m<
[39m[33mdiv[39m[33m>[39m[33mNext[39m[33m.[39mjs is worki
ng correctly[33m.[39m [33mThis[39m is a test page[33m.[39m
[33m<[39m[33m/[39m[33mdiv[39m[33m>[39m[33m;[39m
 [90m    |[39m            [31m[1m^[22m[39m
 [90m 10 |[39m }
 [90m 11 |[39m [90m//# sourceMappingURL=data:application/json
;charset=utf-8;base64,eyJmaWxlIjoiRDpcXFNtbXBsYW5cXHNyY1xcYXBwXF
x0ZXN0XFxwYWdlLnRzeCIsIm1hcHBpbmdzIjoiOzs7OztBQUdBLDJCQUVDO0FBSk
Qsa0RBQTBCO0FBRTFCLFNBQXdCLFFBQVE7SUFDOUIsT0FBTyxDQUFDLEdBQUcsQ0
FBQyxrREFBa0QsRUFBRSxHQUFHLENBQUMsQ0FBQztBQUN2RSxDQUFDIiwibmFtZX
MiOltdLCJzb3VyY2VzIjpbIkQ6XFxTbW1wbGFuXFxzcmNcXGFwcFxcdGVzdFxccG
FnZS50c3giXSwic291cmNlc0NvbnRlbnQiOlsiXG5pbXBvcnQgUmVhY3QgZnJvbS
AncmVhY3QnO1xuXG5leHBvcnQgZGVmYXVsdCBmdW5jdGlvbiBUZXN0UGFnZSgpIH
tcbiAgcmV0dXJuIDxkaXY+TmV4dC5qcyBpcyB3b3JraW5nIGNvcnJlY3RseS4gVG
hpcyBpcyBhIHRlc3QgcGFnZS48L2Rpdj47XG59XG4iXSwidmVyc2lvbiI6M30=[
39m[0m

Add @babel/preset-react (https://github.com/babel/babel/tree/mai
n/packages/babel-preset-react) to the 'presets' section of your 
Babel config to enable transformation.
If you want to leave it as-is, add @babel/plugin-syntax-jsx (htt
ps://github.com/babel/babel/tree/main/packages/babel-plugin-synt
ax-jsx) to the 'plugins' section to enable parsing.

If you already added the plugin for this syntax to your config, 
it's possible that your config isn't being loaded.
You can re-run Babel with the BABEL_SHOW_CONFIG_FOR environment 
variable to show the loaded configuration:
	npx cross-env BABEL_SHOW_CONFIG_FOR=D:\Smmplan\src\app\test\pag
e.tsx <your build command>
See https://babeljs.io/docs/configuration#print-effective-config
s for more info.

STACK: SyntaxError: D:\Smmplan\src\app\test\page.tsx: Support fo
r the experimental syntax 'jsx' isn't currently enabled (9:12):

[0m [90m  7 |[39m [36mconst[39m react_1 [33m=[39m __impor
tDefault(require([32m"react"[39m))[33m;[39m
 [90m  8 |[39m [36mfunction[39m [33mTestPage[39m() {
[31m[1m>[22m[39m[90m  9 |[39m     [36mreturn[39m [33m<
[39m[33mdiv[39m[33m>[39m[33mNext[39m[33m.[39mjs is worki
ng correctly[33m.[39m [33mThis[39m is a test page[33m.[39m
[33m<[39m[33m/[39m[33mdiv[39m[33m>[39m[33m;[39m
 [90m    |[39m            [31m[1m^[22m[39m
 [90m 10 |[39m }
 [90m 11 |[39m [90m//# sourceMappingURL=data:application/json
;charset=utf-8;base64,eyJmaWxlIjoiRDpcXFNtbXBsYW5cXHNyY1xcYXBwXF
x0ZXN0XFxwYWdlLnRzeCIsIm1hcHBpbmdzIjoiOzs7OztBQUdBLDJCQUVDO0FBSk
Qsa0RBQTBCO0FBRTFCLFNBQXdCLFFBQVE7SUFDOUIsT0FBTyxDQUFDLEdBQUcsQ0
FBQyxrREFBa0QsRUFBRSxHQUFHLENBQUMsQ0FBQztBQUN2RSxDQUFDIiwibmFtZX
MiOltdLCJzb3VyY2VzIjpbIkQ6XFxTbW1wbGFuXFxzcmNcXGFwcFxcdGVzdFxccG
FnZS50c3giXSwic291cmNlc0NvbnRlbnQiOlsiXG5pbXBvcnQgUmVhY3QgZnJvbS
AncmVhY3QnO1xuXG5leHBvcnQgZGVmYXVsdCBmdW5jdGlvbiBUZXN0UGFnZSgpIH
tcbiAgcmV0dXJuIDxkaXY+TmV4dC5qcyBpcyB3b3JraW5nIGNvcnJlY3RseS4gVG
hpcyBpcyBhIHRlc3QgcGFnZS48L2Rpdj47XG59XG4iXSwidmVyc2lvbiI6M30=[
39m[0m

Add @babel/preset-react (https://github.com/babel/babel/tree/mai
n/packages/babel-preset-react) to the 'presets' section of your 
Babel config to enable transformation.
If you want to leave it as-is, add @babel/plugin-syntax-jsx (htt
ps://github.com/babel/babel/tree/main/packages/babel-plugin-synt
ax-jsx) to the 'plugins' section to enable parsing.

If you already added the plugin for this syntax to your config, 
it's possible that your config isn't being loaded.
You can re-run Babel with the BABEL_SHOW_CONFIG_FOR environment 
variable to show the loaded configuration:
	npx cross-env BABEL_SHOW_CONFIG_FOR=D:\Smmplan\src\app\test\pag
e.tsx <your build command>
See https://babeljs.io/docs/configuration#print-effective-config
s for more info.

    at constructor (D:\Smmplan\node_modules\@babel\parser\lib\in
dex.js:365:19)
    at Parser.raise (D:\Smmplan\node_modules\@babel\parser\lib\i
ndex.js:6599:19)
    at Parser.expectOnePlugin (D:\Smmplan\node_modules\@babel\pa
rser\lib\index.js:6633:18)
    at Parser.parseExprAtom (D:\Smmplan\node_modules\@babel\pars
er\lib\index.js:11388:24)
    at Parser.parseExprSubscripts (D:\Smmplan\node_modules\@babe
l\parser\lib\index.js:11071:23)
    at Parser.parseUpdate (D:\Smmplan\node_modules\@babel\parser
\lib\index.js:11056:21)
    at Parser.parseMaybeUnary (D:\Smmplan\node_modules\@babel\pa
rser\lib\index.js:11036:23)
    at Parser.parseMaybeUnaryOrPrivate (D:\Smmplan\node_modules\
@babel\parser\lib\index.js:10889:61)
    at Parser.parseExprOps (D:\Smmplan\node_modules\@babel\parse
r\lib\index.js:10894:23)
    at Parser.parseMaybeConditional (D:\Smmplan\node_modules\@ba
bel\parser\lib\index.js:10871:23)
    at Parser.parseMaybeAssign (D:\Smmplan\node_modules\@babel\p
arser\lib\index.js:10821:21)
    at Parser.parseExpressionBase (D:\Smmplan\node_modules\@babe
l\parser\lib\index.js:10774:23)
    at D:\Smmplan\node_modules\@babel\parser\lib\index.js:10770:
39
    at Parser.allowInAnd (D:\Smmplan\node_modules\@babel\parser\
lib\index.js:12411:16)
    at Parser.parseExpression (D:\Smmplan\node_modules\@babel\pa
rser\lib\index.js:10770:17)
    at Parser.parseReturnStatement (D:\Smmplan\node_modules\@bab
el\parser\lib\index.js:13132:28)
    at Parser.parseStatementContent (D:\Smmplan\node_modules\@ba
bel\parser\lib\index.js:12788:21)
    at Parser.parseStatementLike (D:\Smmplan\node_modules\@babel
\parser\lib\index.js:12757:17)
    at Parser.parseStatementListItem (D:\Smmplan\node_modules\@b
abel\parser\lib\index.js:12737:17)
    at Parser.parseBlockOrModuleBlockBody (D:\Smmplan\node_modul
es\@babel\parser\lib\index.js:13306:61)
    at Parser.parseBlockBody (D:\Smmplan\node_modules\@babel\par
ser\lib\index.js:13299:10)
    at Parser.parseBlock (D:\Smmplan\node_modules\@babel\parser\
lib\index.js:13287:10)
    at Parser.parseFunctionBody (D:\Smmplan\node_modules\@babel\
parser\lib\index.js:12090:24)
    at Parser.parseFunctionBodyAndFinish (D:\Smmplan\node_module
s\@babel\parser\lib\index.js:12076:10)
    at D:\Smmplan\node_modules\@babel\parser\lib\index.js:13435:
12
    at Parser.withSmartMixTopicForbiddingContext (D:\Smmplan\nod
e_modules\@babel\parser\lib\index.js:12393:14)
    at Parser.parseFunction (D:\Smmplan\node_modules\@babel\pars
er\lib\index.js:13434:10)
    at Parser.parseFunctionStatement (D:\Smmplan\node_modules\@b
abel\parser\lib\index.js:13115:17)
    at Parser.parseStatementContent (D:\Smmplan\node_modules\@ba
bel\parser\lib\index.js:12781:21)
    at Parser.parseStatementLike (D:\Smmplan\node_modules\@babel
\parser\lib\index.js:12757:17)
    at Parser.parseModuleItem (D:\Smmplan\node_modules\@babel\pa
rser\lib\index.js:12734:17)
    at Parser.parseBlockOrModuleBlockBody (D:\Smmplan\node_modul
es\@babel\parser\lib\index.js:13306:36)
    at Parser.parseBlockBody (D:\Smmplan\node_modules\@babel\par
ser\lib\index.js:13299:10)
    at Parser.parseProgram (D:\Smmplan\node_modules\@babel\parse
r\lib\index.js:12612:10)
    at Parser.parseTopLevel (D:\Smmplan\node_modules\@babel\pars
er\lib\index.js:12602:25)
    at Parser.parse (D:\Smmplan\node_modules\@babel\parser\lib\i
ndex.js:14478:25)
    at parse (D:\Smmplan\node_modules\@babel\parser\lib\index.js
:14512:38)
    at parser (D:\Smmplan\node_modules\@babel\core\lib\parser\in
dex.js:41:34)
    at parser.next (<anonymous>)
    at normalizeFile (D:\Smmplan\node_modules\@babel\core\lib\tr
ansformation\normalize-file.js:64:37)
    at normalizeFile.next (<anonymous>)
    at run (D:\Smmplan\node_modules\@babel\core\lib\transformati
on\index.js:22:50)
    at run.next (<anonymous>)
    at transform (D:\Smmplan\node_modules\@babel\core\lib\transf
orm.js:22:33)
    at transform.next (<anonymous>)
    at evaluateSync (D:\Smmplan\node_modules\gensync\index.js:25
1:28)
    at sync (D:\Smmplan\node_modules\gensync\index.js:89:14)
    at stopHiding - secret - don't use this - v1 (D:\Smmplan\nod
e_modules\@babel\core\lib\errors\rewrite-stack-trace.js:47:12)
    at transformSync (D:\Smmplan\node_modules\@babel\core\lib\tr
ansform.js:40:76)
    at ScriptTransformer._instrumentFile (D:\Smmplan\node_module
s\@jest\transform\build\index.js:301:46)
Failed to collect coverage from D:\Smmplan\src\components\client
\ServiceSelector.tsx
ERROR: D:\Smmplan\src\components\client\ServiceSelector.tsx: Sup
port for the experimental syntax 'jsx' isn't currently enabled (
57:13):

[0m [90m 55 |[39m             catName[33m.[39mtoLowerCase()
[33m.[39mincludes(searchQuery[33m.[39mtoLowerCase()))[33m;
[39m
 [90m 56 |[39m     })[33m;[39m
[31m[1m>[22m[39m[90m 57 |[39m     [36mreturn[39m ([33m<
[39m[33mdiv[39m className[33m=[39m[32m"space-y-8"[39m[33
m>[39m
 [90m    |[39m             [31m[1m^[22m[39m
 [90m 58 |[39m             {[90m/* Header & Search */[39m}
 [90m 59 |[39m             [33m<[39m[33mdiv[39m className
[33m=[39m[32m"flex flex-col md:flex-row md:items-end justify-b
etween gap-6"[39m[33m>[39m
 [90m 60 |[39m                 [33m<[39m[33mdiv[39m classN
ame[33m=[39m[32m"space-y-2"[39m[33m>[39m[0m

Add @babel/preset-react (https://github.com/babel/babel/tree/mai
n/packages/babel-preset-react) to the 'presets' section of your 
Babel config to enable transformation.
If you want to leave it as-is, add @babel/plugin-syntax-jsx (htt
ps://github.com/babel/babel/tree/main/packages/babel-plugin-synt
ax-jsx) to the 'plugins' section to enable parsing.

If you already added the plugin for this syntax to your config, 
it's possible that your config isn't being loaded.
You can re-run Babel with the BABEL_SHOW_CONFIG_FOR environment 
variable to show the loaded configuration:
	npx cross-env BABEL_SHOW_CONFIG_FOR=D:\Smmplan\src\components\c
lient\ServiceSelector.tsx <your build command>
See https://babeljs.io/docs/configuration#print-effective-config
s for more info.

STACK: SyntaxError: D:\Smmplan\src\components\client\ServiceSele
ctor.tsx: Support for the experimental syntax 'jsx' isn't curren
tly enabled (57:13):

[0m [90m 55 |[39m             catName[33m.[39mtoLowerCase()
[33m.[39mincludes(searchQuery[33m.[39mtoLowerCase()))[33m;
[39m
 [90m 56 |[39m     })[33m;[39m
[31m[1m>[22m[39m[90m 57 |[39m     [36mreturn[39m ([33m<
[39m[33mdiv[39m className[33m=[39m[32m"space-y-8"[39m[33
m>[39m
 [90m    |[39m             [31m[1m^[22m[39m
 [90m 58 |[39m             {[90m/* Header & Search */[39m}
 [90m 59 |[39m             [33m<[39m[33mdiv[39m className
[33m=[39m[32m"flex flex-col md:flex-row md:items-end justify-b
etween gap-6"[39m[33m>[39m
 [90m 60 |[39m                 [33m<[39m[33mdiv[39m classN
ame[33m=[39m[32m"space-y-2"[39m[33m>[39m[0m

Add @babel/preset-react (https://github.com/babel/babel/tree/mai
n/packages/babel-preset-react) to the 'presets' section of your 
Babel config to enable transformation.
If you want to leave it as-is, add @babel/plugin-syntax-jsx (htt
ps://github.com/babel/babel/tree/main/packages/babel-plugin-synt
ax-jsx) to the 'plugins' section to enable parsing.

If you already added the plugin for this syntax to your config, 
it's possible that your config isn't being loaded.
You can re-run Babel with the BABEL_SHOW_CONFIG_FOR environment 
variable to show the loaded configuration:
	npx cross-env BABEL_SHOW_CONFIG_FOR=D:\Smmplan\src\components\c
lient\ServiceSelector.tsx <your build command>
See https://babeljs.io/docs/configuration#print-effective-config
s for more info.

    at constructor (D:\Smmplan\node_modules\@babel\parser\lib\in
dex.js:365:19)
    at Parser.raise (D:\Smmplan\node_modules\@babel\parser\lib\i
ndex.js:6599:19)
    at Parser.expectOnePlugin (D:\Smmplan\node_modules\@babel\pa
rser\lib\index.js:6633:18)
    at Parser.parseExprAtom (D:\Smmplan\node_modules\@babel\pars
er\lib\index.js:11388:24)
    at Parser.parseExprSubscripts (D:\Smmplan\node_modules\@babe
l\parser\lib\index.js:11071:23)
    at Parser.parseUpdate (D:\Smmplan\node_modules\@babel\parser
\lib\index.js:11056:21)
    at Parser.parseMaybeUnary (D:\Smmplan\node_modules\@babel\pa
rser\lib\index.js:11036:23)
    at Parser.parseMaybeUnaryOrPrivate (D:\Smmplan\node_modules\
@babel\parser\lib\index.js:10889:61)
    at Parser.parseExprOps (D:\Smmplan\node_modules\@babel\parse
r\lib\index.js:10894:23)
    at Parser.parseMaybeConditional (D:\Smmplan\node_modules\@ba
bel\parser\lib\index.js:10871:23)
    at Parser.parseMaybeAssign (D:\Smmplan\node_modules\@babel\p
arser\lib\index.js:10821:21)
    at D:\Smmplan\node_modules\@babel\parser\lib\index.js:10790:
39
    at Parser.allowInAnd (D:\Smmplan\node_modules\@babel\parser\
lib\index.js:12416:12)
    at Parser.parseMaybeAssignAllowIn (D:\Smmplan\node_modules\@
babel\parser\lib\index.js:10790:17)
    at Parser.parseMaybeAssignAllowInOrVoidPattern (D:\Smmplan\n
ode_modules\@babel\parser\lib\index.js:12483:17)
    at Parser.parseParenAndDistinguishExpression (D:\Smmplan\nod
e_modules\@babel\parser\lib\index.js:11665:28)
    at Parser.parseExprAtom (D:\Smmplan\node_modules\@babel\pars
er\lib\index.js:11321:23)
    at Parser.parseExprSubscripts (D:\Smmplan\node_modules\@babe
l\parser\lib\index.js:11071:23)
    at Parser.parseUpdate (D:\Smmplan\node_modules\@babel\parser
\lib\index.js:11056:21)
    at Parser.parseMaybeUnary (D:\Smmplan\node_modules\@babel\pa
rser\lib\index.js:11036:23)
    at Parser.parseMaybeUnaryOrPrivate (D:\Smmplan\node_modules\
@babel\parser\lib\index.js:10889:61)
    at Parser.parseExprOps (D:\Smmplan\node_modules\@babel\parse
r\lib\index.js:10894:23)
    at Parser.parseMaybeConditional (D:\Smmplan\node_modules\@ba
bel\parser\lib\index.js:10871:23)
    at Parser.parseMaybeAssign (D:\Smmplan\node_modules\@babel\p
arser\lib\index.js:10821:21)
    at Parser.parseExpressionBase (D:\Smmplan\node_modules\@babe
l\parser\lib\index.js:10774:23)
    at D:\Smmplan\node_modules\@babel\parser\lib\index.js:10770:
39
    at Parser.allowInAnd (D:\Smmplan\node_modules\@babel\parser\
lib\index.js:12411:16)
    at Parser.parseExpression (D:\Smmplan\node_modules\@babel\pa
rser\lib\index.js:10770:17)
    at Parser.parseReturnStatement (D:\Smmplan\node_modules\@bab
el\parser\lib\index.js:13132:28)
    at Parser.parseStatementContent (D:\Smmplan\node_modules\@ba
bel\parser\lib\index.js:12788:21)
    at Parser.parseStatementLike (D:\Smmplan\node_modules\@babel
\parser\lib\index.js:12757:17)
    at Parser.parseStatementListItem (D:\Smmplan\node_modules\@b
abel\parser\lib\index.js:12737:17)
    at Parser.parseBlockOrModuleBlockBody (D:\Smmplan\node_modul
es\@babel\parser\lib\index.js:13306:61)
    at Parser.parseBlockBody (D:\Smmplan\node_modules\@babel\par
ser\lib\index.js:13299:10)
    at Parser.parseBlock (D:\Smmplan\node_modules\@babel\parser\
lib\index.js:13287:10)
    at Parser.parseFunctionBody (D:\Smmplan\node_modules\@babel\
parser\lib\index.js:12090:24)
    at Parser.parseArrowExpression (D:\Smmplan\node_modules\@bab
el\parser\lib\index.js:12065:10)
    at Parser.parseParenAndDistinguishExpression (D:\Smmplan\nod
e_modules\@babel\parser\lib\index.js:11677:12)
    at Parser.parseExprAtom (D:\Smmplan\node_modules\@babel\pars
er\lib\index.js:11321:23)
    at Parser.parseExprSubscripts (D:\Smmplan\node_modules\@babe
l\parser\lib\index.js:11071:23)
    at Parser.parseUpdate (D:\Smmplan\node_modules\@babel\parser
\lib\index.js:11056:21)
    at Parser.parseMaybeUnary (D:\Smmplan\node_modules\@babel\pa
rser\lib\index.js:11036:23)
    at Parser.parseMaybeUnaryOrPrivate (D:\Smmplan\node_modules\
@babel\parser\lib\index.js:10889:61)
    at Parser.parseExprOps (D:\Smmplan\node_modules\@babel\parse
r\lib\index.js:10894:23)
    at Parser.parseMaybeConditional (D:\Smmplan\node_modules\@ba
bel\parser\lib\index.js:10871:23)
    at Parser.parseMaybeAssign (D:\Smmplan\node_modules\@babel\p
arser\lib\index.js:10821:21)
    at D:\Smmplan\node_modules\@babel\parser\lib\index.js:10790:
39
    at Parser.allowInAnd (D:\Smmplan\node_modules\@babel\parser\
lib\index.js:12411:16)
    at Parser.parseMaybeAssignAllowIn (D:\Smmplan\node_modules\@
babel\parser\lib\index.js:10790:17)
    at Parser.parseVar (D:\Smmplan\node_modules\@babel\parser\li
b\index.js:13374:91)
Failed to collect coverage from D:\Smmplan\src\app\(client)\sett
ings\page.tsx
ERROR: D:\Smmplan\src\app\(client)\settings\page.tsx: Support fo
r the experimental syntax 'jsx' isn't currently enabled (12:13):

[0m [90m 10 |[39m [36mconst[39m link_1 [33m=[39m __import
Default(require([32m"next/link"[39m))[33m;[39m
 [90m 11 |[39m [36mfunction[39m [33mSettingsPage[39m() {
[31m[1m>[22m[39m[90m 12 |[39m     [36mreturn[39m ([33m<
[39m[33mdiv[39m className[33m=[39m[32m"max-w-2xl mx-auto s
pace-y-6"[39m[33m>[39m
 [90m    |[39m             [31m[1m^[22m[39m
 [90m 13 |[39m             [33m<[39m[33mlink_1[39m[33m.[
39m[36mdefault[39m href[33m=[39m[32m"/profile"[39m classNa
me[33m=[39m[32m"flex items-center gap-2 text-muted-foreground
 hover:text-primary transition-colors text-xs font-black upperca
se tracking-widest mb-4"[39m[33m>[39m
 [90m 14 |[39m                 [33m<[39m[33mlucide_react_1
[39m[33m.[39m[33mArrowLeft[39m size[33m=[39m{[35m14[39m}
[33m/[39m[33m>[39m [33m╨Э╨░╨╖╨░╨┤[39m ╨▓ ╨║╨░╨▒╨╕╨╜╨╡╤В
 [90m 15 |[39m             [33m<[39m[33m/[39m[33mlink_1[
39m[33m.[39m[36mdefault[39m[33m>[39m[0m

Add @babel/preset-react (https://github.com/babel/babel/tree/mai
n/packages/babel-preset-react) to the 'presets' section of your 
Babel config to enable transformation.
If you want to leave it as-is, add @babel/plugin-syntax-jsx (htt
ps://github.com/babel/babel/tree/main/packages/babel-plugin-synt
ax-jsx) to the 'plugins' section to enable parsing.

If you already added the plugin for this syntax to your config, 
it's possible that your config isn't being loaded.
You can re-run Babel with the BABEL_SHOW_CONFIG_FOR environment 
variable to show the loaded configuration:
	npx cross-env BABEL_SHOW_CONFIG_FOR=D:\Smmplan\src\app\(client)
\settings\page.tsx <your build command>
See https://babeljs.io/docs/configuration#print-effective-config
s for more info.

STACK: SyntaxError: D:\Smmplan\src\app\(client)\settings\page.ts
x: Support for the experimental syntax 'jsx' isn't currently ena
bled (12:13):

[0m [90m 10 |[39m [36mconst[39m link_1 [33m=[39m __import
Default(require([32m"next/link"[39m))[33m;[39m
 [90m 11 |[39m [36mfunction[39m [33mSettingsPage[39m() {
[31m[1m>[22m[39m[90m 12 |[39m     [36mreturn[39m ([33m<
[39m[33mdiv[39m className[33m=[39m[32m"max-w-2xl mx-auto s
pace-y-6"[39m[33m>[39m
 [90m    |[39m             [31m[1m^[22m[39m
 [90m 13 |[39m             [33m<[39m[33mlink_1[39m[33m.[
39m[36mdefault[39m href[33m=[39m[32m"/profile"[39m classNa
me[33m=[39m[32m"flex items-center gap-2 text-muted-foreground
 hover:text-primary transition-colors text-xs font-black upperca
se tracking-widest mb-4"[39m[33m>[39m
 [90m 14 |[39m                 [33m<[39m[33mlucide_react_1
[39m[33m.[39m[33mArrowLeft[39m size[33m=[39m{[35m14[39m}
[33m/[39m[33m>[39m [33m╨Э╨░╨╖╨░╨┤[39m ╨▓ ╨║╨░╨▒╨╕╨╜╨╡╤В
 [90m 15 |[39m             [33m<[39m[33m/[39m[33mlink_1[
39m[33m.[39m[36mdefault[39m[33m>[39m[0m

Add @babel/preset-react (https://github.com/babel/babel/tree/mai
n/packages/babel-preset-react) to the 'presets' section of your 
Babel config to enable transformation.
If you want to leave it as-is, add @babel/plugin-syntax-jsx (htt
ps://github.com/babel/babel/tree/main/packages/babel-plugin-synt
ax-jsx) to the 'plugins' section to enable parsing.

If you already added the plugin for this syntax to your config, 
it's possible that your config isn't being loaded.
You can re-run Babel with the BABEL_SHOW_CONFIG_FOR environment 
variable to show the loaded configuration:
	npx cross-env BABEL_SHOW_CONFIG_FOR=D:\Smmplan\src\app\(client)
\settings\page.tsx <your build command>
See https://babeljs.io/docs/configuration#print-effective-config
s for more info.

    at constructor (D:\Smmplan\node_modules\@babel\parser\lib\in
dex.js:365:19)
    at Parser.raise (D:\Smmplan\node_modules\@babel\parser\lib\i
ndex.js:6599:19)
    at Parser.expectOnePlugin (D:\Smmplan\node_modules\@babel\pa
rser\lib\index.js:6633:18)
    at Parser.parseExprAtom (D:\Smmplan\node_modules\@babel\pars
er\lib\index.js:11388:24)
    at Parser.parseExprSubscripts (D:\Smmplan\node_modules\@babe
l\parser\lib\index.js:11071:23)
    at Parser.parseUpdate (D:\Smmplan\node_modules\@babel\parser
\lib\index.js:11056:21)
    at Parser.parseMaybeUnary (D:\Smmplan\node_modules\@babel\pa
rser\lib\index.js:11036:23)
    at Parser.parseMaybeUnaryOrPrivate (D:\Smmplan\node_modules\
@babel\parser\lib\index.js:10889:61)
    at Parser.parseExprOps (D:\Smmplan\node_modules\@babel\parse
r\lib\index.js:10894:23)
    at Parser.parseMaybeConditional (D:\Smmplan\node_modules\@ba
bel\parser\lib\index.js:10871:23)
    at Parser.parseMaybeAssign (D:\Smmplan\node_modules\@babel\p
arser\lib\index.js:10821:21)
    at D:\Smmplan\node_modules\@babel\parser\lib\index.js:10790:
39
    at Parser.allowInAnd (D:\Smmplan\node_modules\@babel\parser\
lib\index.js:12416:12)
    at Parser.parseMaybeAssignAllowIn (D:\Smmplan\node_modules\@
babel\parser\lib\index.js:10790:17)
    at Parser.parseMaybeAssignAllowInOrVoidPattern (D:\Smmplan\n
ode_modules\@babel\parser\lib\index.js:12483:17)
    at Parser.parseParenAndDistinguishExpression (D:\Smmplan\nod
e_modules\@babel\parser\lib\index.js:11665:28)
    at Parser.parseExprAtom (D:\Smmplan\node_modules\@babel\pars
er\lib\index.js:11321:23)
    at Parser.parseExprSubscripts (D:\Smmplan\node_modules\@babe
l\parser\lib\index.js:11071:23)
    at Parser.parseUpdate (D:\Smmplan\node_modules\@babel\parser
\lib\index.js:11056:21)
    at Parser.parseMaybeUnary (D:\Smmplan\node_modules\@babel\pa
rser\lib\index.js:11036:23)
    at Parser.parseMaybeUnaryOrPrivate (D:\Smmplan\node_modules\
@babel\parser\lib\index.js:10889:61)
    at Parser.parseExprOps (D:\Smmplan\node_modules\@babel\parse
r\lib\index.js:10894:23)
    at Parser.parseMaybeConditional (D:\Smmplan\node_modules\@ba
bel\parser\lib\index.js:10871:23)
    at Parser.parseMaybeAssign (D:\Smmplan\node_modules\@babel\p
arser\lib\index.js:10821:21)
    at Parser.parseExpressionBase (D:\Smmplan\node_modules\@babe
l\parser\lib\index.js:10774:23)
    at D:\Smmplan\node_modules\@babel\parser\lib\index.js:10770:
39
    at Parser.allowInAnd (D:\Smmplan\node_modules\@babel\parser\
lib\index.js:12411:16)
    at Parser.parseExpression (D:\Smmplan\node_modules\@babel\pa
rser\lib\index.js:10770:17)
    at Parser.parseReturnStatement (D:\Smmplan\node_modules\@bab
el\parser\lib\index.js:13132:28)
    at Parser.parseStatementContent (D:\Smmplan\node_modules\@ba
bel\parser\lib\index.js:12788:21)
    at Parser.parseStatementLike (D:\Smmplan\node_modules\@babel
\parser\lib\index.js:12757:17)
    at Parser.parseStatementListItem (D:\Smmplan\node_modules\@b
abel\parser\lib\index.js:12737:17)
    at Parser.parseBlockOrModuleBlockBody (D:\Smmplan\node_modul
es\@babel\parser\lib\index.js:13306:61)
    at Parser.parseBlockBody (D:\Smmplan\node_modules\@babel\par
ser\lib\index.js:13299:10)
    at Parser.parseBlock (D:\Smmplan\node_modules\@babel\parser\
lib\index.js:13287:10)
    at Parser.parseFunctionBody (D:\Smmplan\node_modules\@babel\
parser\lib\index.js:12090:24)
    at Parser.parseFunctionBodyAndFinish (D:\Smmplan\node_module
s\@babel\parser\lib\index.js:12076:10)
    at D:\Smmplan\node_modules\@babel\parser\lib\index.js:13435:
12
    at Parser.withSmartMixTopicForbiddingContext (D:\Smmplan\nod
e_modules\@babel\parser\lib\index.js:12393:14)
    at Parser.parseFunction (D:\Smmplan\node_modules\@babel\pars
er\lib\index.js:13434:10)
    at Parser.parseFunctionStatement (D:\Smmplan\node_modules\@b
abel\parser\lib\index.js:13115:17)
    at Parser.parseStatementContent (D:\Smmplan\node_modules\@ba
bel\parser\lib\index.js:12781:21)
    at Parser.parseStatementLike (D:\Smmplan\node_modules\@babel
\parser\lib\index.js:12757:17)
    at Parser.parseModuleItem (D:\Smmplan\node_modules\@babel\pa
rser\lib\index.js:12734:17)
    at Parser.parseBlockOrModuleBlockBody (D:\Smmplan\node_modul
es\@babel\parser\lib\index.js:13306:36)
    at Parser.parseBlockBody (D:\Smmplan\node_modules\@babel\par
ser\lib\index.js:13299:10)
    at Parser.parseProgram (D:\Smmplan\node_modules\@babel\parse
r\lib\index.js:12612:10)
    at Parser.parseTopLevel (D:\Smmplan\node_modules\@babel\pars
er\lib\index.js:12602:25)
    at Parser.parse (D:\Smmplan\node_modules\@babel\parser\lib\i
ndex.js:14478:25)
    at parse (D:\Smmplan\node_modules\@babel\parser\lib\index.js
:14512:38)
Failed to collect coverage from D:\Smmplan\src\app\(client)\logi
n\page.tsx
ERROR: D:\Smmplan\src\app\(client)\login\page.tsx: Support for t
he experimental syntax 'jsx' isn't currently enabled (80:13):

[0m [90m 78 |[39m         }
 [90m 79 |[39m     }[33m;[39m
[31m[1m>[22m[39m[90m 80 |[39m     [36mreturn[39m ([33m<
[39m[33mdiv[39m className[33m=[39m[32m"max-w-md mx-auto py
-20 space-y-8"[39m[33m>[39m
 [90m    |[39m             [31m[1m^[22m[39m
 [90m 81 |[39m             [33m<[39m[33mframer_motion_1[39
m[33m.[39mmotion[33m.[39mdiv initial[33m=[39m{{ opacity[3
3m:[39m [35m0[39m[33m,[39m y[33m:[39m [35m20[39m }} ani
mate[33m=[39m{{ opacity[33m:[39m [35m1[39m[33m,[39m y[3
3m:[39m [35m0[39m }} className[33m=[39m[32m"text-center sp
ace-y-2"[39m[33m>[39m
 [90m 82 |[39m                 [33m<[39m[33mh1[39m classNa
me[33m=[39m[32m"text-3xl font-black tracking-tighter uppercas
e italic"[39m[33m>[39m[33m╨Ф╨╛╨▒╤А╨╛[39m ╨┐╨╛╨╢╨░╨╗╨╛╨▓╨░╤В
╤М[33m<[39m[33m/[39m[33mh1[39m[33m>[39m
 [90m 83 |[39m                 [33m<[39m[33mp[39m classNam
e[33m=[39m[32m"text-muted-foreground text-xs font-medium uppe
rcase tracking-widest"[39m[33m>[39m[0m

Add @babel/preset-react (https://github.com/babel/babel/tree/mai
n/packages/babel-preset-react) to the 'presets' section of your 
Babel config to enable transformation.
If you want to leave it as-is, add @babel/plugin-syntax-jsx (htt
ps://github.com/babel/babel/tree/main/packages/babel-plugin-synt
ax-jsx) to the 'plugins' section to enable parsing.

If you already added the plugin for this syntax to your config, 
it's possible that your config isn't being loaded.
You can re-run Babel with the BABEL_SHOW_CONFIG_FOR environment 
variable to show the loaded configuration:
	npx cross-env BABEL_SHOW_CONFIG_FOR=D:\Smmplan\src\app\(client)
\login\page.tsx <your build command>
See https://babeljs.io/docs/configuration#print-effective-config
s for more info.

STACK: SyntaxError: D:\Smmplan\src\app\(client)\login\page.tsx: 
Support for the experimental syntax 'jsx' isn't currently enable
d (80:13):

[0m [90m 78 |[39m         }
 [90m 79 |[39m     }[33m;[39m
[31m[1m>[22m[39m[90m 80 |[39m     [36mreturn[39m ([33m<
[39m[33mdiv[39m className[33m=[39m[32m"max-w-md mx-auto py
-20 space-y-8"[39m[33m>[39m
 [90m    |[39m             [31m[1m^[22m[39m
 [90m 81 |[39m             [33m<[39m[33mframer_motion_1[39
m[33m.[39mmotion[33m.[39mdiv initial[33m=[39m{{ opacity[3
3m:[39m [35m0[39m[33m,[39m y[33m:[39m [35m20[39m }} ani
mate[33m=[39m{{ opacity[33m:[39m [35m1[39m[33m,[39m y[3
3m:[39m [35m0[39m }} className[33m=[39m[32m"text-center sp
ace-y-2"[39m[33m>[39m
 [90m 82 |[39m                 [33m<[39m[33mh1[39m classNa
me[33m=[39m[32m"text-3xl font-black tracking-tighter uppercas
e italic"[39m[33m>[39m[33m╨Ф╨╛╨▒╤А╨╛[39m ╨┐╨╛╨╢╨░╨╗╨╛╨▓╨░╤В
╤М[33m<[39m[33m/[39m[33mh1[39m[33m>[39m
 [90m 83 |[39m                 [33m<[39m[33mp[39m classNam
e[33m=[39m[32m"text-muted-foreground text-xs font-medium uppe
rcase tracking-widest"[39m[33m>[39m[0m

Add @babel/preset-react (https://github.com/babel/babel/tree/mai
n/packages/babel-preset-react) to the 'presets' section of your 
Babel config to enable transformation.
If you want to leave it as-is, add @babel/plugin-syntax-jsx (htt
ps://github.com/babel/babel/tree/main/packages/babel-plugin-synt
ax-jsx) to the 'plugins' section to enable parsing.

If you already added the plugin for this syntax to your config, 
it's possible that your config isn't being loaded.
You can re-run Babel with the BABEL_SHOW_CONFIG_FOR environment 
variable to show the loaded configuration:
	npx cross-env BABEL_SHOW_CONFIG_FOR=D:\Smmplan\src\app\(client)
\login\page.tsx <your build command>
See https://babeljs.io/docs/configuration#print-effective-config
s for more info.

    at constructor (D:\Smmplan\node_modules\@babel\parser\lib\in
dex.js:365:19)
    at Parser.raise (D:\Smmplan\node_modules\@babel\parser\lib\i
ndex.js:6599:19)
    at Parser.expectOnePlugin (D:\Smmplan\node_modules\@babel\pa
rser\lib\index.js:6633:18)
    at Parser.parseExprAtom (D:\Smmplan\node_modules\@babel\pars
er\lib\index.js:11388:24)
    at Parser.parseExprSubscripts (D:\Smmplan\node_modules\@babe
l\parser\lib\index.js:11071:23)
    at Parser.parseUpdate (D:\Smmplan\node_modules\@babel\parser
\lib\index.js:11056:21)
    at Parser.parseMaybeUnary (D:\Smmplan\node_modules\@babel\pa
rser\lib\index.js:11036:23)
    at Parser.parseMaybeUnaryOrPrivate (D:\Smmplan\node_modules\
@babel\parser\lib\index.js:10889:61)
    at Parser.parseExprOps (D:\Smmplan\node_modules\@babel\parse
r\lib\index.js:10894:23)
    at Parser.parseMaybeConditional (D:\Smmplan\node_modules\@ba
bel\parser\lib\index.js:10871:23)
    at Parser.parseMaybeAssign (D:\Smmplan\node_modules\@babel\p
arser\lib\index.js:10821:21)
    at D:\Smmplan\node_modules\@babel\parser\lib\index.js:10790:
39
    at Parser.allowInAnd (D:\Smmplan\node_modules\@babel\parser\
lib\index.js:12416:12)
    at Parser.parseMaybeAssignAllowIn (D:\Smmplan\node_modules\@
babel\parser\lib\index.js:10790:17)
    at Parser.parseMaybeAssignAllowInOrVoidPattern (D:\Smmplan\n
ode_modules\@babel\parser\lib\index.js:12483:17)
    at Parser.parseParenAndDistinguishExpression (D:\Smmplan\nod
e_modules\@babel\parser\lib\index.js:11665:28)
    at Parser.parseExprAtom (D:\Smmplan\node_modules\@babel\pars
er\lib\index.js:11321:23)
    at Parser.parseExprSubscripts (D:\Smmplan\node_modules\@babe
l\parser\lib\index.js:11071:23)
    at Parser.parseUpdate (D:\Smmplan\node_modules\@babel\parser
\lib\index.js:11056:21)
    at Parser.parseMaybeUnary (D:\Smmplan\node_modules\@babel\pa
rser\lib\index.js:11036:23)
    at Parser.parseMaybeUnaryOrPrivate (D:\Smmplan\node_modules\
@babel\parser\lib\index.js:10889:61)
    at Parser.parseExprOps (D:\Smmplan\node_modules\@babel\parse
r\lib\index.js:10894:23)
    at Parser.parseMaybeConditional (D:\Smmplan\node_modules\@ba
bel\parser\lib\index.js:10871:23)
    at Parser.parseMaybeAssign (D:\Smmplan\node_modules\@babel\p
arser\lib\index.js:10821:21)
    at Parser.parseExpressionBase (D:\Smmplan\node_modules\@babe
l\parser\lib\index.js:10774:23)
    at D:\Smmplan\node_modules\@babel\parser\lib\index.js:10770:
39
    at Parser.allowInAnd (D:\Smmplan\node_modules\@babel\parser\
lib\index.js:12411:16)
    at Parser.parseExpression (D:\Smmplan\node_modules\@babel\pa
rser\lib\index.js:10770:17)
    at Parser.parseReturnStatement (D:\Smmplan\node_modules\@bab
el\parser\lib\index.js:13132:28)
    at Parser.parseStatementContent (D:\Smmplan\node_modules\@ba
bel\parser\lib\index.js:12788:21)
    at Parser.parseStatementLike (D:\Smmplan\node_modules\@babel
\parser\lib\index.js:12757:17)
    at Parser.parseStatementListItem (D:\Smmplan\node_modules\@b
abel\parser\lib\index.js:12737:17)
    at Parser.parseBlockOrModuleBlockBody (D:\Smmplan\node_modul
es\@babel\parser\lib\index.js:13306:61)
    at Parser.parseBlockBody (D:\Smmplan\node_modules\@babel\par
ser\lib\index.js:13299:10)
    at Parser.parseBlock (D:\Smmplan\node_modules\@babel\parser\
lib\index.js:13287:10)
    at Parser.parseFunctionBody (D:\Smmplan\node_modules\@babel\
parser\lib\index.js:12090:24)
    at Parser.parseFunctionBodyAndFinish (D:\Smmplan\node_module
s\@babel\parser\lib\index.js:12076:10)
    at D:\Smmplan\node_modules\@babel\parser\lib\index.js:13435:
12
    at Parser.withSmartMixTopicForbiddingContext (D:\Smmplan\nod
e_modules\@babel\parser\lib\index.js:12393:14)
    at Parser.parseFunction (D:\Smmplan\node_modules\@babel\pars
er\lib\index.js:13434:10)
    at Parser.parseFunctionStatement (D:\Smmplan\node_modules\@b
abel\parser\lib\index.js:13115:17)
    at Parser.parseStatementContent (D:\Smmplan\node_modules\@ba
bel\parser\lib\index.js:12781:21)
    at Parser.parseStatementLike (D:\Smmplan\node_modules\@babel
\parser\lib\index.js:12757:17)
    at Parser.parseModuleItem (D:\Smmplan\node_modules\@babel\pa
rser\lib\index.js:12734:17)
    at Parser.parseBlockOrModuleBlockBody (D:\Smmplan\node_modul
es\@babel\parser\lib\index.js:13306:36)
    at Parser.parseBlockBody (D:\Smmplan\node_modules\@babel\par
ser\lib\index.js:13299:10)
    at Parser.parseProgram (D:\Smmplan\node_modules\@babel\parse
r\lib\index.js:12612:10)
    at Parser.parseTopLevel (D:\Smmplan\node_modules\@babel\pars
er\lib\index.js:12602:25)
    at Parser.parse (D:\Smmplan\node_modules\@babel\parser\lib\i
ndex.js:14478:25)
    at parse (D:\Smmplan\node_modules\@babel\parser\lib\index.js
:14512:38)
Failed to collect coverage from D:\Smmplan\src\app\(client)\orde
rs\page.tsx
ERROR: D:\Smmplan\src\app\(client)\orders\page.tsx: Support for 
the experimental syntax 'jsx' isn't currently enabled (47:13):

[0m [90m 45 |[39m [36mconst[39m utils_1 [33m=[39m require
([32m"@/lib/utils"[39m)[33m;[39m
 [90m 46 |[39m [36mfunction[39m [33mOrdersPage[39m() {
[31m[1m>[22m[39m[90m 47 |[39m     [36mreturn[39m ([33m<
[39m[33mreact_1[39m[33m.[39m[33mSuspense[39m fallback[33
m=[39m{[33m<[39m[33mdiv[39m className[33m=[39m[32m"flex 
justify-center p-20"[39m[33m>[39m[33m<[39m[33mlucide_react
_1[39m[33m.[39m[33mLoader2[39m className[33m=[39m[32m"an
imate-spin text-primary"[39m[33m/[39m[33m>[39m[33m<[39m[
33m/[39m[33mdiv[39m[33m>[39m}[33m>[39m
 [90m    |[39m             [31m[1m^[22m[39m
 [90m 48 |[39m             [33m<[39m[33mOrdersContent[39m 
[33m/[39m[33m>[39m
 [90m 49 |[39m         [33m<[39m[33m/[39m[33mreact_1[39m
[33m.[39m[33mSuspense[39m[33m>[39m)[33m;[39m
 [90m 50 |[39m }[0m

Add @babel/preset-react (https://github.com/babel/babel/tree/mai
n/packages/babel-preset-react) to the 'presets' section of your 
Babel config to enable transformation.
If you want to leave it as-is, add @babel/plugin-syntax-jsx (htt
ps://github.com/babel/babel/tree/main/packages/babel-plugin-synt
ax-jsx) to the 'plugins' section to enable parsing.

If you already added the plugin for this syntax to your config, 
it's possible that your config isn't being loaded.
You can re-run Babel with the BABEL_SHOW_CONFIG_FOR environment 
variable to show the loaded configuration:
	npx cross-env BABEL_SHOW_CONFIG_FOR=D:\Smmplan\src\app\(client)
\orders\page.tsx <your build command>
See https://babeljs.io/docs/configuration#print-effective-config
s for more info.

STACK: SyntaxError: D:\Smmplan\src\app\(client)\orders\page.tsx:
 Support for the experimental syntax 'jsx' isn't currently enabl
ed (47:13):

[0m [90m 45 |[39m [36mconst[39m utils_1 [33m=[39m require
([32m"@/lib/utils"[39m)[33m;[39m
 [90m 46 |[39m [36mfunction[39m [33mOrdersPage[39m() {
[31m[1m>[22m[39m[90m 47 |[39m     [36mreturn[39m ([33m<
[39m[33mreact_1[39m[33m.[39m[33mSuspense[39m fallback[33
m=[39m{[33m<[39m[33mdiv[39m className[33m=[39m[32m"flex 
justify-center p-20"[39m[33m>[39m[33m<[39m[33mlucide_react
_1[39m[33m.[39m[33mLoader2[39m className[33m=[39m[32m"an
imate-spin text-primary"[39m[33m/[39m[33m>[39m[33m<[39m[
33m/[39m[33mdiv[39m[33m>[39m}[33m>[39m
 [90m    |[39m             [31m[1m^[22m[39m
 [90m 48 |[39m             [33m<[39m[33mOrdersContent[39m 
[33m/[39m[33m>[39m
 [90m 49 |[39m         [33m<[39m[33m/[39m[33mreact_1[39m
[33m.[39m[33mSuspense[39m[33m>[39m)[33m;[39m
 [90m 50 |[39m }[0m

Add @babel/preset-react (https://github.com/babel/babel/tree/mai
n/packages/babel-preset-react) to the 'presets' section of your 
Babel config to enable transformation.
If you want to leave it as-is, add @babel/plugin-syntax-jsx (htt
ps://github.com/babel/babel/tree/main/packages/babel-plugin-synt
ax-jsx) to the 'plugins' section to enable parsing.

If you already added the plugin for this syntax to your config, 
it's possible that your config isn't being loaded.
You can re-run Babel with the BABEL_SHOW_CONFIG_FOR environment 
variable to show the loaded configuration:
	npx cross-env BABEL_SHOW_CONFIG_FOR=D:\Smmplan\src\app\(client)
\orders\page.tsx <your build command>
See https://babeljs.io/docs/configuration#print-effective-config
s for more info.

    at constructor (D:\Smmplan\node_modules\@babel\parser\lib\in
dex.js:365:19)
    at Parser.raise (D:\Smmplan\node_modules\@babel\parser\lib\i
ndex.js:6599:19)
    at Parser.expectOnePlugin (D:\Smmplan\node_modules\@babel\pa
rser\lib\index.js:6633:18)
    at Parser.parseExprAtom (D:\Smmplan\node_modules\@babel\pars
er\lib\index.js:11388:24)
    at Parser.parseExprSubscripts (D:\Smmplan\node_modules\@babe
l\parser\lib\index.js:11071:23)
    at Parser.parseUpdate (D:\Smmplan\node_modules\@babel\parser
\lib\index.js:11056:21)
    at Parser.parseMaybeUnary (D:\Smmplan\node_modules\@babel\pa
rser\lib\index.js:11036:23)
    at Parser.parseMaybeUnaryOrPrivate (D:\Smmplan\node_modules\
@babel\parser\lib\index.js:10889:61)
    at Parser.parseExprOps (D:\Smmplan\node_modules\@babel\parse
r\lib\index.js:10894:23)
    at Parser.parseMaybeConditional (D:\Smmplan\node_modules\@ba
bel\parser\lib\index.js:10871:23)
    at Parser.parseMaybeAssign (D:\Smmplan\node_modules\@babel\p
arser\lib\index.js:10821:21)
    at D:\Smmplan\node_modules\@babel\parser\lib\index.js:10790:
39
    at Parser.allowInAnd (D:\Smmplan\node_modules\@babel\parser\
lib\index.js:12416:12)
    at Parser.parseMaybeAssignAllowIn (D:\Smmplan\node_modules\@
babel\parser\lib\index.js:10790:17)
    at Parser.parseMaybeAssignAllowInOrVoidPattern (D:\Smmplan\n
ode_modules\@babel\parser\lib\index.js:12483:17)
    at Parser.parseParenAndDistinguishExpression (D:\Smmplan\nod
e_modules\@babel\parser\lib\index.js:11665:28)
    at Parser.parseExprAtom (D:\Smmplan\node_modules\@babel\pars
er\lib\index.js:11321:23)
    at Parser.parseExprSubscripts (D:\Smmplan\node_modules\@babe
l\parser\lib\index.js:11071:23)
    at Parser.parseUpdate (D:\Smmplan\node_modules\@babel\parser
\lib\index.js:11056:21)
    at Parser.parseMaybeUnary (D:\Smmplan\node_modules\@babel\pa
rser\lib\index.js:11036:23)
    at Parser.parseMaybeUnaryOrPrivate (D:\Smmplan\node_modules\
@babel\parser\lib\index.js:10889:61)
    at Parser.parseExprOps (D:\Smmplan\node_modules\@babel\parse
r\lib\index.js:10894:23)
    at Parser.parseMaybeConditional (D:\Smmplan\node_modules\@ba
bel\parser\lib\index.js:10871:23)
    at Parser.parseMaybeAssign (D:\Smmplan\node_modules\@babel\p
arser\lib\index.js:10821:21)
    at Parser.parseExpressionBase (D:\Smmplan\node_modules\@babe
l\parser\lib\index.js:10774:23)
    at D:\Smmplan\node_modules\@babel\parser\lib\index.js:10770:
39
    at Parser.allowInAnd (D:\Smmplan\node_modules\@babel\parser\
lib\index.js:12411:16)
    at Parser.parseExpression (D:\Smmplan\node_modules\@babel\pa
rser\lib\index.js:10770:17)
    at Parser.parseReturnStatement (D:\Smmplan\node_modules\@bab
el\parser\lib\index.js:13132:28)
    at Parser.parseStatementContent (D:\Smmplan\node_modules\@ba
bel\parser\lib\index.js:12788:21)
    at Parser.parseStatementLike (D:\Smmplan\node_modules\@babel
\parser\lib\index.js:12757:17)
    at Parser.parseStatementListItem (D:\Smmplan\node_modules\@b
abel\parser\lib\index.js:12737:17)
    at Parser.parseBlockOrModuleBlockBody (D:\Smmplan\node_modul
es\@babel\parser\lib\index.js:13306:61)
    at Parser.parseBlockBody (D:\Smmplan\node_modules\@babel\par
ser\lib\index.js:13299:10)
    at Parser.parseBlock (D:\Smmplan\node_modules\@babel\parser\
lib\index.js:13287:10)
    at Parser.parseFunctionBody (D:\Smmplan\node_modules\@babel\
parser\lib\index.js:12090:24)
    at Parser.parseFunctionBodyAndFinish (D:\Smmplan\node_module
s\@babel\parser\lib\index.js:12076:10)
    at D:\Smmplan\node_modules\@babel\parser\lib\index.js:13435:
12
    at Parser.withSmartMixTopicForbiddingContext (D:\Smmplan\nod
e_modules\@babel\parser\lib\index.js:12393:14)
    at Parser.parseFunction (D:\Smmplan\node_modules\@babel\pars
er\lib\index.js:13434:10)
    at Parser.parseFunctionStatement (D:\Smmplan\node_modules\@b
abel\parser\lib\index.js:13115:17)
    at Parser.parseStatementContent (D:\Smmplan\node_modules\@ba
bel\parser\lib\index.js:12781:21)
    at Parser.parseStatementLike (D:\Smmplan\node_modules\@babel
\parser\lib\index.js:12757:17)
    at Parser.parseModuleItem (D:\Smmplan\node_modules\@babel\pa
rser\lib\index.js:12734:17)
    at Parser.parseBlockOrModuleBlockBody (D:\Smmplan\node_modul
es\@babel\parser\lib\index.js:13306:36)
    at Parser.parseBlockBody (D:\Smmplan\node_modules\@babel\par
ser\lib\index.js:13299:10)
    at Parser.parseProgram (D:\Smmplan\node_modules\@babel\parse
r\lib\index.js:12612:10)
    at Parser.parseTopLevel (D:\Smmplan\node_modules\@babel\pars
er\lib\index.js:12602:25)
    at Parser.parse (D:\Smmplan\node_modules\@babel\parser\lib\i
ndex.js:14478:25)
    at parse (D:\Smmplan\node_modules\@babel\parser\lib\index.js
:14512:38)
Failed to collect coverage from D:\Smmplan\src\app\(client)\supp
ort\page.tsx
ERROR: D:\Smmplan\src\app\(client)\support\page.tsx: Support for
 the experimental syntax 'jsx' isn't currently enabled (11:13):

[0m [90m  9 |[39m [36mconst[39m lucide_react_1 [33m=[39m 
require([32m"lucide-react"[39m)[33m;[39m
 [90m 10 |[39m [36mfunction[39m [33mSupportPage[39m() {
[31m[1m>[22m[39m[90m 11 |[39m     [36mreturn[39m ([33m<
[39m[33mdiv[39m className[33m=[39m[32m"max-w-4xl mx-auto s
pace-y-12 pb-20"[39m[33m>[39m
 [90m    |[39m             [31m[1m^[22m[39m
 [90m 12 |[39m             [33m<[39m[33mdiv[39m className
[33m=[39m[32m"space-y-4 text-center"[39m[33m>[39m
 [90m 13 |[39m                 [33m<[39m[33mh1[39m classNa
me[33m=[39m[32m"text-4xl font-black uppercase italic tracking
-tighter"[39m[33m>[39m[33m╨Я╨╛╨┤╨┤╨╡╤А╨╢╨║╨░[39m[33m<[39m
[33m/[39m[33mh1[39m[33m>[39m
 [90m 14 |[39m                 [33m<[39m[33mp[39m classNam
e[33m=[39m[32m"text-muted-foreground text-sm max-w-lg mx-auto
"[39m[33m>[39m[0m

Add @babel/preset-react (https://github.com/babel/babel/tree/mai
n/packages/babel-preset-react) to the 'presets' section of your 
Babel config to enable transformation.
If you want to leave it as-is, add @babel/plugin-syntax-jsx (htt
ps://github.com/babel/babel/tree/main/packages/babel-plugin-synt
ax-jsx) to the 'plugins' section to enable parsing.

If you already added the plugin for this syntax to your config, 
it's possible that your config isn't being loaded.
You can re-run Babel with the BABEL_SHOW_CONFIG_FOR environment 
variable to show the loaded configuration:
	npx cross-env BABEL_SHOW_CONFIG_FOR=D:\Smmplan\src\app\(client)
\support\page.tsx <your build command>
See https://babeljs.io/docs/configuration#print-effective-config
s for more info.

STACK: SyntaxError: D:\Smmplan\src\app\(client)\support\page.tsx
: Support for the experimental syntax 'jsx' isn't currently enab
led (11:13):

[0m [90m  9 |[39m [36mconst[39m lucide_react_1 [33m=[39m 
require([32m"lucide-react"[39m)[33m;[39m
 [90m 10 |[39m [36mfunction[39m [33mSupportPage[39m() {
[31m[1m>[22m[39m[90m 11 |[39m     [36mreturn[39m ([33m<
[39m[33mdiv[39m className[33m=[39m[32m"max-w-4xl mx-auto s
pace-y-12 pb-20"[39m[33m>[39m
 [90m    |[39m             [31m[1m^[22m[39m
 [90m 12 |[39m             [33m<[39m[33mdiv[39m className
[33m=[39m[32m"space-y-4 text-center"[39m[33m>[39m
 [90m 13 |[39m                 [33m<[39m[33mh1[39m classNa
me[33m=[39m[32m"text-4xl font-black uppercase italic tracking
-tighter"[39m[33m>[39m[33m╨Я╨╛╨┤╨┤╨╡╤А╨╢╨║╨░[39m[33m<[39m
[33m/[39m[33mh1[39m[33m>[39m
 [90m 14 |[39m                 [33m<[39m[33mp[39m classNam
e[33m=[39m[32m"text-muted-foreground text-sm max-w-lg mx-auto
"[39m[33m>[39m[0m

Add @babel/preset-react (https://github.com/babel/babel/tree/mai
n/packages/babel-preset-react) to the 'presets' section of your 
Babel config to enable transformation.
If you want to leave it as-is, add @babel/plugin-syntax-jsx (htt
ps://github.com/babel/babel/tree/main/packages/babel-plugin-synt
ax-jsx) to the 'plugins' section to enable parsing.

If you already added the plugin for this syntax to your config, 
it's possible that your config isn't being loaded.
You can re-run Babel with the BABEL_SHOW_CONFIG_FOR environment 
variable to show the loaded configuration:
	npx cross-env BABEL_SHOW_CONFIG_FOR=D:\Smmplan\src\app\(client)
\support\page.tsx <your build command>
See https://babeljs.io/docs/configuration#print-effective-config
s for more info.

    at constructor (D:\Smmplan\node_modules\@babel\parser\lib\in
dex.js:365:19)
    at Parser.raise (D:\Smmplan\node_modules\@babel\parser\lib\i
ndex.js:6599:19)
    at Parser.expectOnePlugin (D:\Smmplan\node_modules\@babel\pa
rser\lib\index.js:6633:18)
    at Parser.parseExprAtom (D:\Smmplan\node_modules\@babel\pars
er\lib\index.js:11388:24)
    at Parser.parseExprSubscripts (D:\Smmplan\node_modules\@babe
l\parser\lib\index.js:11071:23)
    at Parser.parseUpdate (D:\Smmplan\node_modules\@babel\parser
\lib\index.js:11056:21)
    at Parser.parseMaybeUnary (D:\Smmplan\node_modules\@babel\pa
rser\lib\index.js:11036:23)
    at Parser.parseMaybeUnaryOrPrivate (D:\Smmplan\node_modules\
@babel\parser\lib\index.js:10889:61)
    at Parser.parseExprOps (D:\Smmplan\node_modules\@babel\parse
r\lib\index.js:10894:23)
    at Parser.parseMaybeConditional (D:\Smmplan\node_modules\@ba
bel\parser\lib\index.js:10871:23)
    at Parser.parseMaybeAssign (D:\Smmplan\node_modules\@babel\p
arser\lib\index.js:10821:21)
    at D:\Smmplan\node_modules\@babel\parser\lib\index.js:10790:
39
    at Parser.allowInAnd (D:\Smmplan\node_modules\@babel\parser\
lib\index.js:12416:12)
    at Parser.parseMaybeAssignAllowIn (D:\Smmplan\node_modules\@
babel\parser\lib\index.js:10790:17)
    at Parser.parseMaybeAssignAllowInOrVoidPattern (D:\Smmplan\n
ode_modules\@babel\parser\lib\index.js:12483:17)
    at Parser.parseParenAndDistinguishExpression (D:\Smmplan\nod
e_modules\@babel\parser\lib\index.js:11665:28)
    at Parser.parseExprAtom (D:\Smmplan\node_modules\@babel\pars
er\lib\index.js:11321:23)
    at Parser.parseExprSubscripts (D:\Smmplan\node_modules\@babe
l\parser\lib\index.js:11071:23)
    at Parser.parseUpdate (D:\Smmplan\node_modules\@babel\parser
\lib\index.js:11056:21)
    at Parser.parseMaybeUnary (D:\Smmplan\node_modules\@babel\pa
rser\lib\index.js:11036:23)
    at Parser.parseMaybeUnaryOrPrivate (D:\Smmplan\node_modules\
@babel\parser\lib\index.js:10889:61)
    at Parser.parseExprOps (D:\Smmplan\node_modules\@babel\parse
r\lib\index.js:10894:23)
    at Parser.parseMaybeConditional (D:\Smmplan\node_modules\@ba
bel\parser\lib\index.js:10871:23)
    at Parser.parseMaybeAssign (D:\Smmplan\node_modules\@babel\p
arser\lib\index.js:10821:21)
    at Parser.parseExpressionBase (D:\Smmplan\node_modules\@babe
l\parser\lib\index.js:10774:23)
    at D:\Smmplan\node_modules\@babel\parser\lib\index.js:10770:
39
    at Parser.allowInAnd (D:\Smmplan\node_modules\@babel\parser\
lib\index.js:12411:16)
    at Parser.parseExpression (D:\Smmplan\node_modules\@babel\pa
rser\lib\index.js:10770:17)
    at Parser.parseReturnStatement (D:\Smmplan\node_modules\@bab
el\parser\lib\index.js:13132:28)
    at Parser.parseStatementContent (D:\Smmplan\node_modules\@ba
bel\parser\lib\index.js:12788:21)
    at Parser.parseStatementLike (D:\Smmplan\node_modules\@babel
\parser\lib\index.js:12757:17)
    at Parser.parseStatementListItem (D:\Smmplan\node_modules\@b
abel\parser\lib\index.js:12737:17)
    at Parser.parseBlockOrModuleBlockBody (D:\Smmplan\node_modul
es\@babel\parser\lib\index.js:13306:61)
    at Parser.parseBlockBody (D:\Smmplan\node_modules\@babel\par
ser\lib\index.js:13299:10)
    at Parser.parseBlock (D:\Smmplan\node_modules\@babel\parser\
lib\index.js:13287:10)
    at Parser.parseFunctionBody (D:\Smmplan\node_modules\@babel\
parser\lib\index.js:12090:24)
    at Parser.parseFunctionBodyAndFinish (D:\Smmplan\node_module
s\@babel\parser\lib\index.js:12076:10)
    at D:\Smmplan\node_modules\@babel\parser\lib\index.js:13435:
12
    at Parser.withSmartMixTopicForbiddingContext (D:\Smmplan\nod
e_modules\@babel\parser\lib\index.js:12393:14)
    at Parser.parseFunction (D:\Smmplan\node_modules\@babel\pars
er\lib\index.js:13434:10)
    at Parser.parseFunctionStatement (D:\Smmplan\node_modules\@b
abel\parser\lib\index.js:13115:17)
    at Parser.parseStatementContent (D:\Smmplan\node_modules\@ba
bel\parser\lib\index.js:12781:21)
    at Parser.parseStatementLike (D:\Smmplan\node_modules\@babel
\parser\lib\index.js:12757:17)
    at Parser.parseModuleItem (D:\Smmplan\node_modules\@babel\pa
rser\lib\index.js:12734:17)
    at Parser.parseBlockOrModuleBlockBody (D:\Smmplan\node_modul
es\@babel\parser\lib\index.js:13306:36)
    at Parser.parseBlockBody (D:\Smmplan\node_modules\@babel\par
ser\lib\index.js:13299:10)
    at Parser.parseProgram (D:\Smmplan\node_modules\@babel\parse
r\lib\index.js:12612:10)
    at Parser.parseTopLevel (D:\Smmplan\node_modules\@babel\pars
er\lib\index.js:12602:25)
    at Parser.parse (D:\Smmplan\node_modules\@babel\parser\lib\i
ndex.js:14478:25)
    at parse (D:\Smmplan\node_modules\@babel\parser\lib\index.js
:14512:38)
Failed to collect coverage from D:\Smmplan\src\app\docs\policy\p
age.tsx
ERROR: D:\Smmplan\src\app\docs\policy\page.tsx: Support for the 
experimental syntax 'jsx' isn't currently enabled (9:13):

[0m [90m  7 |[39m [36mconst[39m react_1 [33m=[39m __impor
tDefault(require([32m"react"[39m))[33m;[39m
 [90m  8 |[39m [36mfunction[39m [33mPolicyPage[39m() {
[31m[1m>[22m[39m[90m  9 |[39m     [36mreturn[39m ([33m<
[39m[33mdiv[39m style[33m=[39m{{ maxWidth[33m:[39m [32m'
800px'[39m[33m,[39m margin[33m:[39m [32m'0 auto'[39m[33m
,[39m padding[33m:[39m [32m'40px 20px'[39m[33m,[39m fontF
amily[33m:[39m [32m'sans-serif'[39m[33m,[39m lineHeight[3
3m:[39m [32m'1.6'[39m[33m,[39m color[33m:[39m [32m'#333'
[39m }}[33m>[39m
 [90m    |[39m             [31m[1m^[22m[39m
 [90m 10 |[39m       [33m<[39m[33mh1[39m[33m>[39m[33m╨Я
╨╛╨╗╨╕╤В╨╕╨║╨░[39m ╨║╨╛╨╜╤Д╨╕╨┤╨╡╨╜╤Ж╨╕╨░╨╗╤М╨╜╨╛╤Б╤В╨╕[33m<[
39m[33m/[39m[33mh1[39m[33m>[39m
 [90m 11 |[39m       [33m<[39m[33mp[39m[33m>[39m[33m╨Я╨
╛╤Б╨╗╨╡╨┤╨╜╨╡╨╡[39m ╨╛╨▒╨╜╨╛╨▓╨╗╨╡╨╜╨╕╨╡[33m:[39m [35m23[39
m ╤П╨╜╨▓╨░╤А╤П [35m2026[39m ╨│[33m.[39m[33m<[39m[33m/[39
m[33mp[39m[33m>[39m
 [90m 12 |[39m       [0m

Add @babel/preset-react (https://github.com/babel/babel/tree/mai
n/packages/babel-preset-react) to the 'presets' section of your 
Babel config to enable transformation.
If you want to leave it as-is, add @babel/plugin-syntax-jsx (htt
ps://github.com/babel/babel/tree/main/packages/babel-plugin-synt
ax-jsx) to the 'plugins' section to enable parsing.

If you already added the plugin for this syntax to your config, 
it's possible that your config isn't being loaded.
You can re-run Babel with the BABEL_SHOW_CONFIG_FOR environment 
variable to show the loaded configuration:
	npx cross-env BABEL_SHOW_CONFIG_FOR=D:\Smmplan\src\app\docs\pol
icy\page.tsx <your build command>
See https://babeljs.io/docs/configuration#print-effective-config
s for more info.

STACK: SyntaxError: D:\Smmplan\src\app\docs\policy\page.tsx: Sup
port for the experimental syntax 'jsx' isn't currently enabled (
9:13):

[0m [90m  7 |[39m [36mconst[39m react_1 [33m=[39m __impor
tDefault(require([32m"react"[39m))[33m;[39m
 [90m  8 |[39m [36mfunction[39m [33mPolicyPage[39m() {
[31m[1m>[22m[39m[90m  9 |[39m     [36mreturn[39m ([33m<
[39m[33mdiv[39m style[33m=[39m{{ maxWidth[33m:[39m [32m'
800px'[39m[33m,[39m margin[33m:[39m [32m'0 auto'[39m[33m
,[39m padding[33m:[39m [32m'40px 20px'[39m[33m,[39m fontF
amily[33m:[39m [32m'sans-serif'[39m[33m,[39m lineHeight[3
3m:[39m [32m'1.6'[39m[33m,[39m color[33m:[39m [32m'#333'
[39m }}[33m>[39m
 [90m    |[39m             [31m[1m^[22m[39m
 [90m 10 |[39m       [33m<[39m[33mh1[39m[33m>[39m[33m╨Я
╨╛╨╗╨╕╤В╨╕╨║╨░[39m ╨║╨╛╨╜╤Д╨╕╨┤╨╡╨╜╤Ж╨╕╨░╨╗╤М╨╜╨╛╤Б╤В╨╕[33m<[
39m[33m/[39m[33mh1[39m[33m>[39m
 [90m 11 |[39m       [33m<[39m[33mp[39m[33m>[39m[33m╨Я╨
╛╤Б╨╗╨╡╨┤╨╜╨╡╨╡[39m ╨╛╨▒╨╜╨╛╨▓╨╗╨╡╨╜╨╕╨╡[33m:[39m [35m23[39
m ╤П╨╜╨▓╨░╤А╤П [35m2026[39m ╨│[33m.[39m[33m<[39m[33m/[39
m[33mp[39m[33m>[39m
 [90m 12 |[39m       [0m

Add @babel/preset-react (https://github.com/babel/babel/tree/mai
n/packages/babel-preset-react) to the 'presets' section of your 
Babel config to enable transformation.
If you want to leave it as-is, add @babel/plugin-syntax-jsx (htt
ps://github.com/babel/babel/tree/main/packages/babel-plugin-synt
ax-jsx) to the 'plugins' section to enable parsing.

If you already added the plugin for this syntax to your config, 
it's possible that your config isn't being loaded.
You can re-run Babel with the BABEL_SHOW_CONFIG_FOR environment 
variable to show the loaded configuration:
	npx cross-env BABEL_SHOW_CONFIG_FOR=D:\Smmplan\src\app\docs\pol
icy\page.tsx <your build command>
See https://babeljs.io/docs/configuration#print-effective-config
s for more info.

    at constructor (D:\Smmplan\node_modules\@babel\parser\lib\in
dex.js:365:19)
    at Parser.raise (D:\Smmplan\node_modules\@babel\parser\lib\i
ndex.js:6599:19)
    at Parser.expectOnePlugin (D:\Smmplan\node_modules\@babel\pa
rser\lib\index.js:6633:18)
    at Parser.parseExprAtom (D:\Smmplan\node_modules\@babel\pars
er\lib\index.js:11388:24)
    at Parser.parseExprSubscripts (D:\Smmplan\node_modules\@babe
l\parser\lib\index.js:11071:23)
    at Parser.parseUpdate (D:\Smmplan\node_modules\@babel\parser
\lib\index.js:11056:21)
    at Parser.parseMaybeUnary (D:\Smmplan\node_modules\@babel\pa
rser\lib\index.js:11036:23)
    at Parser.parseMaybeUnaryOrPrivate (D:\Smmplan\node_modules\
@babel\parser\lib\index.js:10889:61)
    at Parser.parseExprOps (D:\Smmplan\node_modules\@babel\parse
r\lib\index.js:10894:23)
    at Parser.parseMaybeConditional (D:\Smmplan\node_modules\@ba
bel\parser\lib\index.js:10871:23)
    at Parser.parseMaybeAssign (D:\Smmplan\node_modules\@babel\p
arser\lib\index.js:10821:21)
    at D:\Smmplan\node_modules\@babel\parser\lib\index.js:10790:
39
    at Parser.allowInAnd (D:\Smmplan\node_modules\@babel\parser\
lib\index.js:12416:12)
    at Parser.parseMaybeAssignAllowIn (D:\Smmplan\node_modules\@
babel\parser\lib\index.js:10790:17)
    at Parser.parseMaybeAssignAllowInOrVoidPattern (D:\Smmplan\n
ode_modules\@babel\parser\lib\index.js:12483:17)
    at Parser.parseParenAndDistinguishExpression (D:\Smmplan\nod
e_modules\@babel\parser\lib\index.js:11665:28)
    at Parser.parseExprAtom (D:\Smmplan\node_modules\@babel\pars
er\lib\index.js:11321:23)
    at Parser.parseExprSubscripts (D:\Smmplan\node_modules\@babe
l\parser\lib\index.js:11071:23)
    at Parser.parseUpdate (D:\Smmplan\node_modules\@babel\parser
\lib\index.js:11056:21)
    at Parser.parseMaybeUnary (D:\Smmplan\node_modules\@babel\pa
rser\lib\index.js:11036:23)
    at Parser.parseMaybeUnaryOrPrivate (D:\Smmplan\node_modules\
@babel\parser\lib\index.js:10889:61)
    at Parser.parseExprOps (D:\Smmplan\node_modules\@babel\parse
r\lib\index.js:10894:23)
    at Parser.parseMaybeConditional (D:\Smmplan\node_modules\@ba
bel\parser\lib\index.js:10871:23)
    at Parser.parseMaybeAssign (D:\Smmplan\node_modules\@babel\p
arser\lib\index.js:10821:21)
    at Parser.parseExpressionBase (D:\Smmplan\node_modules\@babe
l\parser\lib\index.js:10774:23)
    at D:\Smmplan\node_modules\@babel\parser\lib\index.js:10770:
39
    at Parser.allowInAnd (D:\Smmplan\node_modules\@babel\parser\
lib\index.js:12411:16)
    at Parser.parseExpression (D:\Smmplan\node_modules\@babel\pa
rser\lib\index.js:10770:17)
    at Parser.parseReturnStatement (D:\Smmplan\node_modules\@bab
el\parser\lib\index.js:13132:28)
    at Parser.parseStatementContent (D:\Smmplan\node_modules\@ba
bel\parser\lib\index.js:12788:21)
    at Parser.parseStatementLike (D:\Smmplan\node_modules\@babel
\parser\lib\index.js:12757:17)
    at Parser.parseStatementListItem (D:\Smmplan\node_modules\@b
abel\parser\lib\index.js:12737:17)
    at Parser.parseBlockOrModuleBlockBody (D:\Smmplan\node_modul
es\@babel\parser\lib\index.js:13306:61)
    at Parser.parseBlockBody (D:\Smmplan\node_modules\@babel\par
ser\lib\index.js:13299:10)
    at Parser.parseBlock (D:\Smmplan\node_modules\@babel\parser\
lib\index.js:13287:10)
    at Parser.parseFunctionBody (D:\Smmplan\node_modules\@babel\
parser\lib\index.js:12090:24)
    at Parser.parseFunctionBodyAndFinish (D:\Smmplan\node_module
s\@babel\parser\lib\index.js:12076:10)
    at D:\Smmplan\node_modules\@babel\parser\lib\index.js:13435:
12
    at Parser.withSmartMixTopicForbiddingContext (D:\Smmplan\nod
e_modules\@babel\parser\lib\index.js:12393:14)
    at Parser.parseFunction (D:\Smmplan\node_modules\@babel\pars
er\lib\index.js:13434:10)
    at Parser.parseFunctionStatement (D:\Smmplan\node_modules\@b
abel\parser\lib\index.js:13115:17)
    at Parser.parseStatementContent (D:\Smmplan\node_modules\@ba
bel\parser\lib\index.js:12781:21)
    at Parser.parseStatementLike (D:\Smmplan\node_modules\@babel
\parser\lib\index.js:12757:17)
    at Parser.parseModuleItem (D:\Smmplan\node_modules\@babel\pa
rser\lib\index.js:12734:17)
    at Parser.parseBlockOrModuleBlockBody (D:\Smmplan\node_modul
es\@babel\parser\lib\index.js:13306:36)
    at Parser.parseBlockBody (D:\Smmplan\node_modules\@babel\par
ser\lib\index.js:13299:10)
    at Parser.parseProgram (D:\Smmplan\node_modules\@babel\parse
r\lib\index.js:12612:10)
    at Parser.parseTopLevel (D:\Smmplan\node_modules\@babel\pars
er\lib\index.js:12602:25)
    at Parser.parse (D:\Smmplan\node_modules\@babel\parser\lib\i
ndex.js:14478:25)
    at parse (D:\Smmplan\node_modules\@babel\parser\lib\index.js
:14512:38)
Failed to collect coverage from D:\Smmplan\src\components\client
\IntelligenceHero.tsx
ERROR: D:\Smmplan\src\components\client\IntelligenceHero.tsx: Su
pport for the experimental syntax 'jsx' isn't currently enabled 
(50:13):

[0m [90m 48 |[39m         }
 [90m 49 |[39m     }[33m;[39m
[31m[1m>[22m[39m[90m 50 |[39m     [36mreturn[39m ([33m<
[39m[33mdiv[39m className[33m=[39m{([35m0[39m[33m,[39m 
utils_1[33m.[39mcn)([32m"w-full max-w-5xl mx-auto flex flex-c
ol items-center text-center transition-all duration-700 relative
 z-20"[39m[33m,[39m compact [33m?[39m [32m"py-4 gap-4"[39
m [33m:[39m [32m"py-12 md:py-24 gap-12"[39m)}[33m>[39m
 [90m    |[39m             [31m[1m^[22m[39m
 [90m 51 |[39m             {[90m/* HUD Status Line */[39m}
 [90m 52 |[39m             {[33m![39mcompact [33m&&[39m (
[33m<[39m[33mdiv[39m className[33m=[39m[32m"absolute top-0
 left-0 w-full flex justify-between px-4 opacity-20 pointer-even
ts-none"[39m[33m>[39m
 [90m 53 |[39m                     [33m<[39m[33mdiv[39m cl
assName[33m=[39m[32m"flex flex-col items-start gap-1"[39m[3
3m>[39m[0m

Add @babel/preset-react (https://github.com/babel/babel/tree/mai
n/packages/babel-preset-react) to the 'presets' section of your 
Babel config to enable transformation.
If you want to leave it as-is, add @babel/plugin-syntax-jsx (htt
ps://github.com/babel/babel/tree/main/packages/babel-plugin-synt
ax-jsx) to the 'plugins' section to enable parsing.

If you already added the plugin for this syntax to your config, 
it's possible that your config isn't being loaded.
You can re-run Babel with the BABEL_SHOW_CONFIG_FOR environment 
variable to show the loaded configuration:
	npx cross-env BABEL_SHOW_CONFIG_FOR=D:\Smmplan\src\components\c
lient\IntelligenceHero.tsx <your build command>
See https://babeljs.io/docs/configuration#print-effective-config
s for more info.

STACK: SyntaxError: D:\Smmplan\src\components\client\Intelligenc
eHero.tsx: Support for the experimental syntax 'jsx' isn't curre
ntly enabled (50:13):

[0m [90m 48 |[39m         }
 [90m 49 |[39m     }[33m;[39m
[31m[1m>[22m[39m[90m 50 |[39m     [36mreturn[39m ([33m<
[39m[33mdiv[39m className[33m=[39m{([35m0[39m[33m,[39m 
utils_1[33m.[39mcn)([32m"w-full max-w-5xl mx-auto flex flex-c
ol items-center text-center transition-all duration-700 relative
 z-20"[39m[33m,[39m compact [33m?[39m [32m"py-4 gap-4"[39
m [33m:[39m [32m"py-12 md:py-24 gap-12"[39m)}[33m>[39m
 [90m    |[39m             [31m[1m^[22m[39m
 [90m 51 |[39m             {[90m/* HUD Status Line */[39m}
 [90m 52 |[39m             {[33m![39mcompact [33m&&[39m (
[33m<[39m[33mdiv[39m className[33m=[39m[32m"absolute top-0
 left-0 w-full flex justify-between px-4 opacity-20 pointer-even
ts-none"[39m[33m>[39m
 [90m 53 |[39m                     [33m<[39m[33mdiv[39m cl
assName[33m=[39m[32m"flex flex-col items-start gap-1"[39m[3
3m>[39m[0m

Add @babel/preset-react (https://github.com/babel/babel/tree/mai
n/packages/babel-preset-react) to the 'presets' section of your 
Babel config to enable transformation.
If you want to leave it as-is, add @babel/plugin-syntax-jsx (htt
ps://github.com/babel/babel/tree/main/packages/babel-plugin-synt
ax-jsx) to the 'plugins' section to enable parsing.

If you already added the plugin for this syntax to your config, 
it's possible that your config isn't being loaded.
You can re-run Babel with the BABEL_SHOW_CONFIG_FOR environment 
variable to show the loaded configuration:
	npx cross-env BABEL_SHOW_CONFIG_FOR=D:\Smmplan\src\components\c
lient\IntelligenceHero.tsx <your build command>
See https://babeljs.io/docs/configuration#print-effective-config
s for more info.

    at constructor (D:\Smmplan\node_modules\@babel\parser\lib\in
dex.js:365:19)
    at Parser.raise (D:\Smmplan\node_modules\@babel\parser\lib\i
ndex.js:6599:19)
    at Parser.expectOnePlugin (D:\Smmplan\node_modules\@babel\pa
rser\lib\index.js:6633:18)
    at Parser.parseExprAtom (D:\Smmplan\node_modules\@babel\pars
er\lib\index.js:11388:24)
    at Parser.parseExprSubscripts (D:\Smmplan\node_modules\@babe
l\parser\lib\index.js:11071:23)
    at Parser.parseUpdate (D:\Smmplan\node_modules\@babel\parser
\lib\index.js:11056:21)
    at Parser.parseMaybeUnary (D:\Smmplan\node_modules\@babel\pa
rser\lib\index.js:11036:23)
    at Parser.parseMaybeUnaryOrPrivate (D:\Smmplan\node_modules\
@babel\parser\lib\index.js:10889:61)
    at Parser.parseExprOps (D:\Smmplan\node_modules\@babel\parse
r\lib\index.js:10894:23)
    at Parser.parseMaybeConditional (D:\Smmplan\node_modules\@ba
bel\parser\lib\index.js:10871:23)
    at Parser.parseMaybeAssign (D:\Smmplan\node_modules\@babel\p
arser\lib\index.js:10821:21)
    at D:\Smmplan\node_modules\@babel\parser\lib\index.js:10790:
39
    at Parser.allowInAnd (D:\Smmplan\node_modules\@babel\parser\
lib\index.js:12416:12)
    at Parser.parseMaybeAssignAllowIn (D:\Smmplan\node_modules\@
babel\parser\lib\index.js:10790:17)
    at Parser.parseMaybeAssignAllowInOrVoidPattern (D:\Smmplan\n
ode_modules\@babel\parser\lib\index.js:12483:17)
    at Parser.parseParenAndDistinguishExpression (D:\Smmplan\nod
e_modules\@babel\parser\lib\index.js:11665:28)
    at Parser.parseExprAtom (D:\Smmplan\node_modules\@babel\pars
er\lib\index.js:11321:23)
    at Parser.parseExprSubscripts (D:\Smmplan\node_modules\@babe
l\parser\lib\index.js:11071:23)
    at Parser.parseUpdate (D:\Smmplan\node_modules\@babel\parser
\lib\index.js:11056:21)
    at Parser.parseMaybeUnary (D:\Smmplan\node_modules\@babel\pa
rser\lib\index.js:11036:23)
    at Parser.parseMaybeUnaryOrPrivate (D:\Smmplan\node_modules\
@babel\parser\lib\index.js:10889:61)
    at Parser.parseExprOps (D:\Smmplan\node_modules\@babel\parse
r\lib\index.js:10894:23)
    at Parser.parseMaybeConditional (D:\Smmplan\node_modules\@ba
bel\parser\lib\index.js:10871:23)
    at Parser.parseMaybeAssign (D:\Smmplan\node_modules\@babel\p
arser\lib\index.js:10821:21)
    at Parser.parseExpressionBase (D:\Smmplan\node_modules\@babe
l\parser\lib\index.js:10774:23)
    at D:\Smmplan\node_modules\@babel\parser\lib\index.js:10770:
39
    at Parser.allowInAnd (D:\Smmplan\node_modules\@babel\parser\
lib\index.js:12411:16)
    at Parser.parseExpression (D:\Smmplan\node_modules\@babel\pa
rser\lib\index.js:10770:17)
    at Parser.parseReturnStatement (D:\Smmplan\node_modules\@bab
el\parser\lib\index.js:13132:28)
    at Parser.parseStatementContent (D:\Smmplan\node_modules\@ba
bel\parser\lib\index.js:12788:21)
    at Parser.parseStatementLike (D:\Smmplan\node_modules\@babel
\parser\lib\index.js:12757:17)
    at Parser.parseStatementListItem (D:\Smmplan\node_modules\@b
abel\parser\lib\index.js:12737:17)
    at Parser.parseBlockOrModuleBlockBody (D:\Smmplan\node_modul
es\@babel\parser\lib\index.js:13306:61)
    at Parser.parseBlockBody (D:\Smmplan\node_modules\@babel\par
ser\lib\index.js:13299:10)
    at Parser.parseBlock (D:\Smmplan\node_modules\@babel\parser\
lib\index.js:13287:10)
    at Parser.parseFunctionBody (D:\Smmplan\node_modules\@babel\
parser\lib\index.js:12090:24)
    at Parser.parseArrowExpression (D:\Smmplan\node_modules\@bab
el\parser\lib\index.js:12065:10)
    at Parser.parseParenAndDistinguishExpression (D:\Smmplan\nod
e_modules\@babel\parser\lib\index.js:11677:12)
    at Parser.parseExprAtom (D:\Smmplan\node_modules\@babel\pars
er\lib\index.js:11321:23)
    at Parser.parseExprSubscripts (D:\Smmplan\node_modules\@babe
l\parser\lib\index.js:11071:23)
    at Parser.parseUpdate (D:\Smmplan\node_modules\@babel\parser
\lib\index.js:11056:21)
    at Parser.parseMaybeUnary (D:\Smmplan\node_modules\@babel\pa
rser\lib\index.js:11036:23)
    at Parser.parseMaybeUnaryOrPrivate (D:\Smmplan\node_modules\
@babel\parser\lib\index.js:10889:61)
    at Parser.parseExprOps (D:\Smmplan\node_modules\@babel\parse
r\lib\index.js:10894:23)
    at Parser.parseMaybeConditional (D:\Smmplan\node_modules\@ba
bel\parser\lib\index.js:10871:23)
    at Parser.parseMaybeAssign (D:\Smmplan\node_modules\@babel\p
arser\lib\index.js:10821:21)
    at D:\Smmplan\node_modules\@babel\parser\lib\index.js:10790:
39
    at Parser.allowInAnd (D:\Smmplan\node_modules\@babel\parser\
lib\index.js:12411:16)
    at Parser.parseMaybeAssignAllowIn (D:\Smmplan\node_modules\@
babel\parser\lib\index.js:10790:17)
    at Parser.parseVar (D:\Smmplan\node_modules\@babel\parser\li
b\index.js:13374:91)
Failed to collect coverage from D:\Smmplan\src\app\(client)\regi
ster\page.tsx
ERROR: D:\Smmplan\src\app\(client)\register\page.tsx: Support fo
r the experimental syntax 'jsx' isn't currently enabled (79:13):

[0m [90m 77 |[39m         }
 [90m 78 |[39m     }[33m;[39m
[31m[1m>[22m[39m[90m 79 |[39m     [36mreturn[39m ([33m<
[39m[33mdiv[39m className[33m=[39m[32m"max-w-md mx-auto py
-20 space-y-8"[39m[33m>[39m
 [90m    |[39m             [31m[1m^[22m[39m
 [90m 80 |[39m             [33m<[39m[33mframer_motion_1[39
m[33m.[39mmotion[33m.[39mdiv initial[33m=[39m{{ opacity[3
3m:[39m [35m0[39m[33m,[39m y[33m:[39m [35m20[39m }} ani
mate[33m=[39m{{ opacity[33m:[39m [35m1[39m[33m,[39m y[3
3m:[39m [35m0[39m }} className[33m=[39m[32m"text-center sp
ace-y-2"[39m[33m>[39m
 [90m 81 |[39m                 [33m<[39m[33mh1[39m classNa
me[33m=[39m[32m"text-3xl font-black tracking-tighter uppercas
e italic"[39m[33m>[39m[33m╨а╨╡╨│╨╕╤Б╤В╤А╨░╤Ж╨╕╤П[39m[33m<
[39m[33m/[39m[33mh1[39m[33m>[39m
 [90m 82 |[39m                 [33m<[39m[33mp[39m classNam
e[33m=[39m[32m"text-muted-foreground text-xs font-medium uppe
rcase tracking-widest"[39m[33m>[39m[0m

Add @babel/preset-react (https://github.com/babel/babel/tree/mai
n/packages/babel-preset-react) to the 'presets' section of your 
Babel config to enable transformation.
If you want to leave it as-is, add @babel/plugin-syntax-jsx (htt
ps://github.com/babel/babel/tree/main/packages/babel-plugin-synt
ax-jsx) to the 'plugins' section to enable parsing.

If you already added the plugin for this syntax to your config, 
it's possible that your config isn't being loaded.
You can re-run Babel with the BABEL_SHOW_CONFIG_FOR environment 
variable to show the loaded configuration:
	npx cross-env BABEL_SHOW_CONFIG_FOR=D:\Smmplan\src\app\(client)
\register\page.tsx <your build command>
See https://babeljs.io/docs/configuration#print-effective-config
s for more info.

STACK: SyntaxError: D:\Smmplan\src\app\(client)\register\page.ts
x: Support for the experimental syntax 'jsx' isn't currently ena
bled (79:13):

[0m [90m 77 |[39m         }
 [90m 78 |[39m     }[33m;[39m
[31m[1m>[22m[39m[90m 79 |[39m     [36mreturn[39m ([33m<
[39m[33mdiv[39m className[33m=[39m[32m"max-w-md mx-auto py
-20 space-y-8"[39m[33m>[39m
 [90m    |[39m             [31m[1m^[22m[39m
 [90m 80 |[39m             [33m<[39m[33mframer_motion_1[39
m[33m.[39mmotion[33m.[39mdiv initial[33m=[39m{{ opacity[3
3m:[39m [35m0[39m[33m,[39m y[33m:[39m [35m20[39m }} ani
mate[33m=[39m{{ opacity[33m:[39m [35m1[39m[33m,[39m y[3
3m:[39m [35m0[39m }} className[33m=[39m[32m"text-center sp
ace-y-2"[39m[33m>[39m
 [90m 81 |[39m                 [33m<[39m[33mh1[39m classNa
me[33m=[39m[32m"text-3xl font-black tracking-tighter uppercas
e italic"[39m[33m>[39m[33m╨а╨╡╨│╨╕╤Б╤В╤А╨░╤Ж╨╕╤П[39m[33m<
[39m[33m/[39m[33mh1[39m[33m>[39m
 [90m 82 |[39m                 [33m<[39m[33mp[39m classNam
e[33m=[39m[32m"text-muted-foreground text-xs font-medium uppe
rcase tracking-widest"[39m[33m>[39m[0m

Add @babel/preset-react (https://github.com/babel/babel/tree/mai
n/packages/babel-preset-react) to the 'presets' section of your 
Babel config to enable transformation.
If you want to leave it as-is, add @babel/plugin-syntax-jsx (htt
ps://github.com/babel/babel/tree/main/packages/babel-plugin-synt
ax-jsx) to the 'plugins' section to enable parsing.

If you already added the plugin for this syntax to your config, 
it's possible that your config isn't being loaded.
You can re-run Babel with the BABEL_SHOW_CONFIG_FOR environment 
variable to show the loaded configuration:
	npx cross-env BABEL_SHOW_CONFIG_FOR=D:\Smmplan\src\app\(client)
\register\page.tsx <your build command>
See https://babeljs.io/docs/configuration#print-effective-config
s for more info.

    at constructor (D:\Smmplan\node_modules\@babel\parser\lib\in
dex.js:365:19)
    at Parser.raise (D:\Smmplan\node_modules\@babel\parser\lib\i
ndex.js:6599:19)
    at Parser.expectOnePlugin (D:\Smmplan\node_modules\@babel\pa
rser\lib\index.js:6633:18)
    at Parser.parseExprAtom (D:\Smmplan\node_modules\@babel\pars
er\lib\index.js:11388:24)
    at Parser.parseExprSubscripts (D:\Smmplan\node_modules\@babe
l\parser\lib\index.js:11071:23)
    at Parser.parseUpdate (D:\Smmplan\node_modules\@babel\parser
\lib\index.js:11056:21)
    at Parser.parseMaybeUnary (D:\Smmplan\node_modules\@babel\pa
rser\lib\index.js:11036:23)
    at Parser.parseMaybeUnaryOrPrivate (D:\Smmplan\node_modules\
@babel\parser\lib\index.js:10889:61)
    at Parser.parseExprOps (D:\Smmplan\node_modules\@babel\parse
r\lib\index.js:10894:23)
    at Parser.parseMaybeConditional (D:\Smmplan\node_modules\@ba
bel\parser\lib\index.js:10871:23)
    at Parser.parseMaybeAssign (D:\Smmplan\node_modules\@babel\p
arser\lib\index.js:10821:21)
    at D:\Smmplan\node_modules\@babel\parser\lib\index.js:10790:
39
    at Parser.allowInAnd (D:\Smmplan\node_modules\@babel\parser\
lib\index.js:12416:12)
    at Parser.parseMaybeAssignAllowIn (D:\Smmplan\node_modules\@
babel\parser\lib\index.js:10790:17)
    at Parser.parseMaybeAssignAllowInOrVoidPattern (D:\Smmplan\n
ode_modules\@babel\parser\lib\index.js:12483:17)
    at Parser.parseParenAndDistinguishExpression (D:\Smmplan\nod
e_modules\@babel\parser\lib\index.js:11665:28)
    at Parser.parseExprAtom (D:\Smmplan\node_modules\@babel\pars
er\lib\index.js:11321:23)
    at Parser.parseExprSubscripts (D:\Smmplan\node_modules\@babe
l\parser\lib\index.js:11071:23)
    at Parser.parseUpdate (D:\Smmplan\node_modules\@babel\parser
\lib\index.js:11056:21)
    at Parser.parseMaybeUnary (D:\Smmplan\node_modules\@babel\pa
rser\lib\index.js:11036:23)
    at Parser.parseMaybeUnaryOrPrivate (D:\Smmplan\node_modules\
@babel\parser\lib\index.js:10889:61)
    at Parser.parseExprOps (D:\Smmplan\node_modules\@babel\parse
r\lib\index.js:10894:23)
    at Parser.parseMaybeConditional (D:\Smmplan\node_modules\@ba
bel\parser\lib\index.js:10871:23)
    at Parser.parseMaybeAssign (D:\Smmplan\node_modules\@babel\p
arser\lib\index.js:10821:21)
    at Parser.parseExpressionBase (D:\Smmplan\node_modules\@babe
l\parser\lib\index.js:10774:23)
    at D:\Smmplan\node_modules\@babel\parser\lib\index.js:10770:
39
    at Parser.allowInAnd (D:\Smmplan\node_modules\@babel\parser\
lib\index.js:12411:16)
    at Parser.parseExpression (D:\Smmplan\node_modules\@babel\pa
rser\lib\index.js:10770:17)
    at Parser.parseReturnStatement (D:\Smmplan\node_modules\@bab
el\parser\lib\index.js:13132:28)
    at Parser.parseStatementContent (D:\Smmplan\node_modules\@ba
bel\parser\lib\index.js:12788:21)
    at Parser.parseStatementLike (D:\Smmplan\node_modules\@babel
\parser\lib\index.js:12757:17)
    at Parser.parseStatementListItem (D:\Smmplan\node_modules\@b
abel\parser\lib\index.js:12737:17)
    at Parser.parseBlockOrModuleBlockBody (D:\Smmplan\node_modul
es\@babel\parser\lib\index.js:13306:61)
    at Parser.parseBlockBody (D:\Smmplan\node_modules\@babel\par
ser\lib\index.js:13299:10)
    at Parser.parseBlock (D:\Smmplan\node_modules\@babel\parser\
lib\index.js:13287:10)
    at Parser.parseFunctionBody (D:\Smmplan\node_modules\@babel\
parser\lib\index.js:12090:24)
    at Parser.parseFunctionBodyAndFinish (D:\Smmplan\node_module
s\@babel\parser\lib\index.js:12076:10)
    at D:\Smmplan\node_modules\@babel\parser\lib\index.js:13435:
12
    at Parser.withSmartMixTopicForbiddingContext (D:\Smmplan\nod
e_modules\@babel\parser\lib\index.js:12393:14)
    at Parser.parseFunction (D:\Smmplan\node_modules\@babel\pars
er\lib\index.js:13434:10)
    at Parser.parseFunctionStatement (D:\Smmplan\node_modules\@b
abel\parser\lib\index.js:13115:17)
    at Parser.parseStatementContent (D:\Smmplan\node_modules\@ba
bel\parser\lib\index.js:12781:21)
    at Parser.parseStatementLike (D:\Smmplan\node_modules\@babel
\parser\lib\index.js:12757:17)
    at Parser.parseModuleItem (D:\Smmplan\node_modules\@babel\pa
rser\lib\index.js:12734:17)
    at Parser.parseBlockOrModuleBlockBody (D:\Smmplan\node_modul
es\@babel\parser\lib\index.js:13306:36)
    at Parser.parseBlockBody (D:\Smmplan\node_modules\@babel\par
ser\lib\index.js:13299:10)
    at Parser.parseProgram (D:\Smmplan\node_modules\@babel\parse
r\lib\index.js:12612:10)
    at Parser.parseTopLevel (D:\Smmplan\node_modules\@babel\pars
er\lib\index.js:12602:25)
    at Parser.parse (D:\Smmplan\node_modules\@babel\parser\lib\i
ndex.js:14478:25)
    at parse (D:\Smmplan\node_modules\@babel\parser\lib\index.js
:14512:38)
Failed to collect coverage from D:\Smmplan\src\app\docs\rules\pa
ge.tsx
ERROR: D:\Smmplan\src\app\docs\rules\page.tsx: Support for the e
xperimental syntax 'jsx' isn't currently enabled (9:13):

[0m [90m  7 |[39m [36mconst[39m react_1 [33m=[39m __impor
tDefault(require([32m"react"[39m))[33m;[39m
 [90m  8 |[39m [36mfunction[39m [33mRulesPage[39m() {
[31m[1m>[22m[39m[90m  9 |[39m     [36mreturn[39m ([33m<
[39m[33mdiv[39m style[33m=[39m{{ maxWidth[33m:[39m [32m'
800px'[39m[33m,[39m margin[33m:[39m [32m'0 auto'[39m[33m
,[39m padding[33m:[39m [32m'40px 20px'[39m[33m,[39m fontF
amily[33m:[39m [32m'sans-serif'[39m[33m,[39m lineHeight[3
3m:[39m [32m'1.6'[39m[33m,[39m color[33m:[39m [32m'#333'
[39m }}[33m>[39m
 [90m    |[39m             [31m[1m^[22m[39m
 [90m 10 |[39m       [33m<[39m[33mh1[39m[33m>[39m[33m╨Я
╤А╨░╨▓╨╕╨╗╨░[39m ╨╕╤Б╨┐╨╛╨╗╤М╨╖╨╛╨▓╨░╨╜╨╕╤П ╤Б╨╡╤А╨▓╨╕╤Б╨░[33m
<[39m[33m/[39m[33mh1[39m[33m>[39m
 [90m 11 |[39m       [33m<[39m[33mp[39m[33m>[39m[33m╨Я╨
╛╤Б╨╗╨╡╨┤╨╜╨╡╨╡[39m ╨╛╨▒╨╜╨╛╨▓╨╗╨╡╨╜╨╕╨╡[33m:[39m [35m23[39
m ╤П╨╜╨▓╨░╤А╤П [35m2026[39m ╨│[33m.[39m[33m<[39m[33m/[39
m[33mp[39m[33m>[39m
 [90m 12 |[39m[0m

Add @babel/preset-react (https://github.com/babel/babel/tree/mai
n/packages/babel-preset-react) to the 'presets' section of your 
Babel config to enable transformation.
If you want to leave it as-is, add @babel/plugin-syntax-jsx (htt
ps://github.com/babel/babel/tree/main/packages/babel-plugin-synt
ax-jsx) to the 'plugins' section to enable parsing.

If you already added the plugin for this syntax to your config, 
it's possible that your config isn't being loaded.
You can re-run Babel with the BABEL_SHOW_CONFIG_FOR environment 
variable to show the loaded configuration:
	npx cross-env BABEL_SHOW_CONFIG_FOR=D:\Smmplan\src\app\docs\rul
es\page.tsx <your build command>
See https://babeljs.io/docs/configuration#print-effective-config
s for more info.

STACK: SyntaxError: D:\Smmplan\src\app\docs\rules\page.tsx: Supp
ort for the experimental syntax 'jsx' isn't currently enabled (9
:13):

[0m [90m  7 |[39m [36mconst[39m react_1 [33m=[39m __impor
tDefault(require([32m"react"[39m))[33m;[39m
 [90m  8 |[39m [36mfunction[39m [33mRulesPage[39m() {
[31m[1m>[22m[39m[90m  9 |[39m     [36mreturn[39m ([33m<
[39m[33mdiv[39m style[33m=[39m{{ maxWidth[33m:[39m [32m'
800px'[39m[33m,[39m margin[33m:[39m [32m'0 auto'[39m[33m
,[39m padding[33m:[39m [32m'40px 20px'[39m[33m,[39m fontF
amily[33m:[39m [32m'sans-serif'[39m[33m,[39m lineHeight[3
3m:[39m [32m'1.6'[39m[33m,[39m color[33m:[39m [32m'#333'
[39m }}[33m>[39m
 [90m    |[39m             [31m[1m^[22m[39m
 [90m 10 |[39m       [33m<[39m[33mh1[39m[33m>[39m[33m╨Я
╤А╨░╨▓╨╕╨╗╨░[39m ╨╕╤Б╨┐╨╛╨╗╤М╨╖╨╛╨▓╨░╨╜╨╕╤П ╤Б╨╡╤А╨▓╨╕╤Б╨░[33m
<[39m[33m/[39m[33mh1[39m[33m>[39m
 [90m 11 |[39m       [33m<[39m[33mp[39m[33m>[39m[33m╨Я╨
╛╤Б╨╗╨╡╨┤╨╜╨╡╨╡[39m ╨╛╨▒╨╜╨╛╨▓╨╗╨╡╨╜╨╕╨╡[33m:[39m [35m23[39
m ╤П╨╜╨▓╨░╤А╤П [35m2026[39m ╨│[33m.[39m[33m<[39m[33m/[39
m[33mp[39m[33m>[39m
 [90m 12 |[39m[0m

Add @babel/preset-react (https://github.com/babel/babel/tree/mai
n/packages/babel-preset-react) to the 'presets' section of your 
Babel config to enable transformation.
If you want to leave it as-is, add @babel/plugin-syntax-jsx (htt
ps://github.com/babel/babel/tree/main/packages/babel-plugin-synt
ax-jsx) to the 'plugins' section to enable parsing.

If you already added the plugin for this syntax to your config, 
it's possible that your config isn't being loaded.
You can re-run Babel with the BABEL_SHOW_CONFIG_FOR environment 
variable to show the loaded configuration:
	npx cross-env BABEL_SHOW_CONFIG_FOR=D:\Smmplan\src\app\docs\rul
es\page.tsx <your build command>
See https://babeljs.io/docs/configuration#print-effective-config
s for more info.

    at constructor (D:\Smmplan\node_modules\@babel\parser\lib\in
dex.js:365:19)
    at Parser.raise (D:\Smmplan\node_modules\@babel\parser\lib\i
ndex.js:6599:19)
    at Parser.expectOnePlugin (D:\Smmplan\node_modules\@babel\pa
rser\lib\index.js:6633:18)
    at Parser.parseExprAtom (D:\Smmplan\node_modules\@babel\pars
er\lib\index.js:11388:24)
    at Parser.parseExprSubscripts (D:\Smmplan\node_modules\@babe
l\parser\lib\index.js:11071:23)
    at Parser.parseUpdate (D:\Smmplan\node_modules\@babel\parser
\lib\index.js:11056:21)
    at Parser.parseMaybeUnary (D:\Smmplan\node_modules\@babel\pa
rser\lib\index.js:11036:23)
    at Parser.parseMaybeUnaryOrPrivate (D:\Smmplan\node_modules\
@babel\parser\lib\index.js:10889:61)
    at Parser.parseExprOps (D:\Smmplan\node_modules\@babel\parse
r\lib\index.js:10894:23)
    at Parser.parseMaybeConditional (D:\Smmplan\node_modules\@ba
bel\parser\lib\index.js:10871:23)
    at Parser.parseMaybeAssign (D:\Smmplan\node_modules\@babel\p
arser\lib\index.js:10821:21)
    at D:\Smmplan\node_modules\@babel\parser\lib\index.js:10790:
39
    at Parser.allowInAnd (D:\Smmplan\node_modules\@babel\parser\
lib\index.js:12416:12)
    at Parser.parseMaybeAssignAllowIn (D:\Smmplan\node_modules\@
babel\parser\lib\index.js:10790:17)
    at Parser.parseMaybeAssignAllowInOrVoidPattern (D:\Smmplan\n
ode_modules\@babel\parser\lib\index.js:12483:17)
    at Parser.parseParenAndDistinguishExpression (D:\Smmplan\nod
e_modules\@babel\parser\lib\index.js:11665:28)
    at Parser.parseExprAtom (D:\Smmplan\node_modules\@babel\pars
er\lib\index.js:11321:23)
    at Parser.parseExprSubscripts (D:\Smmplan\node_modules\@babe
l\parser\lib\index.js:11071:23)
    at Parser.parseUpdate (D:\Smmplan\node_modules\@babel\parser
\lib\index.js:11056:21)
    at Parser.parseMaybeUnary (D:\Smmplan\node_modules\@babel\pa
rser\lib\index.js:11036:23)
    at Parser.parseMaybeUnaryOrPrivate (D:\Smmplan\node_modules\
@babel\parser\lib\index.js:10889:61)
    at Parser.parseExprOps (D:\Smmplan\node_modules\@babel\parse
r\lib\index.js:10894:23)
    at Parser.parseMaybeConditional (D:\Smmplan\node_modules\@ba
bel\parser\lib\index.js:10871:23)
    at Parser.parseMaybeAssign (D:\Smmplan\node_modules\@babel\p
arser\lib\index.js:10821:21)
    at Parser.parseExpressionBase (D:\Smmplan\node_modules\@babe
l\parser\lib\index.js:10774:23)
    at D:\Smmplan\node_modules\@babel\parser\lib\index.js:10770:
39
    at Parser.allowInAnd (D:\Smmplan\node_modules\@babel\parser\
lib\index.js:12411:16)
    at Parser.parseExpression (D:\Smmplan\node_modules\@babel\pa
rser\lib\index.js:10770:17)
    at Parser.parseReturnStatement (D:\Smmplan\node_modules\@bab
el\parser\lib\index.js:13132:28)
    at Parser.parseStatementContent (D:\Smmplan\node_modules\@ba
bel\parser\lib\index.js:12788:21)
    at Parser.parseStatementLike (D:\Smmplan\node_modules\@babel
\parser\lib\index.js:12757:17)
    at Parser.parseStatementListItem (D:\Smmplan\node_modules\@b
abel\parser\lib\index.js:12737:17)
    at Parser.parseBlockOrModuleBlockBody (D:\Smmplan\node_modul
es\@babel\parser\lib\index.js:13306:61)
    at Parser.parseBlockBody (D:\Smmplan\node_modules\@babel\par
ser\lib\index.js:13299:10)
    at Parser.parseBlock (D:\Smmplan\node_modules\@babel\parser\
lib\index.js:13287:10)
    at Parser.parseFunctionBody (D:\Smmplan\node_modules\@babel\
parser\lib\index.js:12090:24)
    at Parser.parseFunctionBodyAndFinish (D:\Smmplan\node_module
s\@babel\parser\lib\index.js:12076:10)
    at D:\Smmplan\node_modules\@babel\parser\lib\index.js:13435:
12
    at Parser.withSmartMixTopicForbiddingContext (D:\Smmplan\nod
e_modules\@babel\parser\lib\index.js:12393:14)
    at Parser.parseFunction (D:\Smmplan\node_modules\@babel\pars
er\lib\index.js:13434:10)
    at Parser.parseFunctionStatement (D:\Smmplan\node_modules\@b
abel\parser\lib\index.js:13115:17)
    at Parser.parseStatementContent (D:\Smmplan\node_modules\@ba
bel\parser\lib\index.js:12781:21)
    at Parser.parseStatementLike (D:\Smmplan\node_modules\@babel
\parser\lib\index.js:12757:17)
    at Parser.parseModuleItem (D:\Smmplan\node_modules\@babel\pa
rser\lib\index.js:12734:17)
    at Parser.parseBlockOrModuleBlockBody (D:\Smmplan\node_modul
es\@babel\parser\lib\index.js:13306:36)
    at Parser.parseBlockBody (D:\Smmplan\node_modules\@babel\par
ser\lib\index.js:13299:10)
    at Parser.parseProgram (D:\Smmplan\node_modules\@babel\parse
r\lib\index.js:12612:10)
    at Parser.parseTopLevel (D:\Smmplan\node_modules\@babel\pars
er\lib\index.js:12602:25)
    at Parser.parse (D:\Smmplan\node_modules\@babel\parser\lib\i
ndex.js:14478:25)
    at parse (D:\Smmplan\node_modules\@babel\parser\lib\index.js
:14512:38)
Failed to collect coverage from D:\Smmplan\src\app\docs\offer\pa
ge.tsx
ERROR: D:\Smmplan\src\app\docs\offer\page.tsx: Support for the e
xperimental syntax 'jsx' isn't currently enabled (9:13):

[0m [90m  7 |[39m [36mconst[39m react_1 [33m=[39m __impor
tDefault(require([32m"react"[39m))[33m;[39m
 [90m  8 |[39m [36mfunction[39m [33mOfferPage[39m() {
[31m[1m>[22m[39m[90m  9 |[39m     [36mreturn[39m ([33m<
[39m[33mdiv[39m style[33m=[39m{{ maxWidth[33m:[39m [32m'
800px'[39m[33m,[39m margin[33m:[39m [32m'0 auto'[39m[33m
,[39m padding[33m:[39m [32m'40px 20px'[39m[33m,[39m fontF
amily[33m:[39m [32m'sans-serif'[39m[33m,[39m lineHeight[3
3m:[39m [32m'1.6'[39m[33m,[39m color[33m:[39m [32m'#333'
[39m }}[33m>[39m
 [90m    |[39m             [31m[1m^[22m[39m
 [90m 10 |[39m       [33m<[39m[33mh1[39m[33m>[39m[33m╨Я
╤Г╨▒╨╗╨╕╤З╨╜╨░╤П[39m ╨╛╤Д╨╡╤А╤В╨░[33m<[39m[33m/[39m[33mh1
[39m[33m>[39m
 [90m 11 |[39m       [33m<[39m[33mp[39m[33m>[39m[33m╨Э╨
░╤Б╤В╨╛╤П╤Й╨╕╨╣[39m ╨┤╨╛╨║╤Г╨╝╨╡╨╜╤В ╤П╨▓╨╗╤П╨╡╤В╤Б╤П ╨┐╤Г╨▒╨╗╨
╕╤З╨╜╨╛╨╣ ╨╛╤Д╨╡╤А╤В╨╛╨╣ ╤Б╨╡╤А╨▓╨╕╤Б╨░ [33mSmmplan[39m (╨┤╨░╨
╗╨╡╨╡ тАФ [33m╨Ш╤Б╨┐╨╛╨╗╨╜╨╕╤В╨╡╨╗╤М[39m) ╨╕ ╤Б╨╛╨┤╨╡╤А╨╢╨╕╤В 
╨▓╤Б╨╡ ╤Б╤Г╤Й╨╡╤Б╤В╨▓╨╡╨╜╨╜╤Л╨╡ ╤Г╤Б╨╗╨╛╨▓╨╕╤П ╨┤╨╛╨│╨╛╨▓╨╛╤А╨░ 
╨▓╨╛╨╖╨╝╨╡╨╖╨┤╨╜╨╛╨│╨╛ ╨╛╨║╨░╨╖╨░╨╜╨╕╤П ╤Г╤Б╨╗╤Г╨│[33m.[39m[3
3m<[39m[33m/[39m[33mp[39m[33m>[39m
 [90m 12 |[39m[0m

Add @babel/preset-react (https://github.com/babel/babel/tree/mai
n/packages/babel-preset-react) to the 'presets' section of your 
Babel config to enable transformation.
If you want to leave it as-is, add @babel/plugin-syntax-jsx (htt
ps://github.com/babel/babel/tree/main/packages/babel-plugin-synt
ax-jsx) to the 'plugins' section to enable parsing.

If you already added the plugin for this syntax to your config, 
it's possible that your config isn't being loaded.
You can re-run Babel with the BABEL_SHOW_CONFIG_FOR environment 
variable to show the loaded configuration:
	npx cross-env BABEL_SHOW_CONFIG_FOR=D:\Smmplan\src\app\docs\off
er\page.tsx <your build command>
See https://babeljs.io/docs/configuration#print-effective-config
s for more info.

STACK: SyntaxError: D:\Smmplan\src\app\docs\offer\page.tsx: Supp
ort for the experimental syntax 'jsx' isn't currently enabled (9
:13):

[0m [90m  7 |[39m [36mconst[39m react_1 [33m=[39m __impor
tDefault(require([32m"react"[39m))[33m;[39m
 [90m  8 |[39m [36mfunction[39m [33mOfferPage[39m() {
[31m[1m>[22m[39m[90m  9 |[39m     [36mreturn[39m ([33m<
[39m[33mdiv[39m style[33m=[39m{{ maxWidth[33m:[39m [32m'
800px'[39m[33m,[39m margin[33m:[39m [32m'0 auto'[39m[33m
,[39m padding[33m:[39m [32m'40px 20px'[39m[33m,[39m fontF
amily[33m:[39m [32m'sans-serif'[39m[33m,[39m lineHeight[3
3m:[39m [32m'1.6'[39m[33m,[39m color[33m:[39m [32m'#333'
[39m }}[33m>[39m
 [90m    |[39m             [31m[1m^[22m[39m
 [90m 10 |[39m       [33m<[39m[33mh1[39m[33m>[39m[33m╨Я
╤Г╨▒╨╗╨╕╤З╨╜╨░╤П[39m ╨╛╤Д╨╡╤А╤В╨░[33m<[39m[33m/[39m[33mh1
[39m[33m>[39m
 [90m 11 |[39m       [33m<[39m[33mp[39m[33m>[39m[33m╨Э╨
░╤Б╤В╨╛╤П╤Й╨╕╨╣[39m ╨┤╨╛╨║╤Г╨╝╨╡╨╜╤В ╤П╨▓╨╗╤П╨╡╤В╤Б╤П ╨┐╤Г╨▒╨╗╨
╕╤З╨╜╨╛╨╣ ╨╛╤Д╨╡╤А╤В╨╛╨╣ ╤Б╨╡╤А╨▓╨╕╤Б╨░ [33mSmmplan[39m (╨┤╨░╨
╗╨╡╨╡ тАФ [33m╨Ш╤Б╨┐╨╛╨╗╨╜╨╕╤В╨╡╨╗╤М[39m) ╨╕ ╤Б╨╛╨┤╨╡╤А╨╢╨╕╤В 
╨▓╤Б╨╡ ╤Б╤Г╤Й╨╡╤Б╤В╨▓╨╡╨╜╨╜╤Л╨╡ ╤Г╤Б╨╗╨╛╨▓╨╕╤П ╨┤╨╛╨│╨╛╨▓╨╛╤А╨░ 
╨▓╨╛╨╖╨╝╨╡╨╖╨┤╨╜╨╛╨│╨╛ ╨╛╨║╨░╨╖╨░╨╜╨╕╤П ╤Г╤Б╨╗╤Г╨│[33m.[39m[3
3m<[39m[33m/[39m[33mp[39m[33m>[39m
 [90m 12 |[39m[0m

Add @babel/preset-react (https://github.com/babel/babel/tree/mai
n/packages/babel-preset-react) to the 'presets' section of your 
Babel config to enable transformation.
If you want to leave it as-is, add @babel/plugin-syntax-jsx (htt
ps://github.com/babel/babel/tree/main/packages/babel-plugin-synt
ax-jsx) to the 'plugins' section to enable parsing.

If you already added the plugin for this syntax to your config, 
it's possible that your config isn't being loaded.
You can re-run Babel with the BABEL_SHOW_CONFIG_FOR environment 
variable to show the loaded configuration:
	npx cross-env BABEL_SHOW_CONFIG_FOR=D:\Smmplan\src\app\docs\off
er\page.tsx <your build command>
See https://babeljs.io/docs/configuration#print-effective-config
s for more info.

    at constructor (D:\Smmplan\node_modules\@babel\parser\lib\in
dex.js:365:19)
    at Parser.raise (D:\Smmplan\node_modules\@babel\parser\lib\i
ndex.js:6599:19)
    at Parser.expectOnePlugin (D:\Smmplan\node_modules\@babel\pa
rser\lib\index.js:6633:18)
    at Parser.parseExprAtom (D:\Smmplan\node_modules\@babel\pars
er\lib\index.js:11388:24)
    at Parser.parseExprSubscripts (D:\Smmplan\node_modules\@babe
l\parser\lib\index.js:11071:23)
    at Parser.parseUpdate (D:\Smmplan\node_modules\@babel\parser
\lib\index.js:11056:21)
    at Parser.parseMaybeUnary (D:\Smmplan\node_modules\@babel\pa
rser\lib\index.js:11036:23)
    at Parser.parseMaybeUnaryOrPrivate (D:\Smmplan\node_modules\
@babel\parser\lib\index.js:10889:61)
    at Parser.parseExprOps (D:\Smmplan\node_modules\@babel\parse
r\lib\index.js:10894:23)
    at Parser.parseMaybeConditional (D:\Smmplan\node_modules\@ba
bel\parser\lib\index.js:10871:23)
    at Parser.parseMaybeAssign (D:\Smmplan\node_modules\@babel\p
arser\lib\index.js:10821:21)
    at D:\Smmplan\node_modules\@babel\parser\lib\index.js:10790:
39
    at Parser.allowInAnd (D:\Smmplan\node_modules\@babel\parser\
lib\index.js:12416:12)
    at Parser.parseMaybeAssignAllowIn (D:\Smmplan\node_modules\@
babel\parser\lib\index.js:10790:17)
    at Parser.parseMaybeAssignAllowInOrVoidPattern (D:\Smmplan\n
ode_modules\@babel\parser\lib\index.js:12483:17)
    at Parser.parseParenAndDistinguishExpression (D:\Smmplan\nod
e_modules\@babel\parser\lib\index.js:11665:28)
    at Parser.parseExprAtom (D:\Smmplan\node_modules\@babel\pars
er\lib\index.js:11321:23)
    at Parser.parseExprSubscripts (D:\Smmplan\node_modules\@babe
l\parser\lib\index.js:11071:23)
    at Parser.parseUpdate (D:\Smmplan\node_modules\@babel\parser
\lib\index.js:11056:21)
    at Parser.parseMaybeUnary (D:\Smmplan\node_modules\@babel\pa
rser\lib\index.js:11036:23)
    at Parser.parseMaybeUnaryOrPrivate (D:\Smmplan\node_modules\
@babel\parser\lib\index.js:10889:61)
    at Parser.parseExprOps (D:\Smmplan\node_modules\@babel\parse
r\lib\index.js:10894:23)
    at Parser.parseMaybeConditional (D:\Smmplan\node_modules\@ba
bel\parser\lib\index.js:10871:23)
    at Parser.parseMaybeAssign (D:\Smmplan\node_modules\@babel\p
arser\lib\index.js:10821:21)
    at Parser.parseExpressionBase (D:\Smmplan\node_modules\@babe
l\parser\lib\index.js:10774:23)
    at D:\Smmplan\node_modules\@babel\parser\lib\index.js:10770:
39
    at Parser.allowInAnd (D:\Smmplan\node_modules\@babel\parser\
lib\index.js:12411:16)
    at Parser.parseExpression (D:\Smmplan\node_modules\@babel\pa
rser\lib\index.js:10770:17)
    at Parser.parseReturnStatement (D:\Smmplan\node_modules\@bab
el\parser\lib\index.js:13132:28)
    at Parser.parseStatementContent (D:\Smmplan\node_modules\@ba
bel\parser\lib\index.js:12788:21)
    at Parser.parseStatementLike (D:\Smmplan\node_modules\@babel
\parser\lib\index.js:12757:17)
    at Parser.parseStatementListItem (D:\Smmplan\node_modules\@b
abel\parser\lib\index.js:12737:17)
    at Parser.parseBlockOrModuleBlockBody (D:\Smmplan\node_modul
es\@babel\parser\lib\index.js:13306:61)
    at Parser.parseBlockBody (D:\Smmplan\node_modules\@babel\par
ser\lib\index.js:13299:10)
    at Parser.parseBlock (D:\Smmplan\node_modules\@babel\parser\
lib\index.js:13287:10)
    at Parser.parseFunctionBody (D:\Smmplan\node_modules\@babel\
parser\lib\index.js:12090:24)
    at Parser.parseFunctionBodyAndFinish (D:\Smmplan\node_module
s\@babel\parser\lib\index.js:12076:10)
    at D:\Smmplan\node_modules\@babel\parser\lib\index.js:13435:
12
    at Parser.withSmartMixTopicForbiddingContext (D:\Smmplan\nod
e_modules\@babel\parser\lib\index.js:12393:14)
    at Parser.parseFunction (D:\Smmplan\node_modules\@babel\pars
er\lib\index.js:13434:10)
    at Parser.parseFunctionStatement (D:\Smmplan\node_modules\@b
abel\parser\lib\index.js:13115:17)
    at Parser.parseStatementContent (D:\Smmplan\node_modules\@ba
bel\parser\lib\index.js:12781:21)
    at Parser.parseStatementLike (D:\Smmplan\node_modules\@babel
\parser\lib\index.js:12757:17)
    at Parser.parseModuleItem (D:\Smmplan\node_modules\@babel\pa
rser\lib\index.js:12734:17)
    at Parser.parseBlockOrModuleBlockBody (D:\Smmplan\node_modul
es\@babel\parser\lib\index.js:13306:36)
    at Parser.parseBlockBody (D:\Smmplan\node_modules\@babel\par
ser\lib\index.js:13299:10)
    at Parser.parseProgram (D:\Smmplan\node_modules\@babel\parse
r\lib\index.js:12612:10)
    at Parser.parseTopLevel (D:\Smmplan\node_modules\@babel\pars
er\lib\index.js:12602:25)
    at Parser.parse (D:\Smmplan\node_modules\@babel\parser\lib\i
ndex.js:14478:25)
    at parse (D:\Smmplan\node_modules\@babel\parser\lib\index.js
:14512:38)
Failed to collect coverage from D:\Smmplan\src\app\docs\refund\p
age.tsx
ERROR: D:\Smmplan\src\app\docs\refund\page.tsx: Support for the 
experimental syntax 'jsx' isn't currently enabled (9:13):

[0m [90m  7 |[39m [36mconst[39m react_1 [33m=[39m __impor
tDefault(require([32m"react"[39m))[33m;[39m
 [90m  8 |[39m [36mfunction[39m [33mRefundPage[39m() {
[31m[1m>[22m[39m[90m  9 |[39m     [36mreturn[39m ([33m<
[39m[33mdiv[39m style[33m=[39m{{ maxWidth[33m:[39m [32m'
800px'[39m[33m,[39m margin[33m:[39m [32m'0 auto'[39m[33m
,[39m padding[33m:[39m [32m'40px 20px'[39m[33m,[39m fontF
amily[33m:[39m [32m'sans-serif'[39m[33m,[39m lineHeight[3
3m:[39m [32m'1.6'[39m[33m,[39m color[33m:[39m [32m'#333'
[39m }}[33m>[39m
 [90m    |[39m             [31m[1m^[22m[39m
 [90m 10 |[39m       [33m<[39m[33mh1[39m[33m>[39m[33m╨Я
╨╛╨╗╨╕╤В╨╕╨║╨░[39m ╨▓╨╛╨╖╨▓╤А╨░╤В╨╛╨▓ ╨╕ ╨╛╤В╨╝╨╡╨╜╤Л ╨╖╨░╨║╨░╨
╖╨╛╨▓[33m<[39m[33m/[39m[33mh1[39m[33m>[39m
 [90m 11 |[39m       [33m<[39m[33mp[39m[33m>[39m[33m╨Я╨
╛╤Б╨╗╨╡╨┤╨╜╨╡╨╡[39m ╨╛╨▒╨╜╨╛╨▓╨╗╨╡╨╜╨╕╨╡[33m:[39m [35m23[39
m ╤П╨╜╨▓╨░╤А╤П [35m2026[39m ╨│[33m.[39m[33m<[39m[33m/[39
m[33mp[39m[33m>[39m
 [90m 12 |[39m[0m

Add @babel/preset-react (https://github.com/babel/babel/tree/mai
n/packages/babel-preset-react) to the 'presets' section of your 
Babel config to enable transformation.
If you want to leave it as-is, add @babel/plugin-syntax-jsx (htt
ps://github.com/babel/babel/tree/main/packages/babel-plugin-synt
ax-jsx) to the 'plugins' section to enable parsing.

If you already added the plugin for this syntax to your config, 
it's possible that your config isn't being loaded.
You can re-run Babel with the BABEL_SHOW_CONFIG_FOR environment 
variable to show the loaded configuration:
	npx cross-env BABEL_SHOW_CONFIG_FOR=D:\Smmplan\src\app\docs\ref
und\page.tsx <your build command>
See https://babeljs.io/docs/configuration#print-effective-config
s for more info.

STACK: SyntaxError: D:\Smmplan\src\app\docs\refund\page.tsx: Sup
port for the experimental syntax 'jsx' isn't currently enabled (
9:13):

[0m [90m  7 |[39m [36mconst[39m react_1 [33m=[39m __impor
tDefault(require([32m"react"[39m))[33m;[39m
 [90m  8 |[39m [36mfunction[39m [33mRefundPage[39m() {
[31m[1m>[22m[39m[90m  9 |[39m     [36mreturn[39m ([33m<
[39m[33mdiv[39m style[33m=[39m{{ maxWidth[33m:[39m [32m'
800px'[39m[33m,[39m margin[33m:[39m [32m'0 auto'[39m[33m
,[39m padding[33m:[39m [32m'40px 20px'[39m[33m,[39m fontF
amily[33m:[39m [32m'sans-serif'[39m[33m,[39m lineHeight[3
3m:[39m [32m'1.6'[39m[33m,[39m color[33m:[39m [32m'#333'
[39m }}[33m>[39m
 [90m    |[39m             [31m[1m^[22m[39m
 [90m 10 |[39m       [33m<[39m[33mh1[39m[33m>[39m[33m╨Я
╨╛╨╗╨╕╤В╨╕╨║╨░[39m ╨▓╨╛╨╖╨▓╤А╨░╤В╨╛╨▓ ╨╕ ╨╛╤В╨╝╨╡╨╜╤Л ╨╖╨░╨║╨░╨
╖╨╛╨▓[33m<[39m[33m/[39m[33mh1[39m[33m>[39m
 [90m 11 |[39m       [33m<[39m[33mp[39m[33m>[39m[33m╨Я╨
╛╤Б╨╗╨╡╨┤╨╜╨╡╨╡[39m ╨╛╨▒╨╜╨╛╨▓╨╗╨╡╨╜╨╕╨╡[33m:[39m [35m23[39
m ╤П╨╜╨▓╨░╤А╤П [35m2026[39m ╨│[33m.[39m[33m<[39m[33m/[39
m[33mp[39m[33m>[39m
 [90m 12 |[39m[0m

Add @babel/preset-react (https://github.com/babel/babel/tree/mai
n/packages/babel-preset-react) to the 'presets' section of your 
Babel config to enable transformation.
If you want to leave it as-is, add @babel/plugin-syntax-jsx (htt
ps://github.com/babel/babel/tree/main/packages/babel-plugin-synt
ax-jsx) to the 'plugins' section to enable parsing.

If you already added the plugin for this syntax to your config, 
it's possible that your config isn't being loaded.
You can re-run Babel with the BABEL_SHOW_CONFIG_FOR environment 
variable to show the loaded configuration:
	npx cross-env BABEL_SHOW_CONFIG_FOR=D:\Smmplan\src\app\docs\ref
und\page.tsx <your build command>
See https://babeljs.io/docs/configuration#print-effective-config
s for more info.

    at constructor (D:\Smmplan\node_modules\@babel\parser\lib\in
dex.js:365:19)
    at Parser.raise (D:\Smmplan\node_modules\@babel\parser\lib\i
ndex.js:6599:19)
    at Parser.expectOnePlugin (D:\Smmplan\node_modules\@babel\pa
rser\lib\index.js:6633:18)
    at Parser.parseExprAtom (D:\Smmplan\node_modules\@babel\pars
er\lib\index.js:11388:24)
    at Parser.parseExprSubscripts (D:\Smmplan\node_modules\@babe
l\parser\lib\index.js:11071:23)
    at Parser.parseUpdate (D:\Smmplan\node_modules\@babel\parser
\lib\index.js:11056:21)
    at Parser.parseMaybeUnary (D:\Smmplan\node_modules\@babel\pa
rser\lib\index.js:11036:23)
    at Parser.parseMaybeUnaryOrPrivate (D:\Smmplan\node_modules\
@babel\parser\lib\index.js:10889:61)
    at Parser.parseExprOps (D:\Smmplan\node_modules\@babel\parse
r\lib\index.js:10894:23)
    at Parser.parseMaybeConditional (D:\Smmplan\node_modules\@ba
bel\parser\lib\index.js:10871:23)
    at Parser.parseMaybeAssign (D:\Smmplan\node_modules\@babel\p
arser\lib\index.js:10821:21)
    at D:\Smmplan\node_modules\@babel\parser\lib\index.js:10790:
39
    at Parser.allowInAnd (D:\Smmplan\node_modules\@babel\parser\
lib\index.js:12416:12)
    at Parser.parseMaybeAssignAllowIn (D:\Smmplan\node_modules\@
babel\parser\lib\index.js:10790:17)
    at Parser.parseMaybeAssignAllowInOrVoidPattern (D:\Smmplan\n
ode_modules\@babel\parser\lib\index.js:12483:17)
    at Parser.parseParenAndDistinguishExpression (D:\Smmplan\nod
e_modules\@babel\parser\lib\index.js:11665:28)
    at Parser.parseExprAtom (D:\Smmplan\node_modules\@babel\pars
er\lib\index.js:11321:23)
    at Parser.parseExprSubscripts (D:\Smmplan\node_modules\@babe
l\parser\lib\index.js:11071:23)
    at Parser.parseUpdate (D:\Smmplan\node_modules\@babel\parser
\lib\index.js:11056:21)
    at Parser.parseMaybeUnary (D:\Smmplan\node_modules\@babel\pa
rser\lib\index.js:11036:23)
    at Parser.parseMaybeUnaryOrPrivate (D:\Smmplan\node_modules\
@babel\parser\lib\index.js:10889:61)
    at Parser.parseExprOps (D:\Smmplan\node_modules\@babel\parse
r\lib\index.js:10894:23)
    at Parser.parseMaybeConditional (D:\Smmplan\node_modules\@ba
bel\parser\lib\index.js:10871:23)
    at Parser.parseMaybeAssign (D:\Smmplan\node_modules\@babel\p
arser\lib\index.js:10821:21)
    at Parser.parseExpressionBase (D:\Smmplan\node_modules\@babe
l\parser\lib\index.js:10774:23)
    at D:\Smmplan\node_modules\@babel\parser\lib\index.js:10770:
39
    at Parser.allowInAnd (D:\Smmplan\node_modules\@babel\parser\
lib\index.js:12411:16)
    at Parser.parseExpression (D:\Smmplan\node_modules\@babel\pa
rser\lib\index.js:10770:17)
    at Parser.parseReturnStatement (D:\Smmplan\node_modules\@bab
el\parser\lib\index.js:13132:28)
    at Parser.parseStatementContent (D:\Smmplan\node_modules\@ba
bel\parser\lib\index.js:12788:21)
    at Parser.parseStatementLike (D:\Smmplan\node_modules\@babel
\parser\lib\index.js:12757:17)
    at Parser.parseStatementListItem (D:\Smmplan\node_modules\@b
abel\parser\lib\index.js:12737:17)
    at Parser.parseBlockOrModuleBlockBody (D:\Smmplan\node_modul
es\@babel\parser\lib\index.js:13306:61)
    at Parser.parseBlockBody (D:\Smmplan\node_modules\@babel\par
ser\lib\index.js:13299:10)
    at Parser.parseBlock (D:\Smmplan\node_modules\@babel\parser\
lib\index.js:13287:10)
    at Parser.parseFunctionBody (D:\Smmplan\node_modules\@babel\
parser\lib\index.js:12090:24)
    at Parser.parseFunctionBodyAndFinish (D:\Smmplan\node_module
s\@babel\parser\lib\index.js:12076:10)
    at D:\Smmplan\node_modules\@babel\parser\lib\index.js:13435:
12
    at Parser.withSmartMixTopicForbiddingContext (D:\Smmplan\nod
e_modules\@babel\parser\lib\index.js:12393:14)
    at Parser.parseFunction (D:\Smmplan\node_modules\@babel\pars
er\lib\index.js:13434:10)
    at Parser.parseFunctionStatement (D:\Smmplan\node_modules\@b
abel\parser\lib\index.js:13115:17)
    at Parser.parseStatementContent (D:\Smmplan\node_modules\@ba
bel\parser\lib\index.js:12781:21)
    at Parser.parseStatementLike (D:\Smmplan\node_modules\@babel
\parser\lib\index.js:12757:17)
    at Parser.parseModuleItem (D:\Smmplan\node_modules\@babel\pa
rser\lib\index.js:12734:17)
    at Parser.parseBlockOrModuleBlockBody (D:\Smmplan\node_modul
es\@babel\parser\lib\index.js:13306:36)
    at Parser.parseBlockBody (D:\Smmplan\node_modules\@babel\par
ser\lib\index.js:13299:10)
    at Parser.parseProgram (D:\Smmplan\node_modules\@babel\parse
r\lib\index.js:12612:10)
    at Parser.parseTopLevel (D:\Smmplan\node_modules\@babel\pars
er\lib\index.js:12602:25)
    at Parser.parse (D:\Smmplan\node_modules\@babel\parser\lib\i
ndex.js:14478:25)
    at parse (D:\Smmplan\node_modules\@babel\parser\lib\index.js
:14512:38)
Failed to collect coverage from D:\Smmplan\src\app\(client)\mass
\page.tsx
ERROR: D:\Smmplan\src\app\(client)\mass\page.tsx: Support for th
e experimental syntax 'jsx' isn't currently enabled (97:13):

[0m [90m  95 |[39m         }
 [90m  96 |[39m     }[33m;[39m
[31m[1m>[22m[39m[90m  97 |[39m     [36mreturn[39m ([33m
<[39m[33mdiv[39m className[33m=[39m[32m"max-w-4xl mx-auto 
space-y-12 pb-20"[39m[33m>[39m
 [90m     |[39m             [31m[1m^[22m[39m
 [90m  98 |[39m             [33m<[39m[33mdiv[39m className
[33m=[39m[32m"space-y-2"[39m[33m>[39m
 [90m  99 |[39m                 [33m<[39m[33mh1[39m classN
ame[33m=[39m[32m"text-3xl font-black tracking-tighter upperca
se italic"[39m[33m>[39m[33m╨Ь╨░╤Б╤Б╨╛╨▓╤Л╨╣[39m ╨╖╨░╨║╨░╨╖ 
([33m╨Ю╨┐╤В[39m)[33m<[39m[33m/[39m[33mh1[39m[33m>[39m
 [90m 100 |[39m                 [33m<[39m[33mp[39m classNa
me[33m=[39m[32m"text-[10px] font-black uppercase tracking-wid
est opacity-40"[39m[33m>[39m[33m╨б╨╛╨╖╨┤╨░╨╜╨╕╨╡[39m ╨┤╨╡╤Б
╤П╤В╨║╨╛╨▓ ╨╖╨░╨║╨░╨╖╨╛╨▓ ╨▓ ╨╛╨┤╨╜╨╛ ╨╜╨░╨╢╨░╤В╨╕╨╡[33m<[39m
[33m/[39m[33mp[39m[33m>[39m[0m

Add @babel/preset-react (https://github.com/babel/babel/tree/mai
n/packages/babel-preset-react) to the 'presets' section of your 
Babel config to enable transformation.
If you want to leave it as-is, add @babel/plugin-syntax-jsx (htt
ps://github.com/babel/babel/tree/main/packages/babel-plugin-synt
ax-jsx) to the 'plugins' section to enable parsing.

If you already added the plugin for this syntax to your config, 
it's possible that your config isn't being loaded.
You can re-run Babel with the BABEL_SHOW_CONFIG_FOR environment 
variable to show the loaded configuration:
	npx cross-env BABEL_SHOW_CONFIG_FOR=D:\Smmplan\src\app\(client)
\mass\page.tsx <your build command>
See https://babeljs.io/docs/configuration#print-effective-config
s for more info.

STACK: SyntaxError: D:\Smmplan\src\app\(client)\mass\page.tsx: S
upport for the experimental syntax 'jsx' isn't currently enabled
 (97:13):

[0m [90m  95 |[39m         }
 [90m  96 |[39m     }[33m;[39m
[31m[1m>[22m[39m[90m  97 |[39m     [36mreturn[39m ([33m
<[39m[33mdiv[39m className[33m=[39m[32m"max-w-4xl mx-auto 
space-y-12 pb-20"[39m[33m>[39m
 [90m     |[39m             [31m[1m^[22m[39m
 [90m  98 |[39m             [33m<[39m[33mdiv[39m className
[33m=[39m[32m"space-y-2"[39m[33m>[39m
 [90m  99 |[39m                 [33m<[39m[33mh1[39m classN
ame[33m=[39m[32m"text-3xl font-black tracking-tighter upperca
se italic"[39m[33m>[39m[33m╨Ь╨░╤Б╤Б╨╛╨▓╤Л╨╣[39m ╨╖╨░╨║╨░╨╖ 
([33m╨Ю╨┐╤В[39m)[33m<[39m[33m/[39m[33mh1[39m[33m>[39m
 [90m 100 |[39m                 [33m<[39m[33mp[39m classNa
me[33m=[39m[32m"text-[10px] font-black uppercase tracking-wid
est opacity-40"[39m[33m>[39m[33m╨б╨╛╨╖╨┤╨░╨╜╨╕╨╡[39m ╨┤╨╡╤Б
╤П╤В╨║╨╛╨▓ ╨╖╨░╨║╨░╨╖╨╛╨▓ ╨▓ ╨╛╨┤╨╜╨╛ ╨╜╨░╨╢╨░╤В╨╕╨╡[33m<[39m
[33m/[39m[33mp[39m[33m>[39m[0m

Add @babel/preset-react (https://github.com/babel/babel/tree/mai
n/packages/babel-preset-react) to the 'presets' section of your 
Babel config to enable transformation.
If you want to leave it as-is, add @babel/plugin-syntax-jsx (htt
ps://github.com/babel/babel/tree/main/packages/babel-plugin-synt
ax-jsx) to the 'plugins' section to enable parsing.

If you already added the plugin for this syntax to your config, 
it's possible that your config isn't being loaded.
You can re-run Babel with the BABEL_SHOW_CONFIG_FOR environment 
variable to show the loaded configuration:
	npx cross-env BABEL_SHOW_CONFIG_FOR=D:\Smmplan\src\app\(client)
\mass\page.tsx <your build command>
See https://babeljs.io/docs/configuration#print-effective-config
s for more info.

    at constructor (D:\Smmplan\node_modules\@babel\parser\lib\in
dex.js:365:19)
    at Parser.raise (D:\Smmplan\node_modules\@babel\parser\lib\i
ndex.js:6599:19)
    at Parser.expectOnePlugin (D:\Smmplan\node_modules\@babel\pa
rser\lib\index.js:6633:18)
    at Parser.parseExprAtom (D:\Smmplan\node_modules\@babel\pars
er\lib\index.js:11388:24)
    at Parser.parseExprSubscripts (D:\Smmplan\node_modules\@babe
l\parser\lib\index.js:11071:23)
    at Parser.parseUpdate (D:\Smmplan\node_modules\@babel\parser
\lib\index.js:11056:21)
    at Parser.parseMaybeUnary (D:\Smmplan\node_modules\@babel\pa
rser\lib\index.js:11036:23)
    at Parser.parseMaybeUnaryOrPrivate (D:\Smmplan\node_modules\
@babel\parser\lib\index.js:10889:61)
    at Parser.parseExprOps (D:\Smmplan\node_modules\@babel\parse
r\lib\index.js:10894:23)
    at Parser.parseMaybeConditional (D:\Smmplan\node_modules\@ba
bel\parser\lib\index.js:10871:23)
    at Parser.parseMaybeAssign (D:\Smmplan\node_modules\@babel\p
arser\lib\index.js:10821:21)
    at D:\Smmplan\node_modules\@babel\parser\lib\index.js:10790:
39
    at Parser.allowInAnd (D:\Smmplan\node_modules\@babel\parser\
lib\index.js:12416:12)
    at Parser.parseMaybeAssignAllowIn (D:\Smmplan\node_modules\@
babel\parser\lib\index.js:10790:17)
    at Parser.parseMaybeAssignAllowInOrVoidPattern (D:\Smmplan\n
ode_modules\@babel\parser\lib\index.js:12483:17)
    at Parser.parseParenAndDistinguishExpression (D:\Smmplan\nod
e_modules\@babel\parser\lib\index.js:11665:28)
    at Parser.parseExprAtom (D:\Smmplan\node_modules\@babel\pars
er\lib\index.js:11321:23)
    at Parser.parseExprSubscripts (D:\Smmplan\node_modules\@babe
l\parser\lib\index.js:11071:23)
    at Parser.parseUpdate (D:\Smmplan\node_modules\@babel\parser
\lib\index.js:11056:21)
    at Parser.parseMaybeUnary (D:\Smmplan\node_modules\@babel\pa
rser\lib\index.js:11036:23)
    at Parser.parseMaybeUnaryOrPrivate (D:\Smmplan\node_modules\
@babel\parser\lib\index.js:10889:61)
    at Parser.parseExprOps (D:\Smmplan\node_modules\@babel\parse
r\lib\index.js:10894:23)
    at Parser.parseMaybeConditional (D:\Smmplan\node_modules\@ba
bel\parser\lib\index.js:10871:23)
    at Parser.parseMaybeAssign (D:\Smmplan\node_modules\@babel\p
arser\lib\index.js:10821:21)
    at Parser.parseExpressionBase (D:\Smmplan\node_modules\@babe
l\parser\lib\index.js:10774:23)
    at D:\Smmplan\node_modules\@babel\parser\lib\index.js:10770:
39
    at Parser.allowInAnd (D:\Smmplan\node_modules\@babel\parser\
lib\index.js:12411:16)
    at Parser.parseExpression (D:\Smmplan\node_modules\@babel\pa
rser\lib\index.js:10770:17)
    at Parser.parseReturnStatement (D:\Smmplan\node_modules\@bab
el\parser\lib\index.js:13132:28)
    at Parser.parseStatementContent (D:\Smmplan\node_modules\@ba
bel\parser\lib\index.js:12788:21)
    at Parser.parseStatementLike (D:\Smmplan\node_modules\@babel
\parser\lib\index.js:12757:17)
    at Parser.parseStatementListItem (D:\Smmplan\node_modules\@b
abel\parser\lib\index.js:12737:17)
    at Parser.parseBlockOrModuleBlockBody (D:\Smmplan\node_modul
es\@babel\parser\lib\index.js:13306:61)
    at Parser.parseBlockBody (D:\Smmplan\node_modules\@babel\par
ser\lib\index.js:13299:10)
    at Parser.parseBlock (D:\Smmplan\node_modules\@babel\parser\
lib\index.js:13287:10)
    at Parser.parseFunctionBody (D:\Smmplan\node_modules\@babel\
parser\lib\index.js:12090:24)
    at Parser.parseFunctionBodyAndFinish (D:\Smmplan\node_module
s\@babel\parser\lib\index.js:12076:10)
    at D:\Smmplan\node_modules\@babel\parser\lib\index.js:13435:
12
    at Parser.withSmartMixTopicForbiddingContext (D:\Smmplan\nod
e_modules\@babel\parser\lib\index.js:12393:14)
    at Parser.parseFunction (D:\Smmplan\node_modules\@babel\pars
er\lib\index.js:13434:10)
    at Parser.parseFunctionStatement (D:\Smmplan\node_modules\@b
abel\parser\lib\index.js:13115:17)
    at Parser.parseStatementContent (D:\Smmplan\node_modules\@ba
bel\parser\lib\index.js:12781:21)
    at Parser.parseStatementLike (D:\Smmplan\node_modules\@babel
\parser\lib\index.js:12757:17)
    at Parser.parseModuleItem (D:\Smmplan\node_modules\@babel\pa
rser\lib\index.js:12734:17)
    at Parser.parseBlockOrModuleBlockBody (D:\Smmplan\node_modul
es\@babel\parser\lib\index.js:13306:36)
    at Parser.parseBlockBody (D:\Smmplan\node_modules\@babel\par
ser\lib\index.js:13299:10)
    at Parser.parseProgram (D:\Smmplan\node_modules\@babel\parse
r\lib\index.js:12612:10)
    at Parser.parseTopLevel (D:\Smmplan\node_modules\@babel\pars
er\lib\index.js:12602:25)
    at Parser.parse (D:\Smmplan\node_modules\@babel\parser\lib\i
ndex.js:14478:25)
    at parse (D:\Smmplan\node_modules\@babel\parser\lib\index.js
:14512:38)
Failed to collect coverage from D:\Smmplan\src\app\admin\page.ts
x
ERROR: D:\Smmplan\src\app\admin\page.tsx: Support for the experi
mental syntax 'jsx' isn't currently enabled (19:16):

[0m [90m 17 |[39m     })[33m;[39m
 [90m 18 |[39m     [36mif[39m (error)
[31m[1m>[22m[39m[90m 19 |[39m         [36mreturn[39m [3
3m<[39m[33mdiv[39m className[33m=[39m[32m"p-8 text-rose-50
0 text-center font-black uppercase"[39m[33m>[39m[33m╨Ю╤И╨╕╨▒
╨║╨░[39m ╨╖╨░╨│╤А╤Г╨╖╨║╨╕ ╨┤╨░╨╜╨╜╤Л╤Е[33m<[39m[33m/[39m[3
3mdiv[39m[33m>[39m[33m;[39m
 [90m    |[39m                [31m[1m^[22m[39m
 [90m 20 |[39m     [36mif[39m (isLoading [33m||[39m [33m!
[39mstats) {
 [90m 21 |[39m         [36mreturn[39m ([33m<[39m[33mdiv[
39m className[33m=[39m[32m"min-h-[60vh] flex flex-col items-c
enter justify-center space-y-4 text-center"[39m[33m>[39m
 [90m 22 |[39m         [33m<[39m[33mdiv[39m className[33m
=[39m[32m"relative"[39m[33m>[39m[0m

Add @babel/preset-react (https://github.com/babel/babel/tree/mai
n/packages/babel-preset-react) to the 'presets' section of your 
Babel config to enable transformation.
If you want to leave it as-is, add @babel/plugin-syntax-jsx (htt
ps://github.com/babel/babel/tree/main/packages/babel-plugin-synt
ax-jsx) to the 'plugins' section to enable parsing.

If you already added the plugin for this syntax to your config, 
it's possible that your config isn't being loaded.
You can re-run Babel with the BABEL_SHOW_CONFIG_FOR environment 
variable to show the loaded configuration:
	npx cross-env BABEL_SHOW_CONFIG_FOR=D:\Smmplan\src\app\admin\pa
ge.tsx <your build command>
See https://babeljs.io/docs/configuration#print-effective-config
s for more info.

STACK: SyntaxError: D:\Smmplan\src\app\admin\page.tsx: Support f
or the experimental syntax 'jsx' isn't currently enabled (19:16)
:

[0m [90m 17 |[39m     })[33m;[39m
 [90m 18 |[39m     [36mif[39m (error)
[31m[1m>[22m[39m[90m 19 |[39m         [36mreturn[39m [3
3m<[39m[33mdiv[39m className[33m=[39m[32m"p-8 text-rose-50
0 text-center font-black uppercase"[39m[33m>[39m[33m╨Ю╤И╨╕╨▒
╨║╨░[39m ╨╖╨░╨│╤А╤Г╨╖╨║╨╕ ╨┤╨░╨╜╨╜╤Л╤Е[33m<[39m[33m/[39m[3
3mdiv[39m[33m>[39m[33m;[39m
 [90m    |[39m                [31m[1m^[22m[39m
 [90m 20 |[39m     [36mif[39m (isLoading [33m||[39m [33m!
[39mstats) {
 [90m 21 |[39m         [36mreturn[39m ([33m<[39m[33mdiv[
39m className[33m=[39m[32m"min-h-[60vh] flex flex-col items-c
enter justify-center space-y-4 text-center"[39m[33m>[39m
 [90m 22 |[39m         [33m<[39m[33mdiv[39m className[33m
=[39m[32m"relative"[39m[33m>[39m[0m

Add @babel/preset-react (https://github.com/babel/babel/tree/mai
n/packages/babel-preset-react) to the 'presets' section of your 
Babel config to enable transformation.
If you want to leave it as-is, add @babel/plugin-syntax-jsx (htt
ps://github.com/babel/babel/tree/main/packages/babel-plugin-synt
ax-jsx) to the 'plugins' section to enable parsing.

If you already added the plugin for this syntax to your config, 
it's possible that your config isn't being loaded.
You can re-run Babel with the BABEL_SHOW_CONFIG_FOR environment 
variable to show the loaded configuration:
	npx cross-env BABEL_SHOW_CONFIG_FOR=D:\Smmplan\src\app\admin\pa
ge.tsx <your build command>
See https://babeljs.io/docs/configuration#print-effective-config
s for more info.

    at constructor (D:\Smmplan\node_modules\@babel\parser\lib\in
dex.js:365:19)
    at Parser.raise (D:\Smmplan\node_modules\@babel\parser\lib\i
ndex.js:6599:19)
    at Parser.expectOnePlugin (D:\Smmplan\node_modules\@babel\pa
rser\lib\index.js:6633:18)
    at Parser.parseExprAtom (D:\Smmplan\node_modules\@babel\pars
er\lib\index.js:11388:24)
    at Parser.parseExprSubscripts (D:\Smmplan\node_modules\@babe
l\parser\lib\index.js:11071:23)
    at Parser.parseUpdate (D:\Smmplan\node_modules\@babel\parser
\lib\index.js:11056:21)
    at Parser.parseMaybeUnary (D:\Smmplan\node_modules\@babel\pa
rser\lib\index.js:11036:23)
    at Parser.parseMaybeUnaryOrPrivate (D:\Smmplan\node_modules\
@babel\parser\lib\index.js:10889:61)
    at Parser.parseExprOps (D:\Smmplan\node_modules\@babel\parse
r\lib\index.js:10894:23)
    at Parser.parseMaybeConditional (D:\Smmplan\node_modules\@ba
bel\parser\lib\index.js:10871:23)
    at Parser.parseMaybeAssign (D:\Smmplan\node_modules\@babel\p
arser\lib\index.js:10821:21)
    at Parser.parseExpressionBase (D:\Smmplan\node_modules\@babe
l\parser\lib\index.js:10774:23)
    at D:\Smmplan\node_modules\@babel\parser\lib\index.js:10770:
39
    at Parser.allowInAnd (D:\Smmplan\node_modules\@babel\parser\
lib\index.js:12411:16)
    at Parser.parseExpression (D:\Smmplan\node_modules\@babel\pa
rser\lib\index.js:10770:17)
    at Parser.parseReturnStatement (D:\Smmplan\node_modules\@bab
el\parser\lib\index.js:13132:28)
    at Parser.parseStatementContent (D:\Smmplan\node_modules\@ba
bel\parser\lib\index.js:12788:21)
    at Parser.parseStatementLike (D:\Smmplan\node_modules\@babel
\parser\lib\index.js:12757:17)
    at Parser.parseStatementOrSloppyAnnexBFunctionDeclaration (D
:\Smmplan\node_modules\@babel\parser\lib\index.js:12747:17)
    at Parser.parseIfStatement (D:\Smmplan\node_modules\@babel\p
arser\lib\index.js:13120:28)
    at Parser.parseStatementContent (D:\Smmplan\node_modules\@ba
bel\parser\lib\index.js:12786:21)
    at Parser.parseStatementLike (D:\Smmplan\node_modules\@babel
\parser\lib\index.js:12757:17)
    at Parser.parseStatementListItem (D:\Smmplan\node_modules\@b
abel\parser\lib\index.js:12737:17)
    at Parser.parseBlockOrModuleBlockBody (D:\Smmplan\node_modul
es\@babel\parser\lib\index.js:13306:61)
    at Parser.parseBlockBody (D:\Smmplan\node_modules\@babel\par
ser\lib\index.js:13299:10)
    at Parser.parseBlock (D:\Smmplan\node_modules\@babel\parser\
lib\index.js:13287:10)
    at Parser.parseFunctionBody (D:\Smmplan\node_modules\@babel\
parser\lib\index.js:12090:24)
    at Parser.parseFunctionBodyAndFinish (D:\Smmplan\node_module
s\@babel\parser\lib\index.js:12076:10)
    at D:\Smmplan\node_modules\@babel\parser\lib\index.js:13435:
12
    at Parser.withSmartMixTopicForbiddingContext (D:\Smmplan\nod
e_modules\@babel\parser\lib\index.js:12393:14)
    at Parser.parseFunction (D:\Smmplan\node_modules\@babel\pars
er\lib\index.js:13434:10)
    at Parser.parseFunctionStatement (D:\Smmplan\node_modules\@b
abel\parser\lib\index.js:13115:17)
    at Parser.parseStatementContent (D:\Smmplan\node_modules\@ba
bel\parser\lib\index.js:12781:21)
    at Parser.parseStatementLike (D:\Smmplan\node_modules\@babel
\parser\lib\index.js:12757:17)
    at Parser.parseModuleItem (D:\Smmplan\node_modules\@babel\pa
rser\lib\index.js:12734:17)
    at Parser.parseBlockOrModuleBlockBody (D:\Smmplan\node_modul
es\@babel\parser\lib\index.js:13306:36)
    at Parser.parseBlockBody (D:\Smmplan\node_modules\@babel\par
ser\lib\index.js:13299:10)
    at Parser.parseProgram (D:\Smmplan\node_modules\@babel\parse
r\lib\index.js:12612:10)
    at Parser.parseTopLevel (D:\Smmplan\node_modules\@babel\pars
er\lib\index.js:12602:25)
    at Parser.parse (D:\Smmplan\node_modules\@babel\parser\lib\i
ndex.js:14478:25)
    at parse (D:\Smmplan\node_modules\@babel\parser\lib\index.js
:14512:38)
    at parser (D:\Smmplan\node_modules\@babel\core\lib\parser\in
dex.js:41:34)
    at parser.next (<anonymous>)
    at normalizeFile (D:\Smmplan\node_modules\@babel\core\lib\tr
ansformation\normalize-file.js:64:37)
    at normalizeFile.next (<anonymous>)
    at run (D:\Smmplan\node_modules\@babel\core\lib\transformati
on\index.js:22:50)
    at run.next (<anonymous>)
    at transform (D:\Smmplan\node_modules\@babel\core\lib\transf
orm.js:22:33)
    at transform.next (<anonymous>)
    at evaluateSync (D:\Smmplan\node_modules\gensync\index.js:25
1:28)
Failed to collect coverage from D:\Smmplan\src\components\client
\UserDashboard.tsx
ERROR: D:\Smmplan\src\components\client\UserDashboard.tsx: Suppo
rt for the experimental syntax 'jsx' isn't currently enabled (12
:13):

[0m [90m 10 |[39m [36mconst[39m lucide_react_1 [33m=[39m 
require([32m"lucide-react"[39m)[33m;[39m
 [90m 11 |[39m [36mconst[39m [33mUserDashboard[39m [33m=
[39m ({ user }) [33m=>[39m {
[31m[1m>[22m[39m[90m 12 |[39m     [36mreturn[39m ([33m<
[39m[33mdiv[39m className[33m=[39m[32m"grid grid-cols-1 md
:grid-cols-3 gap-6 mb-12"[39m[33m>[39m
 [90m    |[39m             [31m[1m^[22m[39m
 [90m 13 |[39m             {[90m/* Balance Card */[39m}
 [90m 14 |[39m             [33m<[39m[33mframer_motion_1[39
m[33m.[39mmotion[33m.[39mdiv initial[33m=[39m{{ opacity[3
3m:[39m [35m0[39m[33m,[39m scale[33m:[39m [35m0.95[39m 
}} animate[33m=[39m{{ opacity[33m:[39m [35m1[39m[33m,[39
m scale[33m:[39m [35m1[39m }} className[33m=[39m[32m"bg-c
ard border border-border p-6 rounded-[2rem] shadow-xl hover:shad
ow-primary/5 transition-all relative overflow-hidden group"[39m
[33m>[39m
 [90m 15 |[39m                 [33m<[39m[33mdiv[39m classN
ame[33m=[39m[32m"absolute top-0 right-0 w-32 h-32 bg-primary/
5 rounded-full -mr-16 -mt-16 blur-3xl group-hover:bg-primary/10 
transition-colors"[39m[33m/[39m[33m>[39m[0m

Add @babel/preset-react (https://github.com/babel/babel/tree/mai
n/packages/babel-preset-react) to the 'presets' section of your 
Babel config to enable transformation.
If you want to leave it as-is, add @babel/plugin-syntax-jsx (htt
ps://github.com/babel/babel/tree/main/packages/babel-plugin-synt
ax-jsx) to the 'plugins' section to enable parsing.

If you already added the plugin for this syntax to your config, 
it's possible that your config isn't being loaded.
You can re-run Babel with the BABEL_SHOW_CONFIG_FOR environment 
variable to show the loaded configuration:
	npx cross-env BABEL_SHOW_CONFIG_FOR=D:\Smmplan\src\components\c
lient\UserDashboard.tsx <your build command>
See https://babeljs.io/docs/configuration#print-effective-config
s for more info.

STACK: SyntaxError: D:\Smmplan\src\components\client\UserDashboa
rd.tsx: Support for the experimental syntax 'jsx' isn't currentl
y enabled (12:13):

[0m [90m 10 |[39m [36mconst[39m lucide_react_1 [33m=[39m 
require([32m"lucide-react"[39m)[33m;[39m
 [90m 11 |[39m [36mconst[39m [33mUserDashboard[39m [33m=
[39m ({ user }) [33m=>[39m {
[31m[1m>[22m[39m[90m 12 |[39m     [36mreturn[39m ([33m<
[39m[33mdiv[39m className[33m=[39m[32m"grid grid-cols-1 md
:grid-cols-3 gap-6 mb-12"[39m[33m>[39m
 [90m    |[39m             [31m[1m^[22m[39m
 [90m 13 |[39m             {[90m/* Balance Card */[39m}
 [90m 14 |[39m             [33m<[39m[33mframer_motion_1[39
m[33m.[39mmotion[33m.[39mdiv initial[33m=[39m{{ opacity[3
3m:[39m [35m0[39m[33m,[39m scale[33m:[39m [35m0.95[39m 
}} animate[33m=[39m{{ opacity[33m:[39m [35m1[39m[33m,[39
m scale[33m:[39m [35m1[39m }} className[33m=[39m[32m"bg-c
ard border border-border p-6 rounded-[2rem] shadow-xl hover:shad
ow-primary/5 transition-all relative overflow-hidden group"[39m
[33m>[39m
 [90m 15 |[39m                 [33m<[39m[33mdiv[39m classN
ame[33m=[39m[32m"absolute top-0 right-0 w-32 h-32 bg-primary/
5 rounded-full -mr-16 -mt-16 blur-3xl group-hover:bg-primary/10 
transition-colors"[39m[33m/[39m[33m>[39m[0m

Add @babel/preset-react (https://github.com/babel/babel/tree/mai
n/packages/babel-preset-react) to the 'presets' section of your 
Babel config to enable transformation.
If you want to leave it as-is, add @babel/plugin-syntax-jsx (htt
ps://github.com/babel/babel/tree/main/packages/babel-plugin-synt
ax-jsx) to the 'plugins' section to enable parsing.

If you already added the plugin for this syntax to your config, 
it's possible that your config isn't being loaded.
You can re-run Babel with the BABEL_SHOW_CONFIG_FOR environment 
variable to show the loaded configuration:
	npx cross-env BABEL_SHOW_CONFIG_FOR=D:\Smmplan\src\components\c
lient\UserDashboard.tsx <your build command>
See https://babeljs.io/docs/configuration#print-effective-config
s for more info.

    at constructor (D:\Smmplan\node_modules\@babel\parser\lib\in
dex.js:365:19)
    at Parser.raise (D:\Smmplan\node_modules\@babel\parser\lib\i
ndex.js:6599:19)
    at Parser.expectOnePlugin (D:\Smmplan\node_modules\@babel\pa
rser\lib\index.js:6633:18)
    at Parser.parseExprAtom (D:\Smmplan\node_modules\@babel\pars
er\lib\index.js:11388:24)
    at Parser.parseExprSubscripts (D:\Smmplan\node_modules\@babe
l\parser\lib\index.js:11071:23)
    at Parser.parseUpdate (D:\Smmplan\node_modules\@babel\parser
\lib\index.js:11056:21)
    at Parser.parseMaybeUnary (D:\Smmplan\node_modules\@babel\pa
rser\lib\index.js:11036:23)
    at Parser.parseMaybeUnaryOrPrivate (D:\Smmplan\node_modules\
@babel\parser\lib\index.js:10889:61)
    at Parser.parseExprOps (D:\Smmplan\node_modules\@babel\parse
r\lib\index.js:10894:23)
    at Parser.parseMaybeConditional (D:\Smmplan\node_modules\@ba
bel\parser\lib\index.js:10871:23)
    at Parser.parseMaybeAssign (D:\Smmplan\node_modules\@babel\p
arser\lib\index.js:10821:21)
    at D:\Smmplan\node_modules\@babel\parser\lib\index.js:10790:
39
    at Parser.allowInAnd (D:\Smmplan\node_modules\@babel\parser\
lib\index.js:12416:12)
    at Parser.parseMaybeAssignAllowIn (D:\Smmplan\node_modules\@
babel\parser\lib\index.js:10790:17)
    at Parser.parseMaybeAssignAllowInOrVoidPattern (D:\Smmplan\n
ode_modules\@babel\parser\lib\index.js:12483:17)
    at Parser.parseParenAndDistinguishExpression (D:\Smmplan\nod
e_modules\@babel\parser\lib\index.js:11665:28)
    at Parser.parseExprAtom (D:\Smmplan\node_modules\@babel\pars
er\lib\index.js:11321:23)
    at Parser.parseExprSubscripts (D:\Smmplan\node_modules\@babe
l\parser\lib\index.js:11071:23)
    at Parser.parseUpdate (D:\Smmplan\node_modules\@babel\parser
\lib\index.js:11056:21)
    at Parser.parseMaybeUnary (D:\Smmplan\node_modules\@babel\pa
rser\lib\index.js:11036:23)
    at Parser.parseMaybeUnaryOrPrivate (D:\Smmplan\node_modules\
@babel\parser\lib\index.js:10889:61)
    at Parser.parseExprOps (D:\Smmplan\node_modules\@babel\parse
r\lib\index.js:10894:23)
    at Parser.parseMaybeConditional (D:\Smmplan\node_modules\@ba
bel\parser\lib\index.js:10871:23)
    at Parser.parseMaybeAssign (D:\Smmplan\node_modules\@babel\p
arser\lib\index.js:10821:21)
    at Parser.parseExpressionBase (D:\Smmplan\node_modules\@babe
l\parser\lib\index.js:10774:23)
    at D:\Smmplan\node_modules\@babel\parser\lib\index.js:10770:
39
    at Parser.allowInAnd (D:\Smmplan\node_modules\@babel\parser\
lib\index.js:12411:16)
    at Parser.parseExpression (D:\Smmplan\node_modules\@babel\pa
rser\lib\index.js:10770:17)
    at Parser.parseReturnStatement (D:\Smmplan\node_modules\@bab
el\parser\lib\index.js:13132:28)
    at Parser.parseStatementContent (D:\Smmplan\node_modules\@ba
bel\parser\lib\index.js:12788:21)
    at Parser.parseStatementLike (D:\Smmplan\node_modules\@babel
\parser\lib\index.js:12757:17)
    at Parser.parseStatementListItem (D:\Smmplan\node_modules\@b
abel\parser\lib\index.js:12737:17)
    at Parser.parseBlockOrModuleBlockBody (D:\Smmplan\node_modul
es\@babel\parser\lib\index.js:13306:61)
    at Parser.parseBlockBody (D:\Smmplan\node_modules\@babel\par
ser\lib\index.js:13299:10)
    at Parser.parseBlock (D:\Smmplan\node_modules\@babel\parser\
lib\index.js:13287:10)
    at Parser.parseFunctionBody (D:\Smmplan\node_modules\@babel\
parser\lib\index.js:12090:24)
    at Parser.parseArrowExpression (D:\Smmplan\node_modules\@bab
el\parser\lib\index.js:12065:10)
    at Parser.parseParenAndDistinguishExpression (D:\Smmplan\nod
e_modules\@babel\parser\lib\index.js:11677:12)
    at Parser.parseExprAtom (D:\Smmplan\node_modules\@babel\pars
er\lib\index.js:11321:23)
    at Parser.parseExprSubscripts (D:\Smmplan\node_modules\@babe
l\parser\lib\index.js:11071:23)
    at Parser.parseUpdate (D:\Smmplan\node_modules\@babel\parser
\lib\index.js:11056:21)
    at Parser.parseMaybeUnary (D:\Smmplan\node_modules\@babel\pa
rser\lib\index.js:11036:23)
    at Parser.parseMaybeUnaryOrPrivate (D:\Smmplan\node_modules\
@babel\parser\lib\index.js:10889:61)
    at Parser.parseExprOps (D:\Smmplan\node_modules\@babel\parse
r\lib\index.js:10894:23)
    at Parser.parseMaybeConditional (D:\Smmplan\node_modules\@ba
bel\parser\lib\index.js:10871:23)
    at Parser.parseMaybeAssign (D:\Smmplan\node_modules\@babel\p
arser\lib\index.js:10821:21)
    at D:\Smmplan\node_modules\@babel\parser\lib\index.js:10790:
39
    at Parser.allowInAnd (D:\Smmplan\node_modules\@babel\parser\
lib\index.js:12411:16)
    at Parser.parseMaybeAssignAllowIn (D:\Smmplan\node_modules\@
babel\parser\lib\index.js:10790:17)
    at Parser.parseVar (D:\Smmplan\node_modules\@babel\parser\li
b\index.js:13374:91)
Failed to collect coverage from D:\Smmplan\src\app\(client)\page
.tsx
ERROR: D:\Smmplan\src\app\(client)\page.tsx: Support for the exp
erimental syntax 'jsx' isn't currently enabled (165:17):

[0m [90m 163 |[39m     }[33m;[39m
 [90m 164 |[39m     [36mif[39m (status [33m===[39m [32m"l
oading"[39m) {
[31m[1m>[22m[39m[90m 165 |[39m         [36mreturn[39m (
[33m<[39m[33mdiv[39m className[33m=[39m[32m"flex items-cen
ter justify-center min-h-[60vh]"[39m[33m>[39m
 [90m     |[39m                 [31m[1m^[22m[39m
 [90m 166 |[39m                 [33m<[39m[33mlucide_react_1
[39m[33m.[39m[33mLoader2[39m className[33m=[39m[32m"anim
ate-spin text-primary"[39m size[33m=[39m{[35m32[39m}[33m/
[39m[33m>[39m
 [90m 167 |[39m             [33m<[39m[33m/[39m[33mdiv[39
m[33m>[39m)[33m;[39m
 [90m 168 |[39m     }[0m

Add @babel/preset-react (https://github.com/babel/babel/tree/mai
n/packages/babel-preset-react) to the 'presets' section of your 
Babel config to enable transformation.
If you want to leave it as-is, add @babel/plugin-syntax-jsx (htt
ps://github.com/babel/babel/tree/main/packages/babel-plugin-synt
ax-jsx) to the 'plugins' section to enable parsing.

If you already added the plugin for this syntax to your config, 
it's possible that your config isn't being loaded.
You can re-run Babel with the BABEL_SHOW_CONFIG_FOR environment 
variable to show the loaded configuration:
	npx cross-env BABEL_SHOW_CONFIG_FOR=D:\Smmplan\src\app\(client)
\page.tsx <your build command>
See https://babeljs.io/docs/configuration#print-effective-config
s for more info.

STACK: SyntaxError: D:\Smmplan\src\app\(client)\page.tsx: Suppor
t for the experimental syntax 'jsx' isn't currently enabled (165
:17):

[0m [90m 163 |[39m     }[33m;[39m
 [90m 164 |[39m     [36mif[39m (status [33m===[39m [32m"l
oading"[39m) {
[31m[1m>[22m[39m[90m 165 |[39m         [36mreturn[39m (
[33m<[39m[33mdiv[39m className[33m=[39m[32m"flex items-cen
ter justify-center min-h-[60vh]"[39m[33m>[39m
 [90m     |[39m                 [31m[1m^[22m[39m
 [90m 166 |[39m                 [33m<[39m[33mlucide_react_1
[39m[33m.[39m[33mLoader2[39m className[33m=[39m[32m"anim
ate-spin text-primary"[39m size[33m=[39m{[35m32[39m}[33m/
[39m[33m>[39m
 [90m 167 |[39m             [33m<[39m[33m/[39m[33mdiv[39
m[33m>[39m)[33m;[39m
 [90m 168 |[39m     }[0m

Add @babel/preset-react (https://github.com/babel/babel/tree/mai
n/packages/babel-preset-react) to the 'presets' section of your 
Babel config to enable transformation.
If you want to leave it as-is, add @babel/plugin-syntax-jsx (htt
ps://github.com/babel/babel/tree/main/packages/babel-plugin-synt
ax-jsx) to the 'plugins' section to enable parsing.

If you already added the plugin for this syntax to your config, 
it's possible that your config isn't being loaded.
You can re-run Babel with the BABEL_SHOW_CONFIG_FOR environment 
variable to show the loaded configuration:
	npx cross-env BABEL_SHOW_CONFIG_FOR=D:\Smmplan\src\app\(client)
\page.tsx <your build command>
See https://babeljs.io/docs/configuration#print-effective-config
s for more info.

    at constructor (D:\Smmplan\node_modules\@babel\parser\lib\in
dex.js:365:19)
    at Parser.raise (D:\Smmplan\node_modules\@babel\parser\lib\i
ndex.js:6599:19)
    at Parser.expectOnePlugin (D:\Smmplan\node_modules\@babel\pa
rser\lib\index.js:6633:18)
    at Parser.parseExprAtom (D:\Smmplan\node_modules\@babel\pars
er\lib\index.js:11388:24)
    at Parser.parseExprSubscripts (D:\Smmplan\node_modules\@babe
l\parser\lib\index.js:11071:23)
    at Parser.parseUpdate (D:\Smmplan\node_modules\@babel\parser
\lib\index.js:11056:21)
    at Parser.parseMaybeUnary (D:\Smmplan\node_modules\@babel\pa
rser\lib\index.js:11036:23)
    at Parser.parseMaybeUnaryOrPrivate (D:\Smmplan\node_modules\
@babel\parser\lib\index.js:10889:61)
    at Parser.parseExprOps (D:\Smmplan\node_modules\@babel\parse
r\lib\index.js:10894:23)
    at Parser.parseMaybeConditional (D:\Smmplan\node_modules\@ba
bel\parser\lib\index.js:10871:23)
    at Parser.parseMaybeAssign (D:\Smmplan\node_modules\@babel\p
arser\lib\index.js:10821:21)
    at D:\Smmplan\node_modules\@babel\parser\lib\index.js:10790:
39
    at Parser.allowInAnd (D:\Smmplan\node_modules\@babel\parser\
lib\index.js:12416:12)
    at Parser.parseMaybeAssignAllowIn (D:\Smmplan\node_modules\@
babel\parser\lib\index.js:10790:17)
    at Parser.parseMaybeAssignAllowInOrVoidPattern (D:\Smmplan\n
ode_modules\@babel\parser\lib\index.js:12483:17)
    at Parser.parseParenAndDistinguishExpression (D:\Smmplan\nod
e_modules\@babel\parser\lib\index.js:11665:28)
    at Parser.parseExprAtom (D:\Smmplan\node_modules\@babel\pars
er\lib\index.js:11321:23)
    at Parser.parseExprSubscripts (D:\Smmplan\node_modules\@babe
l\parser\lib\index.js:11071:23)
    at Parser.parseUpdate (D:\Smmplan\node_modules\@babel\parser
\lib\index.js:11056:21)
    at Parser.parseMaybeUnary (D:\Smmplan\node_modules\@babel\pa
rser\lib\index.js:11036:23)
    at Parser.parseMaybeUnaryOrPrivate (D:\Smmplan\node_modules\
@babel\parser\lib\index.js:10889:61)
    at Parser.parseExprOps (D:\Smmplan\node_modules\@babel\parse
r\lib\index.js:10894:23)
    at Parser.parseMaybeConditional (D:\Smmplan\node_modules\@ba
bel\parser\lib\index.js:10871:23)
    at Parser.parseMaybeAssign (D:\Smmplan\node_modules\@babel\p
arser\lib\index.js:10821:21)
    at Parser.parseExpressionBase (D:\Smmplan\node_modules\@babe
l\parser\lib\index.js:10774:23)
    at D:\Smmplan\node_modules\@babel\parser\lib\index.js:10770:
39
    at Parser.allowInAnd (D:\Smmplan\node_modules\@babel\parser\
lib\index.js:12411:16)
    at Parser.parseExpression (D:\Smmplan\node_modules\@babel\pa
rser\lib\index.js:10770:17)
    at Parser.parseReturnStatement (D:\Smmplan\node_modules\@bab
el\parser\lib\index.js:13132:28)
    at Parser.parseStatementContent (D:\Smmplan\node_modules\@ba
bel\parser\lib\index.js:12788:21)
    at Parser.parseStatementLike (D:\Smmplan\node_modules\@babel
\parser\lib\index.js:12757:17)
    at Parser.parseStatementListItem (D:\Smmplan\node_modules\@b
abel\parser\lib\index.js:12737:17)
    at Parser.parseBlockOrModuleBlockBody (D:\Smmplan\node_modul
es\@babel\parser\lib\index.js:13306:61)
    at Parser.parseBlockBody (D:\Smmplan\node_modules\@babel\par
ser\lib\index.js:13299:10)
    at Parser.parseBlock (D:\Smmplan\node_modules\@babel\parser\
lib\index.js:13287:10)
    at Parser.parseStatementContent (D:\Smmplan\node_modules\@ba
bel\parser\lib\index.js:12848:21)
    at Parser.parseStatementLike (D:\Smmplan\node_modules\@babel
\parser\lib\index.js:12757:17)
    at Parser.parseStatementOrSloppyAnnexBFunctionDeclaration (D
:\Smmplan\node_modules\@babel\parser\lib\index.js:12747:17)
    at Parser.parseIfStatement (D:\Smmplan\node_modules\@babel\p
arser\lib\index.js:13120:28)
    at Parser.parseStatementContent (D:\Smmplan\node_modules\@ba
bel\parser\lib\index.js:12786:21)
    at Parser.parseStatementLike (D:\Smmplan\node_modules\@babel
\parser\lib\index.js:12757:17)
    at Parser.parseStatementListItem (D:\Smmplan\node_modules\@b
abel\parser\lib\index.js:12737:17)
    at Parser.parseBlockOrModuleBlockBody (D:\Smmplan\node_modul
es\@babel\parser\lib\index.js:13306:61)
    at Parser.parseBlockBody (D:\Smmplan\node_modules\@babel\par
ser\lib\index.js:13299:10)
    at Parser.parseBlock (D:\Smmplan\node_modules\@babel\parser\
lib\index.js:13287:10)
    at Parser.parseFunctionBody (D:\Smmplan\node_modules\@babel\
parser\lib\index.js:12090:24)
    at Parser.parseFunctionBodyAndFinish (D:\Smmplan\node_module
s\@babel\parser\lib\index.js:12076:10)
    at D:\Smmplan\node_modules\@babel\parser\lib\index.js:13435:
12
    at Parser.withSmartMixTopicForbiddingContext (D:\Smmplan\nod
e_modules\@babel\parser\lib\index.js:12393:14)
    at Parser.parseFunction (D:\Smmplan\node_modules\@babel\pars
er\lib\index.js:13434:10)
Failed to collect coverage from D:\Smmplan\src\app\admin\login\l
ayout.tsx
ERROR: D:\Smmplan\src\app\admin\login\layout.tsx: Support for th
e experimental syntax 'jsx' isn't currently enabled (9:13):

[0m [90m  7 |[39m [36mconst[39m react_1 [33m=[39m __impor
tDefault(require([32m"react"[39m))[33m;[39m
 [90m  8 |[39m [36mfunction[39m [33mLoginLayout[39m({ chil
dren[33m,[39m }) {
[31m[1m>[22m[39m[90m  9 |[39m     [36mreturn[39m ([33m<
[39m[33mdiv[39m className[33m=[39m[32m"min-h-screen bg-sla
te-950 flex items-center justify-center"[39m[33m>[39m
 [90m    |[39m             [31m[1m^[22m[39m
 [90m 10 |[39m       {children}
 [90m 11 |[39m     [33m<[39m[33m/[39m[33mdiv[39m[33m>[
39m)[33m;[39m
 [90m 12 |[39m }[0m

Add @babel/preset-react (https://github.com/babel/babel/tree/mai
n/packages/babel-preset-react) to the 'presets' section of your 
Babel config to enable transformation.
If you want to leave it as-is, add @babel/plugin-syntax-jsx (htt
ps://github.com/babel/babel/tree/main/packages/babel-plugin-synt
ax-jsx) to the 'plugins' section to enable parsing.

If you already added the plugin for this syntax to your config, 
it's possible that your config isn't being loaded.
You can re-run Babel with the BABEL_SHOW_CONFIG_FOR environment 
variable to show the loaded configuration:
	npx cross-env BABEL_SHOW_CONFIG_FOR=D:\Smmplan\src\app\admin\lo
gin\layout.tsx <your build command>
See https://babeljs.io/docs/configuration#print-effective-config
s for more info.

STACK: SyntaxError: D:\Smmplan\src\app\admin\login\layout.tsx: S
upport for the experimental syntax 'jsx' isn't currently enabled
 (9:13):

[0m [90m  7 |[39m [36mconst[39m react_1 [33m=[39m __impor
tDefault(require([32m"react"[39m))[33m;[39m
 [90m  8 |[39m [36mfunction[39m [33mLoginLayout[39m({ chil
dren[33m,[39m }) {
[31m[1m>[22m[39m[90m  9 |[39m     [36mreturn[39m ([33m<
[39m[33mdiv[39m className[33m=[39m[32m"min-h-screen bg-sla
te-950 flex items-center justify-center"[39m[33m>[39m
 [90m    |[39m             [31m[1m^[22m[39m
 [90m 10 |[39m       {children}
 [90m 11 |[39m     [33m<[39m[33m/[39m[33mdiv[39m[33m>[
39m)[33m;[39m
 [90m 12 |[39m }[0m

Add @babel/preset-react (https://github.com/babel/babel/tree/mai
n/packages/babel-preset-react) to the 'presets' section of your 
Babel config to enable transformation.
If you want to leave it as-is, add @babel/plugin-syntax-jsx (htt
ps://github.com/babel/babel/tree/main/packages/babel-plugin-synt
ax-jsx) to the 'plugins' section to enable parsing.

If you already added the plugin for this syntax to your config, 
it's possible that your config isn't being loaded.
You can re-run Babel with the BABEL_SHOW_CONFIG_FOR environment 
variable to show the loaded configuration:
	npx cross-env BABEL_SHOW_CONFIG_FOR=D:\Smmplan\src\app\admin\lo
gin\layout.tsx <your build command>
See https://babeljs.io/docs/configuration#print-effective-config
s for more info.

    at constructor (D:\Smmplan\node_modules\@babel\parser\lib\in
dex.js:365:19)
    at Parser.raise (D:\Smmplan\node_modules\@babel\parser\lib\i
ndex.js:6599:19)
    at Parser.expectOnePlugin (D:\Smmplan\node_modules\@babel\pa
rser\lib\index.js:6633:18)
    at Parser.parseExprAtom (D:\Smmplan\node_modules\@babel\pars
er\lib\index.js:11388:24)
    at Parser.parseExprSubscripts (D:\Smmplan\node_modules\@babe
l\parser\lib\index.js:11071:23)
    at Parser.parseUpdate (D:\Smmplan\node_modules\@babel\parser
\lib\index.js:11056:21)
    at Parser.parseMaybeUnary (D:\Smmplan\node_modules\@babel\pa
rser\lib\index.js:11036:23)
    at Parser.parseMaybeUnaryOrPrivate (D:\Smmplan\node_modules\
@babel\parser\lib\index.js:10889:61)
    at Parser.parseExprOps (D:\Smmplan\node_modules\@babel\parse
r\lib\index.js:10894:23)
    at Parser.parseMaybeConditional (D:\Smmplan\node_modules\@ba
bel\parser\lib\index.js:10871:23)
    at Parser.parseMaybeAssign (D:\Smmplan\node_modules\@babel\p
arser\lib\index.js:10821:21)
    at D:\Smmplan\node_modules\@babel\parser\lib\index.js:10790:
39
    at Parser.allowInAnd (D:\Smmplan\node_modules\@babel\parser\
lib\index.js:12416:12)
    at Parser.parseMaybeAssignAllowIn (D:\Smmplan\node_modules\@
babel\parser\lib\index.js:10790:17)
    at Parser.parseMaybeAssignAllowInOrVoidPattern (D:\Smmplan\n
ode_modules\@babel\parser\lib\index.js:12483:17)
    at Parser.parseParenAndDistinguishExpression (D:\Smmplan\nod
e_modules\@babel\parser\lib\index.js:11665:28)
    at Parser.parseExprAtom (D:\Smmplan\node_modules\@babel\pars
er\lib\index.js:11321:23)
    at Parser.parseExprSubscripts (D:\Smmplan\node_modules\@babe
l\parser\lib\index.js:11071:23)
    at Parser.parseUpdate (D:\Smmplan\node_modules\@babel\parser
\lib\index.js:11056:21)
    at Parser.parseMaybeUnary (D:\Smmplan\node_modules\@babel\pa
rser\lib\index.js:11036:23)
    at Parser.parseMaybeUnaryOrPrivate (D:\Smmplan\node_modules\
@babel\parser\lib\index.js:10889:61)
    at Parser.parseExprOps (D:\Smmplan\node_modules\@babel\parse
r\lib\index.js:10894:23)
    at Parser.parseMaybeConditional (D:\Smmplan\node_modules\@ba
bel\parser\lib\index.js:10871:23)
    at Parser.parseMaybeAssign (D:\Smmplan\node_modules\@babel\p
arser\lib\index.js:10821:21)
    at Parser.parseExpressionBase (D:\Smmplan\node_modules\@babe
l\parser\lib\index.js:10774:23)
    at D:\Smmplan\node_modules\@babel\parser\lib\index.js:10770:
39
    at Parser.allowInAnd (D:\Smmplan\node_modules\@babel\parser\
lib\index.js:12411:16)
    at Parser.parseExpression (D:\Smmplan\node_modules\@babel\pa
rser\lib\index.js:10770:17)
    at Parser.parseReturnStatement (D:\Smmplan\node_modules\@bab
el\parser\lib\index.js:13132:28)
    at Parser.parseStatementContent (D:\Smmplan\node_modules\@ba
bel\parser\lib\index.js:12788:21)
    at Parser.parseStatementLike (D:\Smmplan\node_modules\@babel
\parser\lib\index.js:12757:17)
    at Parser.parseStatementListItem (D:\Smmplan\node_modules\@b
abel\parser\lib\index.js:12737:17)
    at Parser.parseBlockOrModuleBlockBody (D:\Smmplan\node_modul
es\@babel\parser\lib\index.js:13306:61)
    at Parser.parseBlockBody (D:\Smmplan\node_modules\@babel\par
ser\lib\index.js:13299:10)
    at Parser.parseBlock (D:\Smmplan\node_modules\@babel\parser\
lib\index.js:13287:10)
    at Parser.parseFunctionBody (D:\Smmplan\node_modules\@babel\
parser\lib\index.js:12090:24)
    at Parser.parseFunctionBodyAndFinish (D:\Smmplan\node_module
s\@babel\parser\lib\index.js:12076:10)
    at D:\Smmplan\node_modules\@babel\parser\lib\index.js:13435:
12
    at Parser.withSmartMixTopicForbiddingContext (D:\Smmplan\nod
e_modules\@babel\parser\lib\index.js:12393:14)
    at Parser.parseFunction (D:\Smmplan\node_modules\@babel\pars
er\lib\index.js:13434:10)
    at Parser.parseFunctionStatement (D:\Smmplan\node_modules\@b
abel\parser\lib\index.js:13115:17)
    at Parser.parseStatementContent (D:\Smmplan\node_modules\@ba
bel\parser\lib\index.js:12781:21)
    at Parser.parseStatementLike (D:\Smmplan\node_modules\@babel
\parser\lib\index.js:12757:17)
    at Parser.parseModuleItem (D:\Smmplan\node_modules\@babel\pa
rser\lib\index.js:12734:17)
    at Parser.parseBlockOrModuleBlockBody (D:\Smmplan\node_modul
es\@babel\parser\lib\index.js:13306:36)
    at Parser.parseBlockBody (D:\Smmplan\node_modules\@babel\par
ser\lib\index.js:13299:10)
    at Parser.parseProgram (D:\Smmplan\node_modules\@babel\parse
r\lib\index.js:12612:10)
    at Parser.parseTopLevel (D:\Smmplan\node_modules\@babel\pars
er\lib\index.js:12602:25)
    at Parser.parse (D:\Smmplan\node_modules\@babel\parser\lib\i
ndex.js:14478:25)
    at parse (D:\Smmplan\node_modules\@babel\parser\lib\index.js
:14512:38)
Failed to collect coverage from D:\Smmplan\src\app\admin\expense
s\page.tsx
ERROR: D:\Smmplan\src\app\admin\expenses\page.tsx: Support for t
he experimental syntax 'jsx' isn't currently enabled (33:13):

[0m [90m 31 |[39m         [33mOTHER[39m[33m:[39m { label
[33m:[39m [32m'╨Я╤А╨╛╤З╨╡╨╡'[39m[33m,[39m color[33m:[39m 
[32m'bg-slate-100 text-slate-600'[39m }[33m,[39m
 [90m 32 |[39m     }[33m;[39m
[31m[1m>[22m[39m[90m 33 |[39m     [36mreturn[39m ([33m<
[39m[33mdiv[39m className[33m=[39m[32m"space-y-8"[39m[33
m>[39m
 [90m    |[39m             [31m[1m^[22m[39m
 [90m 34 |[39m       [33m<[39m[33mdiv[39m className[33m=
[39m[32m"flex items-center justify-between"[39m[33m>[39m
 [90m 35 |[39m         [33m<[39m[33mdiv[39m[33m>[39m
 [90m 36 |[39m           [33m<[39m[33mh2[39m className[33
m=[39m[32m"text-2xl font-bold text-slate-800 flex items-center
 gap-3"[39m[33m>[39m[0m

Add @babel/preset-react (https://github.com/babel/babel/tree/mai
n/packages/babel-preset-react) to the 'presets' section of your 
Babel config to enable transformation.
If you want to leave it as-is, add @babel/plugin-syntax-jsx (htt
ps://github.com/babel/babel/tree/main/packages/babel-plugin-synt
ax-jsx) to the 'plugins' section to enable parsing.

If you already added the plugin for this syntax to your config, 
it's possible that your config isn't being loaded.
You can re-run Babel with the BABEL_SHOW_CONFIG_FOR environment 
variable to show the loaded configuration:
	npx cross-env BABEL_SHOW_CONFIG_FOR=D:\Smmplan\src\app\admin\ex
penses\page.tsx <your build command>
See https://babeljs.io/docs/configuration#print-effective-config
s for more info.

STACK: SyntaxError: D:\Smmplan\src\app\admin\expenses\page.tsx: 
Support for the experimental syntax 'jsx' isn't currently enable
d (33:13):

[0m [90m 31 |[39m         [33mOTHER[39m[33m:[39m { label
[33m:[39m [32m'╨Я╤А╨╛╤З╨╡╨╡'[39m[33m,[39m color[33m:[39m 
[32m'bg-slate-100 text-slate-600'[39m }[33m,[39m
 [90m 32 |[39m     }[33m;[39m
[31m[1m>[22m[39m[90m 33 |[39m     [36mreturn[39m ([33m<
[39m[33mdiv[39m className[33m=[39m[32m"space-y-8"[39m[33
m>[39m
 [90m    |[39m             [31m[1m^[22m[39m
 [90m 34 |[39m       [33m<[39m[33mdiv[39m className[33m=
[39m[32m"flex items-center justify-between"[39m[33m>[39m
 [90m 35 |[39m         [33m<[39m[33mdiv[39m[33m>[39m
 [90m 36 |[39m           [33m<[39m[33mh2[39m className[33
m=[39m[32m"text-2xl font-bold text-slate-800 flex items-center
 gap-3"[39m[33m>[39m[0m

Add @babel/preset-react (https://github.com/babel/babel/tree/mai
n/packages/babel-preset-react) to the 'presets' section of your 
Babel config to enable transformation.
If you want to leave it as-is, add @babel/plugin-syntax-jsx (htt
ps://github.com/babel/babel/tree/main/packages/babel-plugin-synt
ax-jsx) to the 'plugins' section to enable parsing.

If you already added the plugin for this syntax to your config, 
it's possible that your config isn't being loaded.
You can re-run Babel with the BABEL_SHOW_CONFIG_FOR environment 
variable to show the loaded configuration:
	npx cross-env BABEL_SHOW_CONFIG_FOR=D:\Smmplan\src\app\admin\ex
penses\page.tsx <your build command>
See https://babeljs.io/docs/configuration#print-effective-config
s for more info.

    at constructor (D:\Smmplan\node_modules\@babel\parser\lib\in
dex.js:365:19)
    at Parser.raise (D:\Smmplan\node_modules\@babel\parser\lib\i
ndex.js:6599:19)
    at Parser.expectOnePlugin (D:\Smmplan\node_modules\@babel\pa
rser\lib\index.js:6633:18)
    at Parser.parseExprAtom (D:\Smmplan\node_modules\@babel\pars
er\lib\index.js:11388:24)
    at Parser.parseExprSubscripts (D:\Smmplan\node_modules\@babe
l\parser\lib\index.js:11071:23)
    at Parser.parseUpdate (D:\Smmplan\node_modules\@babel\parser
\lib\index.js:11056:21)
    at Parser.parseMaybeUnary (D:\Smmplan\node_modules\@babel\pa
rser\lib\index.js:11036:23)
    at Parser.parseMaybeUnaryOrPrivate (D:\Smmplan\node_modules\
@babel\parser\lib\index.js:10889:61)
    at Parser.parseExprOps (D:\Smmplan\node_modules\@babel\parse
r\lib\index.js:10894:23)
    at Parser.parseMaybeConditional (D:\Smmplan\node_modules\@ba
bel\parser\lib\index.js:10871:23)
    at Parser.parseMaybeAssign (D:\Smmplan\node_modules\@babel\p
arser\lib\index.js:10821:21)
    at D:\Smmplan\node_modules\@babel\parser\lib\index.js:10790:
39
    at Parser.allowInAnd (D:\Smmplan\node_modules\@babel\parser\
lib\index.js:12416:12)
    at Parser.parseMaybeAssignAllowIn (D:\Smmplan\node_modules\@
babel\parser\lib\index.js:10790:17)
    at Parser.parseMaybeAssignAllowInOrVoidPattern (D:\Smmplan\n
ode_modules\@babel\parser\lib\index.js:12483:17)
    at Parser.parseParenAndDistinguishExpression (D:\Smmplan\nod
e_modules\@babel\parser\lib\index.js:11665:28)
    at Parser.parseExprAtom (D:\Smmplan\node_modules\@babel\pars
er\lib\index.js:11321:23)
    at Parser.parseExprSubscripts (D:\Smmplan\node_modules\@babe
l\parser\lib\index.js:11071:23)
    at Parser.parseUpdate (D:\Smmplan\node_modules\@babel\parser
\lib\index.js:11056:21)
    at Parser.parseMaybeUnary (D:\Smmplan\node_modules\@babel\pa
rser\lib\index.js:11036:23)
    at Parser.parseMaybeUnaryOrPrivate (D:\Smmplan\node_modules\
@babel\parser\lib\index.js:10889:61)
    at Parser.parseExprOps (D:\Smmplan\node_modules\@babel\parse
r\lib\index.js:10894:23)
    at Parser.parseMaybeConditional (D:\Smmplan\node_modules\@ba
bel\parser\lib\index.js:10871:23)
    at Parser.parseMaybeAssign (D:\Smmplan\node_modules\@babel\p
arser\lib\index.js:10821:21)
    at Parser.parseExpressionBase (D:\Smmplan\node_modules\@babe
l\parser\lib\index.js:10774:23)
    at D:\Smmplan\node_modules\@babel\parser\lib\index.js:10770:
39
    at Parser.allowInAnd (D:\Smmplan\node_modules\@babel\parser\
lib\index.js:12411:16)
    at Parser.parseExpression (D:\Smmplan\node_modules\@babel\pa
rser\lib\index.js:10770:17)
    at Parser.parseReturnStatement (D:\Smmplan\node_modules\@bab
el\parser\lib\index.js:13132:28)
    at Parser.parseStatementContent (D:\Smmplan\node_modules\@ba
bel\parser\lib\index.js:12788:21)
    at Parser.parseStatementLike (D:\Smmplan\node_modules\@babel
\parser\lib\index.js:12757:17)
    at Parser.parseStatementListItem (D:\Smmplan\node_modules\@b
abel\parser\lib\index.js:12737:17)
    at Parser.parseBlockOrModuleBlockBody (D:\Smmplan\node_modul
es\@babel\parser\lib\index.js:13306:61)
    at Parser.parseBlockBody (D:\Smmplan\node_modules\@babel\par
ser\lib\index.js:13299:10)
    at Parser.parseBlock (D:\Smmplan\node_modules\@babel\parser\
lib\index.js:13287:10)
    at Parser.parseFunctionBody (D:\Smmplan\node_modules\@babel\
parser\lib\index.js:12090:24)
    at Parser.parseFunctionBodyAndFinish (D:\Smmplan\node_module
s\@babel\parser\lib\index.js:12076:10)
    at D:\Smmplan\node_modules\@babel\parser\lib\index.js:13435:
12
    at Parser.withSmartMixTopicForbiddingContext (D:\Smmplan\nod
e_modules\@babel\parser\lib\index.js:12393:14)
    at Parser.parseFunction (D:\Smmplan\node_modules\@babel\pars
er\lib\index.js:13434:10)
    at Parser.parseFunctionStatement (D:\Smmplan\node_modules\@b
abel\parser\lib\index.js:13115:17)
    at Parser.parseStatementContent (D:\Smmplan\node_modules\@ba
bel\parser\lib\index.js:12880:25)
    at Parser.parseStatementLike (D:\Smmplan\node_modules\@babel
\parser\lib\index.js:12757:17)
    at Parser.parseModuleItem (D:\Smmplan\node_modules\@babel\pa
rser\lib\index.js:12734:17)
    at Parser.parseBlockOrModuleBlockBody (D:\Smmplan\node_modul
es\@babel\parser\lib\index.js:13306:36)
    at Parser.parseBlockBody (D:\Smmplan\node_modules\@babel\par
ser\lib\index.js:13299:10)
    at Parser.parseProgram (D:\Smmplan\node_modules\@babel\parse
r\lib\index.js:12612:10)
    at Parser.parseTopLevel (D:\Smmplan\node_modules\@babel\pars
er\lib\index.js:12602:25)
    at Parser.parse (D:\Smmplan\node_modules\@babel\parser\lib\i
ndex.js:14478:25)
    at parse (D:\Smmplan\node_modules\@babel\parser\lib\index.js
:14512:38)
Failed to collect coverage from D:\Smmplan\src\app\(client)\cart
\page.tsx
ERROR: D:\Smmplan\src\app\(client)\cart\page.tsx: Support for th
e experimental syntax 'jsx' isn't currently enabled (12:13):

[0m [90m 10 |[39m [36mconst[39m link_1 [33m=[39m __import
Default(require([32m"next/link"[39m))[33m;[39m
 [90m 11 |[39m [36mfunction[39m [33mCartPage[39m() {
[31m[1m>[22m[39m[90m 12 |[39m     [36mreturn[39m ([33m<
[39m[33mdiv[39m className[33m=[39m[32m"max-w-4xl mx-auto p
y-24 text-center space-y-8"[39m[33m>[39m
 [90m    |[39m             [31m[1m^[22m[39m
 [90m 13 |[39m             [33m<[39m[33mdiv[39m className
[33m=[39m[32m"w-24 h-24 bg-muted rounded-[2rem] flex items-cen
ter justify-center mx-auto opacity-20"[39m[33m>[39m
 [90m 14 |[39m                 [33m<[39m[33mlucide_react_1
[39m[33m.[39m[33mShoppingCart[39m size[33m=[39m{[35m48[3
9m}[33m/[39m[33m>[39m
 [90m 15 |[39m             [33m<[39m[33m/[39m[33mdiv[39m
[33m>[39m[0m

Add @babel/preset-react (https://github.com/babel/babel/tree/mai
n/packages/babel-preset-react) to the 'presets' section of your 
Babel config to enable transformation.
If you want to leave it as-is, add @babel/plugin-syntax-jsx (htt
ps://github.com/babel/babel/tree/main/packages/babel-plugin-synt
ax-jsx) to the 'plugins' section to enable parsing.

If you already added the plugin for this syntax to your config, 
it's possible that your config isn't being loaded.
You can re-run Babel with the BABEL_SHOW_CONFIG_FOR environment 
variable to show the loaded configuration:
	npx cross-env BABEL_SHOW_CONFIG_FOR=D:\Smmplan\src\app\(client)
\cart\page.tsx <your build command>
See https://babeljs.io/docs/configuration#print-effective-config
s for more info.

STACK: SyntaxError: D:\Smmplan\src\app\(client)\cart\page.tsx: S
upport for the experimental syntax 'jsx' isn't currently enabled
 (12:13):

[0m [90m 10 |[39m [36mconst[39m link_1 [33m=[39m __import
Default(require([32m"next/link"[39m))[33m;[39m
 [90m 11 |[39m [36mfunction[39m [33mCartPage[39m() {
[31m[1m>[22m[39m[90m 12 |[39m     [36mreturn[39m ([33m<
[39m[33mdiv[39m className[33m=[39m[32m"max-w-4xl mx-auto p
y-24 text-center space-y-8"[39m[33m>[39m
 [90m    |[39m             [31m[1m^[22m[39m
 [90m 13 |[39m             [33m<[39m[33mdiv[39m className
[33m=[39m[32m"w-24 h-24 bg-muted rounded-[2rem] flex items-cen
ter justify-center mx-auto opacity-20"[39m[33m>[39m
 [90m 14 |[39m                 [33m<[39m[33mlucide_react_1
[39m[33m.[39m[33mShoppingCart[39m size[33m=[39m{[35m48[3
9m}[33m/[39m[33m>[39m
 [90m 15 |[39m             [33m<[39m[33m/[39m[33mdiv[39m
[33m>[39m[0m

Add @babel/preset-react (https://github.com/babel/babel/tree/mai
n/packages/babel-preset-react) to the 'presets' section of your 
Babel config to enable transformation.
If you want to leave it as-is, add @babel/plugin-syntax-jsx (htt
ps://github.com/babel/babel/tree/main/packages/babel-plugin-synt
ax-jsx) to the 'plugins' section to enable parsing.

If you already added the plugin for this syntax to your config, 
it's possible that your config isn't being loaded.
You can re-run Babel with the BABEL_SHOW_CONFIG_FOR environment 
variable to show the loaded configuration:
	npx cross-env BABEL_SHOW_CONFIG_FOR=D:\Smmplan\src\app\(client)
\cart\page.tsx <your build command>
See https://babeljs.io/docs/configuration#print-effective-config
s for more info.

    at constructor (D:\Smmplan\node_modules\@babel\parser\lib\in
dex.js:365:19)
    at Parser.raise (D:\Smmplan\node_modules\@babel\parser\lib\i
ndex.js:6599:19)
    at Parser.expectOnePlugin (D:\Smmplan\node_modules\@babel\pa
rser\lib\index.js:6633:18)
    at Parser.parseExprAtom (D:\Smmplan\node_modules\@babel\pars
er\lib\index.js:11388:24)
    at Parser.parseExprSubscripts (D:\Smmplan\node_modules\@babe
l\parser\lib\index.js:11071:23)
    at Parser.parseUpdate (D:\Smmplan\node_modules\@babel\parser
\lib\index.js:11056:21)
    at Parser.parseMaybeUnary (D:\Smmplan\node_modules\@babel\pa
rser\lib\index.js:11036:23)
    at Parser.parseMaybeUnaryOrPrivate (D:\Smmplan\node_modules\
@babel\parser\lib\index.js:10889:61)
    at Parser.parseExprOps (D:\Smmplan\node_modules\@babel\parse
r\lib\index.js:10894:23)
    at Parser.parseMaybeConditional (D:\Smmplan\node_modules\@ba
bel\parser\lib\index.js:10871:23)
    at Parser.parseMaybeAssign (D:\Smmplan\node_modules\@babel\p
arser\lib\index.js:10821:21)
    at D:\Smmplan\node_modules\@babel\parser\lib\index.js:10790:
39
    at Parser.allowInAnd (D:\Smmplan\node_modules\@babel\parser\
lib\index.js:12416:12)
    at Parser.parseMaybeAssignAllowIn (D:\Smmplan\node_modules\@
babel\parser\lib\index.js:10790:17)
    at Parser.parseMaybeAssignAllowInOrVoidPattern (D:\Smmplan\n
ode_modules\@babel\parser\lib\index.js:12483:17)
    at Parser.parseParenAndDistinguishExpression (D:\Smmplan\nod
e_modules\@babel\parser\lib\index.js:11665:28)
    at Parser.parseExprAtom (D:\Smmplan\node_modules\@babel\pars
er\lib\index.js:11321:23)
    at Parser.parseExprSubscripts (D:\Smmplan\node_modules\@babe
l\parser\lib\index.js:11071:23)
    at Parser.parseUpdate (D:\Smmplan\node_modules\@babel\parser
\lib\index.js:11056:21)
    at Parser.parseMaybeUnary (D:\Smmplan\node_modules\@babel\pa
rser\lib\index.js:11036:23)
    at Parser.parseMaybeUnaryOrPrivate (D:\Smmplan\node_modules\
@babel\parser\lib\index.js:10889:61)
    at Parser.parseExprOps (D:\Smmplan\node_modules\@babel\parse
r\lib\index.js:10894:23)
    at Parser.parseMaybeConditional (D:\Smmplan\node_modules\@ba
bel\parser\lib\index.js:10871:23)
    at Parser.parseMaybeAssign (D:\Smmplan\node_modules\@babel\p
arser\lib\index.js:10821:21)
    at Parser.parseExpressionBase (D:\Smmplan\node_modules\@babe
l\parser\lib\index.js:10774:23)
    at D:\Smmplan\node_modules\@babel\parser\lib\index.js:10770:
39
    at Parser.allowInAnd (D:\Smmplan\node_modules\@babel\parser\
lib\index.js:12411:16)
    at Parser.parseExpression (D:\Smmplan\node_modules\@babel\pa
rser\lib\index.js:10770:17)
    at Parser.parseReturnStatement (D:\Smmplan\node_modules\@bab
el\parser\lib\index.js:13132:28)
    at Parser.parseStatementContent (D:\Smmplan\node_modules\@ba
bel\parser\lib\index.js:12788:21)
    at Parser.parseStatementLike (D:\Smmplan\node_modules\@babel
\parser\lib\index.js:12757:17)
    at Parser.parseStatementListItem (D:\Smmplan\node_modules\@b
abel\parser\lib\index.js:12737:17)
    at Parser.parseBlockOrModuleBlockBody (D:\Smmplan\node_modul
es\@babel\parser\lib\index.js:13306:61)
    at Parser.parseBlockBody (D:\Smmplan\node_modules\@babel\par
ser\lib\index.js:13299:10)
    at Parser.parseBlock (D:\Smmplan\node_modules\@babel\parser\
lib\index.js:13287:10)
    at Parser.parseFunctionBody (D:\Smmplan\node_modules\@babel\
parser\lib\index.js:12090:24)
    at Parser.parseFunctionBodyAndFinish (D:\Smmplan\node_module
s\@babel\parser\lib\index.js:12076:10)
    at D:\Smmplan\node_modules\@babel\parser\lib\index.js:13435:
12
    at Parser.withSmartMixTopicForbiddingContext (D:\Smmplan\nod
e_modules\@babel\parser\lib\index.js:12393:14)
    at Parser.parseFunction (D:\Smmplan\node_modules\@babel\pars
er\lib\index.js:13434:10)
    at Parser.parseFunctionStatement (D:\Smmplan\node_modules\@b
abel\parser\lib\index.js:13115:17)
    at Parser.parseStatementContent (D:\Smmplan\node_modules\@ba
bel\parser\lib\index.js:12781:21)
    at Parser.parseStatementLike (D:\Smmplan\node_modules\@babel
\parser\lib\index.js:12757:17)
    at Parser.parseModuleItem (D:\Smmplan\node_modules\@babel\pa
rser\lib\index.js:12734:17)
    at Parser.parseBlockOrModuleBlockBody (D:\Smmplan\node_modul
es\@babel\parser\lib\index.js:13306:36)
    at Parser.parseBlockBody (D:\Smmplan\node_modules\@babel\par
ser\lib\index.js:13299:10)
    at Parser.parseProgram (D:\Smmplan\node_modules\@babel\parse
r\lib\index.js:12612:10)
    at Parser.parseTopLevel (D:\Smmplan\node_modules\@babel\pars
er\lib\index.js:12602:25)
    at Parser.parse (D:\Smmplan\node_modules\@babel\parser\lib\i
ndex.js:14478:25)
    at parse (D:\Smmplan\node_modules\@babel\parser\lib\index.js
:14512:38)
Failed to collect coverage from D:\Smmplan\src\app\admin\legal\p
age.tsx
ERROR: D:\Smmplan\src\app\admin\legal\page.tsx: Support for the 
experimental syntax 'jsx' isn't currently enabled (27:16):

[0m [90m 25 |[39m     [36mconst[39m { project[33m,[39m do
cuments } [33m=[39m [36mawait[39m getLegalData()[33m;[39m
 [90m 26 |[39m     [36mif[39m ([33m![39mproject)
[31m[1m>[22m[39m[90m 27 |[39m         [36mreturn[39m [3
3m<[39m[33mdiv[39m[33m>[39m[33m╨Я╤А╨╛╨╡╨║╤В╤Л[39m ╨╜╨╡ ╨╜
╨░╨╣╨┤╨╡╨╜╤Л[33m.[39m[33m<[39m[33m/[39m[33mdiv[39m[33m>
[39m[33m;[39m
 [90m    |[39m                [31m[1m^[22m[39m
 [90m 28 |[39m     [36mreturn[39m ([33m<[39m[33mdiv[39m 
className[33m=[39m[32m"space-y-8 pb-12"[39m[33m>[39m
 [90m 29 |[39m             [33m<[39m[33mdiv[39m className
[33m=[39m[32m"flex items-center justify-between"[39m[33m>[3
9m
 [90m 30 |[39m                 [33m<[39m[33mdiv[39m[33m>
[39m[0m

Add @babel/preset-react (https://github.com/babel/babel/tree/mai
n/packages/babel-preset-react) to the 'presets' section of your 
Babel config to enable transformation.
If you want to leave it as-is, add @babel/plugin-syntax-jsx (htt
ps://github.com/babel/babel/tree/main/packages/babel-plugin-synt
ax-jsx) to the 'plugins' section to enable parsing.

If you already added the plugin for this syntax to your config, 
it's possible that your config isn't being loaded.
You can re-run Babel with the BABEL_SHOW_CONFIG_FOR environment 
variable to show the loaded configuration:
	npx cross-env BABEL_SHOW_CONFIG_FOR=D:\Smmplan\src\app\admin\le
gal\page.tsx <your build command>
See https://babeljs.io/docs/configuration#print-effective-config
s for more info.

STACK: SyntaxError: D:\Smmplan\src\app\admin\legal\page.tsx: Sup
port for the experimental syntax 'jsx' isn't currently enabled (
27:16):

[0m [90m 25 |[39m     [36mconst[39m { project[33m,[39m do
cuments } [33m=[39m [36mawait[39m getLegalData()[33m;[39m
 [90m 26 |[39m     [36mif[39m ([33m![39mproject)
[31m[1m>[22m[39m[90m 27 |[39m         [36mreturn[39m [3
3m<[39m[33mdiv[39m[33m>[39m[33m╨Я╤А╨╛╨╡╨║╤В╤Л[39m ╨╜╨╡ ╨╜
╨░╨╣╨┤╨╡╨╜╤Л[33m.[39m[33m<[39m[33m/[39m[33mdiv[39m[33m>
[39m[33m;[39m
 [90m    |[39m                [31m[1m^[22m[39m
 [90m 28 |[39m     [36mreturn[39m ([33m<[39m[33mdiv[39m 
className[33m=[39m[32m"space-y-8 pb-12"[39m[33m>[39m
 [90m 29 |[39m             [33m<[39m[33mdiv[39m className
[33m=[39m[32m"flex items-center justify-between"[39m[33m>[3
9m
 [90m 30 |[39m                 [33m<[39m[33mdiv[39m[33m>
[39m[0m

Add @babel/preset-react (https://github.com/babel/babel/tree/mai
n/packages/babel-preset-react) to the 'presets' section of your 
Babel config to enable transformation.
If you want to leave it as-is, add @babel/plugin-syntax-jsx (htt
ps://github.com/babel/babel/tree/main/packages/babel-plugin-synt
ax-jsx) to the 'plugins' section to enable parsing.

If you already added the plugin for this syntax to your config, 
it's possible that your config isn't being loaded.
You can re-run Babel with the BABEL_SHOW_CONFIG_FOR environment 
variable to show the loaded configuration:
	npx cross-env BABEL_SHOW_CONFIG_FOR=D:\Smmplan\src\app\admin\le
gal\page.tsx <your build command>
See https://babeljs.io/docs/configuration#print-effective-config
s for more info.

    at constructor (D:\Smmplan\node_modules\@babel\parser\lib\in
dex.js:365:19)
    at Parser.raise (D:\Smmplan\node_modules\@babel\parser\lib\i
ndex.js:6599:19)
    at Parser.expectOnePlugin (D:\Smmplan\node_modules\@babel\pa
rser\lib\index.js:6633:18)
    at Parser.parseExprAtom (D:\Smmplan\node_modules\@babel\pars
er\lib\index.js:11388:24)
    at Parser.parseExprSubscripts (D:\Smmplan\node_modules\@babe
l\parser\lib\index.js:11071:23)
    at Parser.parseUpdate (D:\Smmplan\node_modules\@babel\parser
\lib\index.js:11056:21)
    at Parser.parseMaybeUnary (D:\Smmplan\node_modules\@babel\pa
rser\lib\index.js:11036:23)
    at Parser.parseMaybeUnaryOrPrivate (D:\Smmplan\node_modules\
@babel\parser\lib\index.js:10889:61)
    at Parser.parseExprOps (D:\Smmplan\node_modules\@babel\parse
r\lib\index.js:10894:23)
    at Parser.parseMaybeConditional (D:\Smmplan\node_modules\@ba
bel\parser\lib\index.js:10871:23)
    at Parser.parseMaybeAssign (D:\Smmplan\node_modules\@babel\p
arser\lib\index.js:10821:21)
    at Parser.parseExpressionBase (D:\Smmplan\node_modules\@babe
l\parser\lib\index.js:10774:23)
    at D:\Smmplan\node_modules\@babel\parser\lib\index.js:10770:
39
    at Parser.allowInAnd (D:\Smmplan\node_modules\@babel\parser\
lib\index.js:12411:16)
    at Parser.parseExpression (D:\Smmplan\node_modules\@babel\pa
rser\lib\index.js:10770:17)
    at Parser.parseReturnStatement (D:\Smmplan\node_modules\@bab
el\parser\lib\index.js:13132:28)
    at Parser.parseStatementContent (D:\Smmplan\node_modules\@ba
bel\parser\lib\index.js:12788:21)
    at Parser.parseStatementLike (D:\Smmplan\node_modules\@babel
\parser\lib\index.js:12757:17)
    at Parser.parseStatementOrSloppyAnnexBFunctionDeclaration (D
:\Smmplan\node_modules\@babel\parser\lib\index.js:12747:17)
    at Parser.parseIfStatement (D:\Smmplan\node_modules\@babel\p
arser\lib\index.js:13120:28)
    at Parser.parseStatementContent (D:\Smmplan\node_modules\@ba
bel\parser\lib\index.js:12786:21)
    at Parser.parseStatementLike (D:\Smmplan\node_modules\@babel
\parser\lib\index.js:12757:17)
    at Parser.parseStatementListItem (D:\Smmplan\node_modules\@b
abel\parser\lib\index.js:12737:17)
    at Parser.parseBlockOrModuleBlockBody (D:\Smmplan\node_modul
es\@babel\parser\lib\index.js:13306:61)
    at Parser.parseBlockBody (D:\Smmplan\node_modules\@babel\par
ser\lib\index.js:13299:10)
    at Parser.parseBlock (D:\Smmplan\node_modules\@babel\parser\
lib\index.js:13287:10)
    at Parser.parseFunctionBody (D:\Smmplan\node_modules\@babel\
parser\lib\index.js:12090:24)
    at Parser.parseFunctionBodyAndFinish (D:\Smmplan\node_module
s\@babel\parser\lib\index.js:12076:10)
    at D:\Smmplan\node_modules\@babel\parser\lib\index.js:13435:
12
    at Parser.withSmartMixTopicForbiddingContext (D:\Smmplan\nod
e_modules\@babel\parser\lib\index.js:12393:14)
    at Parser.parseFunction (D:\Smmplan\node_modules\@babel\pars
er\lib\index.js:13434:10)
    at Parser.parseFunctionStatement (D:\Smmplan\node_modules\@b
abel\parser\lib\index.js:13115:17)
    at Parser.parseStatementContent (D:\Smmplan\node_modules\@ba
bel\parser\lib\index.js:12880:25)
    at Parser.parseStatementLike (D:\Smmplan\node_modules\@babel
\parser\lib\index.js:12757:17)
    at Parser.parseModuleItem (D:\Smmplan\node_modules\@babel\pa
rser\lib\index.js:12734:17)
    at Parser.parseBlockOrModuleBlockBody (D:\Smmplan\node_modul
es\@babel\parser\lib\index.js:13306:36)
    at Parser.parseBlockBody (D:\Smmplan\node_modules\@babel\par
ser\lib\index.js:13299:10)
    at Parser.parseProgram (D:\Smmplan\node_modules\@babel\parse
r\lib\index.js:12612:10)
    at Parser.parseTopLevel (D:\Smmplan\node_modules\@babel\pars
er\lib\index.js:12602:25)
    at Parser.parse (D:\Smmplan\node_modules\@babel\parser\lib\i
ndex.js:14478:25)
    at parse (D:\Smmplan\node_modules\@babel\parser\lib\index.js
:14512:38)
    at parser (D:\Smmplan\node_modules\@babel\core\lib\parser\in
dex.js:41:34)
    at parser.next (<anonymous>)
    at normalizeFile (D:\Smmplan\node_modules\@babel\core\lib\tr
ansformation\normalize-file.js:64:37)
    at normalizeFile.next (<anonymous>)
    at run (D:\Smmplan\node_modules\@babel\core\lib\transformati
on\index.js:22:50)
    at run.next (<anonymous>)
    at transform (D:\Smmplan\node_modules\@babel\core\lib\transf
orm.js:22:33)
    at transform.next (<anonymous>)
    at evaluateSync (D:\Smmplan\node_modules\gensync\index.js:25
1:28)
Failed to collect coverage from D:\Smmplan\src\app\admin\employe
es\page.tsx
ERROR: D:\Smmplan\src\app\admin\employees\page.tsx: Support for 
the experimental syntax 'jsx' isn't currently enabled (70:13):

[0m [90m 68 |[39m         [32m'SEO'[39m[33m:[39m [32m'SE
O-╤Б╨┐╨╡╤Ж╨╕╨░╨╗╨╕╤Б╤В'[39m
 [90m 69 |[39m     }[33m;[39m
[31m[1m>[22m[39m[90m 70 |[39m     [36mreturn[39m ([33m<
[39m[33mdiv[39m className[33m=[39m[32m"space-y-6"[39m[33
m>[39m
 [90m    |[39m             [31m[1m^[22m[39m
 [90m 71 |[39m       [33m<[39m[33mdiv[39m className[33m=
[39m[32m"flex items-center justify-between"[39m[33m>[39m
 [90m 72 |[39m         [33m<[39m[33mdiv[39m[33m>[39m
 [90m 73 |[39m           [33m<[39m[33mh2[39m className[33
m=[39m[32m"text-2xl font-bold text-slate-800 tracking-tight it
alic uppercase"[39m[33m>[39m[33m╨б╨╛╤В╤А╤Г╨┤╨╜╨╕╨║╨╕[39m[3
3m<[39m[33m/[39m[33mh2[39m[33m>[39m[0m

Add @babel/preset-react (https://github.com/babel/babel/tree/mai
n/packages/babel-preset-react) to the 'presets' section of your 
Babel config to enable transformation.
If you want to leave it as-is, add @babel/plugin-syntax-jsx (htt
ps://github.com/babel/babel/tree/main/packages/babel-plugin-synt
ax-jsx) to the 'plugins' section to enable parsing.

If you already added the plugin for this syntax to your config, 
it's possible that your config isn't being loaded.
You can re-run Babel with the BABEL_SHOW_CONFIG_FOR environment 
variable to show the loaded configuration:
	npx cross-env BABEL_SHOW_CONFIG_FOR=D:\Smmplan\src\app\admin\em
ployees\page.tsx <your build command>
See https://babeljs.io/docs/configuration#print-effective-config
s for more info.

STACK: SyntaxError: D:\Smmplan\src\app\admin\employees\page.tsx:
 Support for the experimental syntax 'jsx' isn't currently enabl
ed (70:13):

[0m [90m 68 |[39m         [32m'SEO'[39m[33m:[39m [32m'SE
O-╤Б╨┐╨╡╤Ж╨╕╨░╨╗╨╕╤Б╤В'[39m
 [90m 69 |[39m     }[33m;[39m
[31m[1m>[22m[39m[90m 70 |[39m     [36mreturn[39m ([33m<
[39m[33mdiv[39m className[33m=[39m[32m"space-y-6"[39m[33
m>[39m
 [90m    |[39m             [31m[1m^[22m[39m
 [90m 71 |[39m       [33m<[39m[33mdiv[39m className[33m=
[39m[32m"flex items-center justify-between"[39m[33m>[39m
 [90m 72 |[39m         [33m<[39m[33mdiv[39m[33m>[39m
 [90m 73 |[39m           [33m<[39m[33mh2[39m className[33
m=[39m[32m"text-2xl font-bold text-slate-800 tracking-tight it
alic uppercase"[39m[33m>[39m[33m╨б╨╛╤В╤А╤Г╨┤╨╜╨╕╨║╨╕[39m[3
3m<[39m[33m/[39m[33mh2[39m[33m>[39m[0m

Add @babel/preset-react (https://github.com/babel/babel/tree/mai
n/packages/babel-preset-react) to the 'presets' section of your 
Babel config to enable transformation.
If you want to leave it as-is, add @babel/plugin-syntax-jsx (htt
ps://github.com/babel/babel/tree/main/packages/babel-plugin-synt
ax-jsx) to the 'plugins' section to enable parsing.

If you already added the plugin for this syntax to your config, 
it's possible that your config isn't being loaded.
You can re-run Babel with the BABEL_SHOW_CONFIG_FOR environment 
variable to show the loaded configuration:
	npx cross-env BABEL_SHOW_CONFIG_FOR=D:\Smmplan\src\app\admin\em
ployees\page.tsx <your build command>
See https://babeljs.io/docs/configuration#print-effective-config
s for more info.

    at constructor (D:\Smmplan\node_modules\@babel\parser\lib\in
dex.js:365:19)
    at Parser.raise (D:\Smmplan\node_modules\@babel\parser\lib\i
ndex.js:6599:19)
    at Parser.expectOnePlugin (D:\Smmplan\node_modules\@babel\pa
rser\lib\index.js:6633:18)
    at Parser.parseExprAtom (D:\Smmplan\node_modules\@babel\pars
er\lib\index.js:11388:24)
    at Parser.parseExprSubscripts (D:\Smmplan\node_modules\@babe
l\parser\lib\index.js:11071:23)
    at Parser.parseUpdate (D:\Smmplan\node_modules\@babel\parser
\lib\index.js:11056:21)
    at Parser.parseMaybeUnary (D:\Smmplan\node_modules\@babel\pa
rser\lib\index.js:11036:23)
    at Parser.parseMaybeUnaryOrPrivate (D:\Smmplan\node_modules\
@babel\parser\lib\index.js:10889:61)
    at Parser.parseExprOps (D:\Smmplan\node_modules\@babel\parse
r\lib\index.js:10894:23)
    at Parser.parseMaybeConditional (D:\Smmplan\node_modules\@ba
bel\parser\lib\index.js:10871:23)
    at Parser.parseMaybeAssign (D:\Smmplan\node_modules\@babel\p
arser\lib\index.js:10821:21)
    at D:\Smmplan\node_modules\@babel\parser\lib\index.js:10790:
39
    at Parser.allowInAnd (D:\Smmplan\node_modules\@babel\parser\
lib\index.js:12416:12)
    at Parser.parseMaybeAssignAllowIn (D:\Smmplan\node_modules\@
babel\parser\lib\index.js:10790:17)
    at Parser.parseMaybeAssignAllowInOrVoidPattern (D:\Smmplan\n
ode_modules\@babel\parser\lib\index.js:12483:17)
    at Parser.parseParenAndDistinguishExpression (D:\Smmplan\nod
e_modules\@babel\parser\lib\index.js:11665:28)
    at Parser.parseExprAtom (D:\Smmplan\node_modules\@babel\pars
er\lib\index.js:11321:23)
    at Parser.parseExprSubscripts (D:\Smmplan\node_modules\@babe
l\parser\lib\index.js:11071:23)
    at Parser.parseUpdate (D:\Smmplan\node_modules\@babel\parser
\lib\index.js:11056:21)
    at Parser.parseMaybeUnary (D:\Smmplan\node_modules\@babel\pa
rser\lib\index.js:11036:23)
    at Parser.parseMaybeUnaryOrPrivate (D:\Smmplan\node_modules\
@babel\parser\lib\index.js:10889:61)
    at Parser.parseExprOps (D:\Smmplan\node_modules\@babel\parse
r\lib\index.js:10894:23)
    at Parser.parseMaybeConditional (D:\Smmplan\node_modules\@ba
bel\parser\lib\index.js:10871:23)
    at Parser.parseMaybeAssign (D:\Smmplan\node_modules\@babel\p
arser\lib\index.js:10821:21)
    at Parser.parseExpressionBase (D:\Smmplan\node_modules\@babe
l\parser\lib\index.js:10774:23)
    at D:\Smmplan\node_modules\@babel\parser\lib\index.js:10770:
39
    at Parser.allowInAnd (D:\Smmplan\node_modules\@babel\parser\
lib\index.js:12411:16)
    at Parser.parseExpression (D:\Smmplan\node_modules\@babel\pa
rser\lib\index.js:10770:17)
    at Parser.parseReturnStatement (D:\Smmplan\node_modules\@bab
el\parser\lib\index.js:13132:28)
    at Parser.parseStatementContent (D:\Smmplan\node_modules\@ba
bel\parser\lib\index.js:12788:21)
    at Parser.parseStatementLike (D:\Smmplan\node_modules\@babel
\parser\lib\index.js:12757:17)
    at Parser.parseStatementListItem (D:\Smmplan\node_modules\@b
abel\parser\lib\index.js:12737:17)
    at Parser.parseBlockOrModuleBlockBody (D:\Smmplan\node_modul
es\@babel\parser\lib\index.js:13306:61)
    at Parser.parseBlockBody (D:\Smmplan\node_modules\@babel\par
ser\lib\index.js:13299:10)
    at Parser.parseBlock (D:\Smmplan\node_modules\@babel\parser\
lib\index.js:13287:10)
    at Parser.parseFunctionBody (D:\Smmplan\node_modules\@babel\
parser\lib\index.js:12090:24)
    at Parser.parseFunctionBodyAndFinish (D:\Smmplan\node_module
s\@babel\parser\lib\index.js:12076:10)
    at D:\Smmplan\node_modules\@babel\parser\lib\index.js:13435:
12
    at Parser.withSmartMixTopicForbiddingContext (D:\Smmplan\nod
e_modules\@babel\parser\lib\index.js:12393:14)
    at Parser.parseFunction (D:\Smmplan\node_modules\@babel\pars
er\lib\index.js:13434:10)
    at Parser.parseFunctionStatement (D:\Smmplan\node_modules\@b
abel\parser\lib\index.js:13115:17)
    at Parser.parseStatementContent (D:\Smmplan\node_modules\@ba
bel\parser\lib\index.js:12880:25)
    at Parser.parseStatementLike (D:\Smmplan\node_modules\@babel
\parser\lib\index.js:12757:17)
    at Parser.parseModuleItem (D:\Smmplan\node_modules\@babel\pa
rser\lib\index.js:12734:17)
    at Parser.parseBlockOrModuleBlockBody (D:\Smmplan\node_modul
es\@babel\parser\lib\index.js:13306:36)
    at Parser.parseBlockBody (D:\Smmplan\node_modules\@babel\par
ser\lib\index.js:13299:10)
    at Parser.parseProgram (D:\Smmplan\node_modules\@babel\parse
r\lib\index.js:12612:10)
    at Parser.parseTopLevel (D:\Smmplan\node_modules\@babel\pars
er\lib\index.js:12602:25)
    at Parser.parse (D:\Smmplan\node_modules\@babel\parser\lib\i
ndex.js:14478:25)
    at parse (D:\Smmplan\node_modules\@babel\parser\lib\index.js
:14512:38)
Failed to collect coverage from D:\Smmplan\src\app\admin\logs\pa
ge.tsx
ERROR: D:\Smmplan\src\app\admin\logs\page.tsx: Support for the e
xperimental syntax 'jsx' isn't currently enabled (60:13):

[0m [90m 58 |[39m         [36mreturn[39m help[action] [33m
||[39m [32m'╨б╨╕╤Б╤В╨╡╨╝╨╜╨╛╨╡ ╨┤╨╡╨╣╤Б╤В╨▓╨╕╨╡ ╨╕╨╗╨╕ ╨░╤Г╨┤╨
╕╤В.'[39m[33m;[39m
 [90m 59 |[39m     }[33m;[39m
[31m[1m>[22m[39m[90m 60 |[39m     [36mreturn[39m ([33m<
[39m[33mdiv[39m className[33m=[39m[32m"space-y-6"[39m[33
m>[39m
 [90m    |[39m             [31m[1m^[22m[39m
 [90m 61 |[39m       [33m<[39m[33mdiv[39m className[33m=
[39m[32m"flex items-center justify-between"[39m[33m>[39m
 [90m 62 |[39m         [33m<[39m[33mdiv[39m[33m>[39m
 [90m 63 |[39m           [33m<[39m[33mh2[39m className[33
m=[39m[32m"text-2xl font-bold text-slate-800 flex items-center
 gap-3"[39m[33m>[39m[0m

Add @babel/preset-react (https://github.com/babel/babel/tree/mai
n/packages/babel-preset-react) to the 'presets' section of your 
Babel config to enable transformation.
If you want to leave it as-is, add @babel/plugin-syntax-jsx (htt
ps://github.com/babel/babel/tree/main/packages/babel-plugin-synt
ax-jsx) to the 'plugins' section to enable parsing.

If you already added the plugin for this syntax to your config, 
it's possible that your config isn't being loaded.
You can re-run Babel with the BABEL_SHOW_CONFIG_FOR environment 
variable to show the loaded configuration:
	npx cross-env BABEL_SHOW_CONFIG_FOR=D:\Smmplan\src\app\admin\lo
gs\page.tsx <your build command>
See https://babeljs.io/docs/configuration#print-effective-config
s for more info.

STACK: SyntaxError: D:\Smmplan\src\app\admin\logs\page.tsx: Supp
ort for the experimental syntax 'jsx' isn't currently enabled (6
0:13):

[0m [90m 58 |[39m         [36mreturn[39m help[action] [33m
||[39m [32m'╨б╨╕╤Б╤В╨╡╨╝╨╜╨╛╨╡ ╨┤╨╡╨╣╤Б╤В╨▓╨╕╨╡ ╨╕╨╗╨╕ ╨░╤Г╨┤╨
╕╤В.'[39m[33m;[39m
 [90m 59 |[39m     }[33m;[39m
[31m[1m>[22m[39m[90m 60 |[39m     [36mreturn[39m ([33m<
[39m[33mdiv[39m className[33m=[39m[32m"space-y-6"[39m[33
m>[39m
 [90m    |[39m             [31m[1m^[22m[39m
 [90m 61 |[39m       [33m<[39m[33mdiv[39m className[33m=
[39m[32m"flex items-center justify-between"[39m[33m>[39m
 [90m 62 |[39m         [33m<[39m[33mdiv[39m[33m>[39m
 [90m 63 |[39m           [33m<[39m[33mh2[39m className[33
m=[39m[32m"text-2xl font-bold text-slate-800 flex items-center
 gap-3"[39m[33m>[39m[0m

Add @babel/preset-react (https://github.com/babel/babel/tree/mai
n/packages/babel-preset-react) to the 'presets' section of your 
Babel config to enable transformation.
If you want to leave it as-is, add @babel/plugin-syntax-jsx (htt
ps://github.com/babel/babel/tree/main/packages/babel-plugin-synt
ax-jsx) to the 'plugins' section to enable parsing.

If you already added the plugin for this syntax to your config, 
it's possible that your config isn't being loaded.
You can re-run Babel with the BABEL_SHOW_CONFIG_FOR environment 
variable to show the loaded configuration:
	npx cross-env BABEL_SHOW_CONFIG_FOR=D:\Smmplan\src\app\admin\lo
gs\page.tsx <your build command>
See https://babeljs.io/docs/configuration#print-effective-config
s for more info.

    at constructor (D:\Smmplan\node_modules\@babel\parser\lib\in
dex.js:365:19)
    at Parser.raise (D:\Smmplan\node_modules\@babel\parser\lib\i
ndex.js:6599:19)
    at Parser.expectOnePlugin (D:\Smmplan\node_modules\@babel\pa
rser\lib\index.js:6633:18)
    at Parser.parseExprAtom (D:\Smmplan\node_modules\@babel\pars
er\lib\index.js:11388:24)
    at Parser.parseExprSubscripts (D:\Smmplan\node_modules\@babe
l\parser\lib\index.js:11071:23)
    at Parser.parseUpdate (D:\Smmplan\node_modules\@babel\parser
\lib\index.js:11056:21)
    at Parser.parseMaybeUnary (D:\Smmplan\node_modules\@babel\pa
rser\lib\index.js:11036:23)
    at Parser.parseMaybeUnaryOrPrivate (D:\Smmplan\node_modules\
@babel\parser\lib\index.js:10889:61)
    at Parser.parseExprOps (D:\Smmplan\node_modules\@babel\parse
r\lib\index.js:10894:23)
    at Parser.parseMaybeConditional (D:\Smmplan\node_modules\@ba
bel\parser\lib\index.js:10871:23)
    at Parser.parseMaybeAssign (D:\Smmplan\node_modules\@babel\p
arser\lib\index.js:10821:21)
    at D:\Smmplan\node_modules\@babel\parser\lib\index.js:10790:
39
    at Parser.allowInAnd (D:\Smmplan\node_modules\@babel\parser\
lib\index.js:12416:12)
    at Parser.parseMaybeAssignAllowIn (D:\Smmplan\node_modules\@
babel\parser\lib\index.js:10790:17)
    at Parser.parseMaybeAssignAllowInOrVoidPattern (D:\Smmplan\n
ode_modules\@babel\parser\lib\index.js:12483:17)
    at Parser.parseParenAndDistinguishExpression (D:\Smmplan\nod
e_modules\@babel\parser\lib\index.js:11665:28)
    at Parser.parseExprAtom (D:\Smmplan\node_modules\@babel\pars
er\lib\index.js:11321:23)
    at Parser.parseExprSubscripts (D:\Smmplan\node_modules\@babe
l\parser\lib\index.js:11071:23)
    at Parser.parseUpdate (D:\Smmplan\node_modules\@babel\parser
\lib\index.js:11056:21)
    at Parser.parseMaybeUnary (D:\Smmplan\node_modules\@babel\pa
rser\lib\index.js:11036:23)
    at Parser.parseMaybeUnaryOrPrivate (D:\Smmplan\node_modules\
@babel\parser\lib\index.js:10889:61)
    at Parser.parseExprOps (D:\Smmplan\node_modules\@babel\parse
r\lib\index.js:10894:23)
    at Parser.parseMaybeConditional (D:\Smmplan\node_modules\@ba
bel\parser\lib\index.js:10871:23)
    at Parser.parseMaybeAssign (D:\Smmplan\node_modules\@babel\p
arser\lib\index.js:10821:21)
    at Parser.parseExpressionBase (D:\Smmplan\node_modules\@babe
l\parser\lib\index.js:10774:23)
    at D:\Smmplan\node_modules\@babel\parser\lib\index.js:10770:
39
    at Parser.allowInAnd (D:\Smmplan\node_modules\@babel\parser\
lib\index.js:12411:16)
    at Parser.parseExpression (D:\Smmplan\node_modules\@babel\pa
rser\lib\index.js:10770:17)
    at Parser.parseReturnStatement (D:\Smmplan\node_modules\@bab
el\parser\lib\index.js:13132:28)
    at Parser.parseStatementContent (D:\Smmplan\node_modules\@ba
bel\parser\lib\index.js:12788:21)
    at Parser.parseStatementLike (D:\Smmplan\node_modules\@babel
\parser\lib\index.js:12757:17)
    at Parser.parseStatementListItem (D:\Smmplan\node_modules\@b
abel\parser\lib\index.js:12737:17)
    at Parser.parseBlockOrModuleBlockBody (D:\Smmplan\node_modul
es\@babel\parser\lib\index.js:13306:61)
    at Parser.parseBlockBody (D:\Smmplan\node_modules\@babel\par
ser\lib\index.js:13299:10)
    at Parser.parseBlock (D:\Smmplan\node_modules\@babel\parser\
lib\index.js:13287:10)
    at Parser.parseFunctionBody (D:\Smmplan\node_modules\@babel\
parser\lib\index.js:12090:24)
    at Parser.parseFunctionBodyAndFinish (D:\Smmplan\node_module
s\@babel\parser\lib\index.js:12076:10)
    at D:\Smmplan\node_modules\@babel\parser\lib\index.js:13435:
12
    at Parser.withSmartMixTopicForbiddingContext (D:\Smmplan\nod
e_modules\@babel\parser\lib\index.js:12393:14)
    at Parser.parseFunction (D:\Smmplan\node_modules\@babel\pars
er\lib\index.js:13434:10)
    at Parser.parseFunctionStatement (D:\Smmplan\node_modules\@b
abel\parser\lib\index.js:13115:17)
    at Parser.parseStatementContent (D:\Smmplan\node_modules\@ba
bel\parser\lib\index.js:12880:25)
    at Parser.parseStatementLike (D:\Smmplan\node_modules\@babel
\parser\lib\index.js:12757:17)
    at Parser.parseModuleItem (D:\Smmplan\node_modules\@babel\pa
rser\lib\index.js:12734:17)
    at Parser.parseBlockOrModuleBlockBody (D:\Smmplan\node_modul
es\@babel\parser\lib\index.js:13306:36)
    at Parser.parseBlockBody (D:\Smmplan\node_modules\@babel\par
ser\lib\index.js:13299:10)
    at Parser.parseProgram (D:\Smmplan\node_modules\@babel\parse
r\lib\index.js:12612:10)
    at Parser.parseTopLevel (D:\Smmplan\node_modules\@babel\pars
er\lib\index.js:12602:25)
    at Parser.parse (D:\Smmplan\node_modules\@babel\parser\lib\i
ndex.js:14478:25)
    at parse (D:\Smmplan\node_modules\@babel\parser\lib\index.js
:14512:38)
Failed to collect coverage from D:\Smmplan\src\app\admin\news\pa
ge.tsx
ERROR: D:\Smmplan\src\app\admin\news\page.tsx: Support for the e
xperimental syntax 'jsx' isn't currently enabled (27:13):

[0m [90m 25 |[39m         drafts[33m:[39m newsList[33m.[3
9mfilter(n [33m=>[39m [33m![39mn[33m.[39misSent)[33m.[39
mlength
 [90m 26 |[39m     }[33m;[39m
[31m[1m>[22m[39m[90m 27 |[39m     [36mreturn[39m ([33m<
[39m[33mdiv[39m className[33m=[39m[32m"space-y-6"[39m[33
m>[39m
 [90m    |[39m             [31m[1m^[22m[39m
 [90m 28 |[39m       [33m<[39m[33mdiv[39m className[33m=
[39m[32m"flex items-center justify-between"[39m[33m>[39m
 [90m 29 |[39m         [33m<[39m[33mdiv[39m[33m>[39m
 [90m 30 |[39m           [33m<[39m[33mh2[39m className[33
m=[39m[32m"text-2xl font-bold text-slate-800"[39m[33m>[39m
[33m╨Э╨╛╨▓╨╛╤Б╤В╨╕[39m ╨╕ [33m╨а╨░╤Б╤Б╤Л╨╗╨║╨╕[39m[33m<[39m
[33m/[39m[33mh2[39m[33m>[39m[0m

Add @babel/preset-react (https://github.com/babel/babel/tree/mai
n/packages/babel-preset-react) to the 'presets' section of your 
Babel config to enable transformation.
If you want to leave it as-is, add @babel/plugin-syntax-jsx (htt
ps://github.com/babel/babel/tree/main/packages/babel-plugin-synt
ax-jsx) to the 'plugins' section to enable parsing.

If you already added the plugin for this syntax to your config, 
it's possible that your config isn't being loaded.
You can re-run Babel with the BABEL_SHOW_CONFIG_FOR environment 
variable to show the loaded configuration:
	npx cross-env BABEL_SHOW_CONFIG_FOR=D:\Smmplan\src\app\admin\ne
ws\page.tsx <your build command>
See https://babeljs.io/docs/configuration#print-effective-config
s for more info.

STACK: SyntaxError: D:\Smmplan\src\app\admin\news\page.tsx: Supp
ort for the experimental syntax 'jsx' isn't currently enabled (2
7:13):

[0m [90m 25 |[39m         drafts[33m:[39m newsList[33m.[3
9mfilter(n [33m=>[39m [33m![39mn[33m.[39misSent)[33m.[39
mlength
 [90m 26 |[39m     }[33m;[39m
[31m[1m>[22m[39m[90m 27 |[39m     [36mreturn[39m ([33m<
[39m[33mdiv[39m className[33m=[39m[32m"space-y-6"[39m[33
m>[39m
 [90m    |[39m             [31m[1m^[22m[39m
 [90m 28 |[39m       [33m<[39m[33mdiv[39m className[33m=
[39m[32m"flex items-center justify-between"[39m[33m>[39m
 [90m 29 |[39m         [33m<[39m[33mdiv[39m[33m>[39m
 [90m 30 |[39m           [33m<[39m[33mh2[39m className[33
m=[39m[32m"text-2xl font-bold text-slate-800"[39m[33m>[39m
[33m╨Э╨╛╨▓╨╛╤Б╤В╨╕[39m ╨╕ [33m╨а╨░╤Б╤Б╤Л╨╗╨║╨╕[39m[33m<[39m
[33m/[39m[33mh2[39m[33m>[39m[0m

Add @babel/preset-react (https://github.com/babel/babel/tree/mai
n/packages/babel-preset-react) to the 'presets' section of your 
Babel config to enable transformation.
If you want to leave it as-is, add @babel/plugin-syntax-jsx (htt
ps://github.com/babel/babel/tree/main/packages/babel-plugin-synt
ax-jsx) to the 'plugins' section to enable parsing.

If you already added the plugin for this syntax to your config, 
it's possible that your config isn't being loaded.
You can re-run Babel with the BABEL_SHOW_CONFIG_FOR environment 
variable to show the loaded configuration:
	npx cross-env BABEL_SHOW_CONFIG_FOR=D:\Smmplan\src\app\admin\ne
ws\page.tsx <your build command>
See https://babeljs.io/docs/configuration#print-effective-config
s for more info.

    at constructor (D:\Smmplan\node_modules\@babel\parser\lib\in
dex.js:365:19)
    at Parser.raise (D:\Smmplan\node_modules\@babel\parser\lib\i
ndex.js:6599:19)
    at Parser.expectOnePlugin (D:\Smmplan\node_modules\@babel\pa
rser\lib\index.js:6633:18)
    at Parser.parseExprAtom (D:\Smmplan\node_modules\@babel\pars
er\lib\index.js:11388:24)
    at Parser.parseExprSubscripts (D:\Smmplan\node_modules\@babe
l\parser\lib\index.js:11071:23)
    at Parser.parseUpdate (D:\Smmplan\node_modules\@babel\parser
\lib\index.js:11056:21)
    at Parser.parseMaybeUnary (D:\Smmplan\node_modules\@babel\pa
rser\lib\index.js:11036:23)
    at Parser.parseMaybeUnaryOrPrivate (D:\Smmplan\node_modules\
@babel\parser\lib\index.js:10889:61)
    at Parser.parseExprOps (D:\Smmplan\node_modules\@babel\parse
r\lib\index.js:10894:23)
    at Parser.parseMaybeConditional (D:\Smmplan\node_modules\@ba
bel\parser\lib\index.js:10871:23)
    at Parser.parseMaybeAssign (D:\Smmplan\node_modules\@babel\p
arser\lib\index.js:10821:21)
    at D:\Smmplan\node_modules\@babel\parser\lib\index.js:10790:
39
    at Parser.allowInAnd (D:\Smmplan\node_modules\@babel\parser\
lib\index.js:12416:12)
    at Parser.parseMaybeAssignAllowIn (D:\Smmplan\node_modules\@
babel\parser\lib\index.js:10790:17)
    at Parser.parseMaybeAssignAllowInOrVoidPattern (D:\Smmplan\n
ode_modules\@babel\parser\lib\index.js:12483:17)
    at Parser.parseParenAndDistinguishExpression (D:\Smmplan\nod
e_modules\@babel\parser\lib\index.js:11665:28)
    at Parser.parseExprAtom (D:\Smmplan\node_modules\@babel\pars
er\lib\index.js:11321:23)
    at Parser.parseExprSubscripts (D:\Smmplan\node_modules\@babe
l\parser\lib\index.js:11071:23)
    at Parser.parseUpdate (D:\Smmplan\node_modules\@babel\parser
\lib\index.js:11056:21)
    at Parser.parseMaybeUnary (D:\Smmplan\node_modules\@babel\pa
rser\lib\index.js:11036:23)
    at Parser.parseMaybeUnaryOrPrivate (D:\Smmplan\node_modules\
@babel\parser\lib\index.js:10889:61)
    at Parser.parseExprOps (D:\Smmplan\node_modules\@babel\parse
r\lib\index.js:10894:23)
    at Parser.parseMaybeConditional (D:\Smmplan\node_modules\@ba
bel\parser\lib\index.js:10871:23)
    at Parser.parseMaybeAssign (D:\Smmplan\node_modules\@babel\p
arser\lib\index.js:10821:21)
    at Parser.parseExpressionBase (D:\Smmplan\node_modules\@babe
l\parser\lib\index.js:10774:23)
    at D:\Smmplan\node_modules\@babel\parser\lib\index.js:10770:
39
    at Parser.allowInAnd (D:\Smmplan\node_modules\@babel\parser\
lib\index.js:12411:16)
    at Parser.parseExpression (D:\Smmplan\node_modules\@babel\pa
rser\lib\index.js:10770:17)
    at Parser.parseReturnStatement (D:\Smmplan\node_modules\@bab
el\parser\lib\index.js:13132:28)
    at Parser.parseStatementContent (D:\Smmplan\node_modules\@ba
bel\parser\lib\index.js:12788:21)
    at Parser.parseStatementLike (D:\Smmplan\node_modules\@babel
\parser\lib\index.js:12757:17)
    at Parser.parseStatementListItem (D:\Smmplan\node_modules\@b
abel\parser\lib\index.js:12737:17)
    at Parser.parseBlockOrModuleBlockBody (D:\Smmplan\node_modul
es\@babel\parser\lib\index.js:13306:61)
    at Parser.parseBlockBody (D:\Smmplan\node_modules\@babel\par
ser\lib\index.js:13299:10)
    at Parser.parseBlock (D:\Smmplan\node_modules\@babel\parser\
lib\index.js:13287:10)
    at Parser.parseFunctionBody (D:\Smmplan\node_modules\@babel\
parser\lib\index.js:12090:24)
    at Parser.parseFunctionBodyAndFinish (D:\Smmplan\node_module
s\@babel\parser\lib\index.js:12076:10)
    at D:\Smmplan\node_modules\@babel\parser\lib\index.js:13435:
12
    at Parser.withSmartMixTopicForbiddingContext (D:\Smmplan\nod
e_modules\@babel\parser\lib\index.js:12393:14)
    at Parser.parseFunction (D:\Smmplan\node_modules\@babel\pars
er\lib\index.js:13434:10)
    at Parser.parseFunctionStatement (D:\Smmplan\node_modules\@b
abel\parser\lib\index.js:13115:17)
    at Parser.parseStatementContent (D:\Smmplan\node_modules\@ba
bel\parser\lib\index.js:12880:25)
    at Parser.parseStatementLike (D:\Smmplan\node_modules\@babel
\parser\lib\index.js:12757:17)
    at Parser.parseModuleItem (D:\Smmplan\node_modules\@babel\pa
rser\lib\index.js:12734:17)
    at Parser.parseBlockOrModuleBlockBody (D:\Smmplan\node_modul
es\@babel\parser\lib\index.js:13306:36)
    at Parser.parseBlockBody (D:\Smmplan\node_modules\@babel\par
ser\lib\index.js:13299:10)
    at Parser.parseProgram (D:\Smmplan\node_modules\@babel\parse
r\lib\index.js:12612:10)
    at Parser.parseTopLevel (D:\Smmplan\node_modules\@babel\pars
er\lib\index.js:12602:25)
    at Parser.parse (D:\Smmplan\node_modules\@babel\parser\lib\i
ndex.js:14478:25)
    at parse (D:\Smmplan\node_modules\@babel\parser\lib\index.js
:14512:38)
Failed to collect coverage from D:\Smmplan\src\app\admin\loyalty
\page.tsx
ERROR: D:\Smmplan\src\app\admin\loyalty\page.tsx: Support for th
e experimental syntax 'jsx' isn't currently enabled (38:13):

[0m [90m 36 |[39m [36masync[39m [36mfunction[39m [33mLoy
altyBuilderPage[39m() {
 [90m 37 |[39m     [36mconst[39m { levels[33m,[39m rules[
33m,[39m stats[33m,[39m loyaltyStats } [33m=[39m [36mawait
[39m getLoyaltyData()[33m;[39m
[31m[1m>[22m[39m[90m 38 |[39m     [36mreturn[39m ([33m<
[39m[33mdiv[39m className[33m=[39m[32m"space-y-8 max-w-6xl
 pb-12"[39m[33m>[39m
 [90m    |[39m             [31m[1m^[22m[39m
 [90m 39 |[39m             [33m<[39m[33mdiv[39m className
[33m=[39m[32m"flex items-center justify-between"[39m[33m>[3
9m
 [90m 40 |[39m                 [33m<[39m[33mdiv[39m[33m>
[39m
 [90m 41 |[39m                     [33m<[39m[33mh2[39m cla
ssName[33m=[39m[32m"text-3xl font-black text-slate-800 flex i
tems-center gap-3 tracking-tight"[39m[33m>[39m[0m

Add @babel/preset-react (https://github.com/babel/babel/tree/mai
n/packages/babel-preset-react) to the 'presets' section of your 
Babel config to enable transformation.
If you want to leave it as-is, add @babel/plugin-syntax-jsx (htt
ps://github.com/babel/babel/tree/main/packages/babel-plugin-synt
ax-jsx) to the 'plugins' section to enable parsing.

If you already added the plugin for this syntax to your config, 
it's possible that your config isn't being loaded.
You can re-run Babel with the BABEL_SHOW_CONFIG_FOR environment 
variable to show the loaded configuration:
	npx cross-env BABEL_SHOW_CONFIG_FOR=D:\Smmplan\src\app\admin\lo
yalty\page.tsx <your build command>
See https://babeljs.io/docs/configuration#print-effective-config
s for more info.

STACK: SyntaxError: D:\Smmplan\src\app\admin\loyalty\page.tsx: S
upport for the experimental syntax 'jsx' isn't currently enabled
 (38:13):

[0m [90m 36 |[39m [36masync[39m [36mfunction[39m [33mLoy
altyBuilderPage[39m() {
 [90m 37 |[39m     [36mconst[39m { levels[33m,[39m rules[
33m,[39m stats[33m,[39m loyaltyStats } [33m=[39m [36mawait
[39m getLoyaltyData()[33m;[39m
[31m[1m>[22m[39m[90m 38 |[39m     [36mreturn[39m ([33m<
[39m[33mdiv[39m className[33m=[39m[32m"space-y-8 max-w-6xl
 pb-12"[39m[33m>[39m
 [90m    |[39m             [31m[1m^[22m[39m
 [90m 39 |[39m             [33m<[39m[33mdiv[39m className
[33m=[39m[32m"flex items-center justify-between"[39m[33m>[3
9m
 [90m 40 |[39m                 [33m<[39m[33mdiv[39m[33m>
[39m
 [90m 41 |[39m                     [33m<[39m[33mh2[39m cla
ssName[33m=[39m[32m"text-3xl font-black text-slate-800 flex i
tems-center gap-3 tracking-tight"[39m[33m>[39m[0m

Add @babel/preset-react (https://github.com/babel/babel/tree/mai
n/packages/babel-preset-react) to the 'presets' section of your 
Babel config to enable transformation.
If you want to leave it as-is, add @babel/plugin-syntax-jsx (htt
ps://github.com/babel/babel/tree/main/packages/babel-plugin-synt
ax-jsx) to the 'plugins' section to enable parsing.

If you already added the plugin for this syntax to your config, 
it's possible that your config isn't being loaded.
You can re-run Babel with the BABEL_SHOW_CONFIG_FOR environment 
variable to show the loaded configuration:
	npx cross-env BABEL_SHOW_CONFIG_FOR=D:\Smmplan\src\app\admin\lo
yalty\page.tsx <your build command>
See https://babeljs.io/docs/configuration#print-effective-config
s for more info.

    at constructor (D:\Smmplan\node_modules\@babel\parser\lib\in
dex.js:365:19)
    at Parser.raise (D:\Smmplan\node_modules\@babel\parser\lib\i
ndex.js:6599:19)
    at Parser.expectOnePlugin (D:\Smmplan\node_modules\@babel\pa
rser\lib\index.js:6633:18)
    at Parser.parseExprAtom (D:\Smmplan\node_modules\@babel\pars
er\lib\index.js:11388:24)
    at Parser.parseExprSubscripts (D:\Smmplan\node_modules\@babe
l\parser\lib\index.js:11071:23)
    at Parser.parseUpdate (D:\Smmplan\node_modules\@babel\parser
\lib\index.js:11056:21)
    at Parser.parseMaybeUnary (D:\Smmplan\node_modules\@babel\pa
rser\lib\index.js:11036:23)
    at Parser.parseMaybeUnaryOrPrivate (D:\Smmplan\node_modules\
@babel\parser\lib\index.js:10889:61)
    at Parser.parseExprOps (D:\Smmplan\node_modules\@babel\parse
r\lib\index.js:10894:23)
    at Parser.parseMaybeConditional (D:\Smmplan\node_modules\@ba
bel\parser\lib\index.js:10871:23)
    at Parser.parseMaybeAssign (D:\Smmplan\node_modules\@babel\p
arser\lib\index.js:10821:21)
    at D:\Smmplan\node_modules\@babel\parser\lib\index.js:10790:
39
    at Parser.allowInAnd (D:\Smmplan\node_modules\@babel\parser\
lib\index.js:12416:12)
    at Parser.parseMaybeAssignAllowIn (D:\Smmplan\node_modules\@
babel\parser\lib\index.js:10790:17)
    at Parser.parseMaybeAssignAllowInOrVoidPattern (D:\Smmplan\n
ode_modules\@babel\parser\lib\index.js:12483:17)
    at Parser.parseParenAndDistinguishExpression (D:\Smmplan\nod
e_modules\@babel\parser\lib\index.js:11665:28)
    at Parser.parseExprAtom (D:\Smmplan\node_modules\@babel\pars
er\lib\index.js:11321:23)
    at Parser.parseExprSubscripts (D:\Smmplan\node_modules\@babe
l\parser\lib\index.js:11071:23)
    at Parser.parseUpdate (D:\Smmplan\node_modules\@babel\parser
\lib\index.js:11056:21)
    at Parser.parseMaybeUnary (D:\Smmplan\node_modules\@babel\pa
rser\lib\index.js:11036:23)
    at Parser.parseMaybeUnaryOrPrivate (D:\Smmplan\node_modules\
@babel\parser\lib\index.js:10889:61)
    at Parser.parseExprOps (D:\Smmplan\node_modules\@babel\parse
r\lib\index.js:10894:23)
    at Parser.parseMaybeConditional (D:\Smmplan\node_modules\@ba
bel\parser\lib\index.js:10871:23)
    at Parser.parseMaybeAssign (D:\Smmplan\node_modules\@babel\p
arser\lib\index.js:10821:21)
    at Parser.parseExpressionBase (D:\Smmplan\node_modules\@babe
l\parser\lib\index.js:10774:23)
    at D:\Smmplan\node_modules\@babel\parser\lib\index.js:10770:
39
    at Parser.allowInAnd (D:\Smmplan\node_modules\@babel\parser\
lib\index.js:12411:16)
    at Parser.parseExpression (D:\Smmplan\node_modules\@babel\pa
rser\lib\index.js:10770:17)
    at Parser.parseReturnStatement (D:\Smmplan\node_modules\@bab
el\parser\lib\index.js:13132:28)
    at Parser.parseStatementContent (D:\Smmplan\node_modules\@ba
bel\parser\lib\index.js:12788:21)
    at Parser.parseStatementLike (D:\Smmplan\node_modules\@babel
\parser\lib\index.js:12757:17)
    at Parser.parseStatementListItem (D:\Smmplan\node_modules\@b
abel\parser\lib\index.js:12737:17)
    at Parser.parseBlockOrModuleBlockBody (D:\Smmplan\node_modul
es\@babel\parser\lib\index.js:13306:61)
    at Parser.parseBlockBody (D:\Smmplan\node_modules\@babel\par
ser\lib\index.js:13299:10)
    at Parser.parseBlock (D:\Smmplan\node_modules\@babel\parser\
lib\index.js:13287:10)
    at Parser.parseFunctionBody (D:\Smmplan\node_modules\@babel\
parser\lib\index.js:12090:24)
    at Parser.parseFunctionBodyAndFinish (D:\Smmplan\node_module
s\@babel\parser\lib\index.js:12076:10)
    at D:\Smmplan\node_modules\@babel\parser\lib\index.js:13435:
12
    at Parser.withSmartMixTopicForbiddingContext (D:\Smmplan\nod
e_modules\@babel\parser\lib\index.js:12393:14)
    at Parser.parseFunction (D:\Smmplan\node_modules\@babel\pars
er\lib\index.js:13434:10)
    at Parser.parseFunctionStatement (D:\Smmplan\node_modules\@b
abel\parser\lib\index.js:13115:17)
    at Parser.parseStatementContent (D:\Smmplan\node_modules\@ba
bel\parser\lib\index.js:12880:25)
    at Parser.parseStatementLike (D:\Smmplan\node_modules\@babel
\parser\lib\index.js:12757:17)
    at Parser.parseModuleItem (D:\Smmplan\node_modules\@babel\pa
rser\lib\index.js:12734:17)
    at Parser.parseBlockOrModuleBlockBody (D:\Smmplan\node_modul
es\@babel\parser\lib\index.js:13306:36)
    at Parser.parseBlockBody (D:\Smmplan\node_modules\@babel\par
ser\lib\index.js:13299:10)
    at Parser.parseProgram (D:\Smmplan\node_modules\@babel\parse
r\lib\index.js:12612:10)
    at Parser.parseTopLevel (D:\Smmplan\node_modules\@babel\pars
er\lib\index.js:12602:25)
    at Parser.parse (D:\Smmplan\node_modules\@babel\parser\lib\i
ndex.js:14478:25)
    at parse (D:\Smmplan\node_modules\@babel\parser\lib\index.js
:14512:38)
Failed to collect coverage from D:\Smmplan\src\app\admin\project
s\page.tsx
ERROR: D:\Smmplan\src\app\admin\projects\page.tsx: Support for t
he experimental syntax 'jsx' isn't currently enabled (31:13):

[0m [90m 29 |[39m         orderBy[33m:[39m { createdAt[33m
:[39m [32m'desc'[39m }
 [90m 30 |[39m     })[33m;[39m
[31m[1m>[22m[39m[90m 31 |[39m     [36mreturn[39m ([33m<
[39m[33mdiv[39m className[33m=[39m[32m"p-6 space-y-6"[39m
[33m>[39m
 [90m    |[39m             [31m[1m^[22m[39m
 [90m 32 |[39m       [33m<[39m[33mdiv[39m className[33m=
[39m[32m"flex justify-between items-center"[39m[33m>[39m
 [90m 33 |[39m         [33m<[39m[33mdiv[39m[33m>[39m
 [90m 34 |[39m           [33m<[39m[33mh1[39m className[33
m=[39m[32m"text-2xl font-bold tracking-tight uppercase italic 
font-black"[39m[33m>[39m[33m╨г╨┐╤А╨░╨▓╨╗╨╡╨╜╨╕╨╡[39m ╨┐╨╗╨░
╤В╤Д╨╛╤А╨╝╨░╨╝╨╕[33m<[39m[33m/[39m[33mh1[39m[33m>[39m[0
m

Add @babel/preset-react (https://github.com/babel/babel/tree/mai
n/packages/babel-preset-react) to the 'presets' section of your 
Babel config to enable transformation.
If you want to leave it as-is, add @babel/plugin-syntax-jsx (htt
ps://github.com/babel/babel/tree/main/packages/babel-plugin-synt
ax-jsx) to the 'plugins' section to enable parsing.

If you already added the plugin for this syntax to your config, 
it's possible that your config isn't being loaded.
You can re-run Babel with the BABEL_SHOW_CONFIG_FOR environment 
variable to show the loaded configuration:
	npx cross-env BABEL_SHOW_CONFIG_FOR=D:\Smmplan\src\app\admin\pr
ojects\page.tsx <your build command>
See https://babeljs.io/docs/configuration#print-effective-config
s for more info.

STACK: SyntaxError: D:\Smmplan\src\app\admin\projects\page.tsx: 
Support for the experimental syntax 'jsx' isn't currently enable
d (31:13):

[0m [90m 29 |[39m         orderBy[33m:[39m { createdAt[33m
:[39m [32m'desc'[39m }
 [90m 30 |[39m     })[33m;[39m
[31m[1m>[22m[39m[90m 31 |[39m     [36mreturn[39m ([33m<
[39m[33mdiv[39m className[33m=[39m[32m"p-6 space-y-6"[39m
[33m>[39m
 [90m    |[39m             [31m[1m^[22m[39m
 [90m 32 |[39m       [33m<[39m[33mdiv[39m className[33m=
[39m[32m"flex justify-between items-center"[39m[33m>[39m
 [90m 33 |[39m         [33m<[39m[33mdiv[39m[33m>[39m
 [90m 34 |[39m           [33m<[39m[33mh1[39m className[33
m=[39m[32m"text-2xl font-bold tracking-tight uppercase italic 
font-black"[39m[33m>[39m[33m╨г╨┐╤А╨░╨▓╨╗╨╡╨╜╨╕╨╡[39m ╨┐╨╗╨░
╤В╤Д╨╛╤А╨╝╨░╨╝╨╕[33m<[39m[33m/[39m[33mh1[39m[33m>[39m[0
m

Add @babel/preset-react (https://github.com/babel/babel/tree/mai
n/packages/babel-preset-react) to the 'presets' section of your 
Babel config to enable transformation.
If you want to leave it as-is, add @babel/plugin-syntax-jsx (htt
ps://github.com/babel/babel/tree/main/packages/babel-plugin-synt
ax-jsx) to the 'plugins' section to enable parsing.

If you already added the plugin for this syntax to your config, 
it's possible that your config isn't being loaded.
You can re-run Babel with the BABEL_SHOW_CONFIG_FOR environment 
variable to show the loaded configuration:
	npx cross-env BABEL_SHOW_CONFIG_FOR=D:\Smmplan\src\app\admin\pr
ojects\page.tsx <your build command>
See https://babeljs.io/docs/configuration#print-effective-config
s for more info.

    at constructor (D:\Smmplan\node_modules\@babel\parser\lib\in
dex.js:365:19)
    at Parser.raise (D:\Smmplan\node_modules\@babel\parser\lib\i
ndex.js:6599:19)
    at Parser.expectOnePlugin (D:\Smmplan\node_modules\@babel\pa
rser\lib\index.js:6633:18)
    at Parser.parseExprAtom (D:\Smmplan\node_modules\@babel\pars
er\lib\index.js:11388:24)
    at Parser.parseExprSubscripts (D:\Smmplan\node_modules\@babe
l\parser\lib\index.js:11071:23)
    at Parser.parseUpdate (D:\Smmplan\node_modules\@babel\parser
\lib\index.js:11056:21)
    at Parser.parseMaybeUnary (D:\Smmplan\node_modules\@babel\pa
rser\lib\index.js:11036:23)
    at Parser.parseMaybeUnaryOrPrivate (D:\Smmplan\node_modules\
@babel\parser\lib\index.js:10889:61)
    at Parser.parseExprOps (D:\Smmplan\node_modules\@babel\parse
r\lib\index.js:10894:23)
    at Parser.parseMaybeConditional (D:\Smmplan\node_modules\@ba
bel\parser\lib\index.js:10871:23)
    at Parser.parseMaybeAssign (D:\Smmplan\node_modules\@babel\p
arser\lib\index.js:10821:21)
    at D:\Smmplan\node_modules\@babel\parser\lib\index.js:10790:
39
    at Parser.allowInAnd (D:\Smmplan\node_modules\@babel\parser\
lib\index.js:12416:12)
    at Parser.parseMaybeAssignAllowIn (D:\Smmplan\node_modules\@
babel\parser\lib\index.js:10790:17)
    at Parser.parseMaybeAssignAllowInOrVoidPattern (D:\Smmplan\n
ode_modules\@babel\parser\lib\index.js:12483:17)
    at Parser.parseParenAndDistinguishExpression (D:\Smmplan\nod
e_modules\@babel\parser\lib\index.js:11665:28)
    at Parser.parseExprAtom (D:\Smmplan\node_modules\@babel\pars
er\lib\index.js:11321:23)
    at Parser.parseExprSubscripts (D:\Smmplan\node_modules\@babe
l\parser\lib\index.js:11071:23)
    at Parser.parseUpdate (D:\Smmplan\node_modules\@babel\parser
\lib\index.js:11056:21)
    at Parser.parseMaybeUnary (D:\Smmplan\node_modules\@babel\pa
rser\lib\index.js:11036:23)
    at Parser.parseMaybeUnaryOrPrivate (D:\Smmplan\node_modules\
@babel\parser\lib\index.js:10889:61)
    at Parser.parseExprOps (D:\Smmplan\node_modules\@babel\parse
r\lib\index.js:10894:23)
    at Parser.parseMaybeConditional (D:\Smmplan\node_modules\@ba
bel\parser\lib\index.js:10871:23)
    at Parser.parseMaybeAssign (D:\Smmplan\node_modules\@babel\p
arser\lib\index.js:10821:21)
    at Parser.parseExpressionBase (D:\Smmplan\node_modules\@babe
l\parser\lib\index.js:10774:23)
    at D:\Smmplan\node_modules\@babel\parser\lib\index.js:10770:
39
    at Parser.allowInAnd (D:\Smmplan\node_modules\@babel\parser\
lib\index.js:12411:16)
    at Parser.parseExpression (D:\Smmplan\node_modules\@babel\pa
rser\lib\index.js:10770:17)
    at Parser.parseReturnStatement (D:\Smmplan\node_modules\@bab
el\parser\lib\index.js:13132:28)
    at Parser.parseStatementContent (D:\Smmplan\node_modules\@ba
bel\parser\lib\index.js:12788:21)
    at Parser.parseStatementLike (D:\Smmplan\node_modules\@babel
\parser\lib\index.js:12757:17)
    at Parser.parseStatementListItem (D:\Smmplan\node_modules\@b
abel\parser\lib\index.js:12737:17)
    at Parser.parseBlockOrModuleBlockBody (D:\Smmplan\node_modul
es\@babel\parser\lib\index.js:13306:61)
    at Parser.parseBlockBody (D:\Smmplan\node_modules\@babel\par
ser\lib\index.js:13299:10)
    at Parser.parseBlock (D:\Smmplan\node_modules\@babel\parser\
lib\index.js:13287:10)
    at Parser.parseFunctionBody (D:\Smmplan\node_modules\@babel\
parser\lib\index.js:12090:24)
    at Parser.parseFunctionBodyAndFinish (D:\Smmplan\node_module
s\@babel\parser\lib\index.js:12076:10)
    at D:\Smmplan\node_modules\@babel\parser\lib\index.js:13435:
12
    at Parser.withSmartMixTopicForbiddingContext (D:\Smmplan\nod
e_modules\@babel\parser\lib\index.js:12393:14)
    at Parser.parseFunction (D:\Smmplan\node_modules\@babel\pars
er\lib\index.js:13434:10)
    at Parser.parseFunctionStatement (D:\Smmplan\node_modules\@b
abel\parser\lib\index.js:13115:17)
    at Parser.parseStatementContent (D:\Smmplan\node_modules\@ba
bel\parser\lib\index.js:12880:25)
    at Parser.parseStatementLike (D:\Smmplan\node_modules\@babel
\parser\lib\index.js:12757:17)
    at Parser.parseModuleItem (D:\Smmplan\node_modules\@babel\pa
rser\lib\index.js:12734:17)
    at Parser.parseBlockOrModuleBlockBody (D:\Smmplan\node_modul
es\@babel\parser\lib\index.js:13306:36)
    at Parser.parseBlockBody (D:\Smmplan\node_modules\@babel\par
ser\lib\index.js:13299:10)
    at Parser.parseProgram (D:\Smmplan\node_modules\@babel\parse
r\lib\index.js:12612:10)
    at Parser.parseTopLevel (D:\Smmplan\node_modules\@babel\pars
er\lib\index.js:12602:25)
    at Parser.parse (D:\Smmplan\node_modules\@babel\parser\lib\i
ndex.js:14478:25)
    at parse (D:\Smmplan\node_modules\@babel\parser\lib\index.js
:14512:38)
Failed to collect coverage from D:\Smmplan\src\app\admin\login\p
age.tsx
ERROR: D:\Smmplan\src\app\admin\login\page.tsx: Support for the 
experimental syntax 'jsx' isn't currently enabled (174:13):

[0m [90m 172 |[39m         }
 [90m 173 |[39m     }[33m;[39m
[31m[1m>[22m[39m[90m 174 |[39m     [36mreturn[39m ([33m
<[39m[33mdiv[39m className[33m=[39m[32m"min-h-screen bg-sl
ate-950 flex flex-col items-center justify-center p-4 font-sans"
[39m[33m>[39m
 [90m     |[39m             [31m[1m^[22m[39m
 [90m 175 |[39m       [33m<[39m[33mdiv[39m className[33m=
[39m[32m"w-full max-w-md bg-slate-900 border border-slate-800 
rounded-[2.5rem] p-8 shadow-2xl space-y-8"[39m[33m>[39m
 [90m 176 |[39m         [33m<[39m[33mdiv[39m className[33
m=[39m[32m"text-center space-y-2"[39m[33m>[39m
 [90m 177 |[39m           [33m<[39m[33mdiv[39m className[
33m=[39m[32m"w-16 h-16 bg-blue-600/20 text-blue-500 rounded-2x
l flex items-center justify-center mx-auto mb-4"[39m[33m>[39m
[0m

Add @babel/preset-react (https://github.com/babel/babel/tree/mai
n/packages/babel-preset-react) to the 'presets' section of your 
Babel config to enable transformation.
If you want to leave it as-is, add @babel/plugin-syntax-jsx (htt
ps://github.com/babel/babel/tree/main/packages/babel-plugin-synt
ax-jsx) to the 'plugins' section to enable parsing.

If you already added the plugin for this syntax to your config, 
it's possible that your config isn't being loaded.
You can re-run Babel with the BABEL_SHOW_CONFIG_FOR environment 
variable to show the loaded configuration:
	npx cross-env BABEL_SHOW_CONFIG_FOR=D:\Smmplan\src\app\admin\lo
gin\page.tsx <your build command>
See https://babeljs.io/docs/configuration#print-effective-config
s for more info.

STACK: SyntaxError: D:\Smmplan\src\app\admin\login\page.tsx: Sup
port for the experimental syntax 'jsx' isn't currently enabled (
174:13):

[0m [90m 172 |[39m         }
 [90m 173 |[39m     }[33m;[39m
[31m[1m>[22m[39m[90m 174 |[39m     [36mreturn[39m ([33m
<[39m[33mdiv[39m className[33m=[39m[32m"min-h-screen bg-sl
ate-950 flex flex-col items-center justify-center p-4 font-sans"
[39m[33m>[39m
 [90m     |[39m             [31m[1m^[22m[39m
 [90m 175 |[39m       [33m<[39m[33mdiv[39m className[33m=
[39m[32m"w-full max-w-md bg-slate-900 border border-slate-800 
rounded-[2.5rem] p-8 shadow-2xl space-y-8"[39m[33m>[39m
 [90m 176 |[39m         [33m<[39m[33mdiv[39m className[33
m=[39m[32m"text-center space-y-2"[39m[33m>[39m
 [90m 177 |[39m           [33m<[39m[33mdiv[39m className[
33m=[39m[32m"w-16 h-16 bg-blue-600/20 text-blue-500 rounded-2x
l flex items-center justify-center mx-auto mb-4"[39m[33m>[39m
[0m

Add @babel/preset-react (https://github.com/babel/babel/tree/mai
n/packages/babel-preset-react) to the 'presets' section of your 
Babel config to enable transformation.
If you want to leave it as-is, add @babel/plugin-syntax-jsx (htt
ps://github.com/babel/babel/tree/main/packages/babel-plugin-synt
ax-jsx) to the 'plugins' section to enable parsing.

If you already added the plugin for this syntax to your config, 
it's possible that your config isn't being loaded.
You can re-run Babel with the BABEL_SHOW_CONFIG_FOR environment 
variable to show the loaded configuration:
	npx cross-env BABEL_SHOW_CONFIG_FOR=D:\Smmplan\src\app\admin\lo
gin\page.tsx <your build command>
See https://babeljs.io/docs/configuration#print-effective-config
s for more info.

    at constructor (D:\Smmplan\node_modules\@babel\parser\lib\in
dex.js:365:19)
    at Parser.raise (D:\Smmplan\node_modules\@babel\parser\lib\i
ndex.js:6599:19)
    at Parser.expectOnePlugin (D:\Smmplan\node_modules\@babel\pa
rser\lib\index.js:6633:18)
    at Parser.parseExprAtom (D:\Smmplan\node_modules\@babel\pars
er\lib\index.js:11388:24)
    at Parser.parseExprSubscripts (D:\Smmplan\node_modules\@babe
l\parser\lib\index.js:11071:23)
    at Parser.parseUpdate (D:\Smmplan\node_modules\@babel\parser
\lib\index.js:11056:21)
    at Parser.parseMaybeUnary (D:\Smmplan\node_modules\@babel\pa
rser\lib\index.js:11036:23)
    at Parser.parseMaybeUnaryOrPrivate (D:\Smmplan\node_modules\
@babel\parser\lib\index.js:10889:61)
    at Parser.parseExprOps (D:\Smmplan\node_modules\@babel\parse
r\lib\index.js:10894:23)
    at Parser.parseMaybeConditional (D:\Smmplan\node_modules\@ba
bel\parser\lib\index.js:10871:23)
    at Parser.parseMaybeAssign (D:\Smmplan\node_modules\@babel\p
arser\lib\index.js:10821:21)
    at D:\Smmplan\node_modules\@babel\parser\lib\index.js:10790:
39
    at Parser.allowInAnd (D:\Smmplan\node_modules\@babel\parser\
lib\index.js:12416:12)
    at Parser.parseMaybeAssignAllowIn (D:\Smmplan\node_modules\@
babel\parser\lib\index.js:10790:17)
    at Parser.parseMaybeAssignAllowInOrVoidPattern (D:\Smmplan\n
ode_modules\@babel\parser\lib\index.js:12483:17)
    at Parser.parseParenAndDistinguishExpression (D:\Smmplan\nod
e_modules\@babel\parser\lib\index.js:11665:28)
    at Parser.parseExprAtom (D:\Smmplan\node_modules\@babel\pars
er\lib\index.js:11321:23)
    at Parser.parseExprSubscripts (D:\Smmplan\node_modules\@babe
l\parser\lib\index.js:11071:23)
    at Parser.parseUpdate (D:\Smmplan\node_modules\@babel\parser
\lib\index.js:11056:21)
    at Parser.parseMaybeUnary (D:\Smmplan\node_modules\@babel\pa
rser\lib\index.js:11036:23)
    at Parser.parseMaybeUnaryOrPrivate (D:\Smmplan\node_modules\
@babel\parser\lib\index.js:10889:61)
    at Parser.parseExprOps (D:\Smmplan\node_modules\@babel\parse
r\lib\index.js:10894:23)
    at Parser.parseMaybeConditional (D:\Smmplan\node_modules\@ba
bel\parser\lib\index.js:10871:23)
    at Parser.parseMaybeAssign (D:\Smmplan\node_modules\@babel\p
arser\lib\index.js:10821:21)
    at Parser.parseExpressionBase (D:\Smmplan\node_modules\@babe
l\parser\lib\index.js:10774:23)
    at D:\Smmplan\node_modules\@babel\parser\lib\index.js:10770:
39
    at Parser.allowInAnd (D:\Smmplan\node_modules\@babel\parser\
lib\index.js:12411:16)
    at Parser.parseExpression (D:\Smmplan\node_modules\@babel\pa
rser\lib\index.js:10770:17)
    at Parser.parseReturnStatement (D:\Smmplan\node_modules\@bab
el\parser\lib\index.js:13132:28)
    at Parser.parseStatementContent (D:\Smmplan\node_modules\@ba
bel\parser\lib\index.js:12788:21)
    at Parser.parseStatementLike (D:\Smmplan\node_modules\@babel
\parser\lib\index.js:12757:17)
    at Parser.parseStatementListItem (D:\Smmplan\node_modules\@b
abel\parser\lib\index.js:12737:17)
    at Parser.parseBlockOrModuleBlockBody (D:\Smmplan\node_modul
es\@babel\parser\lib\index.js:13306:61)
    at Parser.parseBlockBody (D:\Smmplan\node_modules\@babel\par
ser\lib\index.js:13299:10)
    at Parser.parseBlock (D:\Smmplan\node_modules\@babel\parser\
lib\index.js:13287:10)
    at Parser.parseFunctionBody (D:\Smmplan\node_modules\@babel\
parser\lib\index.js:12090:24)
    at Parser.parseFunctionBodyAndFinish (D:\Smmplan\node_module
s\@babel\parser\lib\index.js:12076:10)
    at D:\Smmplan\node_modules\@babel\parser\lib\index.js:13435:
12
    at Parser.withSmartMixTopicForbiddingContext (D:\Smmplan\nod
e_modules\@babel\parser\lib\index.js:12393:14)
    at Parser.parseFunction (D:\Smmplan\node_modules\@babel\pars
er\lib\index.js:13434:10)
    at Parser.parseFunctionStatement (D:\Smmplan\node_modules\@b
abel\parser\lib\index.js:13115:17)
    at Parser.parseStatementContent (D:\Smmplan\node_modules\@ba
bel\parser\lib\index.js:12781:21)
    at Parser.parseStatementLike (D:\Smmplan\node_modules\@babel
\parser\lib\index.js:12757:17)
    at Parser.parseModuleItem (D:\Smmplan\node_modules\@babel\pa
rser\lib\index.js:12734:17)
    at Parser.parseBlockOrModuleBlockBody (D:\Smmplan\node_modul
es\@babel\parser\lib\index.js:13306:36)
    at Parser.parseBlockBody (D:\Smmplan\node_modules\@babel\par
ser\lib\index.js:13299:10)
    at Parser.parseProgram (D:\Smmplan\node_modules\@babel\parse
r\lib\index.js:12612:10)
    at Parser.parseTopLevel (D:\Smmplan\node_modules\@babel\pars
er\lib\index.js:12602:25)
    at Parser.parse (D:\Smmplan\node_modules\@babel\parser\lib\i
ndex.js:14478:25)
    at parse (D:\Smmplan\node_modules\@babel\parser\lib\index.js
:14512:38)
Failed to collect coverage from D:\Smmplan\src\app\admin\orders\
page.tsx
ERROR: D:\Smmplan\src\app\admin\orders\page.tsx: Support for the
 experimental syntax 'jsx' isn't currently enabled (103:13):

[0m [90m 101 |[39m         groupedOrders[date][33m.[39mpush
(order)[33m;[39m
 [90m 102 |[39m     })[33m;[39m
[31m[1m>[22m[39m[90m 103 |[39m     [36mreturn[39m ([33m
<[39m[33mdiv[39m className[33m=[39m[32m"space-y-6"[39m[3
3m>[39m
 [90m     |[39m             [31m[1m^[22m[39m
 [90m 104 |[39m       [33m<[39m[33mdiv[39m className[33m=
[39m[32m"flex items-center justify-between"[39m[33m>[39m
 [90m 105 |[39m         [33m<[39m[33mdiv[39m[33m>[39m
 [90m 106 |[39m           [33m<[39m[33mh2[39m className[3
3m=[39m[32m"text-2xl font-bold text-slate-800 tracking-tight i
talic uppercase"[39m[33m>[39m[33mOrders[39m [33mPipeline[
39m[33m<[39m[33m/[39m[33mh2[39m[33m>[39m[0m

Add @babel/preset-react (https://github.com/babel/babel/tree/mai
n/packages/babel-preset-react) to the 'presets' section of your 
Babel config to enable transformation.
If you want to leave it as-is, add @babel/plugin-syntax-jsx (htt
ps://github.com/babel/babel/tree/main/packages/babel-plugin-synt
ax-jsx) to the 'plugins' section to enable parsing.

If you already added the plugin for this syntax to your config, 
it's possible that your config isn't being loaded.
You can re-run Babel with the BABEL_SHOW_CONFIG_FOR environment 
variable to show the loaded configuration:
	npx cross-env BABEL_SHOW_CONFIG_FOR=D:\Smmplan\src\app\admin\or
ders\page.tsx <your build command>
See https://babeljs.io/docs/configuration#print-effective-config
s for more info.

STACK: SyntaxError: D:\Smmplan\src\app\admin\orders\page.tsx: Su
pport for the experimental syntax 'jsx' isn't currently enabled 
(103:13):

[0m [90m 101 |[39m         groupedOrders[date][33m.[39mpush
(order)[33m;[39m
 [90m 102 |[39m     })[33m;[39m
[31m[1m>[22m[39m[90m 103 |[39m     [36mreturn[39m ([33m
<[39m[33mdiv[39m className[33m=[39m[32m"space-y-6"[39m[3
3m>[39m
 [90m     |[39m             [31m[1m^[22m[39m
 [90m 104 |[39m       [33m<[39m[33mdiv[39m className[33m=
[39m[32m"flex items-center justify-between"[39m[33m>[39m
 [90m 105 |[39m         [33m<[39m[33mdiv[39m[33m>[39m
 [90m 106 |[39m           [33m<[39m[33mh2[39m className[3
3m=[39m[32m"text-2xl font-bold text-slate-800 tracking-tight i
talic uppercase"[39m[33m>[39m[33mOrders[39m [33mPipeline[
39m[33m<[39m[33m/[39m[33mh2[39m[33m>[39m[0m

Add @babel/preset-react (https://github.com/babel/babel/tree/mai
n/packages/babel-preset-react) to the 'presets' section of your 
Babel config to enable transformation.
If you want to leave it as-is, add @babel/plugin-syntax-jsx (htt
ps://github.com/babel/babel/tree/main/packages/babel-plugin-synt
ax-jsx) to the 'plugins' section to enable parsing.

If you already added the plugin for this syntax to your config, 
it's possible that your config isn't being loaded.
You can re-run Babel with the BABEL_SHOW_CONFIG_FOR environment 
variable to show the loaded configuration:
	npx cross-env BABEL_SHOW_CONFIG_FOR=D:\Smmplan\src\app\admin\or
ders\page.tsx <your build command>
See https://babeljs.io/docs/configuration#print-effective-config
s for more info.

    at constructor (D:\Smmplan\node_modules\@babel\parser\lib\in
dex.js:365:19)
    at Parser.raise (D:\Smmplan\node_modules\@babel\parser\lib\i
ndex.js:6599:19)
    at Parser.expectOnePlugin (D:\Smmplan\node_modules\@babel\pa
rser\lib\index.js:6633:18)
    at Parser.parseExprAtom (D:\Smmplan\node_modules\@babel\pars
er\lib\index.js:11388:24)
    at Parser.parseExprSubscripts (D:\Smmplan\node_modules\@babe
l\parser\lib\index.js:11071:23)
    at Parser.parseUpdate (D:\Smmplan\node_modules\@babel\parser
\lib\index.js:11056:21)
    at Parser.parseMaybeUnary (D:\Smmplan\node_modules\@babel\pa
rser\lib\index.js:11036:23)
    at Parser.parseMaybeUnaryOrPrivate (D:\Smmplan\node_modules\
@babel\parser\lib\index.js:10889:61)
    at Parser.parseExprOps (D:\Smmplan\node_modules\@babel\parse
r\lib\index.js:10894:23)
    at Parser.parseMaybeConditional (D:\Smmplan\node_modules\@ba
bel\parser\lib\index.js:10871:23)
    at Parser.parseMaybeAssign (D:\Smmplan\node_modules\@babel\p
arser\lib\index.js:10821:21)
    at D:\Smmplan\node_modules\@babel\parser\lib\index.js:10790:
39
    at Parser.allowInAnd (D:\Smmplan\node_modules\@babel\parser\
lib\index.js:12416:12)
    at Parser.parseMaybeAssignAllowIn (D:\Smmplan\node_modules\@
babel\parser\lib\index.js:10790:17)
    at Parser.parseMaybeAssignAllowInOrVoidPattern (D:\Smmplan\n
ode_modules\@babel\parser\lib\index.js:12483:17)
    at Parser.parseParenAndDistinguishExpression (D:\Smmplan\nod
e_modules\@babel\parser\lib\index.js:11665:28)
    at Parser.parseExprAtom (D:\Smmplan\node_modules\@babel\pars
er\lib\index.js:11321:23)
    at Parser.parseExprSubscripts (D:\Smmplan\node_modules\@babe
l\parser\lib\index.js:11071:23)
    at Parser.parseUpdate (D:\Smmplan\node_modules\@babel\parser
\lib\index.js:11056:21)
    at Parser.parseMaybeUnary (D:\Smmplan\node_modules\@babel\pa
rser\lib\index.js:11036:23)
    at Parser.parseMaybeUnaryOrPrivate (D:\Smmplan\node_modules\
@babel\parser\lib\index.js:10889:61)
    at Parser.parseExprOps (D:\Smmplan\node_modules\@babel\parse
r\lib\index.js:10894:23)
    at Parser.parseMaybeConditional (D:\Smmplan\node_modules\@ba
bel\parser\lib\index.js:10871:23)
    at Parser.parseMaybeAssign (D:\Smmplan\node_modules\@babel\p
arser\lib\index.js:10821:21)
    at Parser.parseExpressionBase (D:\Smmplan\node_modules\@babe
l\parser\lib\index.js:10774:23)
    at D:\Smmplan\node_modules\@babel\parser\lib\index.js:10770:
39
    at Parser.allowInAnd (D:\Smmplan\node_modules\@babel\parser\
lib\index.js:12411:16)
    at Parser.parseExpression (D:\Smmplan\node_modules\@babel\pa
rser\lib\index.js:10770:17)
    at Parser.parseReturnStatement (D:\Smmplan\node_modules\@bab
el\parser\lib\index.js:13132:28)
    at Parser.parseStatementContent (D:\Smmplan\node_modules\@ba
bel\parser\lib\index.js:12788:21)
    at Parser.parseStatementLike (D:\Smmplan\node_modules\@babel
\parser\lib\index.js:12757:17)
    at Parser.parseStatementListItem (D:\Smmplan\node_modules\@b
abel\parser\lib\index.js:12737:17)
    at Parser.parseBlockOrModuleBlockBody (D:\Smmplan\node_modul
es\@babel\parser\lib\index.js:13306:61)
    at Parser.parseBlockBody (D:\Smmplan\node_modules\@babel\par
ser\lib\index.js:13299:10)
    at Parser.parseBlock (D:\Smmplan\node_modules\@babel\parser\
lib\index.js:13287:10)
    at Parser.parseFunctionBody (D:\Smmplan\node_modules\@babel\
parser\lib\index.js:12090:24)
    at Parser.parseFunctionBodyAndFinish (D:\Smmplan\node_module
s\@babel\parser\lib\index.js:12076:10)
    at D:\Smmplan\node_modules\@babel\parser\lib\index.js:13435:
12
    at Parser.withSmartMixTopicForbiddingContext (D:\Smmplan\nod
e_modules\@babel\parser\lib\index.js:12393:14)
    at Parser.parseFunction (D:\Smmplan\node_modules\@babel\pars
er\lib\index.js:13434:10)
    at Parser.parseFunctionStatement (D:\Smmplan\node_modules\@b
abel\parser\lib\index.js:13115:17)
    at Parser.parseStatementContent (D:\Smmplan\node_modules\@ba
bel\parser\lib\index.js:12880:25)
    at Parser.parseStatementLike (D:\Smmplan\node_modules\@babel
\parser\lib\index.js:12757:17)
    at Parser.parseModuleItem (D:\Smmplan\node_modules\@babel\pa
rser\lib\index.js:12734:17)
    at Parser.parseBlockOrModuleBlockBody (D:\Smmplan\node_modul
es\@babel\parser\lib\index.js:13306:36)
    at Parser.parseBlockBody (D:\Smmplan\node_modules\@babel\par
ser\lib\index.js:13299:10)
    at Parser.parseProgram (D:\Smmplan\node_modules\@babel\parse
r\lib\index.js:12612:10)
    at Parser.parseTopLevel (D:\Smmplan\node_modules\@babel\pars
er\lib\index.js:12602:25)
    at Parser.parse (D:\Smmplan\node_modules\@babel\parser\lib\i
ndex.js:14478:25)
    at parse (D:\Smmplan\node_modules\@babel\parser\lib\index.js
:14512:38)
Failed to collect coverage from D:\Smmplan\src\app\(client)\prof
ile\page.tsx
ERROR: D:\Smmplan\src\app\(client)\profile\page.tsx: Support for
 the experimental syntax 'jsx' isn't currently enabled (78:17):

[0m [90m 76 |[39m     }[33m,[39m [])[33m;[39m
 [90m 77 |[39m     [36mif[39m (loading) {
[31m[1m>[22m[39m[90m 78 |[39m         [36mreturn[39m ([
33m<[39m[33mdiv[39m className[33m=[39m[32m"flex items-cent
er justify-center min-h-[60vh]"[39m[33m>[39m
 [90m    |[39m                 [31m[1m^[22m[39m
 [90m 79 |[39m                 [33m<[39m[33mlucide_react_1
[39m[33m.[39m[33mLoader2[39m className[33m=[39m[32m"anima
te-spin text-primary opacity-20"[39m size[33m=[39m{[35m48[3
9m}[33m/[39m[33m>[39m
 [90m 80 |[39m             [33m<[39m[33m/[39m[33mdiv[39m
[33m>[39m)[33m;[39m
 [90m 81 |[39m     }[0m

Add @babel/preset-react (https://github.com/babel/babel/tree/mai
n/packages/babel-preset-react) to the 'presets' section of your 
Babel config to enable transformation.
If you want to leave it as-is, add @babel/plugin-syntax-jsx (htt
ps://github.com/babel/babel/tree/main/packages/babel-plugin-synt
ax-jsx) to the 'plugins' section to enable parsing.

If you already added the plugin for this syntax to your config, 
it's possible that your config isn't being loaded.
You can re-run Babel with the BABEL_SHOW_CONFIG_FOR environment 
variable to show the loaded configuration:
	npx cross-env BABEL_SHOW_CONFIG_FOR=D:\Smmplan\src\app\(client)
\profile\page.tsx <your build command>
See https://babeljs.io/docs/configuration#print-effective-config
s for more info.

STACK: SyntaxError: D:\Smmplan\src\app\(client)\profile\page.tsx
: Support for the experimental syntax 'jsx' isn't currently enab
led (78:17):

[0m [90m 76 |[39m     }[33m,[39m [])[33m;[39m
 [90m 77 |[39m     [36mif[39m (loading) {
[31m[1m>[22m[39m[90m 78 |[39m         [36mreturn[39m ([
33m<[39m[33mdiv[39m className[33m=[39m[32m"flex items-cent
er justify-center min-h-[60vh]"[39m[33m>[39m
 [90m    |[39m                 [31m[1m^[22m[39m
 [90m 79 |[39m                 [33m<[39m[33mlucide_react_1
[39m[33m.[39m[33mLoader2[39m className[33m=[39m[32m"anima
te-spin text-primary opacity-20"[39m size[33m=[39m{[35m48[3
9m}[33m/[39m[33m>[39m
 [90m 80 |[39m             [33m<[39m[33m/[39m[33mdiv[39m
[33m>[39m)[33m;[39m
 [90m 81 |[39m     }[0m

Add @babel/preset-react (https://github.com/babel/babel/tree/mai
n/packages/babel-preset-react) to the 'presets' section of your 
Babel config to enable transformation.
If you want to leave it as-is, add @babel/plugin-syntax-jsx (htt
ps://github.com/babel/babel/tree/main/packages/babel-plugin-synt
ax-jsx) to the 'plugins' section to enable parsing.

If you already added the plugin for this syntax to your config, 
it's possible that your config isn't being loaded.
You can re-run Babel with the BABEL_SHOW_CONFIG_FOR environment 
variable to show the loaded configuration:
	npx cross-env BABEL_SHOW_CONFIG_FOR=D:\Smmplan\src\app\(client)
\profile\page.tsx <your build command>
See https://babeljs.io/docs/configuration#print-effective-config
s for more info.

    at constructor (D:\Smmplan\node_modules\@babel\parser\lib\in
dex.js:365:19)
    at Parser.raise (D:\Smmplan\node_modules\@babel\parser\lib\i
ndex.js:6599:19)
    at Parser.expectOnePlugin (D:\Smmplan\node_modules\@babel\pa
rser\lib\index.js:6633:18)
    at Parser.parseExprAtom (D:\Smmplan\node_modules\@babel\pars
er\lib\index.js:11388:24)
    at Parser.parseExprSubscripts (D:\Smmplan\node_modules\@babe
l\parser\lib\index.js:11071:23)
    at Parser.parseUpdate (D:\Smmplan\node_modules\@babel\parser
\lib\index.js:11056:21)
    at Parser.parseMaybeUnary (D:\Smmplan\node_modules\@babel\pa
rser\lib\index.js:11036:23)
    at Parser.parseMaybeUnaryOrPrivate (D:\Smmplan\node_modules\
@babel\parser\lib\index.js:10889:61)
    at Parser.parseExprOps (D:\Smmplan\node_modules\@babel\parse
r\lib\index.js:10894:23)
    at Parser.parseMaybeConditional (D:\Smmplan\node_modules\@ba
bel\parser\lib\index.js:10871:23)
    at Parser.parseMaybeAssign (D:\Smmplan\node_modules\@babel\p
arser\lib\index.js:10821:21)
    at D:\Smmplan\node_modules\@babel\parser\lib\index.js:10790:
39
    at Parser.allowInAnd (D:\Smmplan\node_modules\@babel\parser\
lib\index.js:12416:12)
    at Parser.parseMaybeAssignAllowIn (D:\Smmplan\node_modules\@
babel\parser\lib\index.js:10790:17)
    at Parser.parseMaybeAssignAllowInOrVoidPattern (D:\Smmplan\n
ode_modules\@babel\parser\lib\index.js:12483:17)
    at Parser.parseParenAndDistinguishExpression (D:\Smmplan\nod
e_modules\@babel\parser\lib\index.js:11665:28)
    at Parser.parseExprAtom (D:\Smmplan\node_modules\@babel\pars
er\lib\index.js:11321:23)
    at Parser.parseExprSubscripts (D:\Smmplan\node_modules\@babe
l\parser\lib\index.js:11071:23)
    at Parser.parseUpdate (D:\Smmplan\node_modules\@babel\parser
\lib\index.js:11056:21)
    at Parser.parseMaybeUnary (D:\Smmplan\node_modules\@babel\pa
rser\lib\index.js:11036:23)
    at Parser.parseMaybeUnaryOrPrivate (D:\Smmplan\node_modules\
@babel\parser\lib\index.js:10889:61)
    at Parser.parseExprOps (D:\Smmplan\node_modules\@babel\parse
r\lib\index.js:10894:23)
    at Parser.parseMaybeConditional (D:\Smmplan\node_modules\@ba
bel\parser\lib\index.js:10871:23)
    at Parser.parseMaybeAssign (D:\Smmplan\node_modules\@babel\p
arser\lib\index.js:10821:21)
    at Parser.parseExpressionBase (D:\Smmplan\node_modules\@babe
l\parser\lib\index.js:10774:23)
    at D:\Smmplan\node_modules\@babel\parser\lib\index.js:10770:
39
    at Parser.allowInAnd (D:\Smmplan\node_modules\@babel\parser\
lib\index.js:12411:16)
    at Parser.parseExpression (D:\Smmplan\node_modules\@babel\pa
rser\lib\index.js:10770:17)
    at Parser.parseReturnStatement (D:\Smmplan\node_modules\@bab
el\parser\lib\index.js:13132:28)
    at Parser.parseStatementContent (D:\Smmplan\node_modules\@ba
bel\parser\lib\index.js:12788:21)
    at Parser.parseStatementLike (D:\Smmplan\node_modules\@babel
\parser\lib\index.js:12757:17)
    at Parser.parseStatementListItem (D:\Smmplan\node_modules\@b
abel\parser\lib\index.js:12737:17)
    at Parser.parseBlockOrModuleBlockBody (D:\Smmplan\node_modul
es\@babel\parser\lib\index.js:13306:61)
    at Parser.parseBlockBody (D:\Smmplan\node_modules\@babel\par
ser\lib\index.js:13299:10)
    at Parser.parseBlock (D:\Smmplan\node_modules\@babel\parser\
lib\index.js:13287:10)
    at Parser.parseStatementContent (D:\Smmplan\node_modules\@ba
bel\parser\lib\index.js:12848:21)
    at Parser.parseStatementLike (D:\Smmplan\node_modules\@babel
\parser\lib\index.js:12757:17)
    at Parser.parseStatementOrSloppyAnnexBFunctionDeclaration (D
:\Smmplan\node_modules\@babel\parser\lib\index.js:12747:17)
    at Parser.parseIfStatement (D:\Smmplan\node_modules\@babel\p
arser\lib\index.js:13120:28)
    at Parser.parseStatementContent (D:\Smmplan\node_modules\@ba
bel\parser\lib\index.js:12786:21)
    at Parser.parseStatementLike (D:\Smmplan\node_modules\@babel
\parser\lib\index.js:12757:17)
    at Parser.parseStatementListItem (D:\Smmplan\node_modules\@b
abel\parser\lib\index.js:12737:17)
    at Parser.parseBlockOrModuleBlockBody (D:\Smmplan\node_modul
es\@babel\parser\lib\index.js:13306:61)
    at Parser.parseBlockBody (D:\Smmplan\node_modules\@babel\par
ser\lib\index.js:13299:10)
    at Parser.parseBlock (D:\Smmplan\node_modules\@babel\parser\
lib\index.js:13287:10)
    at Parser.parseFunctionBody (D:\Smmplan\node_modules\@babel\
parser\lib\index.js:12090:24)
    at Parser.parseFunctionBodyAndFinish (D:\Smmplan\node_module
s\@babel\parser\lib\index.js:12076:10)
    at D:\Smmplan\node_modules\@babel\parser\lib\index.js:13435:
12
    at Parser.withSmartMixTopicForbiddingContext (D:\Smmplan\nod
e_modules\@babel\parser\lib\index.js:12393:14)
    at Parser.parseFunction (D:\Smmplan\node_modules\@babel\pars
er\lib\index.js:13434:10)
Failed to collect coverage from D:\Smmplan\src\app\admin\provide
rs\page.tsx
ERROR: D:\Smmplan\src\app\admin\providers\page.tsx: Support for 
the experimental syntax 'jsx' isn't currently enabled (182:17):

[0m [90m 180 |[39m     }[33m;[39m
 [90m 181 |[39m     [36mif[39m (isLoading) {
[31m[1m>[22m[39m[90m 182 |[39m         [36mreturn[39m (
[33m<[39m[33mdiv[39m className[33m=[39m[32m"flex items-cen
ter justify-center min-h-[50vh]"[39m[33m>[39m
 [90m     |[39m                 [31m[1m^[22m[39m
 [90m 183 |[39m         [33m<[39m[33mlucide_react_1[39m[3
3m.[39m[33mLoader2[39m className[33m=[39m[32m"animate-spin
 text-slate-300"[39m size[33m=[39m{[35m32[39m}[33m/[39m[
33m>[39m
 [90m 184 |[39m       [33m<[39m[33m/[39m[33mdiv[39m[33m
>[39m)[33m;[39m
 [90m 185 |[39m     }[0m

Add @babel/preset-react (https://github.com/babel/babel/tree/mai
n/packages/babel-preset-react) to the 'presets' section of your 
Babel config to enable transformation.
If you want to leave it as-is, add @babel/plugin-syntax-jsx (htt
ps://github.com/babel/babel/tree/main/packages/babel-plugin-synt
ax-jsx) to the 'plugins' section to enable parsing.

If you already added the plugin for this syntax to your config, 
it's possible that your config isn't being loaded.
You can re-run Babel with the BABEL_SHOW_CONFIG_FOR environment 
variable to show the loaded configuration:
	npx cross-env BABEL_SHOW_CONFIG_FOR=D:\Smmplan\src\app\admin\pr
oviders\page.tsx <your build command>
See https://babeljs.io/docs/configuration#print-effective-config
s for more info.

STACK: SyntaxError: D:\Smmplan\src\app\admin\providers\page.tsx:
 Support for the experimental syntax 'jsx' isn't currently enabl
ed (182:17):

[0m [90m 180 |[39m     }[33m;[39m
 [90m 181 |[39m     [36mif[39m (isLoading) {
[31m[1m>[22m[39m[90m 182 |[39m         [36mreturn[39m (
[33m<[39m[33mdiv[39m className[33m=[39m[32m"flex items-cen
ter justify-center min-h-[50vh]"[39m[33m>[39m
 [90m     |[39m                 [31m[1m^[22m[39m
 [90m 183 |[39m         [33m<[39m[33mlucide_react_1[39m[3
3m.[39m[33mLoader2[39m className[33m=[39m[32m"animate-spin
 text-slate-300"[39m size[33m=[39m{[35m32[39m}[33m/[39m[
33m>[39m
 [90m 184 |[39m       [33m<[39m[33m/[39m[33mdiv[39m[33m
>[39m)[33m;[39m
 [90m 185 |[39m     }[0m

Add @babel/preset-react (https://github.com/babel/babel/tree/mai
n/packages/babel-preset-react) to the 'presets' section of your 
Babel config to enable transformation.
If you want to leave it as-is, add @babel/plugin-syntax-jsx (htt
ps://github.com/babel/babel/tree/main/packages/babel-plugin-synt
ax-jsx) to the 'plugins' section to enable parsing.

If you already added the plugin for this syntax to your config, 
it's possible that your config isn't being loaded.
You can re-run Babel with the BABEL_SHOW_CONFIG_FOR environment 
variable to show the loaded configuration:
	npx cross-env BABEL_SHOW_CONFIG_FOR=D:\Smmplan\src\app\admin\pr
oviders\page.tsx <your build command>
See https://babeljs.io/docs/configuration#print-effective-config
s for more info.

    at constructor (D:\Smmplan\node_modules\@babel\parser\lib\in
dex.js:365:19)
    at Parser.raise (D:\Smmplan\node_modules\@babel\parser\lib\i
ndex.js:6599:19)
    at Parser.expectOnePlugin (D:\Smmplan\node_modules\@babel\pa
rser\lib\index.js:6633:18)
    at Parser.parseExprAtom (D:\Smmplan\node_modules\@babel\pars
er\lib\index.js:11388:24)
    at Parser.parseExprSubscripts (D:\Smmplan\node_modules\@babe
l\parser\lib\index.js:11071:23)
    at Parser.parseUpdate (D:\Smmplan\node_modules\@babel\parser
\lib\index.js:11056:21)
    at Parser.parseMaybeUnary (D:\Smmplan\node_modules\@babel\pa
rser\lib\index.js:11036:23)
    at Parser.parseMaybeUnaryOrPrivate (D:\Smmplan\node_modules\
@babel\parser\lib\index.js:10889:61)
    at Parser.parseExprOps (D:\Smmplan\node_modules\@babel\parse
r\lib\index.js:10894:23)
    at Parser.parseMaybeConditional (D:\Smmplan\node_modules\@ba
bel\parser\lib\index.js:10871:23)
    at Parser.parseMaybeAssign (D:\Smmplan\node_modules\@babel\p
arser\lib\index.js:10821:21)
    at D:\Smmplan\node_modules\@babel\parser\lib\index.js:10790:
39
    at Parser.allowInAnd (D:\Smmplan\node_modules\@babel\parser\
lib\index.js:12416:12)
    at Parser.parseMaybeAssignAllowIn (D:\Smmplan\node_modules\@
babel\parser\lib\index.js:10790:17)
    at Parser.parseMaybeAssignAllowInOrVoidPattern (D:\Smmplan\n
ode_modules\@babel\parser\lib\index.js:12483:17)
    at Parser.parseParenAndDistinguishExpression (D:\Smmplan\nod
e_modules\@babel\parser\lib\index.js:11665:28)
    at Parser.parseExprAtom (D:\Smmplan\node_modules\@babel\pars
er\lib\index.js:11321:23)
    at Parser.parseExprSubscripts (D:\Smmplan\node_modules\@babe
l\parser\lib\index.js:11071:23)
    at Parser.parseUpdate (D:\Smmplan\node_modules\@babel\parser
\lib\index.js:11056:21)
    at Parser.parseMaybeUnary (D:\Smmplan\node_modules\@babel\pa
rser\lib\index.js:11036:23)
    at Parser.parseMaybeUnaryOrPrivate (D:\Smmplan\node_modules\
@babel\parser\lib\index.js:10889:61)
    at Parser.parseExprOps (D:\Smmplan\node_modules\@babel\parse
r\lib\index.js:10894:23)
    at Parser.parseMaybeConditional (D:\Smmplan\node_modules\@ba
bel\parser\lib\index.js:10871:23)
    at Parser.parseMaybeAssign (D:\Smmplan\node_modules\@babel\p
arser\lib\index.js:10821:21)
    at Parser.parseExpressionBase (D:\Smmplan\node_modules\@babe
l\parser\lib\index.js:10774:23)
    at D:\Smmplan\node_modules\@babel\parser\lib\index.js:10770:
39
    at Parser.allowInAnd (D:\Smmplan\node_modules\@babel\parser\
lib\index.js:12411:16)
    at Parser.parseExpression (D:\Smmplan\node_modules\@babel\pa
rser\lib\index.js:10770:17)
    at Parser.parseReturnStatement (D:\Smmplan\node_modules\@bab
el\parser\lib\index.js:13132:28)
    at Parser.parseStatementContent (D:\Smmplan\node_modules\@ba
bel\parser\lib\index.js:12788:21)
    at Parser.parseStatementLike (D:\Smmplan\node_modules\@babel
\parser\lib\index.js:12757:17)
    at Parser.parseStatementListItem (D:\Smmplan\node_modules\@b
abel\parser\lib\index.js:12737:17)
    at Parser.parseBlockOrModuleBlockBody (D:\Smmplan\node_modul
es\@babel\parser\lib\index.js:13306:61)
    at Parser.parseBlockBody (D:\Smmplan\node_modules\@babel\par
ser\lib\index.js:13299:10)
    at Parser.parseBlock (D:\Smmplan\node_modules\@babel\parser\
lib\index.js:13287:10)
    at Parser.parseStatementContent (D:\Smmplan\node_modules\@ba
bel\parser\lib\index.js:12848:21)
    at Parser.parseStatementLike (D:\Smmplan\node_modules\@babel
\parser\lib\index.js:12757:17)
    at Parser.parseStatementOrSloppyAnnexBFunctionDeclaration (D
:\Smmplan\node_modules\@babel\parser\lib\index.js:12747:17)
    at Parser.parseIfStatement (D:\Smmplan\node_modules\@babel\p
arser\lib\index.js:13120:28)
    at Parser.parseStatementContent (D:\Smmplan\node_modules\@ba
bel\parser\lib\index.js:12786:21)
    at Parser.parseStatementLike (D:\Smmplan\node_modules\@babel
\parser\lib\index.js:12757:17)
    at Parser.parseStatementListItem (D:\Smmplan\node_modules\@b
abel\parser\lib\index.js:12737:17)
    at Parser.parseBlockOrModuleBlockBody (D:\Smmplan\node_modul
es\@babel\parser\lib\index.js:13306:61)
    at Parser.parseBlockBody (D:\Smmplan\node_modules\@babel\par
ser\lib\index.js:13299:10)
    at Parser.parseBlock (D:\Smmplan\node_modules\@babel\parser\
lib\index.js:13287:10)
    at Parser.parseFunctionBody (D:\Smmplan\node_modules\@babel\
parser\lib\index.js:12090:24)
    at Parser.parseFunctionBodyAndFinish (D:\Smmplan\node_module
s\@babel\parser\lib\index.js:12076:10)
    at D:\Smmplan\node_modules\@babel\parser\lib\index.js:13435:
12
    at Parser.withSmartMixTopicForbiddingContext (D:\Smmplan\nod
e_modules\@babel\parser\lib\index.js:12393:14)
    at Parser.parseFunction (D:\Smmplan\node_modules\@babel\pars
er\lib\index.js:13434:10)
Failed to collect coverage from D:\Smmplan\src\app\admin\setting
s\components.tsx
ERROR: D:\Smmplan\src\app\admin\settings\components.tsx: Support
 for the experimental syntax 'jsx' isn't currently enabled (52:1
3):

[0m [90m 50 |[39m         { label[33m:[39m [32m"╨б╨╕╤Б╤В╨╡
╨╝╨░"[39m[33m,[39m icon[33m:[39m lucide_react_1[33m.[39m
[33mServer[39m }[33m,[39m
 [90m 51 |[39m     ][33m;[39m
[31m[1m>[22m[39m[90m 52 |[39m     [36mreturn[39m ([33m<
[39m[33mdiv[39m className[33m=[39m[32m"space-y-8"[39m[33
m>[39m
 [90m    |[39m             [31m[1m^[22m[39m
 [90m 53 |[39m             {[90m/* Tabs Navigation */[39m}
 [90m 54 |[39m             [33m<[39m[33mdiv[39m className
[33m=[39m[32m"flex flex-wrap gap-2 p-1.5 bg-slate-100/80 round
ed-2xl border border-slate-200"[39m[33m>[39m
 [90m 55 |[39m                 {tabs[33m.[39mmap((tab[33m,
[39m index) [33m=>[39m ([33m<[39m[33mbutton[39m key[33m=
[39m{tab[33m.[39mlabel} onClick[33m=[39m{() [33m=>[39m set
ActiveTab(index)} className[33m=[39m{([35m0[39m[33m,[39m u
tils_1[33m.[39mcn)([32m"flex items-center gap-2 px-6 py-3 rou
nded-xl text-xs font-black uppercase tracking-widest transition-
all"[39m[33m,[39m activeTab [33m===[39m index[0m

Add @babel/preset-react (https://github.com/babel/babel/tree/mai
n/packages/babel-preset-react) to the 'presets' section of your 
Babel config to enable transformation.
If you want to leave it as-is, add @babel/plugin-syntax-jsx (htt
ps://github.com/babel/babel/tree/main/packages/babel-plugin-synt
ax-jsx) to the 'plugins' section to enable parsing.

If you already added the plugin for this syntax to your config, 
it's possible that your config isn't being loaded.
You can re-run Babel with the BABEL_SHOW_CONFIG_FOR environment 
variable to show the loaded configuration:
	npx cross-env BABEL_SHOW_CONFIG_FOR=D:\Smmplan\src\app\admin\se
ttings\components.tsx <your build command>
See https://babeljs.io/docs/configuration#print-effective-config
s for more info.

STACK: SyntaxError: D:\Smmplan\src\app\admin\settings\components
.tsx: Support for the experimental syntax 'jsx' isn't currently 
enabled (52:13):

[0m [90m 50 |[39m         { label[33m:[39m [32m"╨б╨╕╤Б╤В╨╡
╨╝╨░"[39m[33m,[39m icon[33m:[39m lucide_react_1[33m.[39m
[33mServer[39m }[33m,[39m
 [90m 51 |[39m     ][33m;[39m
[31m[1m>[22m[39m[90m 52 |[39m     [36mreturn[39m ([33m<
[39m[33mdiv[39m className[33m=[39m[32m"space-y-8"[39m[33
m>[39m
 [90m    |[39m             [31m[1m^[22m[39m
 [90m 53 |[39m             {[90m/* Tabs Navigation */[39m}
 [90m 54 |[39m             [33m<[39m[33mdiv[39m className
[33m=[39m[32m"flex flex-wrap gap-2 p-1.5 bg-slate-100/80 round
ed-2xl border border-slate-200"[39m[33m>[39m
 [90m 55 |[39m                 {tabs[33m.[39mmap((tab[33m,
[39m index) [33m=>[39m ([33m<[39m[33mbutton[39m key[33m=
[39m{tab[33m.[39mlabel} onClick[33m=[39m{() [33m=>[39m set
ActiveTab(index)} className[33m=[39m{([35m0[39m[33m,[39m u
tils_1[33m.[39mcn)([32m"flex items-center gap-2 px-6 py-3 rou
nded-xl text-xs font-black uppercase tracking-widest transition-
all"[39m[33m,[39m activeTab [33m===[39m index[0m

Add @babel/preset-react (https://github.com/babel/babel/tree/mai
n/packages/babel-preset-react) to the 'presets' section of your 
Babel config to enable transformation.
If you want to leave it as-is, add @babel/plugin-syntax-jsx (htt
ps://github.com/babel/babel/tree/main/packages/babel-plugin-synt
ax-jsx) to the 'plugins' section to enable parsing.

If you already added the plugin for this syntax to your config, 
it's possible that your config isn't being loaded.
You can re-run Babel with the BABEL_SHOW_CONFIG_FOR environment 
variable to show the loaded configuration:
	npx cross-env BABEL_SHOW_CONFIG_FOR=D:\Smmplan\src\app\admin\se
ttings\components.tsx <your build command>
See https://babeljs.io/docs/configuration#print-effective-config
s for more info.

    at constructor (D:\Smmplan\node_modules\@babel\parser\lib\in
dex.js:365:19)
    at Parser.raise (D:\Smmplan\node_modules\@babel\parser\lib\i
ndex.js:6599:19)
    at Parser.expectOnePlugin (D:\Smmplan\node_modules\@babel\pa
rser\lib\index.js:6633:18)
    at Parser.parseExprAtom (D:\Smmplan\node_modules\@babel\pars
er\lib\index.js:11388:24)
    at Parser.parseExprSubscripts (D:\Smmplan\node_modules\@babe
l\parser\lib\index.js:11071:23)
    at Parser.parseUpdate (D:\Smmplan\node_modules\@babel\parser
\lib\index.js:11056:21)
    at Parser.parseMaybeUnary (D:\Smmplan\node_modules\@babel\pa
rser\lib\index.js:11036:23)
    at Parser.parseMaybeUnaryOrPrivate (D:\Smmplan\node_modules\
@babel\parser\lib\index.js:10889:61)
    at Parser.parseExprOps (D:\Smmplan\node_modules\@babel\parse
r\lib\index.js:10894:23)
    at Parser.parseMaybeConditional (D:\Smmplan\node_modules\@ba
bel\parser\lib\index.js:10871:23)
    at Parser.parseMaybeAssign (D:\Smmplan\node_modules\@babel\p
arser\lib\index.js:10821:21)
    at D:\Smmplan\node_modules\@babel\parser\lib\index.js:10790:
39
    at Parser.allowInAnd (D:\Smmplan\node_modules\@babel\parser\
lib\index.js:12416:12)
    at Parser.parseMaybeAssignAllowIn (D:\Smmplan\node_modules\@
babel\parser\lib\index.js:10790:17)
    at Parser.parseMaybeAssignAllowInOrVoidPattern (D:\Smmplan\n
ode_modules\@babel\parser\lib\index.js:12483:17)
    at Parser.parseParenAndDistinguishExpression (D:\Smmplan\nod
e_modules\@babel\parser\lib\index.js:11665:28)
    at Parser.parseExprAtom (D:\Smmplan\node_modules\@babel\pars
er\lib\index.js:11321:23)
    at Parser.parseExprSubscripts (D:\Smmplan\node_modules\@babe
l\parser\lib\index.js:11071:23)
    at Parser.parseUpdate (D:\Smmplan\node_modules\@babel\parser
\lib\index.js:11056:21)
    at Parser.parseMaybeUnary (D:\Smmplan\node_modules\@babel\pa
rser\lib\index.js:11036:23)
    at Parser.parseMaybeUnaryOrPrivate (D:\Smmplan\node_modules\
@babel\parser\lib\index.js:10889:61)
    at Parser.parseExprOps (D:\Smmplan\node_modules\@babel\parse
r\lib\index.js:10894:23)
    at Parser.parseMaybeConditional (D:\Smmplan\node_modules\@ba
bel\parser\lib\index.js:10871:23)
    at Parser.parseMaybeAssign (D:\Smmplan\node_modules\@babel\p
arser\lib\index.js:10821:21)
    at Parser.parseExpressionBase (D:\Smmplan\node_modules\@babe
l\parser\lib\index.js:10774:23)
    at D:\Smmplan\node_modules\@babel\parser\lib\index.js:10770:
39
    at Parser.allowInAnd (D:\Smmplan\node_modules\@babel\parser\
lib\index.js:12411:16)
    at Parser.parseExpression (D:\Smmplan\node_modules\@babel\pa
rser\lib\index.js:10770:17)
    at Parser.parseReturnStatement (D:\Smmplan\node_modules\@bab
el\parser\lib\index.js:13132:28)
    at Parser.parseStatementContent (D:\Smmplan\node_modules\@ba
bel\parser\lib\index.js:12788:21)
    at Parser.parseStatementLike (D:\Smmplan\node_modules\@babel
\parser\lib\index.js:12757:17)
    at Parser.parseStatementListItem (D:\Smmplan\node_modules\@b
abel\parser\lib\index.js:12737:17)
    at Parser.parseBlockOrModuleBlockBody (D:\Smmplan\node_modul
es\@babel\parser\lib\index.js:13306:61)
    at Parser.parseBlockBody (D:\Smmplan\node_modules\@babel\par
ser\lib\index.js:13299:10)
    at Parser.parseBlock (D:\Smmplan\node_modules\@babel\parser\
lib\index.js:13287:10)
    at Parser.parseFunctionBody (D:\Smmplan\node_modules\@babel\
parser\lib\index.js:12090:24)
    at Parser.parseFunctionBodyAndFinish (D:\Smmplan\node_module
s\@babel\parser\lib\index.js:12076:10)
    at D:\Smmplan\node_modules\@babel\parser\lib\index.js:13435:
12
    at Parser.withSmartMixTopicForbiddingContext (D:\Smmplan\nod
e_modules\@babel\parser\lib\index.js:12393:14)
    at Parser.parseFunction (D:\Smmplan\node_modules\@babel\pars
er\lib\index.js:13434:10)
    at Parser.parseFunctionStatement (D:\Smmplan\node_modules\@b
abel\parser\lib\index.js:13115:17)
    at Parser.parseStatementContent (D:\Smmplan\node_modules\@ba
bel\parser\lib\index.js:12781:21)
    at Parser.parseStatementLike (D:\Smmplan\node_modules\@babel
\parser\lib\index.js:12757:17)
    at Parser.parseModuleItem (D:\Smmplan\node_modules\@babel\pa
rser\lib\index.js:12734:17)
    at Parser.parseBlockOrModuleBlockBody (D:\Smmplan\node_modul
es\@babel\parser\lib\index.js:13306:36)
    at Parser.parseBlockBody (D:\Smmplan\node_modules\@babel\par
ser\lib\index.js:13299:10)
    at Parser.parseProgram (D:\Smmplan\node_modules\@babel\parse
r\lib\index.js:12612:10)
    at Parser.parseTopLevel (D:\Smmplan\node_modules\@babel\pars
er\lib\index.js:12602:25)
    at Parser.parse (D:\Smmplan\node_modules\@babel\parser\lib\i
ndex.js:14478:25)
    at parse (D:\Smmplan\node_modules\@babel\parser\lib\index.js
:14512:38)
Failed to collect coverage from D:\Smmplan\src\app\admin\reports
\page.tsx
ERROR: D:\Smmplan\src\app\admin\reports\page.tsx: Support for th
e experimental syntax 'jsx' isn't currently enabled (11:13):

[0m [90m  9 |[39m [36mconst[39m report_generator_1 [33m=[
39m require([32m"@/components/admin/analytics/report-generator"
[39m)[33m;[39m
 [90m 10 |[39m [36mfunction[39m [33mReportsPage[39m() {
[31m[1m>[22m[39m[90m 11 |[39m     [36mreturn[39m ([33m<
[39m[33mdiv[39m className[33m=[39m[32m"space-y-8"[39m[33
m>[39m
 [90m    |[39m             [31m[1m^[22m[39m
 [90m 12 |[39m       [33m<[39m[33mdiv[39m className[33m=
[39m[32m"flex items-center justify-between"[39m[33m>[39m
 [90m 13 |[39m         [33m<[39m[33mdiv[39m className[33m
=[39m[32m"space-y-1"[39m[33m>[39m
 [90m 14 |[39m           [33m<[39m[33mh2[39m className[33
m=[39m[32m"text-3xl font-black text-slate-800 tracking-tighter
 flex items-center gap-3 italic"[39m[33m>[39m[0m

Add @babel/preset-react (https://github.com/babel/babel/tree/mai
n/packages/babel-preset-react) to the 'presets' section of your 
Babel config to enable transformation.
If you want to leave it as-is, add @babel/plugin-syntax-jsx (htt
ps://github.com/babel/babel/tree/main/packages/babel-plugin-synt
ax-jsx) to the 'plugins' section to enable parsing.

If you already added the plugin for this syntax to your config, 
it's possible that your config isn't being loaded.
You can re-run Babel with the BABEL_SHOW_CONFIG_FOR environment 
variable to show the loaded configuration:
	npx cross-env BABEL_SHOW_CONFIG_FOR=D:\Smmplan\src\app\admin\re
ports\page.tsx <your build command>
See https://babeljs.io/docs/configuration#print-effective-config
s for more info.

STACK: SyntaxError: D:\Smmplan\src\app\admin\reports\page.tsx: S
upport for the experimental syntax 'jsx' isn't currently enabled
 (11:13):

[0m [90m  9 |[39m [36mconst[39m report_generator_1 [33m=[
39m require([32m"@/components/admin/analytics/report-generator"
[39m)[33m;[39m
 [90m 10 |[39m [36mfunction[39m [33mReportsPage[39m() {
[31m[1m>[22m[39m[90m 11 |[39m     [36mreturn[39m ([33m<
[39m[33mdiv[39m className[33m=[39m[32m"space-y-8"[39m[33
m>[39m
 [90m    |[39m             [31m[1m^[22m[39m
 [90m 12 |[39m       [33m<[39m[33mdiv[39m className[33m=
[39m[32m"flex items-center justify-between"[39m[33m>[39m
 [90m 13 |[39m         [33m<[39m[33mdiv[39m className[33m
=[39m[32m"space-y-1"[39m[33m>[39m
 [90m 14 |[39m           [33m<[39m[33mh2[39m className[33
m=[39m[32m"text-3xl font-black text-slate-800 tracking-tighter
 flex items-center gap-3 italic"[39m[33m>[39m[0m

Add @babel/preset-react (https://github.com/babel/babel/tree/mai
n/packages/babel-preset-react) to the 'presets' section of your 
Babel config to enable transformation.
If you want to leave it as-is, add @babel/plugin-syntax-jsx (htt
ps://github.com/babel/babel/tree/main/packages/babel-plugin-synt
ax-jsx) to the 'plugins' section to enable parsing.

If you already added the plugin for this syntax to your config, 
it's possible that your config isn't being loaded.
You can re-run Babel with the BABEL_SHOW_CONFIG_FOR environment 
variable to show the loaded configuration:
	npx cross-env BABEL_SHOW_CONFIG_FOR=D:\Smmplan\src\app\admin\re
ports\page.tsx <your build command>
See https://babeljs.io/docs/configuration#print-effective-config
s for more info.

    at constructor (D:\Smmplan\node_modules\@babel\parser\lib\in
dex.js:365:19)
    at Parser.raise (D:\Smmplan\node_modules\@babel\parser\lib\i
ndex.js:6599:19)
    at Parser.expectOnePlugin (D:\Smmplan\node_modules\@babel\pa
rser\lib\index.js:6633:18)
    at Parser.parseExprAtom (D:\Smmplan\node_modules\@babel\pars
er\lib\index.js:11388:24)
    at Parser.parseExprSubscripts (D:\Smmplan\node_modules\@babe
l\parser\lib\index.js:11071:23)
    at Parser.parseUpdate (D:\Smmplan\node_modules\@babel\parser
\lib\index.js:11056:21)
    at Parser.parseMaybeUnary (D:\Smmplan\node_modules\@babel\pa
rser\lib\index.js:11036:23)
    at Parser.parseMaybeUnaryOrPrivate (D:\Smmplan\node_modules\
@babel\parser\lib\index.js:10889:61)
    at Parser.parseExprOps (D:\Smmplan\node_modules\@babel\parse
r\lib\index.js:10894:23)
    at Parser.parseMaybeConditional (D:\Smmplan\node_modules\@ba
bel\parser\lib\index.js:10871:23)
    at Parser.parseMaybeAssign (D:\Smmplan\node_modules\@babel\p
arser\lib\index.js:10821:21)
    at D:\Smmplan\node_modules\@babel\parser\lib\index.js:10790:
39
    at Parser.allowInAnd (D:\Smmplan\node_modules\@babel\parser\
lib\index.js:12416:12)
    at Parser.parseMaybeAssignAllowIn (D:\Smmplan\node_modules\@
babel\parser\lib\index.js:10790:17)
    at Parser.parseMaybeAssignAllowInOrVoidPattern (D:\Smmplan\n
ode_modules\@babel\parser\lib\index.js:12483:17)
    at Parser.parseParenAndDistinguishExpression (D:\Smmplan\nod
e_modules\@babel\parser\lib\index.js:11665:28)
    at Parser.parseExprAtom (D:\Smmplan\node_modules\@babel\pars
er\lib\index.js:11321:23)
    at Parser.parseExprSubscripts (D:\Smmplan\node_modules\@babe
l\parser\lib\index.js:11071:23)
    at Parser.parseUpdate (D:\Smmplan\node_modules\@babel\parser
\lib\index.js:11056:21)
    at Parser.parseMaybeUnary (D:\Smmplan\node_modules\@babel\pa
rser\lib\index.js:11036:23)
    at Parser.parseMaybeUnaryOrPrivate (D:\Smmplan\node_modules\
@babel\parser\lib\index.js:10889:61)
    at Parser.parseExprOps (D:\Smmplan\node_modules\@babel\parse
r\lib\index.js:10894:23)
    at Parser.parseMaybeConditional (D:\Smmplan\node_modules\@ba
bel\parser\lib\index.js:10871:23)
    at Parser.parseMaybeAssign (D:\Smmplan\node_modules\@babel\p
arser\lib\index.js:10821:21)
    at Parser.parseExpressionBase (D:\Smmplan\node_modules\@babe
l\parser\lib\index.js:10774:23)
    at D:\Smmplan\node_modules\@babel\parser\lib\index.js:10770:
39
    at Parser.allowInAnd (D:\Smmplan\node_modules\@babel\parser\
lib\index.js:12411:16)
    at Parser.parseExpression (D:\Smmplan\node_modules\@babel\pa
rser\lib\index.js:10770:17)
    at Parser.parseReturnStatement (D:\Smmplan\node_modules\@bab
el\parser\lib\index.js:13132:28)
    at Parser.parseStatementContent (D:\Smmplan\node_modules\@ba
bel\parser\lib\index.js:12788:21)
    at Parser.parseStatementLike (D:\Smmplan\node_modules\@babel
\parser\lib\index.js:12757:17)
    at Parser.parseStatementListItem (D:\Smmplan\node_modules\@b
abel\parser\lib\index.js:12737:17)
    at Parser.parseBlockOrModuleBlockBody (D:\Smmplan\node_modul
es\@babel\parser\lib\index.js:13306:61)
    at Parser.parseBlockBody (D:\Smmplan\node_modules\@babel\par
ser\lib\index.js:13299:10)
    at Parser.parseBlock (D:\Smmplan\node_modules\@babel\parser\
lib\index.js:13287:10)
    at Parser.parseFunctionBody (D:\Smmplan\node_modules\@babel\
parser\lib\index.js:12090:24)
    at Parser.parseFunctionBodyAndFinish (D:\Smmplan\node_module
s\@babel\parser\lib\index.js:12076:10)
    at D:\Smmplan\node_modules\@babel\parser\lib\index.js:13435:
12
    at Parser.withSmartMixTopicForbiddingContext (D:\Smmplan\nod
e_modules\@babel\parser\lib\index.js:12393:14)
    at Parser.parseFunction (D:\Smmplan\node_modules\@babel\pars
er\lib\index.js:13434:10)
    at Parser.parseFunctionStatement (D:\Smmplan\node_modules\@b
abel\parser\lib\index.js:13115:17)
    at Parser.parseStatementContent (D:\Smmplan\node_modules\@ba
bel\parser\lib\index.js:12781:21)
    at Parser.parseStatementLike (D:\Smmplan\node_modules\@babel
\parser\lib\index.js:12757:17)
    at Parser.parseModuleItem (D:\Smmplan\node_modules\@babel\pa
rser\lib\index.js:12734:17)
    at Parser.parseBlockOrModuleBlockBody (D:\Smmplan\node_modul
es\@babel\parser\lib\index.js:13306:36)
    at Parser.parseBlockBody (D:\Smmplan\node_modules\@babel\par
ser\lib\index.js:13299:10)
    at Parser.parseProgram (D:\Smmplan\node_modules\@babel\parse
r\lib\index.js:12612:10)
    at Parser.parseTopLevel (D:\Smmplan\node_modules\@babel\pars
er\lib\index.js:12602:25)
    at Parser.parse (D:\Smmplan\node_modules\@babel\parser\lib\i
ndex.js:14478:25)
    at parse (D:\Smmplan\node_modules\@babel\parser\lib\index.js
:14512:38)
Failed to collect coverage from D:\Smmplan\src\app\admin\setting
s\page.tsx
ERROR: D:\Smmplan\src\app\admin\settings\page.tsx: Support for t
he experimental syntax 'jsx' isn't currently enabled (33:16):

[0m [90m 31 |[39m     [36mconst[39m { project[33m,[39m se
ttingsMap } [33m=[39m [36mawait[39m getProjectData()[33m;[
39m
 [90m 32 |[39m     [36mif[39m ([33m![39mproject)
[31m[1m>[22m[39m[90m 33 |[39m         [36mreturn[39m [3
3m<[39m[33mdiv[39m[33m>[39m[33mNo[39m projects found [36
min[39m [33mDB[39m[33m.[39m [33mPlease[39m run seed[33m.
[39m[33m<[39m[33m/[39m[33mdiv[39m[33m>[39m[33m;[39m
 [90m    |[39m                [31m[1m^[22m[39m
 [90m 34 |[39m     [90m// Helpers to safely access JSON confi
g[39m
 [90m 35 |[39m     [36mconst[39m paymentConfig [33m=[39m p
roject[33m.[39mpaymentSettings [33m||[39m {}[33m;[39m
 [90m 36 |[39m     [36mconst[39m botConfig [33m=[39m proje
ct[33m.[39mconfig [33m||[39m {}[33m;[39m[0m

Add @babel/preset-react (https://github.com/babel/babel/tree/mai
n/packages/babel-preset-react) to the 'presets' section of your 
Babel config to enable transformation.
If you want to leave it as-is, add @babel/plugin-syntax-jsx (htt
ps://github.com/babel/babel/tree/main/packages/babel-plugin-synt
ax-jsx) to the 'plugins' section to enable parsing.

If you already added the plugin for this syntax to your config, 
it's possible that your config isn't being loaded.
You can re-run Babel with the BABEL_SHOW_CONFIG_FOR environment 
variable to show the loaded configuration:
	npx cross-env BABEL_SHOW_CONFIG_FOR=D:\Smmplan\src\app\admin\se
ttings\page.tsx <your build command>
See https://babeljs.io/docs/configuration#print-effective-config
s for more info.

STACK: SyntaxError: D:\Smmplan\src\app\admin\settings\page.tsx: 
Support for the experimental syntax 'jsx' isn't currently enable
d (33:16):

[0m [90m 31 |[39m     [36mconst[39m { project[33m,[39m se
ttingsMap } [33m=[39m [36mawait[39m getProjectData()[33m;[
39m
 [90m 32 |[39m     [36mif[39m ([33m![39mproject)
[31m[1m>[22m[39m[90m 33 |[39m         [36mreturn[39m [3
3m<[39m[33mdiv[39m[33m>[39m[33mNo[39m projects found [36
min[39m [33mDB[39m[33m.[39m [33mPlease[39m run seed[33m.
[39m[33m<[39m[33m/[39m[33mdiv[39m[33m>[39m[33m;[39m
 [90m    |[39m                [31m[1m^[22m[39m
 [90m 34 |[39m     [90m// Helpers to safely access JSON confi
g[39m
 [90m 35 |[39m     [36mconst[39m paymentConfig [33m=[39m p
roject[33m.[39mpaymentSettings [33m||[39m {}[33m;[39m
 [90m 36 |[39m     [36mconst[39m botConfig [33m=[39m proje
ct[33m.[39mconfig [33m||[39m {}[33m;[39m[0m

Add @babel/preset-react (https://github.com/babel/babel/tree/mai
n/packages/babel-preset-react) to the 'presets' section of your 
Babel config to enable transformation.
If you want to leave it as-is, add @babel/plugin-syntax-jsx (htt
ps://github.com/babel/babel/tree/main/packages/babel-plugin-synt
ax-jsx) to the 'plugins' section to enable parsing.

If you already added the plugin for this syntax to your config, 
it's possible that your config isn't being loaded.
You can re-run Babel with the BABEL_SHOW_CONFIG_FOR environment 
variable to show the loaded configuration:
	npx cross-env BABEL_SHOW_CONFIG_FOR=D:\Smmplan\src\app\admin\se
ttings\page.tsx <your build command>
See https://babeljs.io/docs/configuration#print-effective-config
s for more info.

    at constructor (D:\Smmplan\node_modules\@babel\parser\lib\in
dex.js:365:19)
    at Parser.raise (D:\Smmplan\node_modules\@babel\parser\lib\i
ndex.js:6599:19)
    at Parser.expectOnePlugin (D:\Smmplan\node_modules\@babel\pa
rser\lib\index.js:6633:18)
    at Parser.parseExprAtom (D:\Smmplan\node_modules\@babel\pars
er\lib\index.js:11388:24)
    at Parser.parseExprSubscripts (D:\Smmplan\node_modules\@babe
l\parser\lib\index.js:11071:23)
    at Parser.parseUpdate (D:\Smmplan\node_modules\@babel\parser
\lib\index.js:11056:21)
    at Parser.parseMaybeUnary (D:\Smmplan\node_modules\@babel\pa
rser\lib\index.js:11036:23)
    at Parser.parseMaybeUnaryOrPrivate (D:\Smmplan\node_modules\
@babel\parser\lib\index.js:10889:61)
    at Parser.parseExprOps (D:\Smmplan\node_modules\@babel\parse
r\lib\index.js:10894:23)
    at Parser.parseMaybeConditional (D:\Smmplan\node_modules\@ba
bel\parser\lib\index.js:10871:23)
    at Parser.parseMaybeAssign (D:\Smmplan\node_modules\@babel\p
arser\lib\index.js:10821:21)
    at Parser.parseExpressionBase (D:\Smmplan\node_modules\@babe
l\parser\lib\index.js:10774:23)
    at D:\Smmplan\node_modules\@babel\parser\lib\index.js:10770:
39
    at Parser.allowInAnd (D:\Smmplan\node_modules\@babel\parser\
lib\index.js:12411:16)
    at Parser.parseExpression (D:\Smmplan\node_modules\@babel\pa
rser\lib\index.js:10770:17)
    at Parser.parseReturnStatement (D:\Smmplan\node_modules\@bab
el\parser\lib\index.js:13132:28)
    at Parser.parseStatementContent (D:\Smmplan\node_modules\@ba
bel\parser\lib\index.js:12788:21)
    at Parser.parseStatementLike (D:\Smmplan\node_modules\@babel
\parser\lib\index.js:12757:17)
    at Parser.parseStatementOrSloppyAnnexBFunctionDeclaration (D
:\Smmplan\node_modules\@babel\parser\lib\index.js:12747:17)
    at Parser.parseIfStatement (D:\Smmplan\node_modules\@babel\p
arser\lib\index.js:13120:28)
    at Parser.parseStatementContent (D:\Smmplan\node_modules\@ba
bel\parser\lib\index.js:12786:21)
    at Parser.parseStatementLike (D:\Smmplan\node_modules\@babel
\parser\lib\index.js:12757:17)
    at Parser.parseStatementListItem (D:\Smmplan\node_modules\@b
abel\parser\lib\index.js:12737:17)
    at Parser.parseBlockOrModuleBlockBody (D:\Smmplan\node_modul
es\@babel\parser\lib\index.js:13306:61)
    at Parser.parseBlockBody (D:\Smmplan\node_modules\@babel\par
ser\lib\index.js:13299:10)
    at Parser.parseBlock (D:\Smmplan\node_modules\@babel\parser\
lib\index.js:13287:10)
    at Parser.parseFunctionBody (D:\Smmplan\node_modules\@babel\
parser\lib\index.js:12090:24)
    at Parser.parseFunctionBodyAndFinish (D:\Smmplan\node_module
s\@babel\parser\lib\index.js:12076:10)
    at D:\Smmplan\node_modules\@babel\parser\lib\index.js:13435:
12
    at Parser.withSmartMixTopicForbiddingContext (D:\Smmplan\nod
e_modules\@babel\parser\lib\index.js:12393:14)
    at Parser.parseFunction (D:\Smmplan\node_modules\@babel\pars
er\lib\index.js:13434:10)
    at Parser.parseFunctionStatement (D:\Smmplan\node_modules\@b
abel\parser\lib\index.js:13115:17)
    at Parser.parseStatementContent (D:\Smmplan\node_modules\@ba
bel\parser\lib\index.js:12880:25)
    at Parser.parseStatementLike (D:\Smmplan\node_modules\@babel
\parser\lib\index.js:12757:17)
    at Parser.parseModuleItem (D:\Smmplan\node_modules\@babel\pa
rser\lib\index.js:12734:17)
    at Parser.parseBlockOrModuleBlockBody (D:\Smmplan\node_modul
es\@babel\parser\lib\index.js:13306:36)
    at Parser.parseBlockBody (D:\Smmplan\node_modules\@babel\par
ser\lib\index.js:13299:10)
    at Parser.parseProgram (D:\Smmplan\node_modules\@babel\parse
r\lib\index.js:12612:10)
    at Parser.parseTopLevel (D:\Smmplan\node_modules\@babel\pars
er\lib\index.js:12602:25)
    at Parser.parse (D:\Smmplan\node_modules\@babel\parser\lib\i
ndex.js:14478:25)
    at parse (D:\Smmplan\node_modules\@babel\parser\lib\index.js
:14512:38)
    at parser (D:\Smmplan\node_modules\@babel\core\lib\parser\in
dex.js:41:34)
    at parser.next (<anonymous>)
    at normalizeFile (D:\Smmplan\node_modules\@babel\core\lib\tr
ansformation\normalize-file.js:64:37)
    at normalizeFile.next (<anonymous>)
    at run (D:\Smmplan\node_modules\@babel\core\lib\transformati
on\index.js:22:50)
    at run.next (<anonymous>)
    at transform (D:\Smmplan\node_modules\@babel\core\lib\transf
orm.js:22:33)
    at transform.next (<anonymous>)
    at evaluateSync (D:\Smmplan\node_modules\gensync\index.js:25
1:28)
Failed to collect coverage from D:\Smmplan\src\app\admin\service
s\components.tsx
ERROR: D:\Smmplan\src\app\admin\services\components.tsx: Support
 for the experimental syntax 'jsx' isn't currently enabled (66:1
3):

[0m [90m 64 |[39m         }
 [90m 65 |[39m     }[33m;[39m
[31m[1m>[22m[39m[90m 66 |[39m     [36mreturn[39m ([33m<
[39m[33mdiv[39m className[33m=[39m[32m"space-y-6"[39m[33
m>[39m
 [90m    |[39m             [31m[1m^[22m[39m
 [90m 67 |[39m             {[90m/* TOOLBAR */[39m}
 [90m 68 |[39m             [33m<[39m[33mdiv[39m className
[33m=[39m[32m"flex items-center gap-4 bg-white p-4 rounded-2xl
 border border-slate-200 shadow-sm"[39m[33m>[39m
 [90m 69 |[39m                 [33m<[39m[33mdiv[39m classN
ame[33m=[39m[32m"relative flex-1"[39m[33m>[39m[0m

Add @babel/preset-react (https://github.com/babel/babel/tree/mai
n/packages/babel-preset-react) to the 'presets' section of your 
Babel config to enable transformation.
If you want to leave it as-is, add @babel/plugin-syntax-jsx (htt
ps://github.com/babel/babel/tree/main/packages/babel-plugin-synt
ax-jsx) to the 'plugins' section to enable parsing.

If you already added the plugin for this syntax to your config, 
it's possible that your config isn't being loaded.
You can re-run Babel with the BABEL_SHOW_CONFIG_FOR environment 
variable to show the loaded configuration:
	npx cross-env BABEL_SHOW_CONFIG_FOR=D:\Smmplan\src\app\admin\se
rvices\components.tsx <your build command>
See https://babeljs.io/docs/configuration#print-effective-config
s for more info.

STACK: SyntaxError: D:\Smmplan\src\app\admin\services\components
.tsx: Support for the experimental syntax 'jsx' isn't currently 
enabled (66:13):

[0m [90m 64 |[39m         }
 [90m 65 |[39m     }[33m;[39m
[31m[1m>[22m[39m[90m 66 |[39m     [36mreturn[39m ([33m<
[39m[33mdiv[39m className[33m=[39m[32m"space-y-6"[39m[33
m>[39m
 [90m    |[39m             [31m[1m^[22m[39m
 [90m 67 |[39m             {[90m/* TOOLBAR */[39m}
 [90m 68 |[39m             [33m<[39m[33mdiv[39m className
[33m=[39m[32m"flex items-center gap-4 bg-white p-4 rounded-2xl
 border border-slate-200 shadow-sm"[39m[33m>[39m
 [90m 69 |[39m                 [33m<[39m[33mdiv[39m classN
ame[33m=[39m[32m"relative flex-1"[39m[33m>[39m[0m

Add @babel/preset-react (https://github.com/babel/babel/tree/mai
n/packages/babel-preset-react) to the 'presets' section of your 
Babel config to enable transformation.
If you want to leave it as-is, add @babel/plugin-syntax-jsx (htt
ps://github.com/babel/babel/tree/main/packages/babel-plugin-synt
ax-jsx) to the 'plugins' section to enable parsing.

If you already added the plugin for this syntax to your config, 
it's possible that your config isn't being loaded.
You can re-run Babel with the BABEL_SHOW_CONFIG_FOR environment 
variable to show the loaded configuration:
	npx cross-env BABEL_SHOW_CONFIG_FOR=D:\Smmplan\src\app\admin\se
rvices\components.tsx <your build command>
See https://babeljs.io/docs/configuration#print-effective-config
s for more info.

    at constructor (D:\Smmplan\node_modules\@babel\parser\lib\in
dex.js:365:19)
    at Parser.raise (D:\Smmplan\node_modules\@babel\parser\lib\i
ndex.js:6599:19)
    at Parser.expectOnePlugin (D:\Smmplan\node_modules\@babel\pa
rser\lib\index.js:6633:18)
    at Parser.parseExprAtom (D:\Smmplan\node_modules\@babel\pars
er\lib\index.js:11388:24)
    at Parser.parseExprSubscripts (D:\Smmplan\node_modules\@babe
l\parser\lib\index.js:11071:23)
    at Parser.parseUpdate (D:\Smmplan\node_modules\@babel\parser
\lib\index.js:11056:21)
    at Parser.parseMaybeUnary (D:\Smmplan\node_modules\@babel\pa
rser\lib\index.js:11036:23)
    at Parser.parseMaybeUnaryOrPrivate (D:\Smmplan\node_modules\
@babel\parser\lib\index.js:10889:61)
    at Parser.parseExprOps (D:\Smmplan\node_modules\@babel\parse
r\lib\index.js:10894:23)
    at Parser.parseMaybeConditional (D:\Smmplan\node_modules\@ba
bel\parser\lib\index.js:10871:23)
    at Parser.parseMaybeAssign (D:\Smmplan\node_modules\@babel\p
arser\lib\index.js:10821:21)
    at D:\Smmplan\node_modules\@babel\parser\lib\index.js:10790:
39
    at Parser.allowInAnd (D:\Smmplan\node_modules\@babel\parser\
lib\index.js:12416:12)
    at Parser.parseMaybeAssignAllowIn (D:\Smmplan\node_modules\@
babel\parser\lib\index.js:10790:17)
    at Parser.parseMaybeAssignAllowInOrVoidPattern (D:\Smmplan\n
ode_modules\@babel\parser\lib\index.js:12483:17)
    at Parser.parseParenAndDistinguishExpression (D:\Smmplan\nod
e_modules\@babel\parser\lib\index.js:11665:28)
    at Parser.parseExprAtom (D:\Smmplan\node_modules\@babel\pars
er\lib\index.js:11321:23)
    at Parser.parseExprSubscripts (D:\Smmplan\node_modules\@babe
l\parser\lib\index.js:11071:23)
    at Parser.parseUpdate (D:\Smmplan\node_modules\@babel\parser
\lib\index.js:11056:21)
    at Parser.parseMaybeUnary (D:\Smmplan\node_modules\@babel\pa
rser\lib\index.js:11036:23)
    at Parser.parseMaybeUnaryOrPrivate (D:\Smmplan\node_modules\
@babel\parser\lib\index.js:10889:61)
    at Parser.parseExprOps (D:\Smmplan\node_modules\@babel\parse
r\lib\index.js:10894:23)
    at Parser.parseMaybeConditional (D:\Smmplan\node_modules\@ba
bel\parser\lib\index.js:10871:23)
    at Parser.parseMaybeAssign (D:\Smmplan\node_modules\@babel\p
arser\lib\index.js:10821:21)
    at Parser.parseExpressionBase (D:\Smmplan\node_modules\@babe
l\parser\lib\index.js:10774:23)
    at D:\Smmplan\node_modules\@babel\parser\lib\index.js:10770:
39
    at Parser.allowInAnd (D:\Smmplan\node_modules\@babel\parser\
lib\index.js:12411:16)
    at Parser.parseExpression (D:\Smmplan\node_modules\@babel\pa
rser\lib\index.js:10770:17)
    at Parser.parseReturnStatement (D:\Smmplan\node_modules\@bab
el\parser\lib\index.js:13132:28)
    at Parser.parseStatementContent (D:\Smmplan\node_modules\@ba
bel\parser\lib\index.js:12788:21)
    at Parser.parseStatementLike (D:\Smmplan\node_modules\@babel
\parser\lib\index.js:12757:17)
    at Parser.parseStatementListItem (D:\Smmplan\node_modules\@b
abel\parser\lib\index.js:12737:17)
    at Parser.parseBlockOrModuleBlockBody (D:\Smmplan\node_modul
es\@babel\parser\lib\index.js:13306:61)
    at Parser.parseBlockBody (D:\Smmplan\node_modules\@babel\par
ser\lib\index.js:13299:10)
    at Parser.parseBlock (D:\Smmplan\node_modules\@babel\parser\
lib\index.js:13287:10)
    at Parser.parseFunctionBody (D:\Smmplan\node_modules\@babel\
parser\lib\index.js:12090:24)
    at Parser.parseFunctionBodyAndFinish (D:\Smmplan\node_module
s\@babel\parser\lib\index.js:12076:10)
    at D:\Smmplan\node_modules\@babel\parser\lib\index.js:13435:
12
    at Parser.withSmartMixTopicForbiddingContext (D:\Smmplan\nod
e_modules\@babel\parser\lib\index.js:12393:14)
    at Parser.parseFunction (D:\Smmplan\node_modules\@babel\pars
er\lib\index.js:13434:10)
    at Parser.parseFunctionStatement (D:\Smmplan\node_modules\@b
abel\parser\lib\index.js:13115:17)
    at Parser.parseStatementContent (D:\Smmplan\node_modules\@ba
bel\parser\lib\index.js:12781:21)
    at Parser.parseStatementLike (D:\Smmplan\node_modules\@babel
\parser\lib\index.js:12757:17)
    at Parser.parseModuleItem (D:\Smmplan\node_modules\@babel\pa
rser\lib\index.js:12734:17)
    at Parser.parseBlockOrModuleBlockBody (D:\Smmplan\node_modul
es\@babel\parser\lib\index.js:13306:36)
    at Parser.parseBlockBody (D:\Smmplan\node_modules\@babel\par
ser\lib\index.js:13299:10)
    at Parser.parseProgram (D:\Smmplan\node_modules\@babel\parse
r\lib\index.js:12612:10)
    at Parser.parseTopLevel (D:\Smmplan\node_modules\@babel\pars
er\lib\index.js:12602:25)
    at Parser.parse (D:\Smmplan\node_modules\@babel\parser\lib\i
ndex.js:14478:25)
    at parse (D:\Smmplan\node_modules\@babel\parser\lib\index.js
:14512:38)
Failed to collect coverage from D:\Smmplan\src\app\admin\service
s\page.tsx
ERROR: D:\Smmplan\src\app\admin\services\page.tsx: Support for t
he experimental syntax 'jsx' isn't currently enabled (28:13):

[0m [90m 26 |[39m     })[33m;[39m
 [90m 27 |[39m     [36mconst[39m providers [33m=[39m [36m
await[39m prisma_1[33m.[39mprisma[33m.[39mprovider[33m.[3
9mfindMany()[33m;[39m
[31m[1m>[22m[39m[90m 28 |[39m     [36mreturn[39m ([33m<
[39m[33mdiv[39m className[33m=[39m[32m"space-y-8 pb-12"[3
9m[33m>[39m
 [90m    |[39m             [31m[1m^[22m[39m
 [90m 29 |[39m       [33m<[39m[33mdiv[39m className[33m=
[39m[32m"flex items-center justify-between"[39m[33m>[39m
 [90m 30 |[39m         [33m<[39m[33mdiv[39m[33m>[39m
 [90m 31 |[39m           [33m<[39m[33mh2[39m className[33
m=[39m[32m"text-3xl font-black text-slate-800 flex items-cente
r gap-3 tracking-tight"[39m[33m>[39m[0m

Add @babel/preset-react (https://github.com/babel/babel/tree/mai
n/packages/babel-preset-react) to the 'presets' section of your 
Babel config to enable transformation.
If you want to leave it as-is, add @babel/plugin-syntax-jsx (htt
ps://github.com/babel/babel/tree/main/packages/babel-plugin-synt
ax-jsx) to the 'plugins' section to enable parsing.

If you already added the plugin for this syntax to your config, 
it's possible that your config isn't being loaded.
You can re-run Babel with the BABEL_SHOW_CONFIG_FOR environment 
variable to show the loaded configuration:
	npx cross-env BABEL_SHOW_CONFIG_FOR=D:\Smmplan\src\app\admin\se
rvices\page.tsx <your build command>
See https://babeljs.io/docs/configuration#print-effective-config
s for more info.

STACK: SyntaxError: D:\Smmplan\src\app\admin\services\page.tsx: 
Support for the experimental syntax 'jsx' isn't currently enable
d (28:13):

[0m [90m 26 |[39m     })[33m;[39m
 [90m 27 |[39m     [36mconst[39m providers [33m=[39m [36m
await[39m prisma_1[33m.[39mprisma[33m.[39mprovider[33m.[3
9mfindMany()[33m;[39m
[31m[1m>[22m[39m[90m 28 |[39m     [36mreturn[39m ([33m<
[39m[33mdiv[39m className[33m=[39m[32m"space-y-8 pb-12"[3
9m[33m>[39m
 [90m    |[39m             [31m[1m^[22m[39m
 [90m 29 |[39m       [33m<[39m[33mdiv[39m className[33m=
[39m[32m"flex items-center justify-between"[39m[33m>[39m
 [90m 30 |[39m         [33m<[39m[33mdiv[39m[33m>[39m
 [90m 31 |[39m           [33m<[39m[33mh2[39m className[33
m=[39m[32m"text-3xl font-black text-slate-800 flex items-cente
r gap-3 tracking-tight"[39m[33m>[39m[0m

Add @babel/preset-react (https://github.com/babel/babel/tree/mai
n/packages/babel-preset-react) to the 'presets' section of your 
Babel config to enable transformation.
If you want to leave it as-is, add @babel/plugin-syntax-jsx (htt
ps://github.com/babel/babel/tree/main/packages/babel-plugin-synt
ax-jsx) to the 'plugins' section to enable parsing.

If you already added the plugin for this syntax to your config, 
it's possible that your config isn't being loaded.
You can re-run Babel with the BABEL_SHOW_CONFIG_FOR environment 
variable to show the loaded configuration:
	npx cross-env BABEL_SHOW_CONFIG_FOR=D:\Smmplan\src\app\admin\se
rvices\page.tsx <your build command>
See https://babeljs.io/docs/configuration#print-effective-config
s for more info.

    at constructor (D:\Smmplan\node_modules\@babel\parser\lib\in
dex.js:365:19)
    at Parser.raise (D:\Smmplan\node_modules\@babel\parser\lib\i
ndex.js:6599:19)
    at Parser.expectOnePlugin (D:\Smmplan\node_modules\@babel\pa
rser\lib\index.js:6633:18)
    at Parser.parseExprAtom (D:\Smmplan\node_modules\@babel\pars
er\lib\index.js:11388:24)
    at Parser.parseExprSubscripts (D:\Smmplan\node_modules\@babe
l\parser\lib\index.js:11071:23)
    at Parser.parseUpdate (D:\Smmplan\node_modules\@babel\parser
\lib\index.js:11056:21)
    at Parser.parseMaybeUnary (D:\Smmplan\node_modules\@babel\pa
rser\lib\index.js:11036:23)
    at Parser.parseMaybeUnaryOrPrivate (D:\Smmplan\node_modules\
@babel\parser\lib\index.js:10889:61)
    at Parser.parseExprOps (D:\Smmplan\node_modules\@babel\parse
r\lib\index.js:10894:23)
    at Parser.parseMaybeConditional (D:\Smmplan\node_modules\@ba
bel\parser\lib\index.js:10871:23)
    at Parser.parseMaybeAssign (D:\Smmplan\node_modules\@babel\p
arser\lib\index.js:10821:21)
    at D:\Smmplan\node_modules\@babel\parser\lib\index.js:10790:
39
    at Parser.allowInAnd (D:\Smmplan\node_modules\@babel\parser\
lib\index.js:12416:12)
    at Parser.parseMaybeAssignAllowIn (D:\Smmplan\node_modules\@
babel\parser\lib\index.js:10790:17)
    at Parser.parseMaybeAssignAllowInOrVoidPattern (D:\Smmplan\n
ode_modules\@babel\parser\lib\index.js:12483:17)
    at Parser.parseParenAndDistinguishExpression (D:\Smmplan\nod
e_modules\@babel\parser\lib\index.js:11665:28)
    at Parser.parseExprAtom (D:\Smmplan\node_modules\@babel\pars
er\lib\index.js:11321:23)
    at Parser.parseExprSubscripts (D:\Smmplan\node_modules\@babe
l\parser\lib\index.js:11071:23)
    at Parser.parseUpdate (D:\Smmplan\node_modules\@babel\parser
\lib\index.js:11056:21)
    at Parser.parseMaybeUnary (D:\Smmplan\node_modules\@babel\pa
rser\lib\index.js:11036:23)
    at Parser.parseMaybeUnaryOrPrivate (D:\Smmplan\node_modules\
@babel\parser\lib\index.js:10889:61)
    at Parser.parseExprOps (D:\Smmplan\node_modules\@babel\parse
r\lib\index.js:10894:23)
    at Parser.parseMaybeConditional (D:\Smmplan\node_modules\@ba
bel\parser\lib\index.js:10871:23)
    at Parser.parseMaybeAssign (D:\Smmplan\node_modules\@babel\p
arser\lib\index.js:10821:21)
    at Parser.parseExpressionBase (D:\Smmplan\node_modules\@babe
l\parser\lib\index.js:10774:23)
    at D:\Smmplan\node_modules\@babel\parser\lib\index.js:10770:
39
    at Parser.allowInAnd (D:\Smmplan\node_modules\@babel\parser\
lib\index.js:12411:16)
    at Parser.parseExpression (D:\Smmplan\node_modules\@babel\pa
rser\lib\index.js:10770:17)
    at Parser.parseReturnStatement (D:\Smmplan\node_modules\@bab
el\parser\lib\index.js:13132:28)
    at Parser.parseStatementContent (D:\Smmplan\node_modules\@ba
bel\parser\lib\index.js:12788:21)
    at Parser.parseStatementLike (D:\Smmplan\node_modules\@babel
\parser\lib\index.js:12757:17)
    at Parser.parseStatementListItem (D:\Smmplan\node_modules\@b
abel\parser\lib\index.js:12737:17)
    at Parser.parseBlockOrModuleBlockBody (D:\Smmplan\node_modul
es\@babel\parser\lib\index.js:13306:61)
    at Parser.parseBlockBody (D:\Smmplan\node_modules\@babel\par
ser\lib\index.js:13299:10)
    at Parser.parseBlock (D:\Smmplan\node_modules\@babel\parser\
lib\index.js:13287:10)
    at Parser.parseFunctionBody (D:\Smmplan\node_modules\@babel\
parser\lib\index.js:12090:24)
    at Parser.parseFunctionBodyAndFinish (D:\Smmplan\node_module
s\@babel\parser\lib\index.js:12076:10)
    at D:\Smmplan\node_modules\@babel\parser\lib\index.js:13435:
12
    at Parser.withSmartMixTopicForbiddingContext (D:\Smmplan\nod
e_modules\@babel\parser\lib\index.js:12393:14)
    at Parser.parseFunction (D:\Smmplan\node_modules\@babel\pars
er\lib\index.js:13434:10)
    at Parser.parseFunctionStatement (D:\Smmplan\node_modules\@b
abel\parser\lib\index.js:13115:17)
    at Parser.parseStatementContent (D:\Smmplan\node_modules\@ba
bel\parser\lib\index.js:12880:25)
    at Parser.parseStatementLike (D:\Smmplan\node_modules\@babel
\parser\lib\index.js:12757:17)
    at Parser.parseModuleItem (D:\Smmplan\node_modules\@babel\pa
rser\lib\index.js:12734:17)
    at Parser.parseBlockOrModuleBlockBody (D:\Smmplan\node_modul
es\@babel\parser\lib\index.js:13306:36)
    at Parser.parseBlockBody (D:\Smmplan\node_modules\@babel\par
ser\lib\index.js:13299:10)
    at Parser.parseProgram (D:\Smmplan\node_modules\@babel\parse
r\lib\index.js:12612:10)
    at Parser.parseTopLevel (D:\Smmplan\node_modules\@babel\pars
er\lib\index.js:12602:25)
    at Parser.parse (D:\Smmplan\node_modules\@babel\parser\lib\i
ndex.js:14478:25)
    at parse (D:\Smmplan\node_modules\@babel\parser\lib\index.js
:14512:38)
Failed to collect coverage from D:\Smmplan\src\app\admin\support
\page.tsx
ERROR: D:\Smmplan\src\app\admin\support\page.tsx: Support for th
e experimental syntax 'jsx' isn't currently enabled (10:12):

[0m [90m  8 |[39m [36mconst[39m support_unified_1 [33m=[3
9m require([32m"@/components/admin/support/support-unified"[39
m)[33m;[39m
 [90m  9 |[39m [36mfunction[39m [33mSupportPageWrapper[39m
() {
[31m[1m>[22m[39m[90m 10 |[39m     [36mreturn[39m [33m<
[39m[33msupport_unified_1[39m[33m.[39m[33mSupportUnified[3
9m [33m/[39m[33m>[39m[33m;[39m
 [90m    |[39m            [31m[1m^[22m[39m
 [90m 11 |[39m }
 [90m 12 |[39m [90m//# sourceMappingURL=data:application/json
;charset=utf-8;base64,eyJmaWxlIjoiRDpcXFNtbXBsYW5cXHNyY1xcYXBwXF
xhZG1pblxcc3VwcG9ydFxccGFnZS50c3giLCJtYXBwaW5ncyI6Ijs7Ozs7QUFJQS
xxQ0FFQztBQUxELGtEQUEwQjtBQUMxQixnRkFBNEU7QUFFNUUsU0FBd0Isa0JBQW
tCO0lBQ3hDLE9BQU8sQ0FBQyxnQ0FBYyxDQUFDLEFBQUQsRUFBRyxDQUFDO0FBQz
VCLENBQUMiLCJuYW1lcyI6W10sInNvdXJjZXMiOlsiRDpcXFNtbXBsYW5cXHNyY1
xcYXBwXFxhZG1pblxcc3VwcG9ydFxccGFnZS50c3giXSwic291cmNlc0NvbnRlbn
QiOlsiXG5pbXBvcnQgUmVhY3QgZnJvbSAncmVhY3QnO1xuaW1wb3J0IHsgU3VwcG
9ydFVuaWZpZWQgfSBmcm9tICdAL2NvbXBvbmVudHMvYWRtaW4vc3VwcG9ydC9zdX
Bwb3J0LXVuaWZpZWQnO1xuXG5leHBvcnQgZGVmYXVsdCBmdW5jdGlvbiBTdXBwb3
J0UGFnZVdyYXBwZXIoKSB7XG4gIHJldHVybiA8U3VwcG9ydFVuaWZpZWQgLz47XG
59Il0sInZlcnNpb24iOjN9[39m[0m

Add @babel/preset-react (https://github.com/babel/babel/tree/mai
n/packages/babel-preset-react) to the 'presets' section of your 
Babel config to enable transformation.
If you want to leave it as-is, add @babel/plugin-syntax-jsx (htt
ps://github.com/babel/babel/tree/main/packages/babel-plugin-synt
ax-jsx) to the 'plugins' section to enable parsing.

If you already added the plugin for this syntax to your config, 
it's possible that your config isn't being loaded.
You can re-run Babel with the BABEL_SHOW_CONFIG_FOR environment 
variable to show the loaded configuration:
	npx cross-env BABEL_SHOW_CONFIG_FOR=D:\Smmplan\src\app\admin\su
pport\page.tsx <your build command>
See https://babeljs.io/docs/configuration#print-effective-config
s for more info.

STACK: SyntaxError: D:\Smmplan\src\app\admin\support\page.tsx: S
upport for the experimental syntax 'jsx' isn't currently enabled
 (10:12):

[0m [90m  8 |[39m [36mconst[39m support_unified_1 [33m=[3
9m require([32m"@/components/admin/support/support-unified"[39
m)[33m;[39m
 [90m  9 |[39m [36mfunction[39m [33mSupportPageWrapper[39m
() {
[31m[1m>[22m[39m[90m 10 |[39m     [36mreturn[39m [33m<
[39m[33msupport_unified_1[39m[33m.[39m[33mSupportUnified[3
9m [33m/[39m[33m>[39m[33m;[39m
 [90m    |[39m            [31m[1m^[22m[39m
 [90m 11 |[39m }
 [90m 12 |[39m [90m//# sourceMappingURL=data:application/json
;charset=utf-8;base64,eyJmaWxlIjoiRDpcXFNtbXBsYW5cXHNyY1xcYXBwXF
xhZG1pblxcc3VwcG9ydFxccGFnZS50c3giLCJtYXBwaW5ncyI6Ijs7Ozs7QUFJQS
xxQ0FFQztBQUxELGtEQUEwQjtBQUMxQixnRkFBNEU7QUFFNUUsU0FBd0Isa0JBQW
tCO0lBQ3hDLE9BQU8sQ0FBQyxnQ0FBYyxDQUFDLEFBQUQsRUFBRyxDQUFDO0FBQz
VCLENBQUMiLCJuYW1lcyI6W10sInNvdXJjZXMiOlsiRDpcXFNtbXBsYW5cXHNyY1
xcYXBwXFxhZG1pblxcc3VwcG9ydFxccGFnZS50c3giXSwic291cmNlc0NvbnRlbn
QiOlsiXG5pbXBvcnQgUmVhY3QgZnJvbSAncmVhY3QnO1xuaW1wb3J0IHsgU3VwcG
9ydFVuaWZpZWQgfSBmcm9tICdAL2NvbXBvbmVudHMvYWRtaW4vc3VwcG9ydC9zdX
Bwb3J0LXVuaWZpZWQnO1xuXG5leHBvcnQgZGVmYXVsdCBmdW5jdGlvbiBTdXBwb3
J0UGFnZVdyYXBwZXIoKSB7XG4gIHJldHVybiA8U3VwcG9ydFVuaWZpZWQgLz47XG
59Il0sInZlcnNpb24iOjN9[39m[0m

Add @babel/preset-react (https://github.com/babel/babel/tree/mai
n/packages/babel-preset-react) to the 'presets' section of your 
Babel config to enable transformation.
If you want to leave it as-is, add @babel/plugin-syntax-jsx (htt
ps://github.com/babel/babel/tree/main/packages/babel-plugin-synt
ax-jsx) to the 'plugins' section to enable parsing.

If you already added the plugin for this syntax to your config, 
it's possible that your config isn't being loaded.
You can re-run Babel with the BABEL_SHOW_CONFIG_FOR environment 
variable to show the loaded configuration:
	npx cross-env BABEL_SHOW_CONFIG_FOR=D:\Smmplan\src\app\admin\su
pport\page.tsx <your build command>
See https://babeljs.io/docs/configuration#print-effective-config
s for more info.

    at constructor (D:\Smmplan\node_modules\@babel\parser\lib\in
dex.js:365:19)
    at Parser.raise (D:\Smmplan\node_modules\@babel\parser\lib\i
ndex.js:6599:19)
    at Parser.expectOnePlugin (D:\Smmplan\node_modules\@babel\pa
rser\lib\index.js:6633:18)
    at Parser.parseExprAtom (D:\Smmplan\node_modules\@babel\pars
er\lib\index.js:11388:24)
    at Parser.parseExprSubscripts (D:\Smmplan\node_modules\@babe
l\parser\lib\index.js:11071:23)
    at Parser.parseUpdate (D:\Smmplan\node_modules\@babel\parser
\lib\index.js:11056:21)
    at Parser.parseMaybeUnary (D:\Smmplan\node_modules\@babel\pa
rser\lib\index.js:11036:23)
    at Parser.parseMaybeUnaryOrPrivate (D:\Smmplan\node_modules\
@babel\parser\lib\index.js:10889:61)
    at Parser.parseExprOps (D:\Smmplan\node_modules\@babel\parse
r\lib\index.js:10894:23)
    at Parser.parseMaybeConditional (D:\Smmplan\node_modules\@ba
bel\parser\lib\index.js:10871:23)
    at Parser.parseMaybeAssign (D:\Smmplan\node_modules\@babel\p
arser\lib\index.js:10821:21)
    at Parser.parseExpressionBase (D:\Smmplan\node_modules\@babe
l\parser\lib\index.js:10774:23)
    at D:\Smmplan\node_modules\@babel\parser\lib\index.js:10770:
39
    at Parser.allowInAnd (D:\Smmplan\node_modules\@babel\parser\
lib\index.js:12411:16)
    at Parser.parseExpression (D:\Smmplan\node_modules\@babel\pa
rser\lib\index.js:10770:17)
    at Parser.parseReturnStatement (D:\Smmplan\node_modules\@bab
el\parser\lib\index.js:13132:28)
    at Parser.parseStatementContent (D:\Smmplan\node_modules\@ba
bel\parser\lib\index.js:12788:21)
    at Parser.parseStatementLike (D:\Smmplan\node_modules\@babel
\parser\lib\index.js:12757:17)
    at Parser.parseStatementListItem (D:\Smmplan\node_modules\@b
abel\parser\lib\index.js:12737:17)
    at Parser.parseBlockOrModuleBlockBody (D:\Smmplan\node_modul
es\@babel\parser\lib\index.js:13306:61)
    at Parser.parseBlockBody (D:\Smmplan\node_modules\@babel\par
ser\lib\index.js:13299:10)
    at Parser.parseBlock (D:\Smmplan\node_modules\@babel\parser\
lib\index.js:13287:10)
    at Parser.parseFunctionBody (D:\Smmplan\node_modules\@babel\
parser\lib\index.js:12090:24)
    at Parser.parseFunctionBodyAndFinish (D:\Smmplan\node_module
s\@babel\parser\lib\index.js:12076:10)
    at D:\Smmplan\node_modules\@babel\parser\lib\index.js:13435:
12
    at Parser.withSmartMixTopicForbiddingContext (D:\Smmplan\nod
e_modules\@babel\parser\lib\index.js:12393:14)
    at Parser.parseFunction (D:\Smmplan\node_modules\@babel\pars
er\lib\index.js:13434:10)
    at Parser.parseFunctionStatement (D:\Smmplan\node_modules\@b
abel\parser\lib\index.js:13115:17)
    at Parser.parseStatementContent (D:\Smmplan\node_modules\@ba
bel\parser\lib\index.js:12781:21)
    at Parser.parseStatementLike (D:\Smmplan\node_modules\@babel
\parser\lib\index.js:12757:17)
    at Parser.parseModuleItem (D:\Smmplan\node_modules\@babel\pa
rser\lib\index.js:12734:17)
    at Parser.parseBlockOrModuleBlockBody (D:\Smmplan\node_modul
es\@babel\parser\lib\index.js:13306:36)
    at Parser.parseBlockBody (D:\Smmplan\node_modules\@babel\par
ser\lib\index.js:13299:10)
    at Parser.parseProgram (D:\Smmplan\node_modules\@babel\parse
r\lib\index.js:12612:10)
    at Parser.parseTopLevel (D:\Smmplan\node_modules\@babel\pars
er\lib\index.js:12602:25)
    at Parser.parse (D:\Smmplan\node_modules\@babel\parser\lib\i
ndex.js:14478:25)
    at parse (D:\Smmplan\node_modules\@babel\parser\lib\index.js
:14512:38)
    at parser (D:\Smmplan\node_modules\@babel\core\lib\parser\in
dex.js:41:34)
    at parser.next (<anonymous>)
    at normalizeFile (D:\Smmplan\node_modules\@babel\core\lib\tr
ansformation\normalize-file.js:64:37)
    at normalizeFile.next (<anonymous>)
    at run (D:\Smmplan\node_modules\@babel\core\lib\transformati
on\index.js:22:50)
    at run.next (<anonymous>)
    at transform (D:\Smmplan\node_modules\@babel\core\lib\transf
orm.js:22:33)
    at transform.next (<anonymous>)
    at evaluateSync (D:\Smmplan\node_modules\gensync\index.js:25
1:28)
    at sync (D:\Smmplan\node_modules\gensync\index.js:89:14)
    at stopHiding - secret - don't use this - v1 (D:\Smmplan\nod
e_modules\@babel\core\lib\errors\rewrite-stack-trace.js:47:12)
    at transformSync (D:\Smmplan\node_modules\@babel\core\lib\tr
ansform.js:40:76)
    at ScriptTransformer._instrumentFile (D:\Smmplan\node_module
s\@jest\transform\build\index.js:301:46)
Failed to collect coverage from D:\Smmplan\src\app\admin\transac
tions\page.tsx
ERROR: D:\Smmplan\src\app\admin\transactions\page.tsx: Support f
or the experimental syntax 'jsx' isn't currently enabled (94:13)
:

[0m [90m 92 |[39m     }[33m;[39m
 [90m 93 |[39m     [36mconst[39m filterData [33m=[39m { us
erId[33m,[39m search[33m,[39m type[33m,[39m status[33m,[
39m minAmount[33m,[39m maxAmount[33m,[39m startDate[33m,[3
9m endDate }[33m;[39m
[31m[1m>[22m[39m[90m 94 |[39m     [36mreturn[39m ([33m<
[39m[33mdiv[39m className[33m=[39m[32m"space-y-6 text-[13p
x]"[39m[33m>[39m
 [90m    |[39m             [31m[1m^[22m[39m
 [90m 95 |[39m       [33m<[39m[33mdiv[39m className[33m=
[39m[32m"flex items-center justify-between"[39m[33m>[39m
 [90m 96 |[39m         [33m<[39m[33mdiv[39m[33m>[39m
 [90m 97 |[39m           [33m<[39m[33mh2[39m className[33
m=[39m[32m"text-2xl font-bold text-slate-800 tracking-tight it
alic uppercase"[39m[33m>[39m[33mLedger[39m [33mHub[39m[3
3m<[39m[33m/[39m[33mh2[39m[33m>[39m[0m

Add @babel/preset-react (https://github.com/babel/babel/tree/mai
n/packages/babel-preset-react) to the 'presets' section of your 
Babel config to enable transformation.
If you want to leave it as-is, add @babel/plugin-syntax-jsx (htt
ps://github.com/babel/babel/tree/main/packages/babel-plugin-synt
ax-jsx) to the 'plugins' section to enable parsing.

If you already added the plugin for this syntax to your config, 
it's possible that your config isn't being loaded.
You can re-run Babel with the BABEL_SHOW_CONFIG_FOR environment 
variable to show the loaded configuration:
	npx cross-env BABEL_SHOW_CONFIG_FOR=D:\Smmplan\src\app\admin\tr
ansactions\page.tsx <your build command>
See https://babeljs.io/docs/configuration#print-effective-config
s for more info.

STACK: SyntaxError: D:\Smmplan\src\app\admin\transactions\page.t
sx: Support for the experimental syntax 'jsx' isn't currently en
abled (94:13):

[0m [90m 92 |[39m     }[33m;[39m
 [90m 93 |[39m     [36mconst[39m filterData [33m=[39m { us
erId[33m,[39m search[33m,[39m type[33m,[39m status[33m,[
39m minAmount[33m,[39m maxAmount[33m,[39m startDate[33m,[3
9m endDate }[33m;[39m
[31m[1m>[22m[39m[90m 94 |[39m     [36mreturn[39m ([33m<
[39m[33mdiv[39m className[33m=[39m[32m"space-y-6 text-[13p
x]"[39m[33m>[39m
 [90m    |[39m             [31m[1m^[22m[39m
 [90m 95 |[39m       [33m<[39m[33mdiv[39m className[33m=
[39m[32m"flex items-center justify-between"[39m[33m>[39m
 [90m 96 |[39m         [33m<[39m[33mdiv[39m[33m>[39m
 [90m 97 |[39m           [33m<[39m[33mh2[39m className[33
m=[39m[32m"text-2xl font-bold text-slate-800 tracking-tight it
alic uppercase"[39m[33m>[39m[33mLedger[39m [33mHub[39m[3
3m<[39m[33m/[39m[33mh2[39m[33m>[39m[0m

Add @babel/preset-react (https://github.com/babel/babel/tree/mai
n/packages/babel-preset-react) to the 'presets' section of your 
Babel config to enable transformation.
If you want to leave it as-is, add @babel/plugin-syntax-jsx (htt
ps://github.com/babel/babel/tree/main/packages/babel-plugin-synt
ax-jsx) to the 'plugins' section to enable parsing.

If you already added the plugin for this syntax to your config, 
it's possible that your config isn't being loaded.
You can re-run Babel with the BABEL_SHOW_CONFIG_FOR environment 
variable to show the loaded configuration:
	npx cross-env BABEL_SHOW_CONFIG_FOR=D:\Smmplan\src\app\admin\tr
ansactions\page.tsx <your build command>
See https://babeljs.io/docs/configuration#print-effective-config
s for more info.

    at constructor (D:\Smmplan\node_modules\@babel\parser\lib\in
dex.js:365:19)
    at Parser.raise (D:\Smmplan\node_modules\@babel\parser\lib\i
ndex.js:6599:19)
    at Parser.expectOnePlugin (D:\Smmplan\node_modules\@babel\pa
rser\lib\index.js:6633:18)
    at Parser.parseExprAtom (D:\Smmplan\node_modules\@babel\pars
er\lib\index.js:11388:24)
    at Parser.parseExprSubscripts (D:\Smmplan\node_modules\@babe
l\parser\lib\index.js:11071:23)
    at Parser.parseUpdate (D:\Smmplan\node_modules\@babel\parser
\lib\index.js:11056:21)
    at Parser.parseMaybeUnary (D:\Smmplan\node_modules\@babel\pa
rser\lib\index.js:11036:23)
    at Parser.parseMaybeUnaryOrPrivate (D:\Smmplan\node_modules\
@babel\parser\lib\index.js:10889:61)
    at Parser.parseExprOps (D:\Smmplan\node_modules\@babel\parse
r\lib\index.js:10894:23)
    at Parser.parseMaybeConditional (D:\Smmplan\node_modules\@ba
bel\parser\lib\index.js:10871:23)
    at Parser.parseMaybeAssign (D:\Smmplan\node_modules\@babel\p
arser\lib\index.js:10821:21)
    at D:\Smmplan\node_modules\@babel\parser\lib\index.js:10790:
39
    at Parser.allowInAnd (D:\Smmplan\node_modules\@babel\parser\
lib\index.js:12416:12)
    at Parser.parseMaybeAssignAllowIn (D:\Smmplan\node_modules\@
babel\parser\lib\index.js:10790:17)
    at Parser.parseMaybeAssignAllowInOrVoidPattern (D:\Smmplan\n
ode_modules\@babel\parser\lib\index.js:12483:17)
    at Parser.parseParenAndDistinguishExpression (D:\Smmplan\nod
e_modules\@babel\parser\lib\index.js:11665:28)
    at Parser.parseExprAtom (D:\Smmplan\node_modules\@babel\pars
er\lib\index.js:11321:23)
    at Parser.parseExprSubscripts (D:\Smmplan\node_modules\@babe
l\parser\lib\index.js:11071:23)
    at Parser.parseUpdate (D:\Smmplan\node_modules\@babel\parser
\lib\index.js:11056:21)
    at Parser.parseMaybeUnary (D:\Smmplan\node_modules\@babel\pa
rser\lib\index.js:11036:23)
    at Parser.parseMaybeUnaryOrPrivate (D:\Smmplan\node_modules\
@babel\parser\lib\index.js:10889:61)
    at Parser.parseExprOps (D:\Smmplan\node_modules\@babel\parse
r\lib\index.js:10894:23)
    at Parser.parseMaybeConditional (D:\Smmplan\node_modules\@ba
bel\parser\lib\index.js:10871:23)
    at Parser.parseMaybeAssign (D:\Smmplan\node_modules\@babel\p
arser\lib\index.js:10821:21)
    at Parser.parseExpressionBase (D:\Smmplan\node_modules\@babe
l\parser\lib\index.js:10774:23)
    at D:\Smmplan\node_modules\@babel\parser\lib\index.js:10770:
39
    at Parser.allowInAnd (D:\Smmplan\node_modules\@babel\parser\
lib\index.js:12411:16)
    at Parser.parseExpression (D:\Smmplan\node_modules\@babel\pa
rser\lib\index.js:10770:17)
    at Parser.parseReturnStatement (D:\Smmplan\node_modules\@bab
el\parser\lib\index.js:13132:28)
    at Parser.parseStatementContent (D:\Smmplan\node_modules\@ba
bel\parser\lib\index.js:12788:21)
    at Parser.parseStatementLike (D:\Smmplan\node_modules\@babel
\parser\lib\index.js:12757:17)
    at Parser.parseStatementListItem (D:\Smmplan\node_modules\@b
abel\parser\lib\index.js:12737:17)
    at Parser.parseBlockOrModuleBlockBody (D:\Smmplan\node_modul
es\@babel\parser\lib\index.js:13306:61)
    at Parser.parseBlockBody (D:\Smmplan\node_modules\@babel\par
ser\lib\index.js:13299:10)
    at Parser.parseBlock (D:\Smmplan\node_modules\@babel\parser\
lib\index.js:13287:10)
    at Parser.parseFunctionBody (D:\Smmplan\node_modules\@babel\
parser\lib\index.js:12090:24)
    at Parser.parseFunctionBodyAndFinish (D:\Smmplan\node_module
s\@babel\parser\lib\index.js:12076:10)
    at D:\Smmplan\node_modules\@babel\parser\lib\index.js:13435:
12
    at Parser.withSmartMixTopicForbiddingContext (D:\Smmplan\nod
e_modules\@babel\parser\lib\index.js:12393:14)
    at Parser.parseFunction (D:\Smmplan\node_modules\@babel\pars
er\lib\index.js:13434:10)
    at Parser.parseFunctionStatement (D:\Smmplan\node_modules\@b
abel\parser\lib\index.js:13115:17)
    at Parser.parseStatementContent (D:\Smmplan\node_modules\@ba
bel\parser\lib\index.js:12880:25)
    at Parser.parseStatementLike (D:\Smmplan\node_modules\@babel
\parser\lib\index.js:12757:17)
    at Parser.parseModuleItem (D:\Smmplan\node_modules\@babel\pa
rser\lib\index.js:12734:17)
    at Parser.parseBlockOrModuleBlockBody (D:\Smmplan\node_modul
es\@babel\parser\lib\index.js:13306:36)
    at Parser.parseBlockBody (D:\Smmplan\node_modules\@babel\par
ser\lib\index.js:13299:10)
    at Parser.parseProgram (D:\Smmplan\node_modules\@babel\parse
r\lib\index.js:12612:10)
    at Parser.parseTopLevel (D:\Smmplan\node_modules\@babel\pars
er\lib\index.js:12602:25)
    at Parser.parse (D:\Smmplan\node_modules\@babel\parser\lib\i
ndex.js:14478:25)
    at parse (D:\Smmplan\node_modules\@babel\parser\lib\index.js
:14512:38)
Failed to collect coverage from D:\Smmplan\src\components\admin\
analytics\guarantee-parser-tester.tsx
ERROR: D:\Smmplan\src\components\admin\analytics\guarantee-parse
r-tester.tsx: Support for the experimental syntax 'jsx' isn't cu
rrently enabled (57:13):

[0m [90m 55 |[39m         }
 [90m 56 |[39m     }[33m;[39m
[31m[1m>[22m[39m[90m 57 |[39m     [36mreturn[39m ([33m<
[39m[33mdiv[39m className[33m=[39m[32m"bg-white p-6 rounde
d-[2rem] border border-slate-200 shadow-sm mt-8"[39m[33m>[39m
 [90m    |[39m             [31m[1m^[22m[39m
 [90m 58 |[39m             [33m<[39m[33mh3[39m className[
33m=[39m[32m"text-sm font-black text-slate-800 uppercase track
ing-widest mb-4 flex items-center gap-2"[39m[33m>[39m
 [90m 59 |[39m                 [33m<[39m[33mdiv[39m classN
ame[33m=[39m[32m"w-2 h-2 rounded-full bg-indigo-500"[39m[33
m>[39m[33m<[39m[33m/[39m[33mdiv[39m[33m>[39m
 [90m 60 |[39m                 [33m╨в╨╡╤Б╤В╨╡╤А[39m ╨╛╨┐╤А╨╡
╨┤╨╡╨╗╨╡╨╜╨╕╤П ╨│╨░╤А╨░╨╜╤В╨╕╨╕[0m

Add @babel/preset-react (https://github.com/babel/babel/tree/mai
n/packages/babel-preset-react) to the 'presets' section of your 
Babel config to enable transformation.
If you want to leave it as-is, add @babel/plugin-syntax-jsx (htt
ps://github.com/babel/babel/tree/main/packages/babel-plugin-synt
ax-jsx) to the 'plugins' section to enable parsing.

If you already added the plugin for this syntax to your config, 
it's possible that your config isn't being loaded.
You can re-run Babel with the BABEL_SHOW_CONFIG_FOR environment 
variable to show the loaded configuration:
	npx cross-env BABEL_SHOW_CONFIG_FOR=D:\Smmplan\src\components\a
dmin\analytics\guarantee-parser-tester.tsx <your build command>
See https://babeljs.io/docs/configuration#print-effective-config
s for more info.

STACK: SyntaxError: D:\Smmplan\src\components\admin\analytics\gu
arantee-parser-tester.tsx: Support for the experimental syntax '
jsx' isn't currently enabled (57:13):

[0m [90m 55 |[39m         }
 [90m 56 |[39m     }[33m;[39m
[31m[1m>[22m[39m[90m 57 |[39m     [36mreturn[39m ([33m<
[39m[33mdiv[39m className[33m=[39m[32m"bg-white p-6 rounde
d-[2rem] border border-slate-200 shadow-sm mt-8"[39m[33m>[39m
 [90m    |[39m             [31m[1m^[22m[39m
 [90m 58 |[39m             [33m<[39m[33mh3[39m className[
33m=[39m[32m"text-sm font-black text-slate-800 uppercase track
ing-widest mb-4 flex items-center gap-2"[39m[33m>[39m
 [90m 59 |[39m                 [33m<[39m[33mdiv[39m classN
ame[33m=[39m[32m"w-2 h-2 rounded-full bg-indigo-500"[39m[33
m>[39m[33m<[39m[33m/[39m[33mdiv[39m[33m>[39m
 [90m 60 |[39m                 [33m╨в╨╡╤Б╤В╨╡╤А[39m ╨╛╨┐╤А╨╡
╨┤╨╡╨╗╨╡╨╜╨╕╤П ╨│╨░╤А╨░╨╜╤В╨╕╨╕[0m

Add @babel/preset-react (https://github.com/babel/babel/tree/mai
n/packages/babel-preset-react) to the 'presets' section of your 
Babel config to enable transformation.
If you want to leave it as-is, add @babel/plugin-syntax-jsx (htt
ps://github.com/babel/babel/tree/main/packages/babel-plugin-synt
ax-jsx) to the 'plugins' section to enable parsing.

If you already added the plugin for this syntax to your config, 
it's possible that your config isn't being loaded.
You can re-run Babel with the BABEL_SHOW_CONFIG_FOR environment 
variable to show the loaded configuration:
	npx cross-env BABEL_SHOW_CONFIG_FOR=D:\Smmplan\src\components\a
dmin\analytics\guarantee-parser-tester.tsx <your build command>
See https://babeljs.io/docs/configuration#print-effective-config
s for more info.

    at constructor (D:\Smmplan\node_modules\@babel\parser\lib\in
dex.js:365:19)
    at Parser.raise (D:\Smmplan\node_modules\@babel\parser\lib\i
ndex.js:6599:19)
    at Parser.expectOnePlugin (D:\Smmplan\node_modules\@babel\pa
rser\lib\index.js:6633:18)
    at Parser.parseExprAtom (D:\Smmplan\node_modules\@babel\pars
er\lib\index.js:11388:24)
    at Parser.parseExprSubscripts (D:\Smmplan\node_modules\@babe
l\parser\lib\index.js:11071:23)
    at Parser.parseUpdate (D:\Smmplan\node_modules\@babel\parser
\lib\index.js:11056:21)
    at Parser.parseMaybeUnary (D:\Smmplan\node_modules\@babel\pa
rser\lib\index.js:11036:23)
    at Parser.parseMaybeUnaryOrPrivate (D:\Smmplan\node_modules\
@babel\parser\lib\index.js:10889:61)
    at Parser.parseExprOps (D:\Smmplan\node_modules\@babel\parse
r\lib\index.js:10894:23)
    at Parser.parseMaybeConditional (D:\Smmplan\node_modules\@ba
bel\parser\lib\index.js:10871:23)
    at Parser.parseMaybeAssign (D:\Smmplan\node_modules\@babel\p
arser\lib\index.js:10821:21)
    at D:\Smmplan\node_modules\@babel\parser\lib\index.js:10790:
39
    at Parser.allowInAnd (D:\Smmplan\node_modules\@babel\parser\
lib\index.js:12416:12)
    at Parser.parseMaybeAssignAllowIn (D:\Smmplan\node_modules\@
babel\parser\lib\index.js:10790:17)
    at Parser.parseMaybeAssignAllowInOrVoidPattern (D:\Smmplan\n
ode_modules\@babel\parser\lib\index.js:12483:17)
    at Parser.parseParenAndDistinguishExpression (D:\Smmplan\nod
e_modules\@babel\parser\lib\index.js:11665:28)
    at Parser.parseExprAtom (D:\Smmplan\node_modules\@babel\pars
er\lib\index.js:11321:23)
    at Parser.parseExprSubscripts (D:\Smmplan\node_modules\@babe
l\parser\lib\index.js:11071:23)
    at Parser.parseUpdate (D:\Smmplan\node_modules\@babel\parser
\lib\index.js:11056:21)
    at Parser.parseMaybeUnary (D:\Smmplan\node_modules\@babel\pa
rser\lib\index.js:11036:23)
    at Parser.parseMaybeUnaryOrPrivate (D:\Smmplan\node_modules\
@babel\parser\lib\index.js:10889:61)
    at Parser.parseExprOps (D:\Smmplan\node_modules\@babel\parse
r\lib\index.js:10894:23)
    at Parser.parseMaybeConditional (D:\Smmplan\node_modules\@ba
bel\parser\lib\index.js:10871:23)
    at Parser.parseMaybeAssign (D:\Smmplan\node_modules\@babel\p
arser\lib\index.js:10821:21)
    at Parser.parseExpressionBase (D:\Smmplan\node_modules\@babe
l\parser\lib\index.js:10774:23)
    at D:\Smmplan\node_modules\@babel\parser\lib\index.js:10770:
39
    at Parser.allowInAnd (D:\Smmplan\node_modules\@babel\parser\
lib\index.js:12411:16)
    at Parser.parseExpression (D:\Smmplan\node_modules\@babel\pa
rser\lib\index.js:10770:17)
    at Parser.parseReturnStatement (D:\Smmplan\node_modules\@bab
el\parser\lib\index.js:13132:28)
    at Parser.parseStatementContent (D:\Smmplan\node_modules\@ba
bel\parser\lib\index.js:12788:21)
    at Parser.parseStatementLike (D:\Smmplan\node_modules\@babel
\parser\lib\index.js:12757:17)
    at Parser.parseStatementListItem (D:\Smmplan\node_modules\@b
abel\parser\lib\index.js:12737:17)
    at Parser.parseBlockOrModuleBlockBody (D:\Smmplan\node_modul
es\@babel\parser\lib\index.js:13306:61)
    at Parser.parseBlockBody (D:\Smmplan\node_modules\@babel\par
ser\lib\index.js:13299:10)
    at Parser.parseBlock (D:\Smmplan\node_modules\@babel\parser\
lib\index.js:13287:10)
    at Parser.parseFunctionBody (D:\Smmplan\node_modules\@babel\
parser\lib\index.js:12090:24)
    at Parser.parseFunctionBodyAndFinish (D:\Smmplan\node_module
s\@babel\parser\lib\index.js:12076:10)
    at D:\Smmplan\node_modules\@babel\parser\lib\index.js:13435:
12
    at Parser.withSmartMixTopicForbiddingContext (D:\Smmplan\nod
e_modules\@babel\parser\lib\index.js:12393:14)
    at Parser.parseFunction (D:\Smmplan\node_modules\@babel\pars
er\lib\index.js:13434:10)
    at Parser.parseFunctionStatement (D:\Smmplan\node_modules\@b
abel\parser\lib\index.js:13115:17)
    at Parser.parseStatementContent (D:\Smmplan\node_modules\@ba
bel\parser\lib\index.js:12781:21)
    at Parser.parseStatementLike (D:\Smmplan\node_modules\@babel
\parser\lib\index.js:12757:17)
    at Parser.parseModuleItem (D:\Smmplan\node_modules\@babel\pa
rser\lib\index.js:12734:17)
    at Parser.parseBlockOrModuleBlockBody (D:\Smmplan\node_modul
es\@babel\parser\lib\index.js:13306:36)
    at Parser.parseBlockBody (D:\Smmplan\node_modules\@babel\par
ser\lib\index.js:13299:10)
    at Parser.parseProgram (D:\Smmplan\node_modules\@babel\parse
r\lib\index.js:12612:10)
    at Parser.parseTopLevel (D:\Smmplan\node_modules\@babel\pars
er\lib\index.js:12602:25)
    at Parser.parse (D:\Smmplan\node_modules\@babel\parser\lib\i
ndex.js:14478:25)
    at parse (D:\Smmplan\node_modules\@babel\parser\lib\index.js
:14512:38)
Failed to collect coverage from D:\Smmplan\src\components\admin\
analytics\churn-dashboard.tsx
ERROR: D:\Smmplan\src\components\admin\analytics\churn-dashboard
.tsx: Support for the experimental syntax 'jsx' isn't currently 
enabled (12:13):

[0m [90m 10 |[39m [36mconst[39m lucide_react_1 [33m=[39m 
require([32m"lucide-react"[39m)[33m;[39m
 [90m 11 |[39m [36mfunction[39m [33mChurnDashboard[39m({ d
ata }) {
[31m[1m>[22m[39m[90m 12 |[39m     [36mreturn[39m ([33m<
[39m[33mdiv[39m className[33m=[39m[32m"space-y-6"[39m[33
m>[39m
 [90m    |[39m             [31m[1m^[22m[39m
 [90m 13 |[39m             {[90m/* KPI Cards */[39m}
 [90m 14 |[39m             [33m<[39m[33mdiv[39m className
[33m=[39m[32m"grid grid-cols-1 md:grid-cols-3 gap-6"[39m[33m
>[39m
 [90m 15 |[39m                 [33m<[39m[33mdiv[39m classN
ame[33m=[39m[32m"bg-white p-6 rounded-3xl border border-rose-
100 shadow-sm"[39m[33m>[39m[0m

Add @babel/preset-react (https://github.com/babel/babel/tree/mai
n/packages/babel-preset-react) to the 'presets' section of your 
Babel config to enable transformation.
If you want to leave it as-is, add @babel/plugin-syntax-jsx (htt
ps://github.com/babel/babel/tree/main/packages/babel-plugin-synt
ax-jsx) to the 'plugins' section to enable parsing.

If you already added the plugin for this syntax to your config, 
it's possible that your config isn't being loaded.
You can re-run Babel with the BABEL_SHOW_CONFIG_FOR environment 
variable to show the loaded configuration:
	npx cross-env BABEL_SHOW_CONFIG_FOR=D:\Smmplan\src\components\a
dmin\analytics\churn-dashboard.tsx <your build command>
See https://babeljs.io/docs/configuration#print-effective-config
s for more info.

STACK: SyntaxError: D:\Smmplan\src\components\admin\analytics\ch
urn-dashboard.tsx: Support for the experimental syntax 'jsx' isn
't currently enabled (12:13):

[0m [90m 10 |[39m [36mconst[39m lucide_react_1 [33m=[39m 
require([32m"lucide-react"[39m)[33m;[39m
 [90m 11 |[39m [36mfunction[39m [33mChurnDashboard[39m({ d
ata }) {
[31m[1m>[22m[39m[90m 12 |[39m     [36mreturn[39m ([33m<
[39m[33mdiv[39m className[33m=[39m[32m"space-y-6"[39m[33
m>[39m
 [90m    |[39m             [31m[1m^[22m[39m
 [90m 13 |[39m             {[90m/* KPI Cards */[39m}
 [90m 14 |[39m             [33m<[39m[33mdiv[39m className
[33m=[39m[32m"grid grid-cols-1 md:grid-cols-3 gap-6"[39m[33m
>[39m
 [90m 15 |[39m                 [33m<[39m[33mdiv[39m classN
ame[33m=[39m[32m"bg-white p-6 rounded-3xl border border-rose-
100 shadow-sm"[39m[33m>[39m[0m

Add @babel/preset-react (https://github.com/babel/babel/tree/mai
n/packages/babel-preset-react) to the 'presets' section of your 
Babel config to enable transformation.
If you want to leave it as-is, add @babel/plugin-syntax-jsx (htt
ps://github.com/babel/babel/tree/main/packages/babel-plugin-synt
ax-jsx) to the 'plugins' section to enable parsing.

If you already added the plugin for this syntax to your config, 
it's possible that your config isn't being loaded.
You can re-run Babel with the BABEL_SHOW_CONFIG_FOR environment 
variable to show the loaded configuration:
	npx cross-env BABEL_SHOW_CONFIG_FOR=D:\Smmplan\src\components\a
dmin\analytics\churn-dashboard.tsx <your build command>
See https://babeljs.io/docs/configuration#print-effective-config
s for more info.

    at constructor (D:\Smmplan\node_modules\@babel\parser\lib\in
dex.js:365:19)
    at Parser.raise (D:\Smmplan\node_modules\@babel\parser\lib\i
ndex.js:6599:19)
    at Parser.expectOnePlugin (D:\Smmplan\node_modules\@babel\pa
rser\lib\index.js:6633:18)
    at Parser.parseExprAtom (D:\Smmplan\node_modules\@babel\pars
er\lib\index.js:11388:24)
    at Parser.parseExprSubscripts (D:\Smmplan\node_modules\@babe
l\parser\lib\index.js:11071:23)
    at Parser.parseUpdate (D:\Smmplan\node_modules\@babel\parser
\lib\index.js:11056:21)
    at Parser.parseMaybeUnary (D:\Smmplan\node_modules\@babel\pa
rser\lib\index.js:11036:23)
    at Parser.parseMaybeUnaryOrPrivate (D:\Smmplan\node_modules\
@babel\parser\lib\index.js:10889:61)
    at Parser.parseExprOps (D:\Smmplan\node_modules\@babel\parse
r\lib\index.js:10894:23)
    at Parser.parseMaybeConditional (D:\Smmplan\node_modules\@ba
bel\parser\lib\index.js:10871:23)
    at Parser.parseMaybeAssign (D:\Smmplan\node_modules\@babel\p
arser\lib\index.js:10821:21)
    at D:\Smmplan\node_modules\@babel\parser\lib\index.js:10790:
39
    at Parser.allowInAnd (D:\Smmplan\node_modules\@babel\parser\
lib\index.js:12416:12)
    at Parser.parseMaybeAssignAllowIn (D:\Smmplan\node_modules\@
babel\parser\lib\index.js:10790:17)
    at Parser.parseMaybeAssignAllowInOrVoidPattern (D:\Smmplan\n
ode_modules\@babel\parser\lib\index.js:12483:17)
    at Parser.parseParenAndDistinguishExpression (D:\Smmplan\nod
e_modules\@babel\parser\lib\index.js:11665:28)
    at Parser.parseExprAtom (D:\Smmplan\node_modules\@babel\pars
er\lib\index.js:11321:23)
    at Parser.parseExprSubscripts (D:\Smmplan\node_modules\@babe
l\parser\lib\index.js:11071:23)
    at Parser.parseUpdate (D:\Smmplan\node_modules\@babel\parser
\lib\index.js:11056:21)
    at Parser.parseMaybeUnary (D:\Smmplan\node_modules\@babel\pa
rser\lib\index.js:11036:23)
    at Parser.parseMaybeUnaryOrPrivate (D:\Smmplan\node_modules\
@babel\parser\lib\index.js:10889:61)
    at Parser.parseExprOps (D:\Smmplan\node_modules\@babel\parse
r\lib\index.js:10894:23)
    at Parser.parseMaybeConditional (D:\Smmplan\node_modules\@ba
bel\parser\lib\index.js:10871:23)
    at Parser.parseMaybeAssign (D:\Smmplan\node_modules\@babel\p
arser\lib\index.js:10821:21)
    at Parser.parseExpressionBase (D:\Smmplan\node_modules\@babe
l\parser\lib\index.js:10774:23)
    at D:\Smmplan\node_modules\@babel\parser\lib\index.js:10770:
39
    at Parser.allowInAnd (D:\Smmplan\node_modules\@babel\parser\
lib\index.js:12411:16)
    at Parser.parseExpression (D:\Smmplan\node_modules\@babel\pa
rser\lib\index.js:10770:17)
    at Parser.parseReturnStatement (D:\Smmplan\node_modules\@bab
el\parser\lib\index.js:13132:28)
    at Parser.parseStatementContent (D:\Smmplan\node_modules\@ba
bel\parser\lib\index.js:12788:21)
    at Parser.parseStatementLike (D:\Smmplan\node_modules\@babel
\parser\lib\index.js:12757:17)
    at Parser.parseStatementListItem (D:\Smmplan\node_modules\@b
abel\parser\lib\index.js:12737:17)
    at Parser.parseBlockOrModuleBlockBody (D:\Smmplan\node_modul
es\@babel\parser\lib\index.js:13306:61)
    at Parser.parseBlockBody (D:\Smmplan\node_modules\@babel\par
ser\lib\index.js:13299:10)
    at Parser.parseBlock (D:\Smmplan\node_modules\@babel\parser\
lib\index.js:13287:10)
    at Parser.parseFunctionBody (D:\Smmplan\node_modules\@babel\
parser\lib\index.js:12090:24)
    at Parser.parseFunctionBodyAndFinish (D:\Smmplan\node_module
s\@babel\parser\lib\index.js:12076:10)
    at D:\Smmplan\node_modules\@babel\parser\lib\index.js:13435:
12
    at Parser.withSmartMixTopicForbiddingContext (D:\Smmplan\nod
e_modules\@babel\parser\lib\index.js:12393:14)
    at Parser.parseFunction (D:\Smmplan\node_modules\@babel\pars
er\lib\index.js:13434:10)
    at Parser.parseFunctionStatement (D:\Smmplan\node_modules\@b
abel\parser\lib\index.js:13115:17)
    at Parser.parseStatementContent (D:\Smmplan\node_modules\@ba
bel\parser\lib\index.js:12781:21)
    at Parser.parseStatementLike (D:\Smmplan\node_modules\@babel
\parser\lib\index.js:12757:17)
    at Parser.parseModuleItem (D:\Smmplan\node_modules\@babel\pa
rser\lib\index.js:12734:17)
    at Parser.parseBlockOrModuleBlockBody (D:\Smmplan\node_modul
es\@babel\parser\lib\index.js:13306:36)
    at Parser.parseBlockBody (D:\Smmplan\node_modules\@babel\par
ser\lib\index.js:13299:10)
    at Parser.parseProgram (D:\Smmplan\node_modules\@babel\parse
r\lib\index.js:12612:10)
    at Parser.parseTopLevel (D:\Smmplan\node_modules\@babel\pars
er\lib\index.js:12602:25)
    at Parser.parse (D:\Smmplan\node_modules\@babel\parser\lib\i
ndex.js:14478:25)
    at parse (D:\Smmplan\node_modules\@babel\parser\lib\index.js
:14512:38)
Failed to collect coverage from D:\Smmplan\src\components\admin\
core\live-refresh.tsx
ERROR: D:\Smmplan\src\components\admin\core\live-refresh.tsx: Su
pport for the experimental syntax 'jsx' isn't currently enabled 
(65:13):

[0m [90m 63 |[39m         setIsActive([33m![39misActive)[3
3m;[39m
 [90m 64 |[39m     }[33m;[39m
[31m[1m>[22m[39m[90m 65 |[39m     [36mreturn[39m ([33m<
[39m[33mdiv[39m className[33m=[39m[32m"flex items-center g
ap-2 bg-white px-4 py-2 rounded-2xl border border-slate-200 shad
ow-sm transition-all hover:shadow-md"[39m[33m>[39m
 [90m    |[39m             [31m[1m^[22m[39m
 [90m 66 |[39m       [33m<[39m[33mdiv[39m className[33m=
[39m[32m"flex items-center gap-2 pr-3 border-r border-slate-100
"[39m[33m>[39m
 [90m 67 |[39m         [33m<[39m[33mbutton[39m onClick[33
m=[39m{toggleActive} className[33m=[39m{[32m`p-1.5 rounded-l
g transition-all ${isActive ? 'bg-blue-50 text-blue-600' : 'bg-s
late-50 text-slate-400'}`[39m} title[33m=[39m{isActive [33m?
[39m [32m'╨Я╨░╤Г╨╖╨░'[39m [33m:[39m [32m'╨Ч╨░╨┐╤Г╤Б╤В╨╕╤В╤
М ╨░╨▓╤В╨╛-╨╛╨▒╨╜╨╛╨▓╨╗╨╡╨╜╨╕╨╡'[39m}[33m>[39m
 [90m 68 |[39m             {isActive [33m?[39m [33m<[39m[
33mlucide_react_1[39m[33m.[39m[33mPause[39m size[33m=[39m
{[35m14[39m}[35m/> : <lucide_react_1.Play size={14} fill="cur
rentColor"/[39m[33m>[39m}[0m

Add @babel/preset-react (https://github.com/babel/babel/tree/mai
n/packages/babel-preset-react) to the 'presets' section of your 
Babel config to enable transformation.
If you want to leave it as-is, add @babel/plugin-syntax-jsx (htt
ps://github.com/babel/babel/tree/main/packages/babel-plugin-synt
ax-jsx) to the 'plugins' section to enable parsing.

If you already added the plugin for this syntax to your config, 
it's possible that your config isn't being loaded.
You can re-run Babel with the BABEL_SHOW_CONFIG_FOR environment 
variable to show the loaded configuration:
	npx cross-env BABEL_SHOW_CONFIG_FOR=D:\Smmplan\src\components\a
dmin\core\live-refresh.tsx <your build command>
See https://babeljs.io/docs/configuration#print-effective-config
s for more info.

STACK: SyntaxError: D:\Smmplan\src\components\admin\core\live-re
fresh.tsx: Support for the experimental syntax 'jsx' isn't curre
ntly enabled (65:13):

[0m [90m 63 |[39m         setIsActive([33m![39misActive)[3
3m;[39m
 [90m 64 |[39m     }[33m;[39m
[31m[1m>[22m[39m[90m 65 |[39m     [36mreturn[39m ([33m<
[39m[33mdiv[39m className[33m=[39m[32m"flex items-center g
ap-2 bg-white px-4 py-2 rounded-2xl border border-slate-200 shad
ow-sm transition-all hover:shadow-md"[39m[33m>[39m
 [90m    |[39m             [31m[1m^[22m[39m
 [90m 66 |[39m       [33m<[39m[33mdiv[39m className[33m=
[39m[32m"flex items-center gap-2 pr-3 border-r border-slate-100
"[39m[33m>[39m
 [90m 67 |[39m         [33m<[39m[33mbutton[39m onClick[33
m=[39m{toggleActive} className[33m=[39m{[32m`p-1.5 rounded-l
g transition-all ${isActive ? 'bg-blue-50 text-blue-600' : 'bg-s
late-50 text-slate-400'}`[39m} title[33m=[39m{isActive [33m?
[39m [32m'╨Я╨░╤Г╨╖╨░'[39m [33m:[39m [32m'╨Ч╨░╨┐╤Г╤Б╤В╨╕╤В╤
М ╨░╨▓╤В╨╛-╨╛╨▒╨╜╨╛╨▓╨╗╨╡╨╜╨╕╨╡'[39m}[33m>[39m
 [90m 68 |[39m             {isActive [33m?[39m [33m<[39m[
33mlucide_react_1[39m[33m.[39m[33mPause[39m size[33m=[39m
{[35m14[39m}[35m/> : <lucide_react_1.Play size={14} fill="cur
rentColor"/[39m[33m>[39m}[0m

Add @babel/preset-react (https://github.com/babel/babel/tree/mai
n/packages/babel-preset-react) to the 'presets' section of your 
Babel config to enable transformation.
If you want to leave it as-is, add @babel/plugin-syntax-jsx (htt
ps://github.com/babel/babel/tree/main/packages/babel-plugin-synt
ax-jsx) to the 'plugins' section to enable parsing.

If you already added the plugin for this syntax to your config, 
it's possible that your config isn't being loaded.
You can re-run Babel with the BABEL_SHOW_CONFIG_FOR environment 
variable to show the loaded configuration:
	npx cross-env BABEL_SHOW_CONFIG_FOR=D:\Smmplan\src\components\a
dmin\core\live-refresh.tsx <your build command>
See https://babeljs.io/docs/configuration#print-effective-config
s for more info.

    at constructor (D:\Smmplan\node_modules\@babel\parser\lib\in
dex.js:365:19)
    at Parser.raise (D:\Smmplan\node_modules\@babel\parser\lib\i
ndex.js:6599:19)
    at Parser.expectOnePlugin (D:\Smmplan\node_modules\@babel\pa
rser\lib\index.js:6633:18)
    at Parser.parseExprAtom (D:\Smmplan\node_modules\@babel\pars
er\lib\index.js:11388:24)
    at Parser.parseExprSubscripts (D:\Smmplan\node_modules\@babe
l\parser\lib\index.js:11071:23)
    at Parser.parseUpdate (D:\Smmplan\node_modules\@babel\parser
\lib\index.js:11056:21)
    at Parser.parseMaybeUnary (D:\Smmplan\node_modules\@babel\pa
rser\lib\index.js:11036:23)
    at Parser.parseMaybeUnaryOrPrivate (D:\Smmplan\node_modules\
@babel\parser\lib\index.js:10889:61)
    at Parser.parseExprOps (D:\Smmplan\node_modules\@babel\parse
r\lib\index.js:10894:23)
    at Parser.parseMaybeConditional (D:\Smmplan\node_modules\@ba
bel\parser\lib\index.js:10871:23)
    at Parser.parseMaybeAssign (D:\Smmplan\node_modules\@babel\p
arser\lib\index.js:10821:21)
    at D:\Smmplan\node_modules\@babel\parser\lib\index.js:10790:
39
    at Parser.allowInAnd (D:\Smmplan\node_modules\@babel\parser\
lib\index.js:12416:12)
    at Parser.parseMaybeAssignAllowIn (D:\Smmplan\node_modules\@
babel\parser\lib\index.js:10790:17)
    at Parser.parseMaybeAssignAllowInOrVoidPattern (D:\Smmplan\n
ode_modules\@babel\parser\lib\index.js:12483:17)
    at Parser.parseParenAndDistinguishExpression (D:\Smmplan\nod
e_modules\@babel\parser\lib\index.js:11665:28)
    at Parser.parseExprAtom (D:\Smmplan\node_modules\@babel\pars
er\lib\index.js:11321:23)
    at Parser.parseExprSubscripts (D:\Smmplan\node_modules\@babe
l\parser\lib\index.js:11071:23)
    at Parser.parseUpdate (D:\Smmplan\node_modules\@babel\parser
\lib\index.js:11056:21)
    at Parser.parseMaybeUnary (D:\Smmplan\node_modules\@babel\pa
rser\lib\index.js:11036:23)
    at Parser.parseMaybeUnaryOrPrivate (D:\Smmplan\node_modules\
@babel\parser\lib\index.js:10889:61)
    at Parser.parseExprOps (D:\Smmplan\node_modules\@babel\parse
r\lib\index.js:10894:23)
    at Parser.parseMaybeConditional (D:\Smmplan\node_modules\@ba
bel\parser\lib\index.js:10871:23)
    at Parser.parseMaybeAssign (D:\Smmplan\node_modules\@babel\p
arser\lib\index.js:10821:21)
    at Parser.parseExpressionBase (D:\Smmplan\node_modules\@babe
l\parser\lib\index.js:10774:23)
    at D:\Smmplan\node_modules\@babel\parser\lib\index.js:10770:
39
    at Parser.allowInAnd (D:\Smmplan\node_modules\@babel\parser\
lib\index.js:12411:16)
    at Parser.parseExpression (D:\Smmplan\node_modules\@babel\pa
rser\lib\index.js:10770:17)
    at Parser.parseReturnStatement (D:\Smmplan\node_modules\@bab
el\parser\lib\index.js:13132:28)
    at Parser.parseStatementContent (D:\Smmplan\node_modules\@ba
bel\parser\lib\index.js:12788:21)
    at Parser.parseStatementLike (D:\Smmplan\node_modules\@babel
\parser\lib\index.js:12757:17)
    at Parser.parseStatementListItem (D:\Smmplan\node_modules\@b
abel\parser\lib\index.js:12737:17)
    at Parser.parseBlockOrModuleBlockBody (D:\Smmplan\node_modul
es\@babel\parser\lib\index.js:13306:61)
    at Parser.parseBlockBody (D:\Smmplan\node_modules\@babel\par
ser\lib\index.js:13299:10)
    at Parser.parseBlock (D:\Smmplan\node_modules\@babel\parser\
lib\index.js:13287:10)
    at Parser.parseFunctionBody (D:\Smmplan\node_modules\@babel\
parser\lib\index.js:12090:24)
    at Parser.parseFunctionBodyAndFinish (D:\Smmplan\node_module
s\@babel\parser\lib\index.js:12076:10)
    at D:\Smmplan\node_modules\@babel\parser\lib\index.js:13435:
12
    at Parser.withSmartMixTopicForbiddingContext (D:\Smmplan\nod
e_modules\@babel\parser\lib\index.js:12393:14)
    at Parser.parseFunction (D:\Smmplan\node_modules\@babel\pars
er\lib\index.js:13434:10)
    at Parser.parseFunctionStatement (D:\Smmplan\node_modules\@b
abel\parser\lib\index.js:13115:17)
    at Parser.parseStatementContent (D:\Smmplan\node_modules\@ba
bel\parser\lib\index.js:12781:21)
    at Parser.parseStatementLike (D:\Smmplan\node_modules\@babel
\parser\lib\index.js:12757:17)
    at Parser.parseModuleItem (D:\Smmplan\node_modules\@babel\pa
rser\lib\index.js:12734:17)
    at Parser.parseBlockOrModuleBlockBody (D:\Smmplan\node_modul
es\@babel\parser\lib\index.js:13306:36)
    at Parser.parseBlockBody (D:\Smmplan\node_modules\@babel\par
ser\lib\index.js:13299:10)
    at Parser.parseProgram (D:\Smmplan\node_modules\@babel\parse
r\lib\index.js:12612:10)
    at Parser.parseTopLevel (D:\Smmplan\node_modules\@babel\pars
er\lib\index.js:12602:25)
    at Parser.parse (D:\Smmplan\node_modules\@babel\parser\lib\i
ndex.js:14478:25)
    at parse (D:\Smmplan\node_modules\@babel\parser\lib\index.js
:14512:38)
Failed to collect coverage from D:\Smmplan\src\components\admin\
core\logout-button.tsx
ERROR: D:\Smmplan\src\components\admin\core\logout-button.tsx: S
upport for the experimental syntax 'jsx' isn't currently enabled
 (12:13):

[0m [90m 10 |[39m [36mconst[39m actions_1 [33m=[39m requi
re([32m"@/app/admin/auth/actions"[39m)[33m;[39m
 [90m 11 |[39m [36mfunction[39m [33mLogoutButton[39m() {
[31m[1m>[22m[39m[90m 12 |[39m     [36mreturn[39m ([33m<
[39m[33mbutton[39m onClick[33m=[39m{() [33m=>[39m ([35m0
[39m[33m,[39m actions_1[33m.[39mlogoutAction)()} className
[33m=[39m[32m"p-2 text-slate-500 hover:text-rose-500 hover:bg-
rose-500/10 rounded-lg transition-all"[39m title[33m=[39m[32
m"Logout from Admin Panel"[39m[33m>[39m
 [90m    |[39m             [31m[1m^[22m[39m
 [90m 13 |[39m       [33m<[39m[33mlucide_react_1[39m[33m.
[39m[33mLogOut[39m size[33m=[39m{[35m18[39m}[33m/[39m[
33m>[39m
 [90m 14 |[39m     [33m<[39m[33m/[39m[33mbutton[39m[33m
>[39m)[33m;[39m
 [90m 15 |[39m }[0m

Add @babel/preset-react (https://github.com/babel/babel/tree/mai
n/packages/babel-preset-react) to the 'presets' section of your 
Babel config to enable transformation.
If you want to leave it as-is, add @babel/plugin-syntax-jsx (htt
ps://github.com/babel/babel/tree/main/packages/babel-plugin-synt
ax-jsx) to the 'plugins' section to enable parsing.

If you already added the plugin for this syntax to your config, 
it's possible that your config isn't being loaded.
You can re-run Babel with the BABEL_SHOW_CONFIG_FOR environment 
variable to show the loaded configuration:
	npx cross-env BABEL_SHOW_CONFIG_FOR=D:\Smmplan\src\components\a
dmin\core\logout-button.tsx <your build command>
See https://babeljs.io/docs/configuration#print-effective-config
s for more info.

STACK: SyntaxError: D:\Smmplan\src\components\admin\core\logout-
button.tsx: Support for the experimental syntax 'jsx' isn't curr
ently enabled (12:13):

[0m [90m 10 |[39m [36mconst[39m actions_1 [33m=[39m requi
re([32m"@/app/admin/auth/actions"[39m)[33m;[39m
 [90m 11 |[39m [36mfunction[39m [33mLogoutButton[39m() {
[31m[1m>[22m[39m[90m 12 |[39m     [36mreturn[39m ([33m<
[39m[33mbutton[39m onClick[33m=[39m{() [33m=>[39m ([35m0
[39m[33m,[39m actions_1[33m.[39mlogoutAction)()} className
[33m=[39m[32m"p-2 text-slate-500 hover:text-rose-500 hover:bg-
rose-500/10 rounded-lg transition-all"[39m title[33m=[39m[32
m"Logout from Admin Panel"[39m[33m>[39m
 [90m    |[39m             [31m[1m^[22m[39m
 [90m 13 |[39m       [33m<[39m[33mlucide_react_1[39m[33m.
[39m[33mLogOut[39m size[33m=[39m{[35m18[39m}[33m/[39m[
33m>[39m
 [90m 14 |[39m     [33m<[39m[33m/[39m[33mbutton[39m[33m
>[39m)[33m;[39m
 [90m 15 |[39m }[0m

Add @babel/preset-react (https://github.com/babel/babel/tree/mai
n/packages/babel-preset-react) to the 'presets' section of your 
Babel config to enable transformation.
If you want to leave it as-is, add @babel/plugin-syntax-jsx (htt
ps://github.com/babel/babel/tree/main/packages/babel-plugin-synt
ax-jsx) to the 'plugins' section to enable parsing.

If you already added the plugin for this syntax to your config, 
it's possible that your config isn't being loaded.
You can re-run Babel with the BABEL_SHOW_CONFIG_FOR environment 
variable to show the loaded configuration:
	npx cross-env BABEL_SHOW_CONFIG_FOR=D:\Smmplan\src\components\a
dmin\core\logout-button.tsx <your build command>
See https://babeljs.io/docs/configuration#print-effective-config
s for more info.

    at constructor (D:\Smmplan\node_modules\@babel\parser\lib\in
dex.js:365:19)
    at Parser.raise (D:\Smmplan\node_modules\@babel\parser\lib\i
ndex.js:6599:19)
    at Parser.expectOnePlugin (D:\Smmplan\node_modules\@babel\pa
rser\lib\index.js:6633:18)
    at Parser.parseExprAtom (D:\Smmplan\node_modules\@babel\pars
er\lib\index.js:11388:24)
    at Parser.parseExprSubscripts (D:\Smmplan\node_modules\@babe
l\parser\lib\index.js:11071:23)
    at Parser.parseUpdate (D:\Smmplan\node_modules\@babel\parser
\lib\index.js:11056:21)
    at Parser.parseMaybeUnary (D:\Smmplan\node_modules\@babel\pa
rser\lib\index.js:11036:23)
    at Parser.parseMaybeUnaryOrPrivate (D:\Smmplan\node_modules\
@babel\parser\lib\index.js:10889:61)
    at Parser.parseExprOps (D:\Smmplan\node_modules\@babel\parse
r\lib\index.js:10894:23)
    at Parser.parseMaybeConditional (D:\Smmplan\node_modules\@ba
bel\parser\lib\index.js:10871:23)
    at Parser.parseMaybeAssign (D:\Smmplan\node_modules\@babel\p
arser\lib\index.js:10821:21)
    at D:\Smmplan\node_modules\@babel\parser\lib\index.js:10790:
39
    at Parser.allowInAnd (D:\Smmplan\node_modules\@babel\parser\
lib\index.js:12416:12)
    at Parser.parseMaybeAssignAllowIn (D:\Smmplan\node_modules\@
babel\parser\lib\index.js:10790:17)
    at Parser.parseMaybeAssignAllowInOrVoidPattern (D:\Smmplan\n
ode_modules\@babel\parser\lib\index.js:12483:17)
    at Parser.parseParenAndDistinguishExpression (D:\Smmplan\nod
e_modules\@babel\parser\lib\index.js:11665:28)
    at Parser.parseExprAtom (D:\Smmplan\node_modules\@babel\pars
er\lib\index.js:11321:23)
    at Parser.parseExprSubscripts (D:\Smmplan\node_modules\@babe
l\parser\lib\index.js:11071:23)
    at Parser.parseUpdate (D:\Smmplan\node_modules\@babel\parser
\lib\index.js:11056:21)
    at Parser.parseMaybeUnary (D:\Smmplan\node_modules\@babel\pa
rser\lib\index.js:11036:23)
    at Parser.parseMaybeUnaryOrPrivate (D:\Smmplan\node_modules\
@babel\parser\lib\index.js:10889:61)
    at Parser.parseExprOps (D:\Smmplan\node_modules\@babel\parse
r\lib\index.js:10894:23)
    at Parser.parseMaybeConditional (D:\Smmplan\node_modules\@ba
bel\parser\lib\index.js:10871:23)
    at Parser.parseMaybeAssign (D:\Smmplan\node_modules\@babel\p
arser\lib\index.js:10821:21)
    at Parser.parseExpressionBase (D:\Smmplan\node_modules\@babe
l\parser\lib\index.js:10774:23)
    at D:\Smmplan\node_modules\@babel\parser\lib\index.js:10770:
39
    at Parser.allowInAnd (D:\Smmplan\node_modules\@babel\parser\
lib\index.js:12411:16)
    at Parser.parseExpression (D:\Smmplan\node_modules\@babel\pa
rser\lib\index.js:10770:17)
    at Parser.parseReturnStatement (D:\Smmplan\node_modules\@bab
el\parser\lib\index.js:13132:28)
    at Parser.parseStatementContent (D:\Smmplan\node_modules\@ba
bel\parser\lib\index.js:12788:21)
    at Parser.parseStatementLike (D:\Smmplan\node_modules\@babel
\parser\lib\index.js:12757:17)
    at Parser.parseStatementListItem (D:\Smmplan\node_modules\@b
abel\parser\lib\index.js:12737:17)
    at Parser.parseBlockOrModuleBlockBody (D:\Smmplan\node_modul
es\@babel\parser\lib\index.js:13306:61)
    at Parser.parseBlockBody (D:\Smmplan\node_modules\@babel\par
ser\lib\index.js:13299:10)
    at Parser.parseBlock (D:\Smmplan\node_modules\@babel\parser\
lib\index.js:13287:10)
    at Parser.parseFunctionBody (D:\Smmplan\node_modules\@babel\
parser\lib\index.js:12090:24)
    at Parser.parseFunctionBodyAndFinish (D:\Smmplan\node_module
s\@babel\parser\lib\index.js:12076:10)
    at D:\Smmplan\node_modules\@babel\parser\lib\index.js:13435:
12
    at Parser.withSmartMixTopicForbiddingContext (D:\Smmplan\nod
e_modules\@babel\parser\lib\index.js:12393:14)
    at Parser.parseFunction (D:\Smmplan\node_modules\@babel\pars
er\lib\index.js:13434:10)
    at Parser.parseFunctionStatement (D:\Smmplan\node_modules\@b
abel\parser\lib\index.js:13115:17)
    at Parser.parseStatementContent (D:\Smmplan\node_modules\@ba
bel\parser\lib\index.js:12781:21)
    at Parser.parseStatementLike (D:\Smmplan\node_modules\@babel
\parser\lib\index.js:12757:17)
    at Parser.parseModuleItem (D:\Smmplan\node_modules\@babel\pa
rser\lib\index.js:12734:17)
    at Parser.parseBlockOrModuleBlockBody (D:\Smmplan\node_modul
es\@babel\parser\lib\index.js:13306:36)
    at Parser.parseBlockBody (D:\Smmplan\node_modules\@babel\par
ser\lib\index.js:13299:10)
    at Parser.parseProgram (D:\Smmplan\node_modules\@babel\parse
r\lib\index.js:12612:10)
    at Parser.parseTopLevel (D:\Smmplan\node_modules\@babel\pars
er\lib\index.js:12602:25)
    at Parser.parse (D:\Smmplan\node_modules\@babel\parser\lib\i
ndex.js:14478:25)
    at parse (D:\Smmplan\node_modules\@babel\parser\lib\index.js
:14512:38)
Failed to collect coverage from D:\Smmplan\src\components\admin\
core\command-palette.tsx
ERROR: D:\Smmplan\src\components\admin\core\command-palette.tsx:
 Support for the experimental syntax 'jsx' isn't currently enabl
ed (91:13):

[0m [90m 89 |[39m     [36mif[39m ([33m![39misOpen)
 [90m 90 |[39m         [36mreturn[39m [36mnull[39m[33m;[
39m
[31m[1m>[22m[39m[90m 91 |[39m     [36mreturn[39m ([33m<
[39m[33mdiv[39m className[33m=[39m[32m"fixed inset-0 z-[10
00] flex items-start justify-center pt-[10vh] px-4"[39m[33m>[
39m
 [90m    |[39m             [31m[1m^[22m[39m
 [90m 92 |[39m       {[90m/* Backdrop */[39m}
 [90m 93 |[39m       [33m<[39m[33mdiv[39m className[33m=
[39m[32m"absolute inset-0 bg-slate-950/40 backdrop-blur-sm"[39
m onClick[33m=[39m{() [33m=>[39m setIsOpen([36mfalse[39m)}
[33m/[39m[33m>[39m
 [90m 94 |[39m       [0m

Add @babel/preset-react (https://github.com/babel/babel/tree/mai
n/packages/babel-preset-react) to the 'presets' section of your 
Babel config to enable transformation.
If you want to leave it as-is, add @babel/plugin-syntax-jsx (htt
ps://github.com/babel/babel/tree/main/packages/babel-plugin-synt
ax-jsx) to the 'plugins' section to enable parsing.

If you already added the plugin for this syntax to your config, 
it's possible that your config isn't being loaded.
You can re-run Babel with the BABEL_SHOW_CONFIG_FOR environment 
variable to show the loaded configuration:
	npx cross-env BABEL_SHOW_CONFIG_FOR=D:\Smmplan\src\components\a
dmin\core\command-palette.tsx <your build command>
See https://babeljs.io/docs/configuration#print-effective-config
s for more info.

STACK: SyntaxError: D:\Smmplan\src\components\admin\core\command
-palette.tsx: Support for the experimental syntax 'jsx' isn't cu
rrently enabled (91:13):

[0m [90m 89 |[39m     [36mif[39m ([33m![39misOpen)
 [90m 90 |[39m         [36mreturn[39m [36mnull[39m[33m;[
39m
[31m[1m>[22m[39m[90m 91 |[39m     [36mreturn[39m ([33m<
[39m[33mdiv[39m className[33m=[39m[32m"fixed inset-0 z-[10
00] flex items-start justify-center pt-[10vh] px-4"[39m[33m>[
39m
 [90m    |[39m             [31m[1m^[22m[39m
 [90m 92 |[39m       {[90m/* Backdrop */[39m}
 [90m 93 |[39m       [33m<[39m[33mdiv[39m className[33m=
[39m[32m"absolute inset-0 bg-slate-950/40 backdrop-blur-sm"[39
m onClick[33m=[39m{() [33m=>[39m setIsOpen([36mfalse[39m)}
[33m/[39m[33m>[39m
 [90m 94 |[39m       [0m

Add @babel/preset-react (https://github.com/babel/babel/tree/mai
n/packages/babel-preset-react) to the 'presets' section of your 
Babel config to enable transformation.
If you want to leave it as-is, add @babel/plugin-syntax-jsx (htt
ps://github.com/babel/babel/tree/main/packages/babel-plugin-synt
ax-jsx) to the 'plugins' section to enable parsing.

If you already added the plugin for this syntax to your config, 
it's possible that your config isn't being loaded.
You can re-run Babel with the BABEL_SHOW_CONFIG_FOR environment 
variable to show the loaded configuration:
	npx cross-env BABEL_SHOW_CONFIG_FOR=D:\Smmplan\src\components\a
dmin\core\command-palette.tsx <your build command>
See https://babeljs.io/docs/configuration#print-effective-config
s for more info.

    at constructor (D:\Smmplan\node_modules\@babel\parser\lib\in
dex.js:365:19)
    at Parser.raise (D:\Smmplan\node_modules\@babel\parser\lib\i
ndex.js:6599:19)
    at Parser.expectOnePlugin (D:\Smmplan\node_modules\@babel\pa
rser\lib\index.js:6633:18)
    at Parser.parseExprAtom (D:\Smmplan\node_modules\@babel\pars
er\lib\index.js:11388:24)
    at Parser.parseExprSubscripts (D:\Smmplan\node_modules\@babe
l\parser\lib\index.js:11071:23)
    at Parser.parseUpdate (D:\Smmplan\node_modules\@babel\parser
\lib\index.js:11056:21)
    at Parser.parseMaybeUnary (D:\Smmplan\node_modules\@babel\pa
rser\lib\index.js:11036:23)
    at Parser.parseMaybeUnaryOrPrivate (D:\Smmplan\node_modules\
@babel\parser\lib\index.js:10889:61)
    at Parser.parseExprOps (D:\Smmplan\node_modules\@babel\parse
r\lib\index.js:10894:23)
    at Parser.parseMaybeConditional (D:\Smmplan\node_modules\@ba
bel\parser\lib\index.js:10871:23)
    at Parser.parseMaybeAssign (D:\Smmplan\node_modules\@babel\p
arser\lib\index.js:10821:21)
    at D:\Smmplan\node_modules\@babel\parser\lib\index.js:10790:
39
    at Parser.allowInAnd (D:\Smmplan\node_modules\@babel\parser\
lib\index.js:12416:12)
    at Parser.parseMaybeAssignAllowIn (D:\Smmplan\node_modules\@
babel\parser\lib\index.js:10790:17)
    at Parser.parseMaybeAssignAllowInOrVoidPattern (D:\Smmplan\n
ode_modules\@babel\parser\lib\index.js:12483:17)
    at Parser.parseParenAndDistinguishExpression (D:\Smmplan\nod
e_modules\@babel\parser\lib\index.js:11665:28)
    at Parser.parseExprAtom (D:\Smmplan\node_modules\@babel\pars
er\lib\index.js:11321:23)
    at Parser.parseExprSubscripts (D:\Smmplan\node_modules\@babe
l\parser\lib\index.js:11071:23)
    at Parser.parseUpdate (D:\Smmplan\node_modules\@babel\parser
\lib\index.js:11056:21)
    at Parser.parseMaybeUnary (D:\Smmplan\node_modules\@babel\pa
rser\lib\index.js:11036:23)
    at Parser.parseMaybeUnaryOrPrivate (D:\Smmplan\node_modules\
@babel\parser\lib\index.js:10889:61)
    at Parser.parseExprOps (D:\Smmplan\node_modules\@babel\parse
r\lib\index.js:10894:23)
    at Parser.parseMaybeConditional (D:\Smmplan\node_modules\@ba
bel\parser\lib\index.js:10871:23)
    at Parser.parseMaybeAssign (D:\Smmplan\node_modules\@babel\p
arser\lib\index.js:10821:21)
    at Parser.parseExpressionBase (D:\Smmplan\node_modules\@babe
l\parser\lib\index.js:10774:23)
    at D:\Smmplan\node_modules\@babel\parser\lib\index.js:10770:
39
    at Parser.allowInAnd (D:\Smmplan\node_modules\@babel\parser\
lib\index.js:12411:16)
    at Parser.parseExpression (D:\Smmplan\node_modules\@babel\pa
rser\lib\index.js:10770:17)
    at Parser.parseReturnStatement (D:\Smmplan\node_modules\@bab
el\parser\lib\index.js:13132:28)
    at Parser.parseStatementContent (D:\Smmplan\node_modules\@ba
bel\parser\lib\index.js:12788:21)
    at Parser.parseStatementLike (D:\Smmplan\node_modules\@babel
\parser\lib\index.js:12757:17)
    at Parser.parseStatementListItem (D:\Smmplan\node_modules\@b
abel\parser\lib\index.js:12737:17)
    at Parser.parseBlockOrModuleBlockBody (D:\Smmplan\node_modul
es\@babel\parser\lib\index.js:13306:61)
    at Parser.parseBlockBody (D:\Smmplan\node_modules\@babel\par
ser\lib\index.js:13299:10)
    at Parser.parseBlock (D:\Smmplan\node_modules\@babel\parser\
lib\index.js:13287:10)
    at Parser.parseFunctionBody (D:\Smmplan\node_modules\@babel\
parser\lib\index.js:12090:24)
    at Parser.parseFunctionBodyAndFinish (D:\Smmplan\node_module
s\@babel\parser\lib\index.js:12076:10)
    at D:\Smmplan\node_modules\@babel\parser\lib\index.js:13435:
12
    at Parser.withSmartMixTopicForbiddingContext (D:\Smmplan\nod
e_modules\@babel\parser\lib\index.js:12393:14)
    at Parser.parseFunction (D:\Smmplan\node_modules\@babel\pars
er\lib\index.js:13434:10)
    at Parser.parseFunctionStatement (D:\Smmplan\node_modules\@b
abel\parser\lib\index.js:13115:17)
    at Parser.parseStatementContent (D:\Smmplan\node_modules\@ba
bel\parser\lib\index.js:12781:21)
    at Parser.parseStatementLike (D:\Smmplan\node_modules\@babel
\parser\lib\index.js:12757:17)
    at Parser.parseModuleItem (D:\Smmplan\node_modules\@babel\pa
rser\lib\index.js:12734:17)
    at Parser.parseBlockOrModuleBlockBody (D:\Smmplan\node_modul
es\@babel\parser\lib\index.js:13306:36)
    at Parser.parseBlockBody (D:\Smmplan\node_modules\@babel\par
ser\lib\index.js:13299:10)
    at Parser.parseProgram (D:\Smmplan\node_modules\@babel\parse
r\lib\index.js:12612:10)
    at Parser.parseTopLevel (D:\Smmplan\node_modules\@babel\pars
er\lib\index.js:12602:25)
    at Parser.parse (D:\Smmplan\node_modules\@babel\parser\lib\i
ndex.js:14478:25)
    at parse (D:\Smmplan\node_modules\@babel\parser\lib\index.js
:14512:38)
Failed to collect coverage from D:\Smmplan\src\components\admin\
analytics\report-generator.tsx
ERROR: D:\Smmplan\src\components\admin\analytics\report-generato
r.tsx: Support for the experimental syntax 'jsx' isn't currently
 enabled (112:13):

[0m [90m 110 |[39m         }
 [90m 111 |[39m     ][33m;[39m
[31m[1m>[22m[39m[90m 112 |[39m     [36mreturn[39m ([33m
<[39m[33mdiv[39m className[33m=[39m[32m"space-y-8"[39m[3
3m>[39m
 [90m     |[39m             [31m[1m^[22m[39m
 [90m 113 |[39m       [33m<[39m[33mdiv[39m className[33m=
[39m[32m"bg-white p-8 rounded-[2.5rem] border border-slate-200
 shadow-sm flex flex-wrap items-end gap-6"[39m[33m>[39m
 [90m 114 |[39m         [33m<[39m[33mdiv[39m className[33
m=[39m[32m"space-y-2"[39m[33m>[39m
 [90m 115 |[39m             [33m<[39m[33mlabel[39m classNa
me[33m=[39m[32m"text-[10px] font-black text-slate-400 upperca
se tracking-widest ml-1 flex items-center gap-2"[39m[33m>[39m
[0m

Add @babel/preset-react (https://github.com/babel/babel/tree/mai
n/packages/babel-preset-react) to the 'presets' section of your 
Babel config to enable transformation.
If you want to leave it as-is, add @babel/plugin-syntax-jsx (htt
ps://github.com/babel/babel/tree/main/packages/babel-plugin-synt
ax-jsx) to the 'plugins' section to enable parsing.

If you already added the plugin for this syntax to your config, 
it's possible that your config isn't being loaded.
You can re-run Babel with the BABEL_SHOW_CONFIG_FOR environment 
variable to show the loaded configuration:
	npx cross-env BABEL_SHOW_CONFIG_FOR=D:\Smmplan\src\components\a
dmin\analytics\report-generator.tsx <your build command>
See https://babeljs.io/docs/configuration#print-effective-config
s for more info.

STACK: SyntaxError: D:\Smmplan\src\components\admin\analytics\re
port-generator.tsx: Support for the experimental syntax 'jsx' is
n't currently enabled (112:13):

[0m [90m 110 |[39m         }
 [90m 111 |[39m     ][33m;[39m
[31m[1m>[22m[39m[90m 112 |[39m     [36mreturn[39m ([33m
<[39m[33mdiv[39m className[33m=[39m[32m"space-y-8"[39m[3
3m>[39m
 [90m     |[39m             [31m[1m^[22m[39m
 [90m 113 |[39m       [33m<[39m[33mdiv[39m className[33m=
[39m[32m"bg-white p-8 rounded-[2.5rem] border border-slate-200
 shadow-sm flex flex-wrap items-end gap-6"[39m[33m>[39m
 [90m 114 |[39m         [33m<[39m[33mdiv[39m className[33
m=[39m[32m"space-y-2"[39m[33m>[39m
 [90m 115 |[39m             [33m<[39m[33mlabel[39m classNa
me[33m=[39m[32m"text-[10px] font-black text-slate-400 upperca
se tracking-widest ml-1 flex items-center gap-2"[39m[33m>[39m
[0m

Add @babel/preset-react (https://github.com/babel/babel/tree/mai
n/packages/babel-preset-react) to the 'presets' section of your 
Babel config to enable transformation.
If you want to leave it as-is, add @babel/plugin-syntax-jsx (htt
ps://github.com/babel/babel/tree/main/packages/babel-plugin-synt
ax-jsx) to the 'plugins' section to enable parsing.

If you already added the plugin for this syntax to your config, 
it's possible that your config isn't being loaded.
You can re-run Babel with the BABEL_SHOW_CONFIG_FOR environment 
variable to show the loaded configuration:
	npx cross-env BABEL_SHOW_CONFIG_FOR=D:\Smmplan\src\components\a
dmin\analytics\report-generator.tsx <your build command>
See https://babeljs.io/docs/configuration#print-effective-config
s for more info.

    at constructor (D:\Smmplan\node_modules\@babel\parser\lib\in
dex.js:365:19)
    at Parser.raise (D:\Smmplan\node_modules\@babel\parser\lib\i
ndex.js:6599:19)
    at Parser.expectOnePlugin (D:\Smmplan\node_modules\@babel\pa
rser\lib\index.js:6633:18)
    at Parser.parseExprAtom (D:\Smmplan\node_modules\@babel\pars
er\lib\index.js:11388:24)
    at Parser.parseExprSubscripts (D:\Smmplan\node_modules\@babe
l\parser\lib\index.js:11071:23)
    at Parser.parseUpdate (D:\Smmplan\node_modules\@babel\parser
\lib\index.js:11056:21)
    at Parser.parseMaybeUnary (D:\Smmplan\node_modules\@babel\pa
rser\lib\index.js:11036:23)
    at Parser.parseMaybeUnaryOrPrivate (D:\Smmplan\node_modules\
@babel\parser\lib\index.js:10889:61)
    at Parser.parseExprOps (D:\Smmplan\node_modules\@babel\parse
r\lib\index.js:10894:23)
    at Parser.parseMaybeConditional (D:\Smmplan\node_modules\@ba
bel\parser\lib\index.js:10871:23)
    at Parser.parseMaybeAssign (D:\Smmplan\node_modules\@babel\p
arser\lib\index.js:10821:21)
    at D:\Smmplan\node_modules\@babel\parser\lib\index.js:10790:
39
    at Parser.allowInAnd (D:\Smmplan\node_modules\@babel\parser\
lib\index.js:12416:12)
    at Parser.parseMaybeAssignAllowIn (D:\Smmplan\node_modules\@
babel\parser\lib\index.js:10790:17)
    at Parser.parseMaybeAssignAllowInOrVoidPattern (D:\Smmplan\n
ode_modules\@babel\parser\lib\index.js:12483:17)
    at Parser.parseParenAndDistinguishExpression (D:\Smmplan\nod
e_modules\@babel\parser\lib\index.js:11665:28)
    at Parser.parseExprAtom (D:\Smmplan\node_modules\@babel\pars
er\lib\index.js:11321:23)
    at Parser.parseExprSubscripts (D:\Smmplan\node_modules\@babe
l\parser\lib\index.js:11071:23)
    at Parser.parseUpdate (D:\Smmplan\node_modules\@babel\parser
\lib\index.js:11056:21)
    at Parser.parseMaybeUnary (D:\Smmplan\node_modules\@babel\pa
rser\lib\index.js:11036:23)
    at Parser.parseMaybeUnaryOrPrivate (D:\Smmplan\node_modules\
@babel\parser\lib\index.js:10889:61)
    at Parser.parseExprOps (D:\Smmplan\node_modules\@babel\parse
r\lib\index.js:10894:23)
    at Parser.parseMaybeConditional (D:\Smmplan\node_modules\@ba
bel\parser\lib\index.js:10871:23)
    at Parser.parseMaybeAssign (D:\Smmplan\node_modules\@babel\p
arser\lib\index.js:10821:21)
    at Parser.parseExpressionBase (D:\Smmplan\node_modules\@babe
l\parser\lib\index.js:10774:23)
    at D:\Smmplan\node_modules\@babel\parser\lib\index.js:10770:
39
    at Parser.allowInAnd (D:\Smmplan\node_modules\@babel\parser\
lib\index.js:12411:16)
    at Parser.parseExpression (D:\Smmplan\node_modules\@babel\pa
rser\lib\index.js:10770:17)
    at Parser.parseReturnStatement (D:\Smmplan\node_modules\@bab
el\parser\lib\index.js:13132:28)
    at Parser.parseStatementContent (D:\Smmplan\node_modules\@ba
bel\parser\lib\index.js:12788:21)
    at Parser.parseStatementLike (D:\Smmplan\node_modules\@babel
\parser\lib\index.js:12757:17)
    at Parser.parseStatementListItem (D:\Smmplan\node_modules\@b
abel\parser\lib\index.js:12737:17)
    at Parser.parseBlockOrModuleBlockBody (D:\Smmplan\node_modul
es\@babel\parser\lib\index.js:13306:61)
    at Parser.parseBlockBody (D:\Smmplan\node_modules\@babel\par
ser\lib\index.js:13299:10)
    at Parser.parseBlock (D:\Smmplan\node_modules\@babel\parser\
lib\index.js:13287:10)
    at Parser.parseFunctionBody (D:\Smmplan\node_modules\@babel\
parser\lib\index.js:12090:24)
    at Parser.parseFunctionBodyAndFinish (D:\Smmplan\node_module
s\@babel\parser\lib\index.js:12076:10)
    at D:\Smmplan\node_modules\@babel\parser\lib\index.js:13435:
12
    at Parser.withSmartMixTopicForbiddingContext (D:\Smmplan\nod
e_modules\@babel\parser\lib\index.js:12393:14)
    at Parser.parseFunction (D:\Smmplan\node_modules\@babel\pars
er\lib\index.js:13434:10)
    at Parser.parseFunctionStatement (D:\Smmplan\node_modules\@b
abel\parser\lib\index.js:13115:17)
    at Parser.parseStatementContent (D:\Smmplan\node_modules\@ba
bel\parser\lib\index.js:12781:21)
    at Parser.parseStatementLike (D:\Smmplan\node_modules\@babel
\parser\lib\index.js:12757:17)
    at Parser.parseModuleItem (D:\Smmplan\node_modules\@babel\pa
rser\lib\index.js:12734:17)
    at Parser.parseBlockOrModuleBlockBody (D:\Smmplan\node_modul
es\@babel\parser\lib\index.js:13306:36)
    at Parser.parseBlockBody (D:\Smmplan\node_modules\@babel\par
ser\lib\index.js:13299:10)
    at Parser.parseProgram (D:\Smmplan\node_modules\@babel\parse
r\lib\index.js:12612:10)
    at Parser.parseTopLevel (D:\Smmplan\node_modules\@babel\pars
er\lib\index.js:12602:25)
    at Parser.parse (D:\Smmplan\node_modules\@babel\parser\lib\i
ndex.js:14478:25)
    at parse (D:\Smmplan\node_modules\@babel\parser\lib\index.js
:14512:38)
Failed to collect coverage from D:\Smmplan\src\components\admin\
analytics\dashboard-charts.tsx
ERROR: D:\Smmplan\src\components\admin\analytics\dashboard-chart
s.tsx: Support for the experimental syntax 'jsx' isn't currently
 enabled (12:13):

[0m [90m 10 |[39m [36mconst[39m [33mCOLORS[39m [33m=[39
m [[32m'#3b82f6'[39m[33m,[39m [32m'#8b5cf6'[39m[33m,[39m
 [32m'#ec4899'[39m[33m,[39m [32m'#f59e0b'[39m[33m,[39m 
[32m'#10b981'[39m[33m,[39m [32m'#6366f1'[39m][33m;[39m
 [90m 11 |[39m [36mfunction[39m [33mDashboardCharts[39m({ 
data }) {
[31m[1m>[22m[39m[90m 12 |[39m     [36mreturn[39m ([33m<
[39m[33mdiv[39m className[33m=[39m[32m"grid grid-cols-1 lg
:grid-cols-3 gap-8"[39m[33m>[39m
 [90m    |[39m             [31m[1m^[22m[39m
 [90m 13 |[39m       {[90m/* ╨Ы╨╕╨╜╨╡╨╣╨╜╤Л╨╣ ╨│╤А╨░╤Д╨╕╨║ ╨▓
╤Л╤А╤Г╤З╨║╨╕ */[39m}
 [90m 14 |[39m       [33m<[39m[33mdiv[39m className[33m=
[39m[32m"lg:col-span-2 bg-white p-8 rounded-[2.5rem] border bor
der-slate-200 shadow-sm"[39m[33m>[39m
 [90m 15 |[39m         [33m<[39m[33mh3[39m className[33m=
[39m[32m"text-sm font-black text-slate-800 uppercase tracking-
widest mb-8 flex items-center gap-2"[39m[33m>[39m[0m

Add @babel/preset-react (https://github.com/babel/babel/tree/mai
n/packages/babel-preset-react) to the 'presets' section of your 
Babel config to enable transformation.
If you want to leave it as-is, add @babel/plugin-syntax-jsx (htt
ps://github.com/babel/babel/tree/main/packages/babel-plugin-synt
ax-jsx) to the 'plugins' section to enable parsing.

If you already added the plugin for this syntax to your config, 
it's possible that your config isn't being loaded.
You can re-run Babel with the BABEL_SHOW_CONFIG_FOR environment 
variable to show the loaded configuration:
	npx cross-env BABEL_SHOW_CONFIG_FOR=D:\Smmplan\src\components\a
dmin\analytics\dashboard-charts.tsx <your build command>
See https://babeljs.io/docs/configuration#print-effective-config
s for more info.

STACK: SyntaxError: D:\Smmplan\src\components\admin\analytics\da
shboard-charts.tsx: Support for the experimental syntax 'jsx' is
n't currently enabled (12:13):

[0m [90m 10 |[39m [36mconst[39m [33mCOLORS[39m [33m=[39
m [[32m'#3b82f6'[39m[33m,[39m [32m'#8b5cf6'[39m[33m,[39m
 [32m'#ec4899'[39m[33m,[39m [32m'#f59e0b'[39m[33m,[39m 
[32m'#10b981'[39m[33m,[39m [32m'#6366f1'[39m][33m;[39m
 [90m 11 |[39m [36mfunction[39m [33mDashboardCharts[39m({ 
data }) {
[31m[1m>[22m[39m[90m 12 |[39m     [36mreturn[39m ([33m<
[39m[33mdiv[39m className[33m=[39m[32m"grid grid-cols-1 lg
:grid-cols-3 gap-8"[39m[33m>[39m
 [90m    |[39m             [31m[1m^[22m[39m
 [90m 13 |[39m       {[90m/* ╨Ы╨╕╨╜╨╡╨╣╨╜╤Л╨╣ ╨│╤А╨░╤Д╨╕╨║ ╨▓
╤Л╤А╤Г╤З╨║╨╕ */[39m}
 [90m 14 |[39m       [33m<[39m[33mdiv[39m className[33m=
[39m[32m"lg:col-span-2 bg-white p-8 rounded-[2.5rem] border bor
der-slate-200 shadow-sm"[39m[33m>[39m
 [90m 15 |[39m         [33m<[39m[33mh3[39m className[33m=
[39m[32m"text-sm font-black text-slate-800 uppercase tracking-
widest mb-8 flex items-center gap-2"[39m[33m>[39m[0m

Add @babel/preset-react (https://github.com/babel/babel/tree/mai
n/packages/babel-preset-react) to the 'presets' section of your 
Babel config to enable transformation.
If you want to leave it as-is, add @babel/plugin-syntax-jsx (htt
ps://github.com/babel/babel/tree/main/packages/babel-plugin-synt
ax-jsx) to the 'plugins' section to enable parsing.

If you already added the plugin for this syntax to your config, 
it's possible that your config isn't being loaded.
You can re-run Babel with the BABEL_SHOW_CONFIG_FOR environment 
variable to show the loaded configuration:
	npx cross-env BABEL_SHOW_CONFIG_FOR=D:\Smmplan\src\components\a
dmin\analytics\dashboard-charts.tsx <your build command>
See https://babeljs.io/docs/configuration#print-effective-config
s for more info.

    at constructor (D:\Smmplan\node_modules\@babel\parser\lib\in
dex.js:365:19)
    at Parser.raise (D:\Smmplan\node_modules\@babel\parser\lib\i
ndex.js:6599:19)
    at Parser.expectOnePlugin (D:\Smmplan\node_modules\@babel\pa
rser\lib\index.js:6633:18)
    at Parser.parseExprAtom (D:\Smmplan\node_modules\@babel\pars
er\lib\index.js:11388:24)
    at Parser.parseExprSubscripts (D:\Smmplan\node_modules\@babe
l\parser\lib\index.js:11071:23)
    at Parser.parseUpdate (D:\Smmplan\node_modules\@babel\parser
\lib\index.js:11056:21)
    at Parser.parseMaybeUnary (D:\Smmplan\node_modules\@babel\pa
rser\lib\index.js:11036:23)
    at Parser.parseMaybeUnaryOrPrivate (D:\Smmplan\node_modules\
@babel\parser\lib\index.js:10889:61)
    at Parser.parseExprOps (D:\Smmplan\node_modules\@babel\parse
r\lib\index.js:10894:23)
    at Parser.parseMaybeConditional (D:\Smmplan\node_modules\@ba
bel\parser\lib\index.js:10871:23)
    at Parser.parseMaybeAssign (D:\Smmplan\node_modules\@babel\p
arser\lib\index.js:10821:21)
    at D:\Smmplan\node_modules\@babel\parser\lib\index.js:10790:
39
    at Parser.allowInAnd (D:\Smmplan\node_modules\@babel\parser\
lib\index.js:12416:12)
    at Parser.parseMaybeAssignAllowIn (D:\Smmplan\node_modules\@
babel\parser\lib\index.js:10790:17)
    at Parser.parseMaybeAssignAllowInOrVoidPattern (D:\Smmplan\n
ode_modules\@babel\parser\lib\index.js:12483:17)
    at Parser.parseParenAndDistinguishExpression (D:\Smmplan\nod
e_modules\@babel\parser\lib\index.js:11665:28)
    at Parser.parseExprAtom (D:\Smmplan\node_modules\@babel\pars
er\lib\index.js:11321:23)
    at Parser.parseExprSubscripts (D:\Smmplan\node_modules\@babe
l\parser\lib\index.js:11071:23)
    at Parser.parseUpdate (D:\Smmplan\node_modules\@babel\parser
\lib\index.js:11056:21)
    at Parser.parseMaybeUnary (D:\Smmplan\node_modules\@babel\pa
rser\lib\index.js:11036:23)
    at Parser.parseMaybeUnaryOrPrivate (D:\Smmplan\node_modules\
@babel\parser\lib\index.js:10889:61)
    at Parser.parseExprOps (D:\Smmplan\node_modules\@babel\parse
r\lib\index.js:10894:23)
    at Parser.parseMaybeConditional (D:\Smmplan\node_modules\@ba
bel\parser\lib\index.js:10871:23)
    at Parser.parseMaybeAssign (D:\Smmplan\node_modules\@babel\p
arser\lib\index.js:10821:21)
    at Parser.parseExpressionBase (D:\Smmplan\node_modules\@babe
l\parser\lib\index.js:10774:23)
    at D:\Smmplan\node_modules\@babel\parser\lib\index.js:10770:
39
    at Parser.allowInAnd (D:\Smmplan\node_modules\@babel\parser\
lib\index.js:12411:16)
    at Parser.parseExpression (D:\Smmplan\node_modules\@babel\pa
rser\lib\index.js:10770:17)
    at Parser.parseReturnStatement (D:\Smmplan\node_modules\@bab
el\parser\lib\index.js:13132:28)
    at Parser.parseStatementContent (D:\Smmplan\node_modules\@ba
bel\parser\lib\index.js:12788:21)
    at Parser.parseStatementLike (D:\Smmplan\node_modules\@babel
\parser\lib\index.js:12757:17)
    at Parser.parseStatementListItem (D:\Smmplan\node_modules\@b
abel\parser\lib\index.js:12737:17)
    at Parser.parseBlockOrModuleBlockBody (D:\Smmplan\node_modul
es\@babel\parser\lib\index.js:13306:61)
    at Parser.parseBlockBody (D:\Smmplan\node_modules\@babel\par
ser\lib\index.js:13299:10)
    at Parser.parseBlock (D:\Smmplan\node_modules\@babel\parser\
lib\index.js:13287:10)
    at Parser.parseFunctionBody (D:\Smmplan\node_modules\@babel\
parser\lib\index.js:12090:24)
    at Parser.parseFunctionBodyAndFinish (D:\Smmplan\node_module
s\@babel\parser\lib\index.js:12076:10)
    at D:\Smmplan\node_modules\@babel\parser\lib\index.js:13435:
12
    at Parser.withSmartMixTopicForbiddingContext (D:\Smmplan\nod
e_modules\@babel\parser\lib\index.js:12393:14)
    at Parser.parseFunction (D:\Smmplan\node_modules\@babel\pars
er\lib\index.js:13434:10)
    at Parser.parseFunctionStatement (D:\Smmplan\node_modules\@b
abel\parser\lib\index.js:13115:17)
    at Parser.parseStatementContent (D:\Smmplan\node_modules\@ba
bel\parser\lib\index.js:12781:21)
    at Parser.parseStatementLike (D:\Smmplan\node_modules\@babel
\parser\lib\index.js:12757:17)
    at Parser.parseModuleItem (D:\Smmplan\node_modules\@babel\pa
rser\lib\index.js:12734:17)
    at Parser.parseBlockOrModuleBlockBody (D:\Smmplan\node_modul
es\@babel\parser\lib\index.js:13306:36)
    at Parser.parseBlockBody (D:\Smmplan\node_modules\@babel\par
ser\lib\index.js:13299:10)
    at Parser.parseProgram (D:\Smmplan\node_modules\@babel\parse
r\lib\index.js:12612:10)
    at Parser.parseTopLevel (D:\Smmplan\node_modules\@babel\pars
er\lib\index.js:12602:25)
    at Parser.parse (D:\Smmplan\node_modules\@babel\parser\lib\i
ndex.js:14478:25)
    at parse (D:\Smmplan\node_modules\@babel\parser\lib\index.js
:14512:38)
Failed to collect coverage from D:\Smmplan\src\app\admin\users\p
age.tsx
ERROR: D:\Smmplan\src\app\admin\users\page.tsx: Support for the 
experimental syntax 'jsx' isn't currently enabled (64:13):

[0m [90m 62 |[39m         [32m'ADMIN'[39m[33m:[39m [32m'
╨Р╨┤╨╝╨╕╨╜'[39m[33m,[39m [32m'SUPPORT'[39m[33m:[39m [32m
'╨Я╨╛╨┤╨┤╨╡╤А╨╢╨║╨░'[39m[33m,[39m [32m'SEO'[39m[33m:[39m 
[32m'SEO'[39m[33m,[39m [32m'USER'[39m[33m:[39m [32m'╨Ъ╨
╗╨╕╨╡╨╜╤В'[39m[33m,[39m [32m'RESELLER'[39m[33m:[39m [32m
'╨а╨╡╤Б╨╡╨╗╨╗╨╡╤А'[39m
 [90m 63 |[39m     }[33m;[39m
[31m[1m>[22m[39m[90m 64 |[39m     [36mreturn[39m ([33m<
[39m[33mdiv[39m className[33m=[39m[32m"space-y-6"[39m[33
m>[39m
 [90m    |[39m             [31m[1m^[22m[39m
 [90m 65 |[39m       [33m<[39m[33mdiv[39m className[33m=
[39m[32m"flex items-center justify-between"[39m[33m>[39m
 [90m 66 |[39m         [33m<[39m[33mdiv[39m[33m>[39m
 [90m 67 |[39m           [33m<[39m[33mh2[39m className[33
m=[39m[32m"text-2xl font-bold text-slate-800 tracking-tight it
alic uppercase"[39m[33m>[39m[33m╨б╨┐╤А╨░╨▓╨╛╤З╨╜╨╕╨║[39m ╨┐
╨╛╨╗╤М╨╖╨╛╨▓╨░╤В╨╡╨╗╨╡╨╣[33m<[39m[33m/[39m[33mh2[39m[33m>
[39m[0m

Add @babel/preset-react (https://github.com/babel/babel/tree/mai
n/packages/babel-preset-react) to the 'presets' section of your 
Babel config to enable transformation.
If you want to leave it as-is, add @babel/plugin-syntax-jsx (htt
ps://github.com/babel/babel/tree/main/packages/babel-plugin-synt
ax-jsx) to the 'plugins' section to enable parsing.

If you already added the plugin for this syntax to your config, 
it's possible that your config isn't being loaded.
You can re-run Babel with the BABEL_SHOW_CONFIG_FOR environment 
variable to show the loaded configuration:
	npx cross-env BABEL_SHOW_CONFIG_FOR=D:\Smmplan\src\app\admin\us
ers\page.tsx <your build command>
See https://babeljs.io/docs/configuration#print-effective-config
s for more info.

STACK: SyntaxError: D:\Smmplan\src\app\admin\users\page.tsx: Sup
port for the experimental syntax 'jsx' isn't currently enabled (
64:13):

[0m [90m 62 |[39m         [32m'ADMIN'[39m[33m:[39m [32m'
╨Р╨┤╨╝╨╕╨╜'[39m[33m,[39m [32m'SUPPORT'[39m[33m:[39m [32m
'╨Я╨╛╨┤╨┤╨╡╤А╨╢╨║╨░'[39m[33m,[39m [32m'SEO'[39m[33m:[39m 
[32m'SEO'[39m[33m,[39m [32m'USER'[39m[33m:[39m [32m'╨Ъ╨
╗╨╕╨╡╨╜╤В'[39m[33m,[39m [32m'RESELLER'[39m[33m:[39m [32m
'╨а╨╡╤Б╨╡╨╗╨╗╨╡╤А'[39m
 [90m 63 |[39m     }[33m;[39m
[31m[1m>[22m[39m[90m 64 |[39m     [36mreturn[39m ([33m<
[39m[33mdiv[39m className[33m=[39m[32m"space-y-6"[39m[33
m>[39m
 [90m    |[39m             [31m[1m^[22m[39m
 [90m 65 |[39m       [33m<[39m[33mdiv[39m className[33m=
[39m[32m"flex items-center justify-between"[39m[33m>[39m
 [90m 66 |[39m         [33m<[39m[33mdiv[39m[33m>[39m
 [90m 67 |[39m           [33m<[39m[33mh2[39m className[33
m=[39m[32m"text-2xl font-bold text-slate-800 tracking-tight it
alic uppercase"[39m[33m>[39m[33m╨б╨┐╤А╨░╨▓╨╛╤З╨╜╨╕╨║[39m ╨┐
╨╛╨╗╤М╨╖╨╛╨▓╨░╤В╨╡╨╗╨╡╨╣[33m<[39m[33m/[39m[33mh2[39m[33m>
[39m[0m

Add @babel/preset-react (https://github.com/babel/babel/tree/mai
n/packages/babel-preset-react) to the 'presets' section of your 
Babel config to enable transformation.
If you want to leave it as-is, add @babel/plugin-syntax-jsx (htt
ps://github.com/babel/babel/tree/main/packages/babel-plugin-synt
ax-jsx) to the 'plugins' section to enable parsing.

If you already added the plugin for this syntax to your config, 
it's possible that your config isn't being loaded.
You can re-run Babel with the BABEL_SHOW_CONFIG_FOR environment 
variable to show the loaded configuration:
	npx cross-env BABEL_SHOW_CONFIG_FOR=D:\Smmplan\src\app\admin\us
ers\page.tsx <your build command>
See https://babeljs.io/docs/configuration#print-effective-config
s for more info.

    at constructor (D:\Smmplan\node_modules\@babel\parser\lib\in
dex.js:365:19)
    at Parser.raise (D:\Smmplan\node_modules\@babel\parser\lib\i
ndex.js:6599:19)
    at Parser.expectOnePlugin (D:\Smmplan\node_modules\@babel\pa
rser\lib\index.js:6633:18)
    at Parser.parseExprAtom (D:\Smmplan\node_modules\@babel\pars
er\lib\index.js:11388:24)
    at Parser.parseExprSubscripts (D:\Smmplan\node_modules\@babe
l\parser\lib\index.js:11071:23)
    at Parser.parseUpdate (D:\Smmplan\node_modules\@babel\parser
\lib\index.js:11056:21)
    at Parser.parseMaybeUnary (D:\Smmplan\node_modules\@babel\pa
rser\lib\index.js:11036:23)
    at Parser.parseMaybeUnaryOrPrivate (D:\Smmplan\node_modules\
@babel\parser\lib\index.js:10889:61)
    at Parser.parseExprOps (D:\Smmplan\node_modules\@babel\parse
r\lib\index.js:10894:23)
    at Parser.parseMaybeConditional (D:\Smmplan\node_modules\@ba
bel\parser\lib\index.js:10871:23)
    at Parser.parseMaybeAssign (D:\Smmplan\node_modules\@babel\p
arser\lib\index.js:10821:21)
    at D:\Smmplan\node_modules\@babel\parser\lib\index.js:10790:
39
    at Parser.allowInAnd (D:\Smmplan\node_modules\@babel\parser\
lib\index.js:12416:12)
    at Parser.parseMaybeAssignAllowIn (D:\Smmplan\node_modules\@
babel\parser\lib\index.js:10790:17)
    at Parser.parseMaybeAssignAllowInOrVoidPattern (D:\Smmplan\n
ode_modules\@babel\parser\lib\index.js:12483:17)
    at Parser.parseParenAndDistinguishExpression (D:\Smmplan\nod
e_modules\@babel\parser\lib\index.js:11665:28)
    at Parser.parseExprAtom (D:\Smmplan\node_modules\@babel\pars
er\lib\index.js:11321:23)
    at Parser.parseExprSubscripts (D:\Smmplan\node_modules\@babe
l\parser\lib\index.js:11071:23)
    at Parser.parseUpdate (D:\Smmplan\node_modules\@babel\parser
\lib\index.js:11056:21)
    at Parser.parseMaybeUnary (D:\Smmplan\node_modules\@babel\pa
rser\lib\index.js:11036:23)
    at Parser.parseMaybeUnaryOrPrivate (D:\Smmplan\node_modules\
@babel\parser\lib\index.js:10889:61)
    at Parser.parseExprOps (D:\Smmplan\node_modules\@babel\parse
r\lib\index.js:10894:23)
    at Parser.parseMaybeConditional (D:\Smmplan\node_modules\@ba
bel\parser\lib\index.js:10871:23)
    at Parser.parseMaybeAssign (D:\Smmplan\node_modules\@babel\p
arser\lib\index.js:10821:21)
    at Parser.parseExpressionBase (D:\Smmplan\node_modules\@babe
l\parser\lib\index.js:10774:23)
    at D:\Smmplan\node_modules\@babel\parser\lib\index.js:10770:
39
    at Parser.allowInAnd (D:\Smmplan\node_modules\@babel\parser\
lib\index.js:12411:16)
    at Parser.parseExpression (D:\Smmplan\node_modules\@babel\pa
rser\lib\index.js:10770:17)
    at Parser.parseReturnStatement (D:\Smmplan\node_modules\@bab
el\parser\lib\index.js:13132:28)
    at Parser.parseStatementContent (D:\Smmplan\node_modules\@ba
bel\parser\lib\index.js:12788:21)
    at Parser.parseStatementLike (D:\Smmplan\node_modules\@babel
\parser\lib\index.js:12757:17)
    at Parser.parseStatementListItem (D:\Smmplan\node_modules\@b
abel\parser\lib\index.js:12737:17)
    at Parser.parseBlockOrModuleBlockBody (D:\Smmplan\node_modul
es\@babel\parser\lib\index.js:13306:61)
    at Parser.parseBlockBody (D:\Smmplan\node_modules\@babel\par
ser\lib\index.js:13299:10)
    at Parser.parseBlock (D:\Smmplan\node_modules\@babel\parser\
lib\index.js:13287:10)
    at Parser.parseFunctionBody (D:\Smmplan\node_modules\@babel\
parser\lib\index.js:12090:24)
    at Parser.parseFunctionBodyAndFinish (D:\Smmplan\node_module
s\@babel\parser\lib\index.js:12076:10)
    at D:\Smmplan\node_modules\@babel\parser\lib\index.js:13435:
12
    at Parser.withSmartMixTopicForbiddingContext (D:\Smmplan\nod
e_modules\@babel\parser\lib\index.js:12393:14)
    at Parser.parseFunction (D:\Smmplan\node_modules\@babel\pars
er\lib\index.js:13434:10)
    at Parser.parseFunctionStatement (D:\Smmplan\node_modules\@b
abel\parser\lib\index.js:13115:17)
    at Parser.parseStatementContent (D:\Smmplan\node_modules\@ba
bel\parser\lib\index.js:12880:25)
    at Parser.parseStatementLike (D:\Smmplan\node_modules\@babel
\parser\lib\index.js:12757:17)
    at Parser.parseModuleItem (D:\Smmplan\node_modules\@babel\pa
rser\lib\index.js:12734:17)
    at Parser.parseBlockOrModuleBlockBody (D:\Smmplan\node_modul
es\@babel\parser\lib\index.js:13306:36)
    at Parser.parseBlockBody (D:\Smmplan\node_modules\@babel\par
ser\lib\index.js:13299:10)
    at Parser.parseProgram (D:\Smmplan\node_modules\@babel\parse
r\lib\index.js:12612:10)
    at Parser.parseTopLevel (D:\Smmplan\node_modules\@babel\pars
er\lib\index.js:12602:25)
    at Parser.parse (D:\Smmplan\node_modules\@babel\parser\lib\i
ndex.js:14478:25)
    at parse (D:\Smmplan\node_modules\@babel\parser\lib\index.js
:14512:38)
Failed to collect coverage from D:\Smmplan\src\components\admin\
core\pagination.tsx
ERROR: D:\Smmplan\src\components\admin\core\pagination.tsx: Supp
ort for the experimental syntax 'jsx' isn't currently enabled (6
2:13):

[0m [90m 60 |[39m         [36mreturn[39m pages[33m;[39m
 [90m 61 |[39m     }[33m;[39m
[31m[1m>[22m[39m[90m 62 |[39m     [36mreturn[39m ([33m<
[39m[33mdiv[39m className[33m=[39m[32m"flex items-center j
ustify-center gap-2 mt-8"[39m[33m>[39m
 [90m    |[39m             [31m[1m^[22m[39m
 [90m 63 |[39m       [33m<[39m[33mbutton[39m onClick[33m=
[39m{() [33m=>[39m goToPage([35m1[39m)} disabled[33m=[39m
{currentPage [33m===[39m [35m1[39m} className[33m=[39m[32
m"p-2 rounded-xl bg-white border border-slate-200 text-slate-500
 hover:bg-slate-50 disabled:opacity-30 disabled:hover:bg-white t
ransition-all"[39m[33m>[39m
 [90m 64 |[39m         [33m<[39m[33mlucide_react_1[39m[33
m.[39m[33mChevronsLeft[39m size[33m=[39m{[35m16[39m}[33m
/[39m[33m>[39m
 [90m 65 |[39m       [33m<[39m[33m/[39m[33mbutton[39m[3
3m>[39m[0m

Add @babel/preset-react (https://github.com/babel/babel/tree/mai
n/packages/babel-preset-react) to the 'presets' section of your 
Babel config to enable transformation.
If you want to leave it as-is, add @babel/plugin-syntax-jsx (htt
ps://github.com/babel/babel/tree/main/packages/babel-plugin-synt
ax-jsx) to the 'plugins' section to enable parsing.

If you already added the plugin for this syntax to your config, 
it's possible that your config isn't being loaded.
You can re-run Babel with the BABEL_SHOW_CONFIG_FOR environment 
variable to show the loaded configuration:
	npx cross-env BABEL_SHOW_CONFIG_FOR=D:\Smmplan\src\components\a
dmin\core\pagination.tsx <your build command>
See https://babeljs.io/docs/configuration#print-effective-config
s for more info.

STACK: SyntaxError: D:\Smmplan\src\components\admin\core\paginat
ion.tsx: Support for the experimental syntax 'jsx' isn't current
ly enabled (62:13):

[0m [90m 60 |[39m         [36mreturn[39m pages[33m;[39m
 [90m 61 |[39m     }[33m;[39m
[31m[1m>[22m[39m[90m 62 |[39m     [36mreturn[39m ([33m<
[39m[33mdiv[39m className[33m=[39m[32m"flex items-center j
ustify-center gap-2 mt-8"[39m[33m>[39m
 [90m    |[39m             [31m[1m^[22m[39m
 [90m 63 |[39m       [33m<[39m[33mbutton[39m onClick[33m=
[39m{() [33m=>[39m goToPage([35m1[39m)} disabled[33m=[39m
{currentPage [33m===[39m [35m1[39m} className[33m=[39m[32
m"p-2 rounded-xl bg-white border border-slate-200 text-slate-500
 hover:bg-slate-50 disabled:opacity-30 disabled:hover:bg-white t
ransition-all"[39m[33m>[39m
 [90m 64 |[39m         [33m<[39m[33mlucide_react_1[39m[33
m.[39m[33mChevronsLeft[39m size[33m=[39m{[35m16[39m}[33m
/[39m[33m>[39m
 [90m 65 |[39m       [33m<[39m[33m/[39m[33mbutton[39m[3
3m>[39m[0m

Add @babel/preset-react (https://github.com/babel/babel/tree/mai
n/packages/babel-preset-react) to the 'presets' section of your 
Babel config to enable transformation.
If you want to leave it as-is, add @babel/plugin-syntax-jsx (htt
ps://github.com/babel/babel/tree/main/packages/babel-plugin-synt
ax-jsx) to the 'plugins' section to enable parsing.

If you already added the plugin for this syntax to your config, 
it's possible that your config isn't being loaded.
You can re-run Babel with the BABEL_SHOW_CONFIG_FOR environment 
variable to show the loaded configuration:
	npx cross-env BABEL_SHOW_CONFIG_FOR=D:\Smmplan\src\components\a
dmin\core\pagination.tsx <your build command>
See https://babeljs.io/docs/configuration#print-effective-config
s for more info.

    at constructor (D:\Smmplan\node_modules\@babel\parser\lib\in
dex.js:365:19)
    at Parser.raise (D:\Smmplan\node_modules\@babel\parser\lib\i
ndex.js:6599:19)
    at Parser.expectOnePlugin (D:\Smmplan\node_modules\@babel\pa
rser\lib\index.js:6633:18)
    at Parser.parseExprAtom (D:\Smmplan\node_modules\@babel\pars
er\lib\index.js:11388:24)
    at Parser.parseExprSubscripts (D:\Smmplan\node_modules\@babe
l\parser\lib\index.js:11071:23)
    at Parser.parseUpdate (D:\Smmplan\node_modules\@babel\parser
\lib\index.js:11056:21)
    at Parser.parseMaybeUnary (D:\Smmplan\node_modules\@babel\pa
rser\lib\index.js:11036:23)
    at Parser.parseMaybeUnaryOrPrivate (D:\Smmplan\node_modules\
@babel\parser\lib\index.js:10889:61)
    at Parser.parseExprOps (D:\Smmplan\node_modules\@babel\parse
r\lib\index.js:10894:23)
    at Parser.parseMaybeConditional (D:\Smmplan\node_modules\@ba
bel\parser\lib\index.js:10871:23)
    at Parser.parseMaybeAssign (D:\Smmplan\node_modules\@babel\p
arser\lib\index.js:10821:21)
    at D:\Smmplan\node_modules\@babel\parser\lib\index.js:10790:
39
    at Parser.allowInAnd (D:\Smmplan\node_modules\@babel\parser\
lib\index.js:12416:12)
    at Parser.parseMaybeAssignAllowIn (D:\Smmplan\node_modules\@
babel\parser\lib\index.js:10790:17)
    at Parser.parseMaybeAssignAllowInOrVoidPattern (D:\Smmplan\n
ode_modules\@babel\parser\lib\index.js:12483:17)
    at Parser.parseParenAndDistinguishExpression (D:\Smmplan\nod
e_modules\@babel\parser\lib\index.js:11665:28)
    at Parser.parseExprAtom (D:\Smmplan\node_modules\@babel\pars
er\lib\index.js:11321:23)
    at Parser.parseExprSubscripts (D:\Smmplan\node_modules\@babe
l\parser\lib\index.js:11071:23)
    at Parser.parseUpdate (D:\Smmplan\node_modules\@babel\parser
\lib\index.js:11056:21)
    at Parser.parseMaybeUnary (D:\Smmplan\node_modules\@babel\pa
rser\lib\index.js:11036:23)
    at Parser.parseMaybeUnaryOrPrivate (D:\Smmplan\node_modules\
@babel\parser\lib\index.js:10889:61)
    at Parser.parseExprOps (D:\Smmplan\node_modules\@babel\parse
r\lib\index.js:10894:23)
    at Parser.parseMaybeConditional (D:\Smmplan\node_modules\@ba
bel\parser\lib\index.js:10871:23)
    at Parser.parseMaybeAssign (D:\Smmplan\node_modules\@babel\p
arser\lib\index.js:10821:21)
    at Parser.parseExpressionBase (D:\Smmplan\node_modules\@babe
l\parser\lib\index.js:10774:23)
    at D:\Smmplan\node_modules\@babel\parser\lib\index.js:10770:
39
    at Parser.allowInAnd (D:\Smmplan\node_modules\@babel\parser\
lib\index.js:12411:16)
    at Parser.parseExpression (D:\Smmplan\node_modules\@babel\pa
rser\lib\index.js:10770:17)
    at Parser.parseReturnStatement (D:\Smmplan\node_modules\@bab
el\parser\lib\index.js:13132:28)
    at Parser.parseStatementContent (D:\Smmplan\node_modules\@ba
bel\parser\lib\index.js:12788:21)
    at Parser.parseStatementLike (D:\Smmplan\node_modules\@babel
\parser\lib\index.js:12757:17)
    at Parser.parseStatementListItem (D:\Smmplan\node_modules\@b
abel\parser\lib\index.js:12737:17)
    at Parser.parseBlockOrModuleBlockBody (D:\Smmplan\node_modul
es\@babel\parser\lib\index.js:13306:61)
    at Parser.parseBlockBody (D:\Smmplan\node_modules\@babel\par
ser\lib\index.js:13299:10)
    at Parser.parseBlock (D:\Smmplan\node_modules\@babel\parser\
lib\index.js:13287:10)
    at Parser.parseFunctionBody (D:\Smmplan\node_modules\@babel\
parser\lib\index.js:12090:24)
    at Parser.parseFunctionBodyAndFinish (D:\Smmplan\node_module
s\@babel\parser\lib\index.js:12076:10)
    at D:\Smmplan\node_modules\@babel\parser\lib\index.js:13435:
12
    at Parser.withSmartMixTopicForbiddingContext (D:\Smmplan\nod
e_modules\@babel\parser\lib\index.js:12393:14)
    at Parser.parseFunction (D:\Smmplan\node_modules\@babel\pars
er\lib\index.js:13434:10)
    at Parser.parseFunctionStatement (D:\Smmplan\node_modules\@b
abel\parser\lib\index.js:13115:17)
    at Parser.parseStatementContent (D:\Smmplan\node_modules\@ba
bel\parser\lib\index.js:12781:21)
    at Parser.parseStatementLike (D:\Smmplan\node_modules\@babel
\parser\lib\index.js:12757:17)
    at Parser.parseModuleItem (D:\Smmplan\node_modules\@babel\pa
rser\lib\index.js:12734:17)
    at Parser.parseBlockOrModuleBlockBody (D:\Smmplan\node_modul
es\@babel\parser\lib\index.js:13306:36)
    at Parser.parseBlockBody (D:\Smmplan\node_modules\@babel\par
ser\lib\index.js:13299:10)
    at Parser.parseProgram (D:\Smmplan\node_modules\@babel\parse
r\lib\index.js:12612:10)
    at Parser.parseTopLevel (D:\Smmplan\node_modules\@babel\pars
er\lib\index.js:12602:25)
    at Parser.parse (D:\Smmplan\node_modules\@babel\parser\lib\i
ndex.js:14478:25)
    at parse (D:\Smmplan\node_modules\@babel\parser\lib\index.js
:14512:38)
Failed to collect coverage from D:\Smmplan\src\components\admin\
core\info-tooltip.tsx
ERROR: D:\Smmplan\src\components\admin\core\info-tooltip.tsx: Su
pport for the experimental syntax 'jsx' isn't currently enabled 
(48:13):

[0m [90m 46 |[39m         right[33m:[39m [32m'left-full to
p-1/2 -translate-y-1/2 ml-2'[39m
 [90m 47 |[39m     }[33m;[39m
[31m[1m>[22m[39m[90m 48 |[39m     [36mreturn[39m ([33m<
[39m[33mdiv[39m className[33m=[39m[32m"relative inline-blo
ck ml-1.5 group"[39m[33m>[39m
 [90m    |[39m             [31m[1m^[22m[39m
 [90m 49 |[39m       [33m<[39m[33mlucide_react_1[39m[33m.
[39m[33mHelpCircle[39m size[33m=[39m{[35m14[39m} classNam
e[33m=[39m[32m"text-slate-400 hover:text-blue-500 cursor-help
 transition-colors"[39m onMouseEnter[33m=[39m{() [33m=>[39m
 setIsVisible([36mtrue[39m)} onMouseLeave[33m=[39m{() [33m=
>[39m setIsVisible([36mfalse[39m)}[33m/[39m[33m>[39m
 [90m 50 |[39m       
 [90m 51 |[39m       {isVisible [33m&&[39m ([33m<[39m[33m
div[39m className[33m=[39m{[32m`absolute z-[100] w-64 p-3 bg
-slate-800 text-white text-[11px] leading-relaxed rounded-xl sha
dow-xl border border-slate-700 animate-in fade-in zoom-in durati
on-200 ${positionClasses[position]}`[39m}[33m>[39m[0m

Add @babel/preset-react (https://github.com/babel/babel/tree/mai
n/packages/babel-preset-react) to the 'presets' section of your 
Babel config to enable transformation.
If you want to leave it as-is, add @babel/plugin-syntax-jsx (htt
ps://github.com/babel/babel/tree/main/packages/babel-plugin-synt
ax-jsx) to the 'plugins' section to enable parsing.

If you already added the plugin for this syntax to your config, 
it's possible that your config isn't being loaded.
You can re-run Babel with the BABEL_SHOW_CONFIG_FOR environment 
variable to show the loaded configuration:
	npx cross-env BABEL_SHOW_CONFIG_FOR=D:\Smmplan\src\components\a
dmin\core\info-tooltip.tsx <your build command>
See https://babeljs.io/docs/configuration#print-effective-config
s for more info.

STACK: SyntaxError: D:\Smmplan\src\components\admin\core\info-to
oltip.tsx: Support for the experimental syntax 'jsx' isn't curre
ntly enabled (48:13):

[0m [90m 46 |[39m         right[33m:[39m [32m'left-full to
p-1/2 -translate-y-1/2 ml-2'[39m
 [90m 47 |[39m     }[33m;[39m
[31m[1m>[22m[39m[90m 48 |[39m     [36mreturn[39m ([33m<
[39m[33mdiv[39m className[33m=[39m[32m"relative inline-blo
ck ml-1.5 group"[39m[33m>[39m
 [90m    |[39m             [31m[1m^[22m[39m
 [90m 49 |[39m       [33m<[39m[33mlucide_react_1[39m[33m.
[39m[33mHelpCircle[39m size[33m=[39m{[35m14[39m} classNam
e[33m=[39m[32m"text-slate-400 hover:text-blue-500 cursor-help
 transition-colors"[39m onMouseEnter[33m=[39m{() [33m=>[39m
 setIsVisible([36mtrue[39m)} onMouseLeave[33m=[39m{() [33m=
>[39m setIsVisible([36mfalse[39m)}[33m/[39m[33m>[39m
 [90m 50 |[39m       
 [90m 51 |[39m       {isVisible [33m&&[39m ([33m<[39m[33m
div[39m className[33m=[39m{[32m`absolute z-[100] w-64 p-3 bg
-slate-800 text-white text-[11px] leading-relaxed rounded-xl sha
dow-xl border border-slate-700 animate-in fade-in zoom-in durati
on-200 ${positionClasses[position]}`[39m}[33m>[39m[0m

Add @babel/preset-react (https://github.com/babel/babel/tree/mai
n/packages/babel-preset-react) to the 'presets' section of your 
Babel config to enable transformation.
If you want to leave it as-is, add @babel/plugin-syntax-jsx (htt
ps://github.com/babel/babel/tree/main/packages/babel-plugin-synt
ax-jsx) to the 'plugins' section to enable parsing.

If you already added the plugin for this syntax to your config, 
it's possible that your config isn't being loaded.
You can re-run Babel with the BABEL_SHOW_CONFIG_FOR environment 
variable to show the loaded configuration:
	npx cross-env BABEL_SHOW_CONFIG_FOR=D:\Smmplan\src\components\a
dmin\core\info-tooltip.tsx <your build command>
See https://babeljs.io/docs/configuration#print-effective-config
s for more info.

    at constructor (D:\Smmplan\node_modules\@babel\parser\lib\in
dex.js:365:19)
    at Parser.raise (D:\Smmplan\node_modules\@babel\parser\lib\i
ndex.js:6599:19)
    at Parser.expectOnePlugin (D:\Smmplan\node_modules\@babel\pa
rser\lib\index.js:6633:18)
    at Parser.parseExprAtom (D:\Smmplan\node_modules\@babel\pars
er\lib\index.js:11388:24)
    at Parser.parseExprSubscripts (D:\Smmplan\node_modules\@babe
l\parser\lib\index.js:11071:23)
    at Parser.parseUpdate (D:\Smmplan\node_modules\@babel\parser
\lib\index.js:11056:21)
    at Parser.parseMaybeUnary (D:\Smmplan\node_modules\@babel\pa
rser\lib\index.js:11036:23)
    at Parser.parseMaybeUnaryOrPrivate (D:\Smmplan\node_modules\
@babel\parser\lib\index.js:10889:61)
    at Parser.parseExprOps (D:\Smmplan\node_modules\@babel\parse
r\lib\index.js:10894:23)
    at Parser.parseMaybeConditional (D:\Smmplan\node_modules\@ba
bel\parser\lib\index.js:10871:23)
    at Parser.parseMaybeAssign (D:\Smmplan\node_modules\@babel\p
arser\lib\index.js:10821:21)
    at D:\Smmplan\node_modules\@babel\parser\lib\index.js:10790:
39
    at Parser.allowInAnd (D:\Smmplan\node_modules\@babel\parser\
lib\index.js:12416:12)
    at Parser.parseMaybeAssignAllowIn (D:\Smmplan\node_modules\@
babel\parser\lib\index.js:10790:17)
    at Parser.parseMaybeAssignAllowInOrVoidPattern (D:\Smmplan\n
ode_modules\@babel\parser\lib\index.js:12483:17)
    at Parser.parseParenAndDistinguishExpression (D:\Smmplan\nod
e_modules\@babel\parser\lib\index.js:11665:28)
    at Parser.parseExprAtom (D:\Smmplan\node_modules\@babel\pars
er\lib\index.js:11321:23)
    at Parser.parseExprSubscripts (D:\Smmplan\node_modules\@babe
l\parser\lib\index.js:11071:23)
    at Parser.parseUpdate (D:\Smmplan\node_modules\@babel\parser
\lib\index.js:11056:21)
    at Parser.parseMaybeUnary (D:\Smmplan\node_modules\@babel\pa
rser\lib\index.js:11036:23)
    at Parser.parseMaybeUnaryOrPrivate (D:\Smmplan\node_modules\
@babel\parser\lib\index.js:10889:61)
    at Parser.parseExprOps (D:\Smmplan\node_modules\@babel\parse
r\lib\index.js:10894:23)
    at Parser.parseMaybeConditional (D:\Smmplan\node_modules\@ba
bel\parser\lib\index.js:10871:23)
    at Parser.parseMaybeAssign (D:\Smmplan\node_modules\@babel\p
arser\lib\index.js:10821:21)
    at Parser.parseExpressionBase (D:\Smmplan\node_modules\@babe
l\parser\lib\index.js:10774:23)
    at D:\Smmplan\node_modules\@babel\parser\lib\index.js:10770:
39
    at Parser.allowInAnd (D:\Smmplan\node_modules\@babel\parser\
lib\index.js:12411:16)
    at Parser.parseExpression (D:\Smmplan\node_modules\@babel\pa
rser\lib\index.js:10770:17)
    at Parser.parseReturnStatement (D:\Smmplan\node_modules\@bab
el\parser\lib\index.js:13132:28)
    at Parser.parseStatementContent (D:\Smmplan\node_modules\@ba
bel\parser\lib\index.js:12788:21)
    at Parser.parseStatementLike (D:\Smmplan\node_modules\@babel
\parser\lib\index.js:12757:17)
    at Parser.parseStatementListItem (D:\Smmplan\node_modules\@b
abel\parser\lib\index.js:12737:17)
    at Parser.parseBlockOrModuleBlockBody (D:\Smmplan\node_modul
es\@babel\parser\lib\index.js:13306:61)
    at Parser.parseBlockBody (D:\Smmplan\node_modules\@babel\par
ser\lib\index.js:13299:10)
    at Parser.parseBlock (D:\Smmplan\node_modules\@babel\parser\
lib\index.js:13287:10)
    at Parser.parseFunctionBody (D:\Smmplan\node_modules\@babel\
parser\lib\index.js:12090:24)
    at Parser.parseFunctionBodyAndFinish (D:\Smmplan\node_module
s\@babel\parser\lib\index.js:12076:10)
    at D:\Smmplan\node_modules\@babel\parser\lib\index.js:13435:
12
    at Parser.withSmartMixTopicForbiddingContext (D:\Smmplan\nod
e_modules\@babel\parser\lib\index.js:12393:14)
    at Parser.parseFunction (D:\Smmplan\node_modules\@babel\pars
er\lib\index.js:13434:10)
    at Parser.parseFunctionStatement (D:\Smmplan\node_modules\@b
abel\parser\lib\index.js:13115:17)
    at Parser.parseStatementContent (D:\Smmplan\node_modules\@ba
bel\parser\lib\index.js:12781:21)
    at Parser.parseStatementLike (D:\Smmplan\node_modules\@babel
\parser\lib\index.js:12757:17)
    at Parser.parseModuleItem (D:\Smmplan\node_modules\@babel\pa
rser\lib\index.js:12734:17)
    at Parser.parseBlockOrModuleBlockBody (D:\Smmplan\node_modul
es\@babel\parser\lib\index.js:13306:36)
    at Parser.parseBlockBody (D:\Smmplan\node_modules\@babel\par
ser\lib\index.js:13299:10)
    at Parser.parseProgram (D:\Smmplan\node_modules\@babel\parse
r\lib\index.js:12612:10)
    at Parser.parseTopLevel (D:\Smmplan\node_modules\@babel\pars
er\lib\index.js:12602:25)
    at Parser.parse (D:\Smmplan\node_modules\@babel\parser\lib\i
ndex.js:14478:25)
    at parse (D:\Smmplan\node_modules\@babel\parser\lib\index.js
:14512:38)
Failed to collect coverage from D:\Smmplan\src\components\admin\
core\sidebar.tsx
ERROR: D:\Smmplan\src\components\admin\core\sidebar.tsx: Support
 for the experimental syntax 'jsx' isn't currently enabled (80:1
3):

[0m [90m 78 |[39m         [32m'USER'[39m[33m:[39m [32m'╨
Я╨╛╨╗╤М╨╖╨╛╨▓╨░╤В╨╡╨╗╤М'[39m
 [90m 79 |[39m     }[33m;[39m
[31m[1m>[22m[39m[90m 80 |[39m     [36mreturn[39m ([33m<
[39m[33maside[39m className[33m=[39m[32m"w-64 h-screen bg-
slate-900 text-white flex flex-col fixed left-0 top-0 border-r b
order-slate-800 z-50"[39m[33m>[39m
 [90m    |[39m             [31m[1m^[22m[39m
 [90m 81 |[39m       [33m<[39m[33mdiv[39m className[33m=
[39m[32m"p-6 flex flex-col"[39m[33m>[39m
 [90m 82 |[39m         [33m<[39m[33mh1[39m className[33m=
[39m[32m"text-xl font-bold bg-gradient-to-r from-blue-400 to-i
ndigo-400 bg-clip-text text-transparent"[39m[33m>[39m
 [90m 83 |[39m           [33mSMMPlan[39m тАФ [33m╨Р╨┤╨╝╨╕╨╜
[39m[0m

Add @babel/preset-react (https://github.com/babel/babel/tree/mai
n/packages/babel-preset-react) to the 'presets' section of your 
Babel config to enable transformation.
If you want to leave it as-is, add @babel/plugin-syntax-jsx (htt
ps://github.com/babel/babel/tree/main/packages/babel-plugin-synt
ax-jsx) to the 'plugins' section to enable parsing.

If you already added the plugin for this syntax to your config, 
it's possible that your config isn't being loaded.
You can re-run Babel with the BABEL_SHOW_CONFIG_FOR environment 
variable to show the loaded configuration:
	npx cross-env BABEL_SHOW_CONFIG_FOR=D:\Smmplan\src\components\a
dmin\core\sidebar.tsx <your build command>
See https://babeljs.io/docs/configuration#print-effective-config
s for more info.

STACK: SyntaxError: D:\Smmplan\src\components\admin\core\sidebar
.tsx: Support for the experimental syntax 'jsx' isn't currently 
enabled (80:13):

[0m [90m 78 |[39m         [32m'USER'[39m[33m:[39m [32m'╨
Я╨╛╨╗╤М╨╖╨╛╨▓╨░╤В╨╡╨╗╤М'[39m
 [90m 79 |[39m     }[33m;[39m
[31m[1m>[22m[39m[90m 80 |[39m     [36mreturn[39m ([33m<
[39m[33maside[39m className[33m=[39m[32m"w-64 h-screen bg-
slate-900 text-white flex flex-col fixed left-0 top-0 border-r b
order-slate-800 z-50"[39m[33m>[39m
 [90m    |[39m             [31m[1m^[22m[39m
 [90m 81 |[39m       [33m<[39m[33mdiv[39m className[33m=
[39m[32m"p-6 flex flex-col"[39m[33m>[39m
 [90m 82 |[39m         [33m<[39m[33mh1[39m className[33m=
[39m[32m"text-xl font-bold bg-gradient-to-r from-blue-400 to-i
ndigo-400 bg-clip-text text-transparent"[39m[33m>[39m
 [90m 83 |[39m           [33mSMMPlan[39m тАФ [33m╨Р╨┤╨╝╨╕╨╜
[39m[0m

Add @babel/preset-react (https://github.com/babel/babel/tree/mai
n/packages/babel-preset-react) to the 'presets' section of your 
Babel config to enable transformation.
If you want to leave it as-is, add @babel/plugin-syntax-jsx (htt
ps://github.com/babel/babel/tree/main/packages/babel-plugin-synt
ax-jsx) to the 'plugins' section to enable parsing.

If you already added the plugin for this syntax to your config, 
it's possible that your config isn't being loaded.
You can re-run Babel with the BABEL_SHOW_CONFIG_FOR environment 
variable to show the loaded configuration:
	npx cross-env BABEL_SHOW_CONFIG_FOR=D:\Smmplan\src\components\a
dmin\core\sidebar.tsx <your build command>
See https://babeljs.io/docs/configuration#print-effective-config
s for more info.

    at constructor (D:\Smmplan\node_modules\@babel\parser\lib\in
dex.js:365:19)
    at Parser.raise (D:\Smmplan\node_modules\@babel\parser\lib\i
ndex.js:6599:19)
    at Parser.expectOnePlugin (D:\Smmplan\node_modules\@babel\pa
rser\lib\index.js:6633:18)
    at Parser.parseExprAtom (D:\Smmplan\node_modules\@babel\pars
er\lib\index.js:11388:24)
    at Parser.parseExprSubscripts (D:\Smmplan\node_modules\@babe
l\parser\lib\index.js:11071:23)
    at Parser.parseUpdate (D:\Smmplan\node_modules\@babel\parser
\lib\index.js:11056:21)
    at Parser.parseMaybeUnary (D:\Smmplan\node_modules\@babel\pa
rser\lib\index.js:11036:23)
    at Parser.parseMaybeUnaryOrPrivate (D:\Smmplan\node_modules\
@babel\parser\lib\index.js:10889:61)
    at Parser.parseExprOps (D:\Smmplan\node_modules\@babel\parse
r\lib\index.js:10894:23)
    at Parser.parseMaybeConditional (D:\Smmplan\node_modules\@ba
bel\parser\lib\index.js:10871:23)
    at Parser.parseMaybeAssign (D:\Smmplan\node_modules\@babel\p
arser\lib\index.js:10821:21)
    at D:\Smmplan\node_modules\@babel\parser\lib\index.js:10790:
39
    at Parser.allowInAnd (D:\Smmplan\node_modules\@babel\parser\
lib\index.js:12416:12)
    at Parser.parseMaybeAssignAllowIn (D:\Smmplan\node_modules\@
babel\parser\lib\index.js:10790:17)
    at Parser.parseMaybeAssignAllowInOrVoidPattern (D:\Smmplan\n
ode_modules\@babel\parser\lib\index.js:12483:17)
    at Parser.parseParenAndDistinguishExpression (D:\Smmplan\nod
e_modules\@babel\parser\lib\index.js:11665:28)
    at Parser.parseExprAtom (D:\Smmplan\node_modules\@babel\pars
er\lib\index.js:11321:23)
    at Parser.parseExprSubscripts (D:\Smmplan\node_modules\@babe
l\parser\lib\index.js:11071:23)
    at Parser.parseUpdate (D:\Smmplan\node_modules\@babel\parser
\lib\index.js:11056:21)
    at Parser.parseMaybeUnary (D:\Smmplan\node_modules\@babel\pa
rser\lib\index.js:11036:23)
    at Parser.parseMaybeUnaryOrPrivate (D:\Smmplan\node_modules\
@babel\parser\lib\index.js:10889:61)
    at Parser.parseExprOps (D:\Smmplan\node_modules\@babel\parse
r\lib\index.js:10894:23)
    at Parser.parseMaybeConditional (D:\Smmplan\node_modules\@ba
bel\parser\lib\index.js:10871:23)
    at Parser.parseMaybeAssign (D:\Smmplan\node_modules\@babel\p
arser\lib\index.js:10821:21)
    at Parser.parseExpressionBase (D:\Smmplan\node_modules\@babe
l\parser\lib\index.js:10774:23)
    at D:\Smmplan\node_modules\@babel\parser\lib\index.js:10770:
39
    at Parser.allowInAnd (D:\Smmplan\node_modules\@babel\parser\
lib\index.js:12411:16)
    at Parser.parseExpression (D:\Smmplan\node_modules\@babel\pa
rser\lib\index.js:10770:17)
    at Parser.parseReturnStatement (D:\Smmplan\node_modules\@bab
el\parser\lib\index.js:13132:28)
    at Parser.parseStatementContent (D:\Smmplan\node_modules\@ba
bel\parser\lib\index.js:12788:21)
    at Parser.parseStatementLike (D:\Smmplan\node_modules\@babel
\parser\lib\index.js:12757:17)
    at Parser.parseStatementListItem (D:\Smmplan\node_modules\@b
abel\parser\lib\index.js:12737:17)
    at Parser.parseBlockOrModuleBlockBody (D:\Smmplan\node_modul
es\@babel\parser\lib\index.js:13306:61)
    at Parser.parseBlockBody (D:\Smmplan\node_modules\@babel\par
ser\lib\index.js:13299:10)
    at Parser.parseBlock (D:\Smmplan\node_modules\@babel\parser\
lib\index.js:13287:10)
    at Parser.parseFunctionBody (D:\Smmplan\node_modules\@babel\
parser\lib\index.js:12090:24)
    at Parser.parseFunctionBodyAndFinish (D:\Smmplan\node_module
s\@babel\parser\lib\index.js:12076:10)
    at D:\Smmplan\node_modules\@babel\parser\lib\index.js:13435:
12
    at Parser.withSmartMixTopicForbiddingContext (D:\Smmplan\nod
e_modules\@babel\parser\lib\index.js:12393:14)
    at Parser.parseFunction (D:\Smmplan\node_modules\@babel\pars
er\lib\index.js:13434:10)
    at Parser.parseFunctionStatement (D:\Smmplan\node_modules\@b
abel\parser\lib\index.js:13115:17)
    at Parser.parseStatementContent (D:\Smmplan\node_modules\@ba
bel\parser\lib\index.js:12880:25)
    at Parser.parseStatementLike (D:\Smmplan\node_modules\@babel
\parser\lib\index.js:12757:17)
    at Parser.parseModuleItem (D:\Smmplan\node_modules\@babel\pa
rser\lib\index.js:12734:17)
    at Parser.parseBlockOrModuleBlockBody (D:\Smmplan\node_modul
es\@babel\parser\lib\index.js:13306:36)
    at Parser.parseBlockBody (D:\Smmplan\node_modules\@babel\par
ser\lib\index.js:13299:10)
    at Parser.parseProgram (D:\Smmplan\node_modules\@babel\parse
r\lib\index.js:12612:10)
    at Parser.parseTopLevel (D:\Smmplan\node_modules\@babel\pars
er\lib\index.js:12602:25)
    at Parser.parse (D:\Smmplan\node_modules\@babel\parser\lib\i
ndex.js:14478:25)
    at parse (D:\Smmplan\node_modules\@babel\parser\lib\index.js
:14512:38)
Failed to collect coverage from D:\Smmplan\src\components\admin\
orders\export-csv-button.tsx
ERROR: D:\Smmplan\src\components\admin\orders\export-csv-button.
tsx: Support for the experimental syntax 'jsx' isn't currently e
nabled (65:13):

[0m [90m 63 |[39m         }
 [90m 64 |[39m     }[33m;[39m
[31m[1m>[22m[39m[90m 65 |[39m     [36mreturn[39m ([33m<
[39m[33mbutton[39m onClick[33m=[39m{handleExport} disabled
[33m=[39m{isExporting} className[33m=[39m[32m"flex items-cen
ter gap-2 px-4 py-2 bg-emerald-600 text-white rounded-xl text-[1
0px] font-black uppercase tracking-widest hover:bg-emerald-700 t
ransition-all shadow-lg shadow-emerald-900/20 disabled:opacity-5
0"[39m[33m>[39m
 [90m    |[39m             [31m[1m^[22m[39m
 [90m 66 |[39m       {isExporting [33m?[39m [33m<[39m[33m
lucide_react_1[39m[33m.[39m[33mLoader2[39m size[33m=[39m{
[35m14[39m} className[33m=[39m[32m"animate-spin"[39m[35m/
> : <lucide_react_1.FileDown size={14}/[39m[33m>[39m}
 [90m 67 |[39m       [33m╨н╨║╤Б╨┐╨╛╤А╤В[39m [33mCSV[39m
 [90m 68 |[39m     [33m<[39m[33m/[39m[33mbutton[39m[33m
>[39m)[33m;[39m[0m

Add @babel/preset-react (https://github.com/babel/babel/tree/mai
n/packages/babel-preset-react) to the 'presets' section of your 
Babel config to enable transformation.
If you want to leave it as-is, add @babel/plugin-syntax-jsx (htt
ps://github.com/babel/babel/tree/main/packages/babel-plugin-synt
ax-jsx) to the 'plugins' section to enable parsing.

If you already added the plugin for this syntax to your config, 
it's possible that your config isn't being loaded.
You can re-run Babel with the BABEL_SHOW_CONFIG_FOR environment 
variable to show the loaded configuration:
	npx cross-env BABEL_SHOW_CONFIG_FOR=D:\Smmplan\src\components\a
dmin\orders\export-csv-button.tsx <your build command>
See https://babeljs.io/docs/configuration#print-effective-config
s for more info.

STACK: SyntaxError: D:\Smmplan\src\components\admin\orders\expor
t-csv-button.tsx: Support for the experimental syntax 'jsx' isn'
t currently enabled (65:13):

[0m [90m 63 |[39m         }
 [90m 64 |[39m     }[33m;[39m
[31m[1m>[22m[39m[90m 65 |[39m     [36mreturn[39m ([33m<
[39m[33mbutton[39m onClick[33m=[39m{handleExport} disabled
[33m=[39m{isExporting} className[33m=[39m[32m"flex items-cen
ter gap-2 px-4 py-2 bg-emerald-600 text-white rounded-xl text-[1
0px] font-black uppercase tracking-widest hover:bg-emerald-700 t
ransition-all shadow-lg shadow-emerald-900/20 disabled:opacity-5
0"[39m[33m>[39m
 [90m    |[39m             [31m[1m^[22m[39m
 [90m 66 |[39m       {isExporting [33m?[39m [33m<[39m[33m
lucide_react_1[39m[33m.[39m[33mLoader2[39m size[33m=[39m{
[35m14[39m} className[33m=[39m[32m"animate-spin"[39m[35m/
> : <lucide_react_1.FileDown size={14}/[39m[33m>[39m}
 [90m 67 |[39m       [33m╨н╨║╤Б╨┐╨╛╤А╤В[39m [33mCSV[39m
 [90m 68 |[39m     [33m<[39m[33m/[39m[33mbutton[39m[33m
>[39m)[33m;[39m[0m

Add @babel/preset-react (https://github.com/babel/babel/tree/mai
n/packages/babel-preset-react) to the 'presets' section of your 
Babel config to enable transformation.
If you want to leave it as-is, add @babel/plugin-syntax-jsx (htt
ps://github.com/babel/babel/tree/main/packages/babel-plugin-synt
ax-jsx) to the 'plugins' section to enable parsing.

If you already added the plugin for this syntax to your config, 
it's possible that your config isn't being loaded.
You can re-run Babel with the BABEL_SHOW_CONFIG_FOR environment 
variable to show the loaded configuration:
	npx cross-env BABEL_SHOW_CONFIG_FOR=D:\Smmplan\src\components\a
dmin\orders\export-csv-button.tsx <your build command>
See https://babeljs.io/docs/configuration#print-effective-config
s for more info.

    at constructor (D:\Smmplan\node_modules\@babel\parser\lib\in
dex.js:365:19)
    at Parser.raise (D:\Smmplan\node_modules\@babel\parser\lib\i
ndex.js:6599:19)
    at Parser.expectOnePlugin (D:\Smmplan\node_modules\@babel\pa
rser\lib\index.js:6633:18)
    at Parser.parseExprAtom (D:\Smmplan\node_modules\@babel\pars
er\lib\index.js:11388:24)
    at Parser.parseExprSubscripts (D:\Smmplan\node_modules\@babe
l\parser\lib\index.js:11071:23)
    at Parser.parseUpdate (D:\Smmplan\node_modules\@babel\parser
\lib\index.js:11056:21)
    at Parser.parseMaybeUnary (D:\Smmplan\node_modules\@babel\pa
rser\lib\index.js:11036:23)
    at Parser.parseMaybeUnaryOrPrivate (D:\Smmplan\node_modules\
@babel\parser\lib\index.js:10889:61)
    at Parser.parseExprOps (D:\Smmplan\node_modules\@babel\parse
r\lib\index.js:10894:23)
    at Parser.parseMaybeConditional (D:\Smmplan\node_modules\@ba
bel\parser\lib\index.js:10871:23)
    at Parser.parseMaybeAssign (D:\Smmplan\node_modules\@babel\p
arser\lib\index.js:10821:21)
    at D:\Smmplan\node_modules\@babel\parser\lib\index.js:10790:
39
    at Parser.allowInAnd (D:\Smmplan\node_modules\@babel\parser\
lib\index.js:12416:12)
    at Parser.parseMaybeAssignAllowIn (D:\Smmplan\node_modules\@
babel\parser\lib\index.js:10790:17)
    at Parser.parseMaybeAssignAllowInOrVoidPattern (D:\Smmplan\n
ode_modules\@babel\parser\lib\index.js:12483:17)
    at Parser.parseParenAndDistinguishExpression (D:\Smmplan\nod
e_modules\@babel\parser\lib\index.js:11665:28)
    at Parser.parseExprAtom (D:\Smmplan\node_modules\@babel\pars
er\lib\index.js:11321:23)
    at Parser.parseExprSubscripts (D:\Smmplan\node_modules\@babe
l\parser\lib\index.js:11071:23)
    at Parser.parseUpdate (D:\Smmplan\node_modules\@babel\parser
\lib\index.js:11056:21)
    at Parser.parseMaybeUnary (D:\Smmplan\node_modules\@babel\pa
rser\lib\index.js:11036:23)
    at Parser.parseMaybeUnaryOrPrivate (D:\Smmplan\node_modules\
@babel\parser\lib\index.js:10889:61)
    at Parser.parseExprOps (D:\Smmplan\node_modules\@babel\parse
r\lib\index.js:10894:23)
    at Parser.parseMaybeConditional (D:\Smmplan\node_modules\@ba
bel\parser\lib\index.js:10871:23)
    at Parser.parseMaybeAssign (D:\Smmplan\node_modules\@babel\p
arser\lib\index.js:10821:21)
    at Parser.parseExpressionBase (D:\Smmplan\node_modules\@babe
l\parser\lib\index.js:10774:23)
    at D:\Smmplan\node_modules\@babel\parser\lib\index.js:10770:
39
    at Parser.allowInAnd (D:\Smmplan\node_modules\@babel\parser\
lib\index.js:12411:16)
    at Parser.parseExpression (D:\Smmplan\node_modules\@babel\pa
rser\lib\index.js:10770:17)
    at Parser.parseReturnStatement (D:\Smmplan\node_modules\@bab
el\parser\lib\index.js:13132:28)
    at Parser.parseStatementContent (D:\Smmplan\node_modules\@ba
bel\parser\lib\index.js:12788:21)
    at Parser.parseStatementLike (D:\Smmplan\node_modules\@babel
\parser\lib\index.js:12757:17)
    at Parser.parseStatementListItem (D:\Smmplan\node_modules\@b
abel\parser\lib\index.js:12737:17)
    at Parser.parseBlockOrModuleBlockBody (D:\Smmplan\node_modul
es\@babel\parser\lib\index.js:13306:61)
    at Parser.parseBlockBody (D:\Smmplan\node_modules\@babel\par
ser\lib\index.js:13299:10)
    at Parser.parseBlock (D:\Smmplan\node_modules\@babel\parser\
lib\index.js:13287:10)
    at Parser.parseFunctionBody (D:\Smmplan\node_modules\@babel\
parser\lib\index.js:12090:24)
    at Parser.parseFunctionBodyAndFinish (D:\Smmplan\node_module
s\@babel\parser\lib\index.js:12076:10)
    at D:\Smmplan\node_modules\@babel\parser\lib\index.js:13435:
12
    at Parser.withSmartMixTopicForbiddingContext (D:\Smmplan\nod
e_modules\@babel\parser\lib\index.js:12393:14)
    at Parser.parseFunction (D:\Smmplan\node_modules\@babel\pars
er\lib\index.js:13434:10)
    at Parser.parseFunctionStatement (D:\Smmplan\node_modules\@b
abel\parser\lib\index.js:13115:17)
    at Parser.parseStatementContent (D:\Smmplan\node_modules\@ba
bel\parser\lib\index.js:12781:21)
    at Parser.parseStatementLike (D:\Smmplan\node_modules\@babel
\parser\lib\index.js:12757:17)
    at Parser.parseModuleItem (D:\Smmplan\node_modules\@babel\pa
rser\lib\index.js:12734:17)
    at Parser.parseBlockOrModuleBlockBody (D:\Smmplan\node_modul
es\@babel\parser\lib\index.js:13306:36)
    at Parser.parseBlockBody (D:\Smmplan\node_modules\@babel\par
ser\lib\index.js:13299:10)
    at Parser.parseProgram (D:\Smmplan\node_modules\@babel\parse
r\lib\index.js:12612:10)
    at Parser.parseTopLevel (D:\Smmplan\node_modules\@babel\pars
er\lib\index.js:12602:25)
    at Parser.parse (D:\Smmplan\node_modules\@babel\parser\lib\i
ndex.js:14478:25)
    at parse (D:\Smmplan\node_modules\@babel\parser\lib\index.js
:14512:38)
Failed to collect coverage from D:\Smmplan\src\components\admin\
orders\order-actions.tsx
ERROR: D:\Smmplan\src\components\admin\orders\order-actions.tsx:
 Support for the experimental syntax 'jsx' isn't currently enabl
ed (71:13):

[0m [90m 69 |[39m     }[33m;[39m
 [90m 70 |[39m     [36mconst[39m canRefund [33m=[39m statu
s [33m!==[39m [32m'CANCELED'[39m [33m&&[39m status [33m!=
=[39m [32m'COMPLETED'[39m[33m;[39m
[31m[1m>[22m[39m[90m 71 |[39m     [36mreturn[39m ([33m<
[39m[33mdiv[39m className[33m=[39m[32m"flex gap-2"[39m[3
3m>[39m
 [90m    |[39m             [31m[1m^[22m[39m
 [90m 72 |[39m       [33m<[39m[33mbutton[39m onClick[33m=
[39m{handleSync} disabled[33m=[39m{isSyncing} className[33m=
[39m[32m"flex items-center gap-2 px-4 py-2 bg-white border bor
der-slate-200 rounded-lg text-sm font-semibold text-slate-700 ho
ver:bg-slate-50 disabled:opacity-50 transition-all shadow-sm"[3
9m[33m>[39m
 [90m 73 |[39m         [33m<[39m[33mlucide_react_1[39m[33
m.[39m[33mRefreshCw[39m size[33m=[39m{[35m16[39m} classNa
me[33m=[39m{isSyncing [33m?[39m [32m'animate-spin'[39m [3
3m:[39m [32m''[39m}[33m/[39m[33m>[39m
 [90m 74 |[39m         {isSyncing [33m?[39m [32m'╨б╨╕╨╜╤Е╤А
╨╛╨╜╨╕╨╖╨░╤Ж╨╕╤П...'[39m [33m:[39m [32m'╨Ю╨▒╨╜╨╛╨▓╨╕╤В╤М ╤Б╤
В╨░╤В╤Г╤Б'[39m}[0m

Add @babel/preset-react (https://github.com/babel/babel/tree/mai
n/packages/babel-preset-react) to the 'presets' section of your 
Babel config to enable transformation.
If you want to leave it as-is, add @babel/plugin-syntax-jsx (htt
ps://github.com/babel/babel/tree/main/packages/babel-plugin-synt
ax-jsx) to the 'plugins' section to enable parsing.

If you already added the plugin for this syntax to your config, 
it's possible that your config isn't being loaded.
You can re-run Babel with the BABEL_SHOW_CONFIG_FOR environment 
variable to show the loaded configuration:
	npx cross-env BABEL_SHOW_CONFIG_FOR=D:\Smmplan\src\components\a
dmin\orders\order-actions.tsx <your build command>
See https://babeljs.io/docs/configuration#print-effective-config
s for more info.

STACK: SyntaxError: D:\Smmplan\src\components\admin\orders\order
-actions.tsx: Support for the experimental syntax 'jsx' isn't cu
rrently enabled (71:13):

[0m [90m 69 |[39m     }[33m;[39m
 [90m 70 |[39m     [36mconst[39m canRefund [33m=[39m statu
s [33m!==[39m [32m'CANCELED'[39m [33m&&[39m status [33m!=
=[39m [32m'COMPLETED'[39m[33m;[39m
[31m[1m>[22m[39m[90m 71 |[39m     [36mreturn[39m ([33m<
[39m[33mdiv[39m className[33m=[39m[32m"flex gap-2"[39m[3
3m>[39m
 [90m    |[39m             [31m[1m^[22m[39m
 [90m 72 |[39m       [33m<[39m[33mbutton[39m onClick[33m=
[39m{handleSync} disabled[33m=[39m{isSyncing} className[33m=
[39m[32m"flex items-center gap-2 px-4 py-2 bg-white border bor
der-slate-200 rounded-lg text-sm font-semibold text-slate-700 ho
ver:bg-slate-50 disabled:opacity-50 transition-all shadow-sm"[3
9m[33m>[39m
 [90m 73 |[39m         [33m<[39m[33mlucide_react_1[39m[33
m.[39m[33mRefreshCw[39m size[33m=[39m{[35m16[39m} classNa
me[33m=[39m{isSyncing [33m?[39m [32m'animate-spin'[39m [3
3m:[39m [32m''[39m}[33m/[39m[33m>[39m
 [90m 74 |[39m         {isSyncing [33m?[39m [32m'╨б╨╕╨╜╤Е╤А
╨╛╨╜╨╕╨╖╨░╤Ж╨╕╤П...'[39m [33m:[39m [32m'╨Ю╨▒╨╜╨╛╨▓╨╕╤В╤М ╤Б╤
В╨░╤В╤Г╤Б'[39m}[0m

Add @babel/preset-react (https://github.com/babel/babel/tree/mai
n/packages/babel-preset-react) to the 'presets' section of your 
Babel config to enable transformation.
If you want to leave it as-is, add @babel/plugin-syntax-jsx (htt
ps://github.com/babel/babel/tree/main/packages/babel-plugin-synt
ax-jsx) to the 'plugins' section to enable parsing.

If you already added the plugin for this syntax to your config, 
it's possible that your config isn't being loaded.
You can re-run Babel with the BABEL_SHOW_CONFIG_FOR environment 
variable to show the loaded configuration:
	npx cross-env BABEL_SHOW_CONFIG_FOR=D:\Smmplan\src\components\a
dmin\orders\order-actions.tsx <your build command>
See https://babeljs.io/docs/configuration#print-effective-config
s for more info.

    at constructor (D:\Smmplan\node_modules\@babel\parser\lib\in
dex.js:365:19)
    at Parser.raise (D:\Smmplan\node_modules\@babel\parser\lib\i
ndex.js:6599:19)
    at Parser.expectOnePlugin (D:\Smmplan\node_modules\@babel\pa
rser\lib\index.js:6633:18)
    at Parser.parseExprAtom (D:\Smmplan\node_modules\@babel\pars
er\lib\index.js:11388:24)
    at Parser.parseExprSubscripts (D:\Smmplan\node_modules\@babe
l\parser\lib\index.js:11071:23)
    at Parser.parseUpdate (D:\Smmplan\node_modules\@babel\parser
\lib\index.js:11056:21)
    at Parser.parseMaybeUnary (D:\Smmplan\node_modules\@babel\pa
rser\lib\index.js:11036:23)
    at Parser.parseMaybeUnaryOrPrivate (D:\Smmplan\node_modules\
@babel\parser\lib\index.js:10889:61)
    at Parser.parseExprOps (D:\Smmplan\node_modules\@babel\parse
r\lib\index.js:10894:23)
    at Parser.parseMaybeConditional (D:\Smmplan\node_modules\@ba
bel\parser\lib\index.js:10871:23)
    at Parser.parseMaybeAssign (D:\Smmplan\node_modules\@babel\p
arser\lib\index.js:10821:21)
    at D:\Smmplan\node_modules\@babel\parser\lib\index.js:10790:
39
    at Parser.allowInAnd (D:\Smmplan\node_modules\@babel\parser\
lib\index.js:12416:12)
    at Parser.parseMaybeAssignAllowIn (D:\Smmplan\node_modules\@
babel\parser\lib\index.js:10790:17)
    at Parser.parseMaybeAssignAllowInOrVoidPattern (D:\Smmplan\n
ode_modules\@babel\parser\lib\index.js:12483:17)
    at Parser.parseParenAndDistinguishExpression (D:\Smmplan\nod
e_modules\@babel\parser\lib\index.js:11665:28)
    at Parser.parseExprAtom (D:\Smmplan\node_modules\@babel\pars
er\lib\index.js:11321:23)
    at Parser.parseExprSubscripts (D:\Smmplan\node_modules\@babe
l\parser\lib\index.js:11071:23)
    at Parser.parseUpdate (D:\Smmplan\node_modules\@babel\parser
\lib\index.js:11056:21)
    at Parser.parseMaybeUnary (D:\Smmplan\node_modules\@babel\pa
rser\lib\index.js:11036:23)
    at Parser.parseMaybeUnaryOrPrivate (D:\Smmplan\node_modules\
@babel\parser\lib\index.js:10889:61)
    at Parser.parseExprOps (D:\Smmplan\node_modules\@babel\parse
r\lib\index.js:10894:23)
    at Parser.parseMaybeConditional (D:\Smmplan\node_modules\@ba
bel\parser\lib\index.js:10871:23)
    at Parser.parseMaybeAssign (D:\Smmplan\node_modules\@babel\p
arser\lib\index.js:10821:21)
    at Parser.parseExpressionBase (D:\Smmplan\node_modules\@babe
l\parser\lib\index.js:10774:23)
    at D:\Smmplan\node_modules\@babel\parser\lib\index.js:10770:
39
    at Parser.allowInAnd (D:\Smmplan\node_modules\@babel\parser\
lib\index.js:12411:16)
    at Parser.parseExpression (D:\Smmplan\node_modules\@babel\pa
rser\lib\index.js:10770:17)
    at Parser.parseReturnStatement (D:\Smmplan\node_modules\@bab
el\parser\lib\index.js:13132:28)
    at Parser.parseStatementContent (D:\Smmplan\node_modules\@ba
bel\parser\lib\index.js:12788:21)
    at Parser.parseStatementLike (D:\Smmplan\node_modules\@babel
\parser\lib\index.js:12757:17)
    at Parser.parseStatementListItem (D:\Smmplan\node_modules\@b
abel\parser\lib\index.js:12737:17)
    at Parser.parseBlockOrModuleBlockBody (D:\Smmplan\node_modul
es\@babel\parser\lib\index.js:13306:61)
    at Parser.parseBlockBody (D:\Smmplan\node_modules\@babel\par
ser\lib\index.js:13299:10)
    at Parser.parseBlock (D:\Smmplan\node_modules\@babel\parser\
lib\index.js:13287:10)
    at Parser.parseFunctionBody (D:\Smmplan\node_modules\@babel\
parser\lib\index.js:12090:24)
    at Parser.parseFunctionBodyAndFinish (D:\Smmplan\node_module
s\@babel\parser\lib\index.js:12076:10)
    at D:\Smmplan\node_modules\@babel\parser\lib\index.js:13435:
12
    at Parser.withSmartMixTopicForbiddingContext (D:\Smmplan\nod
e_modules\@babel\parser\lib\index.js:12393:14)
    at Parser.parseFunction (D:\Smmplan\node_modules\@babel\pars
er\lib\index.js:13434:10)
    at Parser.parseFunctionStatement (D:\Smmplan\node_modules\@b
abel\parser\lib\index.js:13115:17)
    at Parser.parseStatementContent (D:\Smmplan\node_modules\@ba
bel\parser\lib\index.js:12781:21)
    at Parser.parseStatementLike (D:\Smmplan\node_modules\@babel
\parser\lib\index.js:12757:17)
    at Parser.parseModuleItem (D:\Smmplan\node_modules\@babel\pa
rser\lib\index.js:12734:17)
    at Parser.parseBlockOrModuleBlockBody (D:\Smmplan\node_modul
es\@babel\parser\lib\index.js:13306:36)
    at Parser.parseBlockBody (D:\Smmplan\node_modules\@babel\par
ser\lib\index.js:13299:10)
    at Parser.parseProgram (D:\Smmplan\node_modules\@babel\parse
r\lib\index.js:12612:10)
    at Parser.parseTopLevel (D:\Smmplan\node_modules\@babel\pars
er\lib\index.js:12602:25)
    at Parser.parse (D:\Smmplan\node_modules\@babel\parser\lib\i
ndex.js:14478:25)
    at parse (D:\Smmplan\node_modules\@babel\parser\lib\index.js
:14512:38)
Failed to collect coverage from D:\Smmplan\src\components\admin\
core\staff-access-editor.tsx
ERROR: D:\Smmplan\src\components\admin\core\staff-access-editor.
tsx: Support for the experimental syntax 'jsx' isn't currently e
nabled (93:13):

[0m [90m 91 |[39m         }
 [90m 92 |[39m     }[33m;[39m
[31m[1m>[22m[39m[90m 93 |[39m     [36mreturn[39m ([33m<
[39m[33mdiv[39m className[33m=[39m[32m"relative"[39m[33m
>[39m
 [90m    |[39m             [31m[1m^[22m[39m
 [90m 94 |[39m       [33m<[39m[33mbutton[39m onClick[33m=
[39m{() [33m=>[39m setIsOpen([33m![39misOpen)} className[3
3m=[39m[32m"flex items-center gap-2 px-3 py-1.5 bg-slate-50 bo
rder border-slate-200 rounded-lg text-[10px] font-black uppercas
e hover:bg-white transition-all shadow-sm"[39m[33m>[39m
 [90m 95 |[39m         [33m<[39m[33mlucide_react_1[39m[33
m.[39m[33mShield[39m size[33m=[39m{[35m12[39m} className
[33m=[39m{global [33m?[39m [32m'text-blue-500'[39m [33m:[
39m [32m'text-slate-400'[39m}[33m/[39m[33m>[39m
 [90m 96 |[39m         {global [33m?[39m [32m'╨Т╨╡╤Б╤М ╨┤╨╛
╤Б╤В╤Г╨┐'[39m [33m:[39m [32m`${selectedIds.length} ╨┐╤А. / $
{selectedTabs.length} ╨▓╨║╨╗.`[39m}[0m

Add @babel/preset-react (https://github.com/babel/babel/tree/mai
n/packages/babel-preset-react) to the 'presets' section of your 
Babel config to enable transformation.
If you want to leave it as-is, add @babel/plugin-syntax-jsx (htt
ps://github.com/babel/babel/tree/main/packages/babel-plugin-synt
ax-jsx) to the 'plugins' section to enable parsing.

If you already added the plugin for this syntax to your config, 
it's possible that your config isn't being loaded.
You can re-run Babel with the BABEL_SHOW_CONFIG_FOR environment 
variable to show the loaded configuration:
	npx cross-env BABEL_SHOW_CONFIG_FOR=D:\Smmplan\src\components\a
dmin\core\staff-access-editor.tsx <your build command>
See https://babeljs.io/docs/configuration#print-effective-config
s for more info.

STACK: SyntaxError: D:\Smmplan\src\components\admin\core\staff-a
ccess-editor.tsx: Support for the experimental syntax 'jsx' isn'
t currently enabled (93:13):

[0m [90m 91 |[39m         }
 [90m 92 |[39m     }[33m;[39m
[31m[1m>[22m[39m[90m 93 |[39m     [36mreturn[39m ([33m<
[39m[33mdiv[39m className[33m=[39m[32m"relative"[39m[33m
>[39m
 [90m    |[39m             [31m[1m^[22m[39m
 [90m 94 |[39m       [33m<[39m[33mbutton[39m onClick[33m=
[39m{() [33m=>[39m setIsOpen([33m![39misOpen)} className[3
3m=[39m[32m"flex items-center gap-2 px-3 py-1.5 bg-slate-50 bo
rder border-slate-200 rounded-lg text-[10px] font-black uppercas
e hover:bg-white transition-all shadow-sm"[39m[33m>[39m
 [90m 95 |[39m         [33m<[39m[33mlucide_react_1[39m[33
m.[39m[33mShield[39m size[33m=[39m{[35m12[39m} className
[33m=[39m{global [33m?[39m [32m'text-blue-500'[39m [33m:[
39m [32m'text-slate-400'[39m}[33m/[39m[33m>[39m
 [90m 96 |[39m         {global [33m?[39m [32m'╨Т╨╡╤Б╤М ╨┤╨╛
╤Б╤В╤Г╨┐'[39m [33m:[39m [32m`${selectedIds.length} ╨┐╤А. / $
{selectedTabs.length} ╨▓╨║╨╗.`[39m}[0m

Add @babel/preset-react (https://github.com/babel/babel/tree/mai
n/packages/babel-preset-react) to the 'presets' section of your 
Babel config to enable transformation.
If you want to leave it as-is, add @babel/plugin-syntax-jsx (htt
ps://github.com/babel/babel/tree/main/packages/babel-plugin-synt
ax-jsx) to the 'plugins' section to enable parsing.

If you already added the plugin for this syntax to your config, 
it's possible that your config isn't being loaded.
You can re-run Babel with the BABEL_SHOW_CONFIG_FOR environment 
variable to show the loaded configuration:
	npx cross-env BABEL_SHOW_CONFIG_FOR=D:\Smmplan\src\components\a
dmin\core\staff-access-editor.tsx <your build command>
See https://babeljs.io/docs/configuration#print-effective-config
s for more info.

    at constructor (D:\Smmplan\node_modules\@babel\parser\lib\in
dex.js:365:19)
    at Parser.raise (D:\Smmplan\node_modules\@babel\parser\lib\i
ndex.js:6599:19)
    at Parser.expectOnePlugin (D:\Smmplan\node_modules\@babel\pa
rser\lib\index.js:6633:18)
    at Parser.parseExprAtom (D:\Smmplan\node_modules\@babel\pars
er\lib\index.js:11388:24)
    at Parser.parseExprSubscripts (D:\Smmplan\node_modules\@babe
l\parser\lib\index.js:11071:23)
    at Parser.parseUpdate (D:\Smmplan\node_modules\@babel\parser
\lib\index.js:11056:21)
    at Parser.parseMaybeUnary (D:\Smmplan\node_modules\@babel\pa
rser\lib\index.js:11036:23)
    at Parser.parseMaybeUnaryOrPrivate (D:\Smmplan\node_modules\
@babel\parser\lib\index.js:10889:61)
    at Parser.parseExprOps (D:\Smmplan\node_modules\@babel\parse
r\lib\index.js:10894:23)
    at Parser.parseMaybeConditional (D:\Smmplan\node_modules\@ba
bel\parser\lib\index.js:10871:23)
    at Parser.parseMaybeAssign (D:\Smmplan\node_modules\@babel\p
arser\lib\index.js:10821:21)
    at D:\Smmplan\node_modules\@babel\parser\lib\index.js:10790:
39
    at Parser.allowInAnd (D:\Smmplan\node_modules\@babel\parser\
lib\index.js:12416:12)
    at Parser.parseMaybeAssignAllowIn (D:\Smmplan\node_modules\@
babel\parser\lib\index.js:10790:17)
    at Parser.parseMaybeAssignAllowInOrVoidPattern (D:\Smmplan\n
ode_modules\@babel\parser\lib\index.js:12483:17)
    at Parser.parseParenAndDistinguishExpression (D:\Smmplan\nod
e_modules\@babel\parser\lib\index.js:11665:28)
    at Parser.parseExprAtom (D:\Smmplan\node_modules\@babel\pars
er\lib\index.js:11321:23)
    at Parser.parseExprSubscripts (D:\Smmplan\node_modules\@babe
l\parser\lib\index.js:11071:23)
    at Parser.parseUpdate (D:\Smmplan\node_modules\@babel\parser
\lib\index.js:11056:21)
    at Parser.parseMaybeUnary (D:\Smmplan\node_modules\@babel\pa
rser\lib\index.js:11036:23)
    at Parser.parseMaybeUnaryOrPrivate (D:\Smmplan\node_modules\
@babel\parser\lib\index.js:10889:61)
    at Parser.parseExprOps (D:\Smmplan\node_modules\@babel\parse
r\lib\index.js:10894:23)
    at Parser.parseMaybeConditional (D:\Smmplan\node_modules\@ba
bel\parser\lib\index.js:10871:23)
    at Parser.parseMaybeAssign (D:\Smmplan\node_modules\@babel\p
arser\lib\index.js:10821:21)
    at Parser.parseExpressionBase (D:\Smmplan\node_modules\@babe
l\parser\lib\index.js:10774:23)
    at D:\Smmplan\node_modules\@babel\parser\lib\index.js:10770:
39
    at Parser.allowInAnd (D:\Smmplan\node_modules\@babel\parser\
lib\index.js:12411:16)
    at Parser.parseExpression (D:\Smmplan\node_modules\@babel\pa
rser\lib\index.js:10770:17)
    at Parser.parseReturnStatement (D:\Smmplan\node_modules\@bab
el\parser\lib\index.js:13132:28)
    at Parser.parseStatementContent (D:\Smmplan\node_modules\@ba
bel\parser\lib\index.js:12788:21)
    at Parser.parseStatementLike (D:\Smmplan\node_modules\@babel
\parser\lib\index.js:12757:17)
    at Parser.parseStatementListItem (D:\Smmplan\node_modules\@b
abel\parser\lib\index.js:12737:17)
    at Parser.parseBlockOrModuleBlockBody (D:\Smmplan\node_modul
es\@babel\parser\lib\index.js:13306:61)
    at Parser.parseBlockBody (D:\Smmplan\node_modules\@babel\par
ser\lib\index.js:13299:10)
    at Parser.parseBlock (D:\Smmplan\node_modules\@babel\parser\
lib\index.js:13287:10)
    at Parser.parseFunctionBody (D:\Smmplan\node_modules\@babel\
parser\lib\index.js:12090:24)
    at Parser.parseFunctionBodyAndFinish (D:\Smmplan\node_module
s\@babel\parser\lib\index.js:12076:10)
    at D:\Smmplan\node_modules\@babel\parser\lib\index.js:13435:
12
    at Parser.withSmartMixTopicForbiddingContext (D:\Smmplan\nod
e_modules\@babel\parser\lib\index.js:12393:14)
    at Parser.parseFunction (D:\Smmplan\node_modules\@babel\pars
er\lib\index.js:13434:10)
    at Parser.parseFunctionStatement (D:\Smmplan\node_modules\@b
abel\parser\lib\index.js:13115:17)
    at Parser.parseStatementContent (D:\Smmplan\node_modules\@ba
bel\parser\lib\index.js:12781:21)
    at Parser.parseStatementLike (D:\Smmplan\node_modules\@babel
\parser\lib\index.js:12757:17)
    at Parser.parseModuleItem (D:\Smmplan\node_modules\@babel\pa
rser\lib\index.js:12734:17)
    at Parser.parseBlockOrModuleBlockBody (D:\Smmplan\node_modul
es\@babel\parser\lib\index.js:13306:36)
    at Parser.parseBlockBody (D:\Smmplan\node_modules\@babel\par
ser\lib\index.js:13299:10)
    at Parser.parseProgram (D:\Smmplan\node_modules\@babel\parse
r\lib\index.js:12612:10)
    at Parser.parseTopLevel (D:\Smmplan\node_modules\@babel\pars
er\lib\index.js:12602:25)
    at Parser.parse (D:\Smmplan\node_modules\@babel\parser\lib\i
ndex.js:14478:25)
    at parse (D:\Smmplan\node_modules\@babel\parser\lib\index.js
:14512:38)
Failed to collect coverage from D:\Smmplan\src\components\admin\
orders\order-filter.tsx
ERROR: D:\Smmplan\src\components\admin\orders\order-filter.tsx: 
Support for the experimental syntax 'jsx' isn't currently enable
d (33:13):

[0m [90m 31 |[39m         router[33m.[39mpush([32m`/admin/
orders?${params.toString()}`[39m)[33m;[39m
 [90m 32 |[39m     }[33m;[39m
[31m[1m>[22m[39m[90m 33 |[39m     [36mreturn[39m ([33m<
[39m[33mdiv[39m className[33m=[39m[32m"bg-white p-6 rounde
d-2xl border border-slate-200 shadow-sm space-y-4"[39m[33m>[3
9m
 [90m    |[39m             [31m[1m^[22m[39m
 [90m 34 |[39m       [33m<[39m[33mdiv[39m className[33m=
[39m[32m"flex flex-wrap gap-4"[39m[33m>[39m
 [90m 35 |[39m         [33m<[39m[33mdiv[39m className[33m
=[39m[32m"relative flex-1 min-w-[300px]"[39m[33m>[39m
 [90m 36 |[39m           [33m<[39m[33mlucide_react_1[39m[
33m.[39m[33mSearch[39m className[33m=[39m[32m"absolute lef
t-3 top-1/2 -translate-y-1/2 text-slate-400"[39m size[33m=[39
m{[35m18[39m}[33m/[39m[33m>[39m[0m

Add @babel/preset-react (https://github.com/babel/babel/tree/mai
n/packages/babel-preset-react) to the 'presets' section of your 
Babel config to enable transformation.
If you want to leave it as-is, add @babel/plugin-syntax-jsx (htt
ps://github.com/babel/babel/tree/main/packages/babel-plugin-synt
ax-jsx) to the 'plugins' section to enable parsing.

If you already added the plugin for this syntax to your config, 
it's possible that your config isn't being loaded.
You can re-run Babel with the BABEL_SHOW_CONFIG_FOR environment 
variable to show the loaded configuration:
	npx cross-env BABEL_SHOW_CONFIG_FOR=D:\Smmplan\src\components\a
dmin\orders\order-filter.tsx <your build command>
See https://babeljs.io/docs/configuration#print-effective-config
s for more info.

STACK: SyntaxError: D:\Smmplan\src\components\admin\orders\order
-filter.tsx: Support for the experimental syntax 'jsx' isn't cur
rently enabled (33:13):

[0m [90m 31 |[39m         router[33m.[39mpush([32m`/admin/
orders?${params.toString()}`[39m)[33m;[39m
 [90m 32 |[39m     }[33m;[39m
[31m[1m>[22m[39m[90m 33 |[39m     [36mreturn[39m ([33m<
[39m[33mdiv[39m className[33m=[39m[32m"bg-white p-6 rounde
d-2xl border border-slate-200 shadow-sm space-y-4"[39m[33m>[3
9m
 [90m    |[39m             [31m[1m^[22m[39m
 [90m 34 |[39m       [33m<[39m[33mdiv[39m className[33m=
[39m[32m"flex flex-wrap gap-4"[39m[33m>[39m
 [90m 35 |[39m         [33m<[39m[33mdiv[39m className[33m
=[39m[32m"relative flex-1 min-w-[300px]"[39m[33m>[39m
 [90m 36 |[39m           [33m<[39m[33mlucide_react_1[39m[
33m.[39m[33mSearch[39m className[33m=[39m[32m"absolute lef
t-3 top-1/2 -translate-y-1/2 text-slate-400"[39m size[33m=[39
m{[35m18[39m}[33m/[39m[33m>[39m[0m

Add @babel/preset-react (https://github.com/babel/babel/tree/mai
n/packages/babel-preset-react) to the 'presets' section of your 
Babel config to enable transformation.
If you want to leave it as-is, add @babel/plugin-syntax-jsx (htt
ps://github.com/babel/babel/tree/main/packages/babel-plugin-synt
ax-jsx) to the 'plugins' section to enable parsing.

If you already added the plugin for this syntax to your config, 
it's possible that your config isn't being loaded.
You can re-run Babel with the BABEL_SHOW_CONFIG_FOR environment 
variable to show the loaded configuration:
	npx cross-env BABEL_SHOW_CONFIG_FOR=D:\Smmplan\src\components\a
dmin\orders\order-filter.tsx <your build command>
See https://babeljs.io/docs/configuration#print-effective-config
s for more info.

    at constructor (D:\Smmplan\node_modules\@babel\parser\lib\in
dex.js:365:19)
    at Parser.raise (D:\Smmplan\node_modules\@babel\parser\lib\i
ndex.js:6599:19)
    at Parser.expectOnePlugin (D:\Smmplan\node_modules\@babel\pa
rser\lib\index.js:6633:18)
    at Parser.parseExprAtom (D:\Smmplan\node_modules\@babel\pars
er\lib\index.js:11388:24)
    at Parser.parseExprSubscripts (D:\Smmplan\node_modules\@babe
l\parser\lib\index.js:11071:23)
    at Parser.parseUpdate (D:\Smmplan\node_modules\@babel\parser
\lib\index.js:11056:21)
    at Parser.parseMaybeUnary (D:\Smmplan\node_modules\@babel\pa
rser\lib\index.js:11036:23)
    at Parser.parseMaybeUnaryOrPrivate (D:\Smmplan\node_modules\
@babel\parser\lib\index.js:10889:61)
    at Parser.parseExprOps (D:\Smmplan\node_modules\@babel\parse
r\lib\index.js:10894:23)
    at Parser.parseMaybeConditional (D:\Smmplan\node_modules\@ba
bel\parser\lib\index.js:10871:23)
    at Parser.parseMaybeAssign (D:\Smmplan\node_modules\@babel\p
arser\lib\index.js:10821:21)
    at D:\Smmplan\node_modules\@babel\parser\lib\index.js:10790:
39
    at Parser.allowInAnd (D:\Smmplan\node_modules\@babel\parser\
lib\index.js:12416:12)
    at Parser.parseMaybeAssignAllowIn (D:\Smmplan\node_modules\@
babel\parser\lib\index.js:10790:17)
    at Parser.parseMaybeAssignAllowInOrVoidPattern (D:\Smmplan\n
ode_modules\@babel\parser\lib\index.js:12483:17)
    at Parser.parseParenAndDistinguishExpression (D:\Smmplan\nod
e_modules\@babel\parser\lib\index.js:11665:28)
    at Parser.parseExprAtom (D:\Smmplan\node_modules\@babel\pars
er\lib\index.js:11321:23)
    at Parser.parseExprSubscripts (D:\Smmplan\node_modules\@babe
l\parser\lib\index.js:11071:23)
    at Parser.parseUpdate (D:\Smmplan\node_modules\@babel\parser
\lib\index.js:11056:21)
    at Parser.parseMaybeUnary (D:\Smmplan\node_modules\@babel\pa
rser\lib\index.js:11036:23)
    at Parser.parseMaybeUnaryOrPrivate (D:\Smmplan\node_modules\
@babel\parser\lib\index.js:10889:61)
    at Parser.parseExprOps (D:\Smmplan\node_modules\@babel\parse
r\lib\index.js:10894:23)
    at Parser.parseMaybeConditional (D:\Smmplan\node_modules\@ba
bel\parser\lib\index.js:10871:23)
    at Parser.parseMaybeAssign (D:\Smmplan\node_modules\@babel\p
arser\lib\index.js:10821:21)
    at Parser.parseExpressionBase (D:\Smmplan\node_modules\@babe
l\parser\lib\index.js:10774:23)
    at D:\Smmplan\node_modules\@babel\parser\lib\index.js:10770:
39
    at Parser.allowInAnd (D:\Smmplan\node_modules\@babel\parser\
lib\index.js:12411:16)
    at Parser.parseExpression (D:\Smmplan\node_modules\@babel\pa
rser\lib\index.js:10770:17)
    at Parser.parseReturnStatement (D:\Smmplan\node_modules\@bab
el\parser\lib\index.js:13132:28)
    at Parser.parseStatementContent (D:\Smmplan\node_modules\@ba
bel\parser\lib\index.js:12788:21)
    at Parser.parseStatementLike (D:\Smmplan\node_modules\@babel
\parser\lib\index.js:12757:17)
    at Parser.parseStatementListItem (D:\Smmplan\node_modules\@b
abel\parser\lib\index.js:12737:17)
    at Parser.parseBlockOrModuleBlockBody (D:\Smmplan\node_modul
es\@babel\parser\lib\index.js:13306:61)
    at Parser.parseBlockBody (D:\Smmplan\node_modules\@babel\par
ser\lib\index.js:13299:10)
    at Parser.parseBlock (D:\Smmplan\node_modules\@babel\parser\
lib\index.js:13287:10)
    at Parser.parseFunctionBody (D:\Smmplan\node_modules\@babel\
parser\lib\index.js:12090:24)
    at Parser.parseFunctionBodyAndFinish (D:\Smmplan\node_module
s\@babel\parser\lib\index.js:12076:10)
    at D:\Smmplan\node_modules\@babel\parser\lib\index.js:13435:
12
    at Parser.withSmartMixTopicForbiddingContext (D:\Smmplan\nod
e_modules\@babel\parser\lib\index.js:12393:14)
    at Parser.parseFunction (D:\Smmplan\node_modules\@babel\pars
er\lib\index.js:13434:10)
    at Parser.parseFunctionStatement (D:\Smmplan\node_modules\@b
abel\parser\lib\index.js:13115:17)
    at Parser.parseStatementContent (D:\Smmplan\node_modules\@ba
bel\parser\lib\index.js:12781:21)
    at Parser.parseStatementLike (D:\Smmplan\node_modules\@babel
\parser\lib\index.js:12757:17)
    at Parser.parseModuleItem (D:\Smmplan\node_modules\@babel\pa
rser\lib\index.js:12734:17)
    at Parser.parseBlockOrModuleBlockBody (D:\Smmplan\node_modul
es\@babel\parser\lib\index.js:13306:36)
    at Parser.parseBlockBody (D:\Smmplan\node_modules\@babel\par
ser\lib\index.js:13299:10)
    at Parser.parseProgram (D:\Smmplan\node_modules\@babel\parse
r\lib\index.js:12612:10)
    at Parser.parseTopLevel (D:\Smmplan\node_modules\@babel\pars
er\lib\index.js:12602:25)
    at Parser.parse (D:\Smmplan\node_modules\@babel\parser\lib\i
ndex.js:14478:25)
    at parse (D:\Smmplan\node_modules\@babel\parser\lib\index.js
:14512:38)
Failed to collect coverage from D:\Smmplan\src\components\admin\
orders\bulk-order-actions.tsx
ERROR: D:\Smmplan\src\components\admin\orders\bulk-order-actions
.tsx: Support for the experimental syntax 'jsx' isn't currently 
enabled (115:13):

[0m [90m 113 |[39m     [36mif[39m (selectedIds[33m.[39mle
ngth [33m===[39m [35m0[39m)
 [90m 114 |[39m         [36mreturn[39m [36mnull[39m[33m;
[39m
[31m[1m>[22m[39m[90m 115 |[39m     [36mreturn[39m ([33m
<[39m[33mdiv[39m className[33m=[39m[32m"fixed bottom-8 lef
t-1/2 -translate-x-1/2 z-[100] w-full max-w-2xl px-4 animate-in 
slide-in-from-bottom-8 duration-300"[39m[33m>[39m
 [90m     |[39m             [31m[1m^[22m[39m
 [90m 116 |[39m       [33m<[39m[33mdiv[39m className[33m=
[39m[32m"bg-slate-900 text-white rounded-[2rem] p-4 shadow-2xl
 border border-white/10 flex items-center justify-between backdr
op-blur-xl"[39m[33m>[39m
 [90m 117 |[39m         [33m<[39m[33mdiv[39m className[33
m=[39m[32m"flex items-center gap-4 pl-4"[39m[33m>[39m
 [90m 118 |[39m             [33m<[39m[33mdiv[39m className
[33m=[39m[32m"w-10 h-10 rounded-2xl bg-blue-600 flex items-ce
nter justify-center font-black text-sm"[39m[33m>[39m[0m

Add @babel/preset-react (https://github.com/babel/babel/tree/mai
n/packages/babel-preset-react) to the 'presets' section of your 
Babel config to enable transformation.
If you want to leave it as-is, add @babel/plugin-syntax-jsx (htt
ps://github.com/babel/babel/tree/main/packages/babel-plugin-synt
ax-jsx) to the 'plugins' section to enable parsing.

If you already added the plugin for this syntax to your config, 
it's possible that your config isn't being loaded.
You can re-run Babel with the BABEL_SHOW_CONFIG_FOR environment 
variable to show the loaded configuration:
	npx cross-env BABEL_SHOW_CONFIG_FOR=D:\Smmplan\src\components\a
dmin\orders\bulk-order-actions.tsx <your build command>
See https://babeljs.io/docs/configuration#print-effective-config
s for more info.

STACK: SyntaxError: D:\Smmplan\src\components\admin\orders\bulk-
order-actions.tsx: Support for the experimental syntax 'jsx' isn
't currently enabled (115:13):

[0m [90m 113 |[39m     [36mif[39m (selectedIds[33m.[39mle
ngth [33m===[39m [35m0[39m)
 [90m 114 |[39m         [36mreturn[39m [36mnull[39m[33m;
[39m
[31m[1m>[22m[39m[90m 115 |[39m     [36mreturn[39m ([33m
<[39m[33mdiv[39m className[33m=[39m[32m"fixed bottom-8 lef
t-1/2 -translate-x-1/2 z-[100] w-full max-w-2xl px-4 animate-in 
slide-in-from-bottom-8 duration-300"[39m[33m>[39m
 [90m     |[39m             [31m[1m^[22m[39m
 [90m 116 |[39m       [33m<[39m[33mdiv[39m className[33m=
[39m[32m"bg-slate-900 text-white rounded-[2rem] p-4 shadow-2xl
 border border-white/10 flex items-center justify-between backdr
op-blur-xl"[39m[33m>[39m
 [90m 117 |[39m         [33m<[39m[33mdiv[39m className[33
m=[39m[32m"flex items-center gap-4 pl-4"[39m[33m>[39m
 [90m 118 |[39m             [33m<[39m[33mdiv[39m className
[33m=[39m[32m"w-10 h-10 rounded-2xl bg-blue-600 flex items-ce
nter justify-center font-black text-sm"[39m[33m>[39m[0m

Add @babel/preset-react (https://github.com/babel/babel/tree/mai
n/packages/babel-preset-react) to the 'presets' section of your 
Babel config to enable transformation.
If you want to leave it as-is, add @babel/plugin-syntax-jsx (htt
ps://github.com/babel/babel/tree/main/packages/babel-plugin-synt
ax-jsx) to the 'plugins' section to enable parsing.

If you already added the plugin for this syntax to your config, 
it's possible that your config isn't being loaded.
You can re-run Babel with the BABEL_SHOW_CONFIG_FOR environment 
variable to show the loaded configuration:
	npx cross-env BABEL_SHOW_CONFIG_FOR=D:\Smmplan\src\components\a
dmin\orders\bulk-order-actions.tsx <your build command>
See https://babeljs.io/docs/configuration#print-effective-config
s for more info.

    at constructor (D:\Smmplan\node_modules\@babel\parser\lib\in
dex.js:365:19)
    at Parser.raise (D:\Smmplan\node_modules\@babel\parser\lib\i
ndex.js:6599:19)
    at Parser.expectOnePlugin (D:\Smmplan\node_modules\@babel\pa
rser\lib\index.js:6633:18)
    at Parser.parseExprAtom (D:\Smmplan\node_modules\@babel\pars
er\lib\index.js:11388:24)
    at Parser.parseExprSubscripts (D:\Smmplan\node_modules\@babe
l\parser\lib\index.js:11071:23)
    at Parser.parseUpdate (D:\Smmplan\node_modules\@babel\parser
\lib\index.js:11056:21)
    at Parser.parseMaybeUnary (D:\Smmplan\node_modules\@babel\pa
rser\lib\index.js:11036:23)
    at Parser.parseMaybeUnaryOrPrivate (D:\Smmplan\node_modules\
@babel\parser\lib\index.js:10889:61)
    at Parser.parseExprOps (D:\Smmplan\node_modules\@babel\parse
r\lib\index.js:10894:23)
    at Parser.parseMaybeConditional (D:\Smmplan\node_modules\@ba
bel\parser\lib\index.js:10871:23)
    at Parser.parseMaybeAssign (D:\Smmplan\node_modules\@babel\p
arser\lib\index.js:10821:21)
    at D:\Smmplan\node_modules\@babel\parser\lib\index.js:10790:
39
    at Parser.allowInAnd (D:\Smmplan\node_modules\@babel\parser\
lib\index.js:12416:12)
    at Parser.parseMaybeAssignAllowIn (D:\Smmplan\node_modules\@
babel\parser\lib\index.js:10790:17)
    at Parser.parseMaybeAssignAllowInOrVoidPattern (D:\Smmplan\n
ode_modules\@babel\parser\lib\index.js:12483:17)
    at Parser.parseParenAndDistinguishExpression (D:\Smmplan\nod
e_modules\@babel\parser\lib\index.js:11665:28)
    at Parser.parseExprAtom (D:\Smmplan\node_modules\@babel\pars
er\lib\index.js:11321:23)
    at Parser.parseExprSubscripts (D:\Smmplan\node_modules\@babe
l\parser\lib\index.js:11071:23)
    at Parser.parseUpdate (D:\Smmplan\node_modules\@babel\parser
\lib\index.js:11056:21)
    at Parser.parseMaybeUnary (D:\Smmplan\node_modules\@babel\pa
rser\lib\index.js:11036:23)
    at Parser.parseMaybeUnaryOrPrivate (D:\Smmplan\node_modules\
@babel\parser\lib\index.js:10889:61)
    at Parser.parseExprOps (D:\Smmplan\node_modules\@babel\parse
r\lib\index.js:10894:23)
    at Parser.parseMaybeConditional (D:\Smmplan\node_modules\@ba
bel\parser\lib\index.js:10871:23)
    at Parser.parseMaybeAssign (D:\Smmplan\node_modules\@babel\p
arser\lib\index.js:10821:21)
    at Parser.parseExpressionBase (D:\Smmplan\node_modules\@babe
l\parser\lib\index.js:10774:23)
    at D:\Smmplan\node_modules\@babel\parser\lib\index.js:10770:
39
    at Parser.allowInAnd (D:\Smmplan\node_modules\@babel\parser\
lib\index.js:12411:16)
    at Parser.parseExpression (D:\Smmplan\node_modules\@babel\pa
rser\lib\index.js:10770:17)
    at Parser.parseReturnStatement (D:\Smmplan\node_modules\@bab
el\parser\lib\index.js:13132:28)
    at Parser.parseStatementContent (D:\Smmplan\node_modules\@ba
bel\parser\lib\index.js:12788:21)
    at Parser.parseStatementLike (D:\Smmplan\node_modules\@babel
\parser\lib\index.js:12757:17)
    at Parser.parseStatementListItem (D:\Smmplan\node_modules\@b
abel\parser\lib\index.js:12737:17)
    at Parser.parseBlockOrModuleBlockBody (D:\Smmplan\node_modul
es\@babel\parser\lib\index.js:13306:61)
    at Parser.parseBlockBody (D:\Smmplan\node_modules\@babel\par
ser\lib\index.js:13299:10)
    at Parser.parseBlock (D:\Smmplan\node_modules\@babel\parser\
lib\index.js:13287:10)
    at Parser.parseFunctionBody (D:\Smmplan\node_modules\@babel\
parser\lib\index.js:12090:24)
    at Parser.parseFunctionBodyAndFinish (D:\Smmplan\node_module
s\@babel\parser\lib\index.js:12076:10)
    at D:\Smmplan\node_modules\@babel\parser\lib\index.js:13435:
12
    at Parser.withSmartMixTopicForbiddingContext (D:\Smmplan\nod
e_modules\@babel\parser\lib\index.js:12393:14)
    at Parser.parseFunction (D:\Smmplan\node_modules\@babel\pars
er\lib\index.js:13434:10)
    at Parser.parseFunctionStatement (D:\Smmplan\node_modules\@b
abel\parser\lib\index.js:13115:17)
    at Parser.parseStatementContent (D:\Smmplan\node_modules\@ba
bel\parser\lib\index.js:12781:21)
    at Parser.parseStatementLike (D:\Smmplan\node_modules\@babel
\parser\lib\index.js:12757:17)
    at Parser.parseModuleItem (D:\Smmplan\node_modules\@babel\pa
rser\lib\index.js:12734:17)
    at Parser.parseBlockOrModuleBlockBody (D:\Smmplan\node_modul
es\@babel\parser\lib\index.js:13306:36)
    at Parser.parseBlockBody (D:\Smmplan\node_modules\@babel\par
ser\lib\index.js:13299:10)
    at Parser.parseProgram (D:\Smmplan\node_modules\@babel\parse
r\lib\index.js:12612:10)
    at Parser.parseTopLevel (D:\Smmplan\node_modules\@babel\pars
er\lib\index.js:12602:25)
    at Parser.parse (D:\Smmplan\node_modules\@babel\parser\lib\i
ndex.js:14478:25)
    at parse (D:\Smmplan\node_modules\@babel\parser\lib\index.js
:14512:38)
Failed to collect coverage from D:\Smmplan\src\components\admin\
news\delete-news-button.tsx
ERROR: D:\Smmplan\src\components\admin\news\delete-news-button.t
sx: Support for the experimental syntax 'jsx' isn't currently en
abled (58:13):

[0m [90m 56 |[39m         setIsDeleting([36mfalse[39m)[33m
;[39m
 [90m 57 |[39m     }[33m;[39m
[31m[1m>[22m[39m[90m 58 |[39m     [36mreturn[39m ([33m<
[39m[33mbutton[39m onClick[33m=[39m{handleDelete} disabled
[33m=[39m{isDeleting} className[33m=[39m[32m"p-2 text-slate-
400 hover:text-rose-600 hover:bg-rose-50 rounded-lg transition-a
ll disabled:opacity-50"[39m title[33m=[39m[32m"╨г╨┤╨░╨╗╨╕╤В╤
М"[39m[33m>[39m
 [90m    |[39m             [31m[1m^[22m[39m
 [90m 59 |[39m             {isDeleting [33m?[39m [33m<[39m
[33mlucide_react_1[39m[33m.[39m[33mLoader2[39m size[33m=
[39m{[35m18[39m} className[33m=[39m[32m"animate-spin"[39m
[35m/> : <lucide_react_1.Trash2 size={18}/[39m[33m>[39m}
 [90m 60 |[39m         [33m<[39m[33m/[39m[33mbutton[39m
[33m>[39m)[33m;[39m
 [90m 61 |[39m }[0m

Add @babel/preset-react (https://github.com/babel/babel/tree/mai
n/packages/babel-preset-react) to the 'presets' section of your 
Babel config to enable transformation.
If you want to leave it as-is, add @babel/plugin-syntax-jsx (htt
ps://github.com/babel/babel/tree/main/packages/babel-plugin-synt
ax-jsx) to the 'plugins' section to enable parsing.

If you already added the plugin for this syntax to your config, 
it's possible that your config isn't being loaded.
You can re-run Babel with the BABEL_SHOW_CONFIG_FOR environment 
variable to show the loaded configuration:
	npx cross-env BABEL_SHOW_CONFIG_FOR=D:\Smmplan\src\components\a
dmin\news\delete-news-button.tsx <your build command>
See https://babeljs.io/docs/configuration#print-effective-config
s for more info.

STACK: SyntaxError: D:\Smmplan\src\components\admin\news\delete-
news-button.tsx: Support for the experimental syntax 'jsx' isn't
 currently enabled (58:13):

[0m [90m 56 |[39m         setIsDeleting([36mfalse[39m)[33m
;[39m
 [90m 57 |[39m     }[33m;[39m
[31m[1m>[22m[39m[90m 58 |[39m     [36mreturn[39m ([33m<
[39m[33mbutton[39m onClick[33m=[39m{handleDelete} disabled
[33m=[39m{isDeleting} className[33m=[39m[32m"p-2 text-slate-
400 hover:text-rose-600 hover:bg-rose-50 rounded-lg transition-a
ll disabled:opacity-50"[39m title[33m=[39m[32m"╨г╨┤╨░╨╗╨╕╤В╤
М"[39m[33m>[39m
 [90m    |[39m             [31m[1m^[22m[39m
 [90m 59 |[39m             {isDeleting [33m?[39m [33m<[39m
[33mlucide_react_1[39m[33m.[39m[33mLoader2[39m size[33m=
[39m{[35m18[39m} className[33m=[39m[32m"animate-spin"[39m
[35m/> : <lucide_react_1.Trash2 size={18}/[39m[33m>[39m}
 [90m 60 |[39m         [33m<[39m[33m/[39m[33mbutton[39m
[33m>[39m)[33m;[39m
 [90m 61 |[39m }[0m

Add @babel/preset-react (https://github.com/babel/babel/tree/mai
n/packages/babel-preset-react) to the 'presets' section of your 
Babel config to enable transformation.
If you want to leave it as-is, add @babel/plugin-syntax-jsx (htt
ps://github.com/babel/babel/tree/main/packages/babel-plugin-synt
ax-jsx) to the 'plugins' section to enable parsing.

If you already added the plugin for this syntax to your config, 
it's possible that your config isn't being loaded.
You can re-run Babel with the BABEL_SHOW_CONFIG_FOR environment 
variable to show the loaded configuration:
	npx cross-env BABEL_SHOW_CONFIG_FOR=D:\Smmplan\src\components\a
dmin\news\delete-news-button.tsx <your build command>
See https://babeljs.io/docs/configuration#print-effective-config
s for more info.

    at constructor (D:\Smmplan\node_modules\@babel\parser\lib\in
dex.js:365:19)
    at Parser.raise (D:\Smmplan\node_modules\@babel\parser\lib\i
ndex.js:6599:19)
    at Parser.expectOnePlugin (D:\Smmplan\node_modules\@babel\pa
rser\lib\index.js:6633:18)
    at Parser.parseExprAtom (D:\Smmplan\node_modules\@babel\pars
er\lib\index.js:11388:24)
    at Parser.parseExprSubscripts (D:\Smmplan\node_modules\@babe
l\parser\lib\index.js:11071:23)
    at Parser.parseUpdate (D:\Smmplan\node_modules\@babel\parser
\lib\index.js:11056:21)
    at Parser.parseMaybeUnary (D:\Smmplan\node_modules\@babel\pa
rser\lib\index.js:11036:23)
    at Parser.parseMaybeUnaryOrPrivate (D:\Smmplan\node_modules\
@babel\parser\lib\index.js:10889:61)
    at Parser.parseExprOps (D:\Smmplan\node_modules\@babel\parse
r\lib\index.js:10894:23)
    at Parser.parseMaybeConditional (D:\Smmplan\node_modules\@ba
bel\parser\lib\index.js:10871:23)
    at Parser.parseMaybeAssign (D:\Smmplan\node_modules\@babel\p
arser\lib\index.js:10821:21)
    at D:\Smmplan\node_modules\@babel\parser\lib\index.js:10790:
39
    at Parser.allowInAnd (D:\Smmplan\node_modules\@babel\parser\
lib\index.js:12416:12)
    at Parser.parseMaybeAssignAllowIn (D:\Smmplan\node_modules\@
babel\parser\lib\index.js:10790:17)
    at Parser.parseMaybeAssignAllowInOrVoidPattern (D:\Smmplan\n
ode_modules\@babel\parser\lib\index.js:12483:17)
    at Parser.parseParenAndDistinguishExpression (D:\Smmplan\nod
e_modules\@babel\parser\lib\index.js:11665:28)
    at Parser.parseExprAtom (D:\Smmplan\node_modules\@babel\pars
er\lib\index.js:11321:23)
    at Parser.parseExprSubscripts (D:\Smmplan\node_modules\@babe
l\parser\lib\index.js:11071:23)
    at Parser.parseUpdate (D:\Smmplan\node_modules\@babel\parser
\lib\index.js:11056:21)
    at Parser.parseMaybeUnary (D:\Smmplan\node_modules\@babel\pa
rser\lib\index.js:11036:23)
    at Parser.parseMaybeUnaryOrPrivate (D:\Smmplan\node_modules\
@babel\parser\lib\index.js:10889:61)
    at Parser.parseExprOps (D:\Smmplan\node_modules\@babel\parse
r\lib\index.js:10894:23)
    at Parser.parseMaybeConditional (D:\Smmplan\node_modules\@ba
bel\parser\lib\index.js:10871:23)
    at Parser.parseMaybeAssign (D:\Smmplan\node_modules\@babel\p
arser\lib\index.js:10821:21)
    at Parser.parseExpressionBase (D:\Smmplan\node_modules\@babe
l\parser\lib\index.js:10774:23)
    at D:\Smmplan\node_modules\@babel\parser\lib\index.js:10770:
39
    at Parser.allowInAnd (D:\Smmplan\node_modules\@babel\parser\
lib\index.js:12411:16)
    at Parser.parseExpression (D:\Smmplan\node_modules\@babel\pa
rser\lib\index.js:10770:17)
    at Parser.parseReturnStatement (D:\Smmplan\node_modules\@bab
el\parser\lib\index.js:13132:28)
    at Parser.parseStatementContent (D:\Smmplan\node_modules\@ba
bel\parser\lib\index.js:12788:21)
    at Parser.parseStatementLike (D:\Smmplan\node_modules\@babel
\parser\lib\index.js:12757:17)
    at Parser.parseStatementListItem (D:\Smmplan\node_modules\@b
abel\parser\lib\index.js:12737:17)
    at Parser.parseBlockOrModuleBlockBody (D:\Smmplan\node_modul
es\@babel\parser\lib\index.js:13306:61)
    at Parser.parseBlockBody (D:\Smmplan\node_modules\@babel\par
ser\lib\index.js:13299:10)
    at Parser.parseBlock (D:\Smmplan\node_modules\@babel\parser\
lib\index.js:13287:10)
    at Parser.parseFunctionBody (D:\Smmplan\node_modules\@babel\
parser\lib\index.js:12090:24)
    at Parser.parseFunctionBodyAndFinish (D:\Smmplan\node_module
s\@babel\parser\lib\index.js:12076:10)
    at D:\Smmplan\node_modules\@babel\parser\lib\index.js:13435:
12
    at Parser.withSmartMixTopicForbiddingContext (D:\Smmplan\nod
e_modules\@babel\parser\lib\index.js:12393:14)
    at Parser.parseFunction (D:\Smmplan\node_modules\@babel\pars
er\lib\index.js:13434:10)
    at Parser.parseFunctionStatement (D:\Smmplan\node_modules\@b
abel\parser\lib\index.js:13115:17)
    at Parser.parseStatementContent (D:\Smmplan\node_modules\@ba
bel\parser\lib\index.js:12781:21)
    at Parser.parseStatementLike (D:\Smmplan\node_modules\@babel
\parser\lib\index.js:12757:17)
    at Parser.parseModuleItem (D:\Smmplan\node_modules\@babel\pa
rser\lib\index.js:12734:17)
    at Parser.parseBlockOrModuleBlockBody (D:\Smmplan\node_modul
es\@babel\parser\lib\index.js:13306:36)
    at Parser.parseBlockBody (D:\Smmplan\node_modules\@babel\par
ser\lib\index.js:13299:10)
    at Parser.parseProgram (D:\Smmplan\node_modules\@babel\parse
r\lib\index.js:12612:10)
    at Parser.parseTopLevel (D:\Smmplan\node_modules\@babel\pars
er\lib\index.js:12602:25)
    at Parser.parse (D:\Smmplan\node_modules\@babel\parser\lib\i
ndex.js:14478:25)
    at parse (D:\Smmplan\node_modules\@babel\parser\lib\index.js
:14512:38)
Failed to collect coverage from D:\Smmplan\src\components\admin\
projects\project-editor-modal.tsx
ERROR: D:\Smmplan\src\components\admin\projects\project-editor-m
odal.tsx: Support for the experimental syntax 'jsx' isn't curren
tly enabled (45:17):

[0m [90m 43 |[39m     [36mconst[39m [isOpen[33m,[39m setI
sOpen] [33m=[39m ([35m0[39m[33m,[39m react_1[33m.[39muse
State)([36mfalse[39m)[33m;[39m
 [90m 44 |[39m     [36mif[39m ([33m![39misOpen) {
[31m[1m>[22m[39m[90m 45 |[39m         [36mreturn[39m ([
33m<[39m[33mbutton[39m onClick[33m=[39m{() [33m=>[39m set
IsOpen([36mtrue[39m)} className[33m=[39m[32m"p-1.5 rounded-
lg bg-slate-100 text-slate-500 hover:bg-blue-100 hover:text-blue
-600 transition-all"[39m title[33m=[39m[32m"╨а╨╡╨┤╨░╨║╤В╨╕╤А
╨╛╨▓╨░╤В╤М ╨┐╤А╨╛╨╡╨║╤В"[39m[33m>[39m
 [90m    |[39m                 [31m[1m^[22m[39m
 [90m 46 |[39m         [33m<[39m[33mlucide_react_1[39m[33
m.[39m[33mPencil[39m size[33m=[39m{[35m14[39m}[33m/[39m
[33m>[39m
 [90m 47 |[39m       [33m<[39m[33m/[39m[33mbutton[39m[3
3m>[39m)[33m;[39m
 [90m 48 |[39m     }[0m

Add @babel/preset-react (https://github.com/babel/babel/tree/mai
n/packages/babel-preset-react) to the 'presets' section of your 
Babel config to enable transformation.
If you want to leave it as-is, add @babel/plugin-syntax-jsx (htt
ps://github.com/babel/babel/tree/main/packages/babel-plugin-synt
ax-jsx) to the 'plugins' section to enable parsing.

If you already added the plugin for this syntax to your config, 
it's possible that your config isn't being loaded.
You can re-run Babel with the BABEL_SHOW_CONFIG_FOR environment 
variable to show the loaded configuration:
	npx cross-env BABEL_SHOW_CONFIG_FOR=D:\Smmplan\src\components\a
dmin\projects\project-editor-modal.tsx <your build command>
See https://babeljs.io/docs/configuration#print-effective-config
s for more info.

STACK: SyntaxError: D:\Smmplan\src\components\admin\projects\pro
ject-editor-modal.tsx: Support for the experimental syntax 'jsx'
 isn't currently enabled (45:17):

[0m [90m 43 |[39m     [36mconst[39m [isOpen[33m,[39m setI
sOpen] [33m=[39m ([35m0[39m[33m,[39m react_1[33m.[39muse
State)([36mfalse[39m)[33m;[39m
 [90m 44 |[39m     [36mif[39m ([33m![39misOpen) {
[31m[1m>[22m[39m[90m 45 |[39m         [36mreturn[39m ([
33m<[39m[33mbutton[39m onClick[33m=[39m{() [33m=>[39m set
IsOpen([36mtrue[39m)} className[33m=[39m[32m"p-1.5 rounded-
lg bg-slate-100 text-slate-500 hover:bg-blue-100 hover:text-blue
-600 transition-all"[39m title[33m=[39m[32m"╨а╨╡╨┤╨░╨║╤В╨╕╤А
╨╛╨▓╨░╤В╤М ╨┐╤А╨╛╨╡╨║╤В"[39m[33m>[39m
 [90m    |[39m                 [31m[1m^[22m[39m
 [90m 46 |[39m         [33m<[39m[33mlucide_react_1[39m[33
m.[39m[33mPencil[39m size[33m=[39m{[35m14[39m}[33m/[39m
[33m>[39m
 [90m 47 |[39m       [33m<[39m[33m/[39m[33mbutton[39m[3
3m>[39m)[33m;[39m
 [90m 48 |[39m     }[0m

Add @babel/preset-react (https://github.com/babel/babel/tree/mai
n/packages/babel-preset-react) to the 'presets' section of your 
Babel config to enable transformation.
If you want to leave it as-is, add @babel/plugin-syntax-jsx (htt
ps://github.com/babel/babel/tree/main/packages/babel-plugin-synt
ax-jsx) to the 'plugins' section to enable parsing.

If you already added the plugin for this syntax to your config, 
it's possible that your config isn't being loaded.
You can re-run Babel with the BABEL_SHOW_CONFIG_FOR environment 
variable to show the loaded configuration:
	npx cross-env BABEL_SHOW_CONFIG_FOR=D:\Smmplan\src\components\a
dmin\projects\project-editor-modal.tsx <your build command>
See https://babeljs.io/docs/configuration#print-effective-config
s for more info.

    at constructor (D:\Smmplan\node_modules\@babel\parser\lib\in
dex.js:365:19)
    at Parser.raise (D:\Smmplan\node_modules\@babel\parser\lib\i
ndex.js:6599:19)
    at Parser.expectOnePlugin (D:\Smmplan\node_modules\@babel\pa
rser\lib\index.js:6633:18)
    at Parser.parseExprAtom (D:\Smmplan\node_modules\@babel\pars
er\lib\index.js:11388:24)
    at Parser.parseExprSubscripts (D:\Smmplan\node_modules\@babe
l\parser\lib\index.js:11071:23)
    at Parser.parseUpdate (D:\Smmplan\node_modules\@babel\parser
\lib\index.js:11056:21)
    at Parser.parseMaybeUnary (D:\Smmplan\node_modules\@babel\pa
rser\lib\index.js:11036:23)
    at Parser.parseMaybeUnaryOrPrivate (D:\Smmplan\node_modules\
@babel\parser\lib\index.js:10889:61)
    at Parser.parseExprOps (D:\Smmplan\node_modules\@babel\parse
r\lib\index.js:10894:23)
    at Parser.parseMaybeConditional (D:\Smmplan\node_modules\@ba
bel\parser\lib\index.js:10871:23)
    at Parser.parseMaybeAssign (D:\Smmplan\node_modules\@babel\p
arser\lib\index.js:10821:21)
    at D:\Smmplan\node_modules\@babel\parser\lib\index.js:10790:
39
    at Parser.allowInAnd (D:\Smmplan\node_modules\@babel\parser\
lib\index.js:12416:12)
    at Parser.parseMaybeAssignAllowIn (D:\Smmplan\node_modules\@
babel\parser\lib\index.js:10790:17)
    at Parser.parseMaybeAssignAllowInOrVoidPattern (D:\Smmplan\n
ode_modules\@babel\parser\lib\index.js:12483:17)
    at Parser.parseParenAndDistinguishExpression (D:\Smmplan\nod
e_modules\@babel\parser\lib\index.js:11665:28)
    at Parser.parseExprAtom (D:\Smmplan\node_modules\@babel\pars
er\lib\index.js:11321:23)
    at Parser.parseExprSubscripts (D:\Smmplan\node_modules\@babe
l\parser\lib\index.js:11071:23)
    at Parser.parseUpdate (D:\Smmplan\node_modules\@babel\parser
\lib\index.js:11056:21)
    at Parser.parseMaybeUnary (D:\Smmplan\node_modules\@babel\pa
rser\lib\index.js:11036:23)
    at Parser.parseMaybeUnaryOrPrivate (D:\Smmplan\node_modules\
@babel\parser\lib\index.js:10889:61)
    at Parser.parseExprOps (D:\Smmplan\node_modules\@babel\parse
r\lib\index.js:10894:23)
    at Parser.parseMaybeConditional (D:\Smmplan\node_modules\@ba
bel\parser\lib\index.js:10871:23)
    at Parser.parseMaybeAssign (D:\Smmplan\node_modules\@babel\p
arser\lib\index.js:10821:21)
    at Parser.parseExpressionBase (D:\Smmplan\node_modules\@babe
l\parser\lib\index.js:10774:23)
    at D:\Smmplan\node_modules\@babel\parser\lib\index.js:10770:
39
    at Parser.allowInAnd (D:\Smmplan\node_modules\@babel\parser\
lib\index.js:12411:16)
    at Parser.parseExpression (D:\Smmplan\node_modules\@babel\pa
rser\lib\index.js:10770:17)
    at Parser.parseReturnStatement (D:\Smmplan\node_modules\@bab
el\parser\lib\index.js:13132:28)
    at Parser.parseStatementContent (D:\Smmplan\node_modules\@ba
bel\parser\lib\index.js:12788:21)
    at Parser.parseStatementLike (D:\Smmplan\node_modules\@babel
\parser\lib\index.js:12757:17)
    at Parser.parseStatementListItem (D:\Smmplan\node_modules\@b
abel\parser\lib\index.js:12737:17)
    at Parser.parseBlockOrModuleBlockBody (D:\Smmplan\node_modul
es\@babel\parser\lib\index.js:13306:61)
    at Parser.parseBlockBody (D:\Smmplan\node_modules\@babel\par
ser\lib\index.js:13299:10)
    at Parser.parseBlock (D:\Smmplan\node_modules\@babel\parser\
lib\index.js:13287:10)
    at Parser.parseStatementContent (D:\Smmplan\node_modules\@ba
bel\parser\lib\index.js:12848:21)
    at Parser.parseStatementLike (D:\Smmplan\node_modules\@babel
\parser\lib\index.js:12757:17)
    at Parser.parseStatementOrSloppyAnnexBFunctionDeclaration (D
:\Smmplan\node_modules\@babel\parser\lib\index.js:12747:17)
    at Parser.parseIfStatement (D:\Smmplan\node_modules\@babel\p
arser\lib\index.js:13120:28)
    at Parser.parseStatementContent (D:\Smmplan\node_modules\@ba
bel\parser\lib\index.js:12786:21)
    at Parser.parseStatementLike (D:\Smmplan\node_modules\@babel
\parser\lib\index.js:12757:17)
    at Parser.parseStatementListItem (D:\Smmplan\node_modules\@b
abel\parser\lib\index.js:12737:17)
    at Parser.parseBlockOrModuleBlockBody (D:\Smmplan\node_modul
es\@babel\parser\lib\index.js:13306:61)
    at Parser.parseBlockBody (D:\Smmplan\node_modules\@babel\par
ser\lib\index.js:13299:10)
    at Parser.parseBlock (D:\Smmplan\node_modules\@babel\parser\
lib\index.js:13287:10)
    at Parser.parseFunctionBody (D:\Smmplan\node_modules\@babel\
parser\lib\index.js:12090:24)
    at Parser.parseFunctionBodyAndFinish (D:\Smmplan\node_module
s\@babel\parser\lib\index.js:12076:10)
    at D:\Smmplan\node_modules\@babel\parser\lib\index.js:13435:
12
    at Parser.withSmartMixTopicForbiddingContext (D:\Smmplan\nod
e_modules\@babel\parser\lib\index.js:12393:14)
    at Parser.parseFunction (D:\Smmplan\node_modules\@babel\pars
er\lib\index.js:13434:10)
Failed to collect coverage from D:\Smmplan\src\components\admin\
projects\project-payment-editor.tsx
ERROR: D:\Smmplan\src\components\admin\projects\project-payment-
editor.tsx: Support for the experimental syntax 'jsx' isn't curr
ently enabled (65:13):

[0m [90m 63 |[39m         }
 [90m 64 |[39m     }[33m;[39m
[31m[1m>[22m[39m[90m 65 |[39m     [36mreturn[39m ([33m<
[39m[33mdiv[39m className[33m=[39m[32m"space-y-4 mt-6 bord
er-t pt-6"[39m[33m>[39m
 [90m    |[39m             [31m[1m^[22m[39m
 [90m 66 |[39m       [33m<[39m[33mdiv[39m className[33m=
[39m[32m"flex items-center justify-between"[39m[33m>[39m
 [90m 67 |[39m         [33m<[39m[33mdiv[39m className[33m
=[39m[32m"flex items-center gap-2 text-indigo-600"[39m[33m>
[39m
 [90m 68 |[39m           [33m<[39m[33mlucide_react_1[39m[
33m.[39m[33mCreditCard[39m className[33m=[39m[32m"w-5 h-5"
[39m[33m/[39m[33m>[39m[0m

Add @babel/preset-react (https://github.com/babel/babel/tree/mai
n/packages/babel-preset-react) to the 'presets' section of your 
Babel config to enable transformation.
If you want to leave it as-is, add @babel/plugin-syntax-jsx (htt
ps://github.com/babel/babel/tree/main/packages/babel-plugin-synt
ax-jsx) to the 'plugins' section to enable parsing.

If you already added the plugin for this syntax to your config, 
it's possible that your config isn't being loaded.
You can re-run Babel with the BABEL_SHOW_CONFIG_FOR environment 
variable to show the loaded configuration:
	npx cross-env BABEL_SHOW_CONFIG_FOR=D:\Smmplan\src\components\a
dmin\projects\project-payment-editor.tsx <your build command>
See https://babeljs.io/docs/configuration#print-effective-config
s for more info.

STACK: SyntaxError: D:\Smmplan\src\components\admin\projects\pro
ject-payment-editor.tsx: Support for the experimental syntax 'js
x' isn't currently enabled (65:13):

[0m [90m 63 |[39m         }
 [90m 64 |[39m     }[33m;[39m
[31m[1m>[22m[39m[90m 65 |[39m     [36mreturn[39m ([33m<
[39m[33mdiv[39m className[33m=[39m[32m"space-y-4 mt-6 bord
er-t pt-6"[39m[33m>[39m
 [90m    |[39m             [31m[1m^[22m[39m
 [90m 66 |[39m       [33m<[39m[33mdiv[39m className[33m=
[39m[32m"flex items-center justify-between"[39m[33m>[39m
 [90m 67 |[39m         [33m<[39m[33mdiv[39m className[33m
=[39m[32m"flex items-center gap-2 text-indigo-600"[39m[33m>
[39m
 [90m 68 |[39m           [33m<[39m[33mlucide_react_1[39m[
33m.[39m[33mCreditCard[39m className[33m=[39m[32m"w-5 h-5"
[39m[33m/[39m[33m>[39m[0m

Add @babel/preset-react (https://github.com/babel/babel/tree/mai
n/packages/babel-preset-react) to the 'presets' section of your 
Babel config to enable transformation.
If you want to leave it as-is, add @babel/plugin-syntax-jsx (htt
ps://github.com/babel/babel/tree/main/packages/babel-plugin-synt
ax-jsx) to the 'plugins' section to enable parsing.

If you already added the plugin for this syntax to your config, 
it's possible that your config isn't being loaded.
You can re-run Babel with the BABEL_SHOW_CONFIG_FOR environment 
variable to show the loaded configuration:
	npx cross-env BABEL_SHOW_CONFIG_FOR=D:\Smmplan\src\components\a
dmin\projects\project-payment-editor.tsx <your build command>
See https://babeljs.io/docs/configuration#print-effective-config
s for more info.

    at constructor (D:\Smmplan\node_modules\@babel\parser\lib\in
dex.js:365:19)
    at Parser.raise (D:\Smmplan\node_modules\@babel\parser\lib\i
ndex.js:6599:19)
    at Parser.expectOnePlugin (D:\Smmplan\node_modules\@babel\pa
rser\lib\index.js:6633:18)
    at Parser.parseExprAtom (D:\Smmplan\node_modules\@babel\pars
er\lib\index.js:11388:24)
    at Parser.parseExprSubscripts (D:\Smmplan\node_modules\@babe
l\parser\lib\index.js:11071:23)
    at Parser.parseUpdate (D:\Smmplan\node_modules\@babel\parser
\lib\index.js:11056:21)
    at Parser.parseMaybeUnary (D:\Smmplan\node_modules\@babel\pa
rser\lib\index.js:11036:23)
    at Parser.parseMaybeUnaryOrPrivate (D:\Smmplan\node_modules\
@babel\parser\lib\index.js:10889:61)
    at Parser.parseExprOps (D:\Smmplan\node_modules\@babel\parse
r\lib\index.js:10894:23)
    at Parser.parseMaybeConditional (D:\Smmplan\node_modules\@ba
bel\parser\lib\index.js:10871:23)
    at Parser.parseMaybeAssign (D:\Smmplan\node_modules\@babel\p
arser\lib\index.js:10821:21)
    at D:\Smmplan\node_modules\@babel\parser\lib\index.js:10790:
39
    at Parser.allowInAnd (D:\Smmplan\node_modules\@babel\parser\
lib\index.js:12416:12)
    at Parser.parseMaybeAssignAllowIn (D:\Smmplan\node_modules\@
babel\parser\lib\index.js:10790:17)
    at Parser.parseMaybeAssignAllowInOrVoidPattern (D:\Smmplan\n
ode_modules\@babel\parser\lib\index.js:12483:17)
    at Parser.parseParenAndDistinguishExpression (D:\Smmplan\nod
e_modules\@babel\parser\lib\index.js:11665:28)
    at Parser.parseExprAtom (D:\Smmplan\node_modules\@babel\pars
er\lib\index.js:11321:23)
    at Parser.parseExprSubscripts (D:\Smmplan\node_modules\@babe
l\parser\lib\index.js:11071:23)
    at Parser.parseUpdate (D:\Smmplan\node_modules\@babel\parser
\lib\index.js:11056:21)
    at Parser.parseMaybeUnary (D:\Smmplan\node_modules\@babel\pa
rser\lib\index.js:11036:23)
    at Parser.parseMaybeUnaryOrPrivate (D:\Smmplan\node_modules\
@babel\parser\lib\index.js:10889:61)
    at Parser.parseExprOps (D:\Smmplan\node_modules\@babel\parse
r\lib\index.js:10894:23)
    at Parser.parseMaybeConditional (D:\Smmplan\node_modules\@ba
bel\parser\lib\index.js:10871:23)
    at Parser.parseMaybeAssign (D:\Smmplan\node_modules\@babel\p
arser\lib\index.js:10821:21)
    at Parser.parseExpressionBase (D:\Smmplan\node_modules\@babe
l\parser\lib\index.js:10774:23)
    at D:\Smmplan\node_modules\@babel\parser\lib\index.js:10770:
39
    at Parser.allowInAnd (D:\Smmplan\node_modules\@babel\parser\
lib\index.js:12411:16)
    at Parser.parseExpression (D:\Smmplan\node_modules\@babel\pa
rser\lib\index.js:10770:17)
    at Parser.parseReturnStatement (D:\Smmplan\node_modules\@bab
el\parser\lib\index.js:13132:28)
    at Parser.parseStatementContent (D:\Smmplan\node_modules\@ba
bel\parser\lib\index.js:12788:21)
    at Parser.parseStatementLike (D:\Smmplan\node_modules\@babel
\parser\lib\index.js:12757:17)
    at Parser.parseStatementListItem (D:\Smmplan\node_modules\@b
abel\parser\lib\index.js:12737:17)
    at Parser.parseBlockOrModuleBlockBody (D:\Smmplan\node_modul
es\@babel\parser\lib\index.js:13306:61)
    at Parser.parseBlockBody (D:\Smmplan\node_modules\@babel\par
ser\lib\index.js:13299:10)
    at Parser.parseBlock (D:\Smmplan\node_modules\@babel\parser\
lib\index.js:13287:10)
    at Parser.parseFunctionBody (D:\Smmplan\node_modules\@babel\
parser\lib\index.js:12090:24)
    at Parser.parseFunctionBodyAndFinish (D:\Smmplan\node_module
s\@babel\parser\lib\index.js:12076:10)
    at D:\Smmplan\node_modules\@babel\parser\lib\index.js:13435:
12
    at Parser.withSmartMixTopicForbiddingContext (D:\Smmplan\nod
e_modules\@babel\parser\lib\index.js:12393:14)
    at Parser.parseFunction (D:\Smmplan\node_modules\@babel\pars
er\lib\index.js:13434:10)
    at Parser.parseFunctionStatement (D:\Smmplan\node_modules\@b
abel\parser\lib\index.js:13115:17)
    at Parser.parseStatementContent (D:\Smmplan\node_modules\@ba
bel\parser\lib\index.js:12781:21)
    at Parser.parseStatementLike (D:\Smmplan\node_modules\@babel
\parser\lib\index.js:12757:17)
    at Parser.parseModuleItem (D:\Smmplan\node_modules\@babel\pa
rser\lib\index.js:12734:17)
    at Parser.parseBlockOrModuleBlockBody (D:\Smmplan\node_modul
es\@babel\parser\lib\index.js:13306:36)
    at Parser.parseBlockBody (D:\Smmplan\node_modules\@babel\par
ser\lib\index.js:13299:10)
    at Parser.parseProgram (D:\Smmplan\node_modules\@babel\parse
r\lib\index.js:12612:10)
    at Parser.parseTopLevel (D:\Smmplan\node_modules\@babel\pars
er\lib\index.js:12602:25)
    at Parser.parse (D:\Smmplan\node_modules\@babel\parser\lib\i
ndex.js:14478:25)
    at parse (D:\Smmplan\node_modules\@babel\parser\lib\index.js
:14512:38)
Failed to collect coverage from D:\Smmplan\src\components\admin\
projects\project-safety-editor.tsx
ERROR: D:\Smmplan\src\components\admin\projects\project-safety-e
ditor.tsx: Support for the experimental syntax 'jsx' isn't curre
ntly enabled (67:13):

[0m [90m 65 |[39m         }
 [90m 66 |[39m     }[33m;[39m
[31m[1m>[22m[39m[90m 67 |[39m     [36mreturn[39m ([33m<
[39m[33mdiv[39m className[33m=[39m[32m"space-y-4 mt-6 bord
er-t pt-6"[39m[33m>[39m
 [90m    |[39m             [31m[1m^[22m[39m
 [90m 68 |[39m       [33m<[39m[33mdiv[39m className[33m=
[39m[32m"flex items-center justify-between"[39m[33m>[39m
 [90m 69 |[39m         [33m<[39m[33mdiv[39m className[33m
=[39m[32m"flex items-center gap-2 text-rose-600"[39m[33m>[3
9m
 [90m 70 |[39m           [33m<[39m[33mlucide_react_1[39m[
33m.[39m[33mShieldCheck[39m className[33m=[39m[32m"w-5 h-5
"[39m[33m/[39m[33m>[39m[0m

Add @babel/preset-react (https://github.com/babel/babel/tree/mai
n/packages/babel-preset-react) to the 'presets' section of your 
Babel config to enable transformation.
If you want to leave it as-is, add @babel/plugin-syntax-jsx (htt
ps://github.com/babel/babel/tree/main/packages/babel-plugin-synt
ax-jsx) to the 'plugins' section to enable parsing.

If you already added the plugin for this syntax to your config, 
it's possible that your config isn't being loaded.
You can re-run Babel with the BABEL_SHOW_CONFIG_FOR environment 
variable to show the loaded configuration:
	npx cross-env BABEL_SHOW_CONFIG_FOR=D:\Smmplan\src\components\a
dmin\projects\project-safety-editor.tsx <your build command>
See https://babeljs.io/docs/configuration#print-effective-config
s for more info.

STACK: SyntaxError: D:\Smmplan\src\components\admin\projects\pro
ject-safety-editor.tsx: Support for the experimental syntax 'jsx
' isn't currently enabled (67:13):

[0m [90m 65 |[39m         }
 [90m 66 |[39m     }[33m;[39m
[31m[1m>[22m[39m[90m 67 |[39m     [36mreturn[39m ([33m<
[39m[33mdiv[39m className[33m=[39m[32m"space-y-4 mt-6 bord
er-t pt-6"[39m[33m>[39m
 [90m    |[39m             [31m[1m^[22m[39m
 [90m 68 |[39m       [33m<[39m[33mdiv[39m className[33m=
[39m[32m"flex items-center justify-between"[39m[33m>[39m
 [90m 69 |[39m         [33m<[39m[33mdiv[39m className[33m
=[39m[32m"flex items-center gap-2 text-rose-600"[39m[33m>[3
9m
 [90m 70 |[39m           [33m<[39m[33mlucide_react_1[39m[
33m.[39m[33mShieldCheck[39m className[33m=[39m[32m"w-5 h-5
"[39m[33m/[39m[33m>[39m[0m

Add @babel/preset-react (https://github.com/babel/babel/tree/mai
n/packages/babel-preset-react) to the 'presets' section of your 
Babel config to enable transformation.
If you want to leave it as-is, add @babel/plugin-syntax-jsx (htt
ps://github.com/babel/babel/tree/main/packages/babel-plugin-synt
ax-jsx) to the 'plugins' section to enable parsing.

If you already added the plugin for this syntax to your config, 
it's possible that your config isn't being loaded.
You can re-run Babel with the BABEL_SHOW_CONFIG_FOR environment 
variable to show the loaded configuration:
	npx cross-env BABEL_SHOW_CONFIG_FOR=D:\Smmplan\src\components\a
dmin\projects\project-safety-editor.tsx <your build command>
See https://babeljs.io/docs/configuration#print-effective-config
s for more info.

    at constructor (D:\Smmplan\node_modules\@babel\parser\lib\in
dex.js:365:19)
    at Parser.raise (D:\Smmplan\node_modules\@babel\parser\lib\i
ndex.js:6599:19)
    at Parser.expectOnePlugin (D:\Smmplan\node_modules\@babel\pa
rser\lib\index.js:6633:18)
    at Parser.parseExprAtom (D:\Smmplan\node_modules\@babel\pars
er\lib\index.js:11388:24)
    at Parser.parseExprSubscripts (D:\Smmplan\node_modules\@babe
l\parser\lib\index.js:11071:23)
    at Parser.parseUpdate (D:\Smmplan\node_modules\@babel\parser
\lib\index.js:11056:21)
    at Parser.parseMaybeUnary (D:\Smmplan\node_modules\@babel\pa
rser\lib\index.js:11036:23)
    at Parser.parseMaybeUnaryOrPrivate (D:\Smmplan\node_modules\
@babel\parser\lib\index.js:10889:61)
    at Parser.parseExprOps (D:\Smmplan\node_modules\@babel\parse
r\lib\index.js:10894:23)
    at Parser.parseMaybeConditional (D:\Smmplan\node_modules\@ba
bel\parser\lib\index.js:10871:23)
    at Parser.parseMaybeAssign (D:\Smmplan\node_modules\@babel\p
arser\lib\index.js:10821:21)
    at D:\Smmplan\node_modules\@babel\parser\lib\index.js:10790:
39
    at Parser.allowInAnd (D:\Smmplan\node_modules\@babel\parser\
lib\index.js:12416:12)
    at Parser.parseMaybeAssignAllowIn (D:\Smmplan\node_modules\@
babel\parser\lib\index.js:10790:17)
    at Parser.parseMaybeAssignAllowInOrVoidPattern (D:\Smmplan\n
ode_modules\@babel\parser\lib\index.js:12483:17)
    at Parser.parseParenAndDistinguishExpression (D:\Smmplan\nod
e_modules\@babel\parser\lib\index.js:11665:28)
    at Parser.parseExprAtom (D:\Smmplan\node_modules\@babel\pars
er\lib\index.js:11321:23)
    at Parser.parseExprSubscripts (D:\Smmplan\node_modules\@babe
l\parser\lib\index.js:11071:23)
    at Parser.parseUpdate (D:\Smmplan\node_modules\@babel\parser
\lib\index.js:11056:21)
    at Parser.parseMaybeUnary (D:\Smmplan\node_modules\@babel\pa
rser\lib\index.js:11036:23)
    at Parser.parseMaybeUnaryOrPrivate (D:\Smmplan\node_modules\
@babel\parser\lib\index.js:10889:61)
    at Parser.parseExprOps (D:\Smmplan\node_modules\@babel\parse
r\lib\index.js:10894:23)
    at Parser.parseMaybeConditional (D:\Smmplan\node_modules\@ba
bel\parser\lib\index.js:10871:23)
    at Parser.parseMaybeAssign (D:\Smmplan\node_modules\@babel\p
arser\lib\index.js:10821:21)
    at Parser.parseExpressionBase (D:\Smmplan\node_modules\@babe
l\parser\lib\index.js:10774:23)
    at D:\Smmplan\node_modules\@babel\parser\lib\index.js:10770:
39
    at Parser.allowInAnd (D:\Smmplan\node_modules\@babel\parser\
lib\index.js:12411:16)
    at Parser.parseExpression (D:\Smmplan\node_modules\@babel\pa
rser\lib\index.js:10770:17)
    at Parser.parseReturnStatement (D:\Smmplan\node_modules\@bab
el\parser\lib\index.js:13132:28)
    at Parser.parseStatementContent (D:\Smmplan\node_modules\@ba
bel\parser\lib\index.js:12788:21)
    at Parser.parseStatementLike (D:\Smmplan\node_modules\@babel
\parser\lib\index.js:12757:17)
    at Parser.parseStatementListItem (D:\Smmplan\node_modules\@b
abel\parser\lib\index.js:12737:17)
    at Parser.parseBlockOrModuleBlockBody (D:\Smmplan\node_modul
es\@babel\parser\lib\index.js:13306:61)
    at Parser.parseBlockBody (D:\Smmplan\node_modules\@babel\par
ser\lib\index.js:13299:10)
    at Parser.parseBlock (D:\Smmplan\node_modules\@babel\parser\
lib\index.js:13287:10)
    at Parser.parseFunctionBody (D:\Smmplan\node_modules\@babel\
parser\lib\index.js:12090:24)
    at Parser.parseFunctionBodyAndFinish (D:\Smmplan\node_module
s\@babel\parser\lib\index.js:12076:10)
    at D:\Smmplan\node_modules\@babel\parser\lib\index.js:13435:
12
    at Parser.withSmartMixTopicForbiddingContext (D:\Smmplan\nod
e_modules\@babel\parser\lib\index.js:12393:14)
    at Parser.parseFunction (D:\Smmplan\node_modules\@babel\pars
er\lib\index.js:13434:10)
    at Parser.parseFunctionStatement (D:\Smmplan\node_modules\@b
abel\parser\lib\index.js:13115:17)
    at Parser.parseStatementContent (D:\Smmplan\node_modules\@ba
bel\parser\lib\index.js:12781:21)
    at Parser.parseStatementLike (D:\Smmplan\node_modules\@babel
\parser\lib\index.js:12757:17)
    at Parser.parseModuleItem (D:\Smmplan\node_modules\@babel\pa
rser\lib\index.js:12734:17)
    at Parser.parseBlockOrModuleBlockBody (D:\Smmplan\node_modul
es\@babel\parser\lib\index.js:13306:36)
    at Parser.parseBlockBody (D:\Smmplan\node_modules\@babel\par
ser\lib\index.js:13299:10)
    at Parser.parseProgram (D:\Smmplan\node_modules\@babel\parse
r\lib\index.js:12612:10)
    at Parser.parseTopLevel (D:\Smmplan\node_modules\@babel\pars
er\lib\index.js:12602:25)
    at Parser.parse (D:\Smmplan\node_modules\@babel\parser\lib\i
ndex.js:14478:25)
    at parse (D:\Smmplan\node_modules\@babel\parser\lib\index.js
:14512:38)
Failed to collect coverage from D:\Smmplan\src\components\admin\
employees\create-employee-modal.tsx
ERROR: D:\Smmplan\src\components\admin\employees\create-employee
-modal.tsx: Support for the experimental syntax 'jsx' isn't curr
ently enabled (127:17):

[0m [90m 125 |[39m     }[33m;[39m
 [90m 126 |[39m     [36mif[39m ([33m![39misOpen) {
[31m[1m>[22m[39m[90m 127 |[39m         [36mreturn[39m (
[33m<[39m[33mui_1[39m[33m.[39m[33mButton[39m onClick[33m
=[39m{() [33m=>[39m setIsOpen([36mtrue[39m)} className[33m
=[39m[32m"flex items-center gap-2"[39m[33m>[39m
 [90m     |[39m                 [31m[1m^[22m[39m
 [90m 128 |[39m                 [33m<[39m[33mlucide_react_1
[39m[33m.[39m[33mUserPlus[39m size[33m=[39m{[35m16[39m}
[33m/[39m[33m>[39m
 [90m 129 |[39m                 [33m╨Ф╨╛╨▒╨░╨▓╨╕╤В╤М[39m ╤Б╨
╛╤В╤А╤Г╨┤╨╜╨╕╨║╨░
 [90m 130 |[39m             [33m<[39m[33m/[39m[33mui_1[3
9m[33m.[39m[33mButton[39m[33m>[39m)[33m;[39m[0m

Add @babel/preset-react (https://github.com/babel/babel/tree/mai
n/packages/babel-preset-react) to the 'presets' section of your 
Babel config to enable transformation.
If you want to leave it as-is, add @babel/plugin-syntax-jsx (htt
ps://github.com/babel/babel/tree/main/packages/babel-plugin-synt
ax-jsx) to the 'plugins' section to enable parsing.

If you already added the plugin for this syntax to your config, 
it's possible that your config isn't being loaded.
You can re-run Babel with the BABEL_SHOW_CONFIG_FOR environment 
variable to show the loaded configuration:
	npx cross-env BABEL_SHOW_CONFIG_FOR=D:\Smmplan\src\components\a
dmin\employees\create-employee-modal.tsx <your build command>
See https://babeljs.io/docs/configuration#print-effective-config
s for more info.

STACK: SyntaxError: D:\Smmplan\src\components\admin\employees\cr
eate-employee-modal.tsx: Support for the experimental syntax 'js
x' isn't currently enabled (127:17):

[0m [90m 125 |[39m     }[33m;[39m
 [90m 126 |[39m     [36mif[39m ([33m![39misOpen) {
[31m[1m>[22m[39m[90m 127 |[39m         [36mreturn[39m (
[33m<[39m[33mui_1[39m[33m.[39m[33mButton[39m onClick[33m
=[39m{() [33m=>[39m setIsOpen([36mtrue[39m)} className[33m
=[39m[32m"flex items-center gap-2"[39m[33m>[39m
 [90m     |[39m                 [31m[1m^[22m[39m
 [90m 128 |[39m                 [33m<[39m[33mlucide_react_1
[39m[33m.[39m[33mUserPlus[39m size[33m=[39m{[35m16[39m}
[33m/[39m[33m>[39m
 [90m 129 |[39m                 [33m╨Ф╨╛╨▒╨░╨▓╨╕╤В╤М[39m ╤Б╨
╛╤В╤А╤Г╨┤╨╜╨╕╨║╨░
 [90m 130 |[39m             [33m<[39m[33m/[39m[33mui_1[3
9m[33m.[39m[33mButton[39m[33m>[39m)[33m;[39m[0m

Add @babel/preset-react (https://github.com/babel/babel/tree/mai
n/packages/babel-preset-react) to the 'presets' section of your 
Babel config to enable transformation.
If you want to leave it as-is, add @babel/plugin-syntax-jsx (htt
ps://github.com/babel/babel/tree/main/packages/babel-plugin-synt
ax-jsx) to the 'plugins' section to enable parsing.

If you already added the plugin for this syntax to your config, 
it's possible that your config isn't being loaded.
You can re-run Babel with the BABEL_SHOW_CONFIG_FOR environment 
variable to show the loaded configuration:
	npx cross-env BABEL_SHOW_CONFIG_FOR=D:\Smmplan\src\components\a
dmin\employees\create-employee-modal.tsx <your build command>
See https://babeljs.io/docs/configuration#print-effective-config
s for more info.

    at constructor (D:\Smmplan\node_modules\@babel\parser\lib\in
dex.js:365:19)
    at Parser.raise (D:\Smmplan\node_modules\@babel\parser\lib\i
ndex.js:6599:19)
    at Parser.expectOnePlugin (D:\Smmplan\node_modules\@babel\pa
rser\lib\index.js:6633:18)
    at Parser.parseExprAtom (D:\Smmplan\node_modules\@babel\pars
er\lib\index.js:11388:24)
    at Parser.parseExprSubscripts (D:\Smmplan\node_modules\@babe
l\parser\lib\index.js:11071:23)
    at Parser.parseUpdate (D:\Smmplan\node_modules\@babel\parser
\lib\index.js:11056:21)
    at Parser.parseMaybeUnary (D:\Smmplan\node_modules\@babel\pa
rser\lib\index.js:11036:23)
    at Parser.parseMaybeUnaryOrPrivate (D:\Smmplan\node_modules\
@babel\parser\lib\index.js:10889:61)
    at Parser.parseExprOps (D:\Smmplan\node_modules\@babel\parse
r\lib\index.js:10894:23)
    at Parser.parseMaybeConditional (D:\Smmplan\node_modules\@ba
bel\parser\lib\index.js:10871:23)
    at Parser.parseMaybeAssign (D:\Smmplan\node_modules\@babel\p
arser\lib\index.js:10821:21)
    at D:\Smmplan\node_modules\@babel\parser\lib\index.js:10790:
39
    at Parser.allowInAnd (D:\Smmplan\node_modules\@babel\parser\
lib\index.js:12416:12)
    at Parser.parseMaybeAssignAllowIn (D:\Smmplan\node_modules\@
babel\parser\lib\index.js:10790:17)
    at Parser.parseMaybeAssignAllowInOrVoidPattern (D:\Smmplan\n
ode_modules\@babel\parser\lib\index.js:12483:17)
    at Parser.parseParenAndDistinguishExpression (D:\Smmplan\nod
e_modules\@babel\parser\lib\index.js:11665:28)
    at Parser.parseExprAtom (D:\Smmplan\node_modules\@babel\pars
er\lib\index.js:11321:23)
    at Parser.parseExprSubscripts (D:\Smmplan\node_modules\@babe
l\parser\lib\index.js:11071:23)
    at Parser.parseUpdate (D:\Smmplan\node_modules\@babel\parser
\lib\index.js:11056:21)
    at Parser.parseMaybeUnary (D:\Smmplan\node_modules\@babel\pa
rser\lib\index.js:11036:23)
    at Parser.parseMaybeUnaryOrPrivate (D:\Smmplan\node_modules\
@babel\parser\lib\index.js:10889:61)
    at Parser.parseExprOps (D:\Smmplan\node_modules\@babel\parse
r\lib\index.js:10894:23)
    at Parser.parseMaybeConditional (D:\Smmplan\node_modules\@ba
bel\parser\lib\index.js:10871:23)
    at Parser.parseMaybeAssign (D:\Smmplan\node_modules\@babel\p
arser\lib\index.js:10821:21)
    at Parser.parseExpressionBase (D:\Smmplan\node_modules\@babe
l\parser\lib\index.js:10774:23)
    at D:\Smmplan\node_modules\@babel\parser\lib\index.js:10770:
39
    at Parser.allowInAnd (D:\Smmplan\node_modules\@babel\parser\
lib\index.js:12411:16)
    at Parser.parseExpression (D:\Smmplan\node_modules\@babel\pa
rser\lib\index.js:10770:17)
    at Parser.parseReturnStatement (D:\Smmplan\node_modules\@bab
el\parser\lib\index.js:13132:28)
    at Parser.parseStatementContent (D:\Smmplan\node_modules\@ba
bel\parser\lib\index.js:12788:21)
    at Parser.parseStatementLike (D:\Smmplan\node_modules\@babel
\parser\lib\index.js:12757:17)
    at Parser.parseStatementListItem (D:\Smmplan\node_modules\@b
abel\parser\lib\index.js:12737:17)
    at Parser.parseBlockOrModuleBlockBody (D:\Smmplan\node_modul
es\@babel\parser\lib\index.js:13306:61)
    at Parser.parseBlockBody (D:\Smmplan\node_modules\@babel\par
ser\lib\index.js:13299:10)
    at Parser.parseBlock (D:\Smmplan\node_modules\@babel\parser\
lib\index.js:13287:10)
    at Parser.parseStatementContent (D:\Smmplan\node_modules\@ba
bel\parser\lib\index.js:12848:21)
    at Parser.parseStatementLike (D:\Smmplan\node_modules\@babel
\parser\lib\index.js:12757:17)
    at Parser.parseStatementOrSloppyAnnexBFunctionDeclaration (D
:\Smmplan\node_modules\@babel\parser\lib\index.js:12747:17)
    at Parser.parseIfStatement (D:\Smmplan\node_modules\@babel\p
arser\lib\index.js:13120:28)
    at Parser.parseStatementContent (D:\Smmplan\node_modules\@ba
bel\parser\lib\index.js:12786:21)
    at Parser.parseStatementLike (D:\Smmplan\node_modules\@babel
\parser\lib\index.js:12757:17)
    at Parser.parseStatementListItem (D:\Smmplan\node_modules\@b
abel\parser\lib\index.js:12737:17)
    at Parser.parseBlockOrModuleBlockBody (D:\Smmplan\node_modul
es\@babel\parser\lib\index.js:13306:61)
    at Parser.parseBlockBody (D:\Smmplan\node_modules\@babel\par
ser\lib\index.js:13299:10)
    at Parser.parseBlock (D:\Smmplan\node_modules\@babel\parser\
lib\index.js:13287:10)
    at Parser.parseFunctionBody (D:\Smmplan\node_modules\@babel\
parser\lib\index.js:12090:24)
    at Parser.parseFunctionBodyAndFinish (D:\Smmplan\node_module
s\@babel\parser\lib\index.js:12076:10)
    at D:\Smmplan\node_modules\@babel\parser\lib\index.js:13435:
12
    at Parser.withSmartMixTopicForbiddingContext (D:\Smmplan\nod
e_modules\@babel\parser\lib\index.js:12393:14)
    at Parser.parseFunction (D:\Smmplan\node_modules\@babel\pars
er\lib\index.js:13434:10)
Failed to collect coverage from D:\Smmplan\src\components\admin\
projects\project-pricing-editor.tsx
ERROR: D:\Smmplan\src\components\admin\projects\project-pricing-
editor.tsx: Support for the experimental syntax 'jsx' isn't curr
ently enabled (75:13):

[0m [90m 73 |[39m         }
 [90m 74 |[39m     }[33m;[39m
[31m[1m>[22m[39m[90m 75 |[39m     [36mreturn[39m ([33m<
[39m[33mdiv[39m className[33m=[39m[32m"space-y-4"[39m[33
m>[39m
 [90m    |[39m             [31m[1m^[22m[39m
 [90m 76 |[39m       [33m<[39m[33mdiv[39m className[33m=
[39m[32m"flex items-center justify-between"[39m[33m>[39m
 [90m 77 |[39m         [33m<[39m[33mdiv[39m className[33m
=[39m[32m"flex items-center gap-2"[39m[33m>[39m
 [90m 78 |[39m           [33m<[39m[33mlucide_react_1[39m[
33m.[39m[33mCalculator[39m className[33m=[39m[32m"w-5 h-5 
text-indigo-500"[39m[33m/[39m[33m>[39m[0m

Add @babel/preset-react (https://github.com/babel/babel/tree/mai
n/packages/babel-preset-react) to the 'presets' section of your 
Babel config to enable transformation.
If you want to leave it as-is, add @babel/plugin-syntax-jsx (htt
ps://github.com/babel/babel/tree/main/packages/babel-plugin-synt
ax-jsx) to the 'plugins' section to enable parsing.

If you already added the plugin for this syntax to your config, 
it's possible that your config isn't being loaded.
You can re-run Babel with the BABEL_SHOW_CONFIG_FOR environment 
variable to show the loaded configuration:
	npx cross-env BABEL_SHOW_CONFIG_FOR=D:\Smmplan\src\components\a
dmin\projects\project-pricing-editor.tsx <your build command>
See https://babeljs.io/docs/configuration#print-effective-config
s for more info.

STACK: SyntaxError: D:\Smmplan\src\components\admin\projects\pro
ject-pricing-editor.tsx: Support for the experimental syntax 'js
x' isn't currently enabled (75:13):

[0m [90m 73 |[39m         }
 [90m 74 |[39m     }[33m;[39m
[31m[1m>[22m[39m[90m 75 |[39m     [36mreturn[39m ([33m<
[39m[33mdiv[39m className[33m=[39m[32m"space-y-4"[39m[33
m>[39m
 [90m    |[39m             [31m[1m^[22m[39m
 [90m 76 |[39m       [33m<[39m[33mdiv[39m className[33m=
[39m[32m"flex items-center justify-between"[39m[33m>[39m
 [90m 77 |[39m         [33m<[39m[33mdiv[39m className[33m
=[39m[32m"flex items-center gap-2"[39m[33m>[39m
 [90m 78 |[39m           [33m<[39m[33mlucide_react_1[39m[
33m.[39m[33mCalculator[39m className[33m=[39m[32m"w-5 h-5 
text-indigo-500"[39m[33m/[39m[33m>[39m[0m

Add @babel/preset-react (https://github.com/babel/babel/tree/mai
n/packages/babel-preset-react) to the 'presets' section of your 
Babel config to enable transformation.
If you want to leave it as-is, add @babel/plugin-syntax-jsx (htt
ps://github.com/babel/babel/tree/main/packages/babel-plugin-synt
ax-jsx) to the 'plugins' section to enable parsing.

If you already added the plugin for this syntax to your config, 
it's possible that your config isn't being loaded.
You can re-run Babel with the BABEL_SHOW_CONFIG_FOR environment 
variable to show the loaded configuration:
	npx cross-env BABEL_SHOW_CONFIG_FOR=D:\Smmplan\src\components\a
dmin\projects\project-pricing-editor.tsx <your build command>
See https://babeljs.io/docs/configuration#print-effective-config
s for more info.

    at constructor (D:\Smmplan\node_modules\@babel\parser\lib\in
dex.js:365:19)
    at Parser.raise (D:\Smmplan\node_modules\@babel\parser\lib\i
ndex.js:6599:19)
    at Parser.expectOnePlugin (D:\Smmplan\node_modules\@babel\pa
rser\lib\index.js:6633:18)
    at Parser.parseExprAtom (D:\Smmplan\node_modules\@babel\pars
er\lib\index.js:11388:24)
    at Parser.parseExprSubscripts (D:\Smmplan\node_modules\@babe
l\parser\lib\index.js:11071:23)
    at Parser.parseUpdate (D:\Smmplan\node_modules\@babel\parser
\lib\index.js:11056:21)
    at Parser.parseMaybeUnary (D:\Smmplan\node_modules\@babel\pa
rser\lib\index.js:11036:23)
    at Parser.parseMaybeUnaryOrPrivate (D:\Smmplan\node_modules\
@babel\parser\lib\index.js:10889:61)
    at Parser.parseExprOps (D:\Smmplan\node_modules\@babel\parse
r\lib\index.js:10894:23)
    at Parser.parseMaybeConditional (D:\Smmplan\node_modules\@ba
bel\parser\lib\index.js:10871:23)
    at Parser.parseMaybeAssign (D:\Smmplan\node_modules\@babel\p
arser\lib\index.js:10821:21)
    at D:\Smmplan\node_modules\@babel\parser\lib\index.js:10790:
39
    at Parser.allowInAnd (D:\Smmplan\node_modules\@babel\parser\
lib\index.js:12416:12)
    at Parser.parseMaybeAssignAllowIn (D:\Smmplan\node_modules\@
babel\parser\lib\index.js:10790:17)
    at Parser.parseMaybeAssignAllowInOrVoidPattern (D:\Smmplan\n
ode_modules\@babel\parser\lib\index.js:12483:17)
    at Parser.parseParenAndDistinguishExpression (D:\Smmplan\nod
e_modules\@babel\parser\lib\index.js:11665:28)
    at Parser.parseExprAtom (D:\Smmplan\node_modules\@babel\pars
er\lib\index.js:11321:23)
    at Parser.parseExprSubscripts (D:\Smmplan\node_modules\@babe
l\parser\lib\index.js:11071:23)
    at Parser.parseUpdate (D:\Smmplan\node_modules\@babel\parser
\lib\index.js:11056:21)
    at Parser.parseMaybeUnary (D:\Smmplan\node_modules\@babel\pa
rser\lib\index.js:11036:23)
    at Parser.parseMaybeUnaryOrPrivate (D:\Smmplan\node_modules\
@babel\parser\lib\index.js:10889:61)
    at Parser.parseExprOps (D:\Smmplan\node_modules\@babel\parse
r\lib\index.js:10894:23)
    at Parser.parseMaybeConditional (D:\Smmplan\node_modules\@ba
bel\parser\lib\index.js:10871:23)
    at Parser.parseMaybeAssign (D:\Smmplan\node_modules\@babel\p
arser\lib\index.js:10821:21)
    at Parser.parseExpressionBase (D:\Smmplan\node_modules\@babe
l\parser\lib\index.js:10774:23)
    at D:\Smmplan\node_modules\@babel\parser\lib\index.js:10770:
39
    at Parser.allowInAnd (D:\Smmplan\node_modules\@babel\parser\
lib\index.js:12411:16)
    at Parser.parseExpression (D:\Smmplan\node_modules\@babel\pa
rser\lib\index.js:10770:17)
    at Parser.parseReturnStatement (D:\Smmplan\node_modules\@bab
el\parser\lib\index.js:13132:28)
    at Parser.parseStatementContent (D:\Smmplan\node_modules\@ba
bel\parser\lib\index.js:12788:21)
    at Parser.parseStatementLike (D:\Smmplan\node_modules\@babel
\parser\lib\index.js:12757:17)
    at Parser.parseStatementListItem (D:\Smmplan\node_modules\@b
abel\parser\lib\index.js:12737:17)
    at Parser.parseBlockOrModuleBlockBody (D:\Smmplan\node_modul
es\@babel\parser\lib\index.js:13306:61)
    at Parser.parseBlockBody (D:\Smmplan\node_modules\@babel\par
ser\lib\index.js:13299:10)
    at Parser.parseBlock (D:\Smmplan\node_modules\@babel\parser\
lib\index.js:13287:10)
    at Parser.parseFunctionBody (D:\Smmplan\node_modules\@babel\
parser\lib\index.js:12090:24)
    at Parser.parseFunctionBodyAndFinish (D:\Smmplan\node_module
s\@babel\parser\lib\index.js:12076:10)
    at D:\Smmplan\node_modules\@babel\parser\lib\index.js:13435:
12
    at Parser.withSmartMixTopicForbiddingContext (D:\Smmplan\nod
e_modules\@babel\parser\lib\index.js:12393:14)
    at Parser.parseFunction (D:\Smmplan\node_modules\@babel\pars
er\lib\index.js:13434:10)
    at Parser.parseFunctionStatement (D:\Smmplan\node_modules\@b
abel\parser\lib\index.js:13115:17)
    at Parser.parseStatementContent (D:\Smmplan\node_modules\@ba
bel\parser\lib\index.js:12781:21)
    at Parser.parseStatementLike (D:\Smmplan\node_modules\@babel
\parser\lib\index.js:12757:17)
    at Parser.parseModuleItem (D:\Smmplan\node_modules\@babel\pa
rser\lib\index.js:12734:17)
    at Parser.parseBlockOrModuleBlockBody (D:\Smmplan\node_modul
es\@babel\parser\lib\index.js:13306:36)
    at Parser.parseBlockBody (D:\Smmplan\node_modules\@babel\par
ser\lib\index.js:13299:10)
    at Parser.parseProgram (D:\Smmplan\node_modules\@babel\parse
r\lib\index.js:12612:10)
    at Parser.parseTopLevel (D:\Smmplan\node_modules\@babel\pars
er\lib\index.js:12602:25)
    at Parser.parse (D:\Smmplan\node_modules\@babel\parser\lib\i
ndex.js:14478:25)
    at parse (D:\Smmplan\node_modules\@babel\parser\lib\index.js
:14512:38)
Failed to collect coverage from D:\Smmplan\src\components\admin\
providers\inline-sync-button.tsx
ERROR: D:\Smmplan\src\components\admin\providers\inline-sync-but
ton.tsx: Support for the experimental syntax 'jsx' isn't current
ly enabled (63:13):

[0m [90m 61 |[39m         }
 [90m 62 |[39m     }[33m;[39m
[31m[1m>[22m[39m[90m 63 |[39m     [36mreturn[39m ([33m<
[39m[33mbutton[39m onClick[33m=[39m{handleSync} disabled[3
3m=[39m{isSyncing} className[33m=[39m{[32m`p-1.5 rounded-lg 
hover:bg-slate-100 text-slate-400 hover:text-blue-600 transition
-all ${isSyncing ? 'animate-spin text-blue-600 bg-blue-50' : ''}
`[39m} title[33m=[39m[32m"╨б╨╕╨╜╤Е╤А╨╛╨╜╨╕╨╖╨╕╤А╨╛╨▓╨░╤В╤М ╤
Б╤В╨░╤В╤Г╤Б ╤Б API"[39m[33m>[39m
 [90m    |[39m             [31m[1m^[22m[39m
 [90m 64 |[39m       [33m<[39m[33mlucide_react_1[39m[33m.
[39m[33mRefreshCw[39m size[33m=[39m{[35m14[39m}[33m/[39
m[33m>[39m
 [90m 65 |[39m     [33m<[39m[33m/[39m[33mbutton[39m[33m
>[39m)[33m;[39m
 [90m 66 |[39m }[0m

Add @babel/preset-react (https://github.com/babel/babel/tree/mai
n/packages/babel-preset-react) to the 'presets' section of your 
Babel config to enable transformation.
If you want to leave it as-is, add @babel/plugin-syntax-jsx (htt
ps://github.com/babel/babel/tree/main/packages/babel-plugin-synt
ax-jsx) to the 'plugins' section to enable parsing.

If you already added the plugin for this syntax to your config, 
it's possible that your config isn't being loaded.
You can re-run Babel with the BABEL_SHOW_CONFIG_FOR environment 
variable to show the loaded configuration:
	npx cross-env BABEL_SHOW_CONFIG_FOR=D:\Smmplan\src\components\a
dmin\providers\inline-sync-button.tsx <your build command>
See https://babeljs.io/docs/configuration#print-effective-config
s for more info.

STACK: SyntaxError: D:\Smmplan\src\components\admin\providers\in
line-sync-button.tsx: Support for the experimental syntax 'jsx' 
isn't currently enabled (63:13):

[0m [90m 61 |[39m         }
 [90m 62 |[39m     }[33m;[39m
[31m[1m>[22m[39m[90m 63 |[39m     [36mreturn[39m ([33m<
[39m[33mbutton[39m onClick[33m=[39m{handleSync} disabled[3
3m=[39m{isSyncing} className[33m=[39m{[32m`p-1.5 rounded-lg 
hover:bg-slate-100 text-slate-400 hover:text-blue-600 transition
-all ${isSyncing ? 'animate-spin text-blue-600 bg-blue-50' : ''}
`[39m} title[33m=[39m[32m"╨б╨╕╨╜╤Е╤А╨╛╨╜╨╕╨╖╨╕╤А╨╛╨▓╨░╤В╤М ╤
Б╤В╨░╤В╤Г╤Б ╤Б API"[39m[33m>[39m
 [90m    |[39m             [31m[1m^[22m[39m
 [90m 64 |[39m       [33m<[39m[33mlucide_react_1[39m[33m.
[39m[33mRefreshCw[39m size[33m=[39m{[35m14[39m}[33m/[39
m[33m>[39m
 [90m 65 |[39m     [33m<[39m[33m/[39m[33mbutton[39m[33m
>[39m)[33m;[39m
 [90m 66 |[39m }[0m

Add @babel/preset-react (https://github.com/babel/babel/tree/mai
n/packages/babel-preset-react) to the 'presets' section of your 
Babel config to enable transformation.
If you want to leave it as-is, add @babel/plugin-syntax-jsx (htt
ps://github.com/babel/babel/tree/main/packages/babel-plugin-synt
ax-jsx) to the 'plugins' section to enable parsing.

If you already added the plugin for this syntax to your config, 
it's possible that your config isn't being loaded.
You can re-run Babel with the BABEL_SHOW_CONFIG_FOR environment 
variable to show the loaded configuration:
	npx cross-env BABEL_SHOW_CONFIG_FOR=D:\Smmplan\src\components\a
dmin\providers\inline-sync-button.tsx <your build command>
See https://babeljs.io/docs/configuration#print-effective-config
s for more info.

    at constructor (D:\Smmplan\node_modules\@babel\parser\lib\in
dex.js:365:19)
    at Parser.raise (D:\Smmplan\node_modules\@babel\parser\lib\i
ndex.js:6599:19)
    at Parser.expectOnePlugin (D:\Smmplan\node_modules\@babel\pa
rser\lib\index.js:6633:18)
    at Parser.parseExprAtom (D:\Smmplan\node_modules\@babel\pars
er\lib\index.js:11388:24)
    at Parser.parseExprSubscripts (D:\Smmplan\node_modules\@babe
l\parser\lib\index.js:11071:23)
    at Parser.parseUpdate (D:\Smmplan\node_modules\@babel\parser
\lib\index.js:11056:21)
    at Parser.parseMaybeUnary (D:\Smmplan\node_modules\@babel\pa
rser\lib\index.js:11036:23)
    at Parser.parseMaybeUnaryOrPrivate (D:\Smmplan\node_modules\
@babel\parser\lib\index.js:10889:61)
    at Parser.parseExprOps (D:\Smmplan\node_modules\@babel\parse
r\lib\index.js:10894:23)
    at Parser.parseMaybeConditional (D:\Smmplan\node_modules\@ba
bel\parser\lib\index.js:10871:23)
    at Parser.parseMaybeAssign (D:\Smmplan\node_modules\@babel\p
arser\lib\index.js:10821:21)
    at D:\Smmplan\node_modules\@babel\parser\lib\index.js:10790:
39
    at Parser.allowInAnd (D:\Smmplan\node_modules\@babel\parser\
lib\index.js:12416:12)
    at Parser.parseMaybeAssignAllowIn (D:\Smmplan\node_modules\@
babel\parser\lib\index.js:10790:17)
    at Parser.parseMaybeAssignAllowInOrVoidPattern (D:\Smmplan\n
ode_modules\@babel\parser\lib\index.js:12483:17)
    at Parser.parseParenAndDistinguishExpression (D:\Smmplan\nod
e_modules\@babel\parser\lib\index.js:11665:28)
    at Parser.parseExprAtom (D:\Smmplan\node_modules\@babel\pars
er\lib\index.js:11321:23)
    at Parser.parseExprSubscripts (D:\Smmplan\node_modules\@babe
l\parser\lib\index.js:11071:23)
    at Parser.parseUpdate (D:\Smmplan\node_modules\@babel\parser
\lib\index.js:11056:21)
    at Parser.parseMaybeUnary (D:\Smmplan\node_modules\@babel\pa
rser\lib\index.js:11036:23)
    at Parser.parseMaybeUnaryOrPrivate (D:\Smmplan\node_modules\
@babel\parser\lib\index.js:10889:61)
    at Parser.parseExprOps (D:\Smmplan\node_modules\@babel\parse
r\lib\index.js:10894:23)
    at Parser.parseMaybeConditional (D:\Smmplan\node_modules\@ba
bel\parser\lib\index.js:10871:23)
    at Parser.parseMaybeAssign (D:\Smmplan\node_modules\@babel\p
arser\lib\index.js:10821:21)
    at Parser.parseExpressionBase (D:\Smmplan\node_modules\@babe
l\parser\lib\index.js:10774:23)
    at D:\Smmplan\node_modules\@babel\parser\lib\index.js:10770:
39
    at Parser.allowInAnd (D:\Smmplan\node_modules\@babel\parser\
lib\index.js:12411:16)
    at Parser.parseExpression (D:\Smmplan\node_modules\@babel\pa
rser\lib\index.js:10770:17)
    at Parser.parseReturnStatement (D:\Smmplan\node_modules\@bab
el\parser\lib\index.js:13132:28)
    at Parser.parseStatementContent (D:\Smmplan\node_modules\@ba
bel\parser\lib\index.js:12788:21)
    at Parser.parseStatementLike (D:\Smmplan\node_modules\@babel
\parser\lib\index.js:12757:17)
    at Parser.parseStatementListItem (D:\Smmplan\node_modules\@b
abel\parser\lib\index.js:12737:17)
    at Parser.parseBlockOrModuleBlockBody (D:\Smmplan\node_modul
es\@babel\parser\lib\index.js:13306:61)
    at Parser.parseBlockBody (D:\Smmplan\node_modules\@babel\par
ser\lib\index.js:13299:10)
    at Parser.parseBlock (D:\Smmplan\node_modules\@babel\parser\
lib\index.js:13287:10)
    at Parser.parseFunctionBody (D:\Smmplan\node_modules\@babel\
parser\lib\index.js:12090:24)
    at Parser.parseFunctionBodyAndFinish (D:\Smmplan\node_module
s\@babel\parser\lib\index.js:12076:10)
    at D:\Smmplan\node_modules\@babel\parser\lib\index.js:13435:
12
    at Parser.withSmartMixTopicForbiddingContext (D:\Smmplan\nod
e_modules\@babel\parser\lib\index.js:12393:14)
    at Parser.parseFunction (D:\Smmplan\node_modules\@babel\pars
er\lib\index.js:13434:10)
    at Parser.parseFunctionStatement (D:\Smmplan\node_modules\@b
abel\parser\lib\index.js:13115:17)
    at Parser.parseStatementContent (D:\Smmplan\node_modules\@ba
bel\parser\lib\index.js:12781:21)
    at Parser.parseStatementLike (D:\Smmplan\node_modules\@babel
\parser\lib\index.js:12757:17)
    at Parser.parseModuleItem (D:\Smmplan\node_modules\@babel\pa
rser\lib\index.js:12734:17)
    at Parser.parseBlockOrModuleBlockBody (D:\Smmplan\node_modul
es\@babel\parser\lib\index.js:13306:36)
    at Parser.parseBlockBody (D:\Smmplan\node_modules\@babel\par
ser\lib\index.js:13299:10)
    at Parser.parseProgram (D:\Smmplan\node_modules\@babel\parse
r\lib\index.js:12612:10)
    at Parser.parseTopLevel (D:\Smmplan\node_modules\@babel\pars
er\lib\index.js:12602:25)
    at Parser.parse (D:\Smmplan\node_modules\@babel\parser\lib\i
ndex.js:14478:25)
    at parse (D:\Smmplan\node_modules\@babel\parser\lib\index.js
:14512:38)
Failed to collect coverage from D:\Smmplan\src\components\admin\
providers\mapping-list.tsx
ERROR: D:\Smmplan\src\components\admin\providers\mapping-list.ts
x: Support for the experimental syntax 'jsx' isn't currently ena
bled (59:17):

[0m [90m 57 |[39m     }[33m;[39m
 [90m 58 |[39m     [36mif[39m (mappings[33m.[39mlength [3
3m===[39m [35m0[39m) {
[31m[1m>[22m[39m[90m 59 |[39m         [36mreturn[39m ([
33m<[39m[33mdiv[39m className[33m=[39m[32m"p-8 text-center
 text-slate-400 text-xs italic"[39m[33m>[39m
 [90m    |[39m                 [31m[1m^[22m[39m
 [90m 60 |[39m                 [33m╨Э╨╡╤В[39m ╨┐╤А╨╕╨▓╤П╨╖╨░
╨╜╨╜╤Л╤Е ╨┐╤А╨╛╨▓╨░╨╣╨┤╨╡╤А╨╛╨▓[33m.[39m [33m╨г╤Б╨╗╤Г╨│╨░[39
m ╨╜╨╡ ╨▒╤Г╨┤╨╡╤В ╤А╨░╨▒╨╛╤В╨░╤В╤М ╨░╨▓╤В╨╛╨╝╨░╤В╨╕╤З╨╡╤Б╨║╨╕[3
3m.[39m
 [90m 61 |[39m             [33m<[39m[33m/[39m[33mdiv[39m
[33m>[39m)[33m;[39m
 [90m 62 |[39m     }[0m

Add @babel/preset-react (https://github.com/babel/babel/tree/mai
n/packages/babel-preset-react) to the 'presets' section of your 
Babel config to enable transformation.
If you want to leave it as-is, add @babel/plugin-syntax-jsx (htt
ps://github.com/babel/babel/tree/main/packages/babel-plugin-synt
ax-jsx) to the 'plugins' section to enable parsing.

If you already added the plugin for this syntax to your config, 
it's possible that your config isn't being loaded.
You can re-run Babel with the BABEL_SHOW_CONFIG_FOR environment 
variable to show the loaded configuration:
	npx cross-env BABEL_SHOW_CONFIG_FOR=D:\Smmplan\src\components\a
dmin\providers\mapping-list.tsx <your build command>
See https://babeljs.io/docs/configuration#print-effective-config
s for more info.

STACK: SyntaxError: D:\Smmplan\src\components\admin\providers\ma
pping-list.tsx: Support for the experimental syntax 'jsx' isn't 
currently enabled (59:17):

[0m [90m 57 |[39m     }[33m;[39m
 [90m 58 |[39m     [36mif[39m (mappings[33m.[39mlength [3
3m===[39m [35m0[39m) {
[31m[1m>[22m[39m[90m 59 |[39m         [36mreturn[39m ([
33m<[39m[33mdiv[39m className[33m=[39m[32m"p-8 text-center
 text-slate-400 text-xs italic"[39m[33m>[39m
 [90m    |[39m                 [31m[1m^[22m[39m
 [90m 60 |[39m                 [33m╨Э╨╡╤В[39m ╨┐╤А╨╕╨▓╤П╨╖╨░
╨╜╨╜╤Л╤Е ╨┐╤А╨╛╨▓╨░╨╣╨┤╨╡╤А╨╛╨▓[33m.[39m [33m╨г╤Б╨╗╤Г╨│╨░[39
m ╨╜╨╡ ╨▒╤Г╨┤╨╡╤В ╤А╨░╨▒╨╛╤В╨░╤В╤М ╨░╨▓╤В╨╛╨╝╨░╤В╨╕╤З╨╡╤Б╨║╨╕[3
3m.[39m
 [90m 61 |[39m             [33m<[39m[33m/[39m[33mdiv[39m
[33m>[39m)[33m;[39m
 [90m 62 |[39m     }[0m

Add @babel/preset-react (https://github.com/babel/babel/tree/mai
n/packages/babel-preset-react) to the 'presets' section of your 
Babel config to enable transformation.
If you want to leave it as-is, add @babel/plugin-syntax-jsx (htt
ps://github.com/babel/babel/tree/main/packages/babel-plugin-synt
ax-jsx) to the 'plugins' section to enable parsing.

If you already added the plugin for this syntax to your config, 
it's possible that your config isn't being loaded.
You can re-run Babel with the BABEL_SHOW_CONFIG_FOR environment 
variable to show the loaded configuration:
	npx cross-env BABEL_SHOW_CONFIG_FOR=D:\Smmplan\src\components\a
dmin\providers\mapping-list.tsx <your build command>
See https://babeljs.io/docs/configuration#print-effective-config
s for more info.

    at constructor (D:\Smmplan\node_modules\@babel\parser\lib\in
dex.js:365:19)
    at Parser.raise (D:\Smmplan\node_modules\@babel\parser\lib\i
ndex.js:6599:19)
    at Parser.expectOnePlugin (D:\Smmplan\node_modules\@babel\pa
rser\lib\index.js:6633:18)
    at Parser.parseExprAtom (D:\Smmplan\node_modules\@babel\pars
er\lib\index.js:11388:24)
    at Parser.parseExprSubscripts (D:\Smmplan\node_modules\@babe
l\parser\lib\index.js:11071:23)
    at Parser.parseUpdate (D:\Smmplan\node_modules\@babel\parser
\lib\index.js:11056:21)
    at Parser.parseMaybeUnary (D:\Smmplan\node_modules\@babel\pa
rser\lib\index.js:11036:23)
    at Parser.parseMaybeUnaryOrPrivate (D:\Smmplan\node_modules\
@babel\parser\lib\index.js:10889:61)
    at Parser.parseExprOps (D:\Smmplan\node_modules\@babel\parse
r\lib\index.js:10894:23)
    at Parser.parseMaybeConditional (D:\Smmplan\node_modules\@ba
bel\parser\lib\index.js:10871:23)
    at Parser.parseMaybeAssign (D:\Smmplan\node_modules\@babel\p
arser\lib\index.js:10821:21)
    at D:\Smmplan\node_modules\@babel\parser\lib\index.js:10790:
39
    at Parser.allowInAnd (D:\Smmplan\node_modules\@babel\parser\
lib\index.js:12416:12)
    at Parser.parseMaybeAssignAllowIn (D:\Smmplan\node_modules\@
babel\parser\lib\index.js:10790:17)
    at Parser.parseMaybeAssignAllowInOrVoidPattern (D:\Smmplan\n
ode_modules\@babel\parser\lib\index.js:12483:17)
    at Parser.parseParenAndDistinguishExpression (D:\Smmplan\nod
e_modules\@babel\parser\lib\index.js:11665:28)
    at Parser.parseExprAtom (D:\Smmplan\node_modules\@babel\pars
er\lib\index.js:11321:23)
    at Parser.parseExprSubscripts (D:\Smmplan\node_modules\@babe
l\parser\lib\index.js:11071:23)
    at Parser.parseUpdate (D:\Smmplan\node_modules\@babel\parser
\lib\index.js:11056:21)
    at Parser.parseMaybeUnary (D:\Smmplan\node_modules\@babel\pa
rser\lib\index.js:11036:23)
    at Parser.parseMaybeUnaryOrPrivate (D:\Smmplan\node_modules\
@babel\parser\lib\index.js:10889:61)
    at Parser.parseExprOps (D:\Smmplan\node_modules\@babel\parse
r\lib\index.js:10894:23)
    at Parser.parseMaybeConditional (D:\Smmplan\node_modules\@ba
bel\parser\lib\index.js:10871:23)
    at Parser.parseMaybeAssign (D:\Smmplan\node_modules\@babel\p
arser\lib\index.js:10821:21)
    at Parser.parseExpressionBase (D:\Smmplan\node_modules\@babe
l\parser\lib\index.js:10774:23)
    at D:\Smmplan\node_modules\@babel\parser\lib\index.js:10770:
39
    at Parser.allowInAnd (D:\Smmplan\node_modules\@babel\parser\
lib\index.js:12411:16)
    at Parser.parseExpression (D:\Smmplan\node_modules\@babel\pa
rser\lib\index.js:10770:17)
    at Parser.parseReturnStatement (D:\Smmplan\node_modules\@bab
el\parser\lib\index.js:13132:28)
    at Parser.parseStatementContent (D:\Smmplan\node_modules\@ba
bel\parser\lib\index.js:12788:21)
    at Parser.parseStatementLike (D:\Smmplan\node_modules\@babel
\parser\lib\index.js:12757:17)
    at Parser.parseStatementListItem (D:\Smmplan\node_modules\@b
abel\parser\lib\index.js:12737:17)
    at Parser.parseBlockOrModuleBlockBody (D:\Smmplan\node_modul
es\@babel\parser\lib\index.js:13306:61)
    at Parser.parseBlockBody (D:\Smmplan\node_modules\@babel\par
ser\lib\index.js:13299:10)
    at Parser.parseBlock (D:\Smmplan\node_modules\@babel\parser\
lib\index.js:13287:10)
    at Parser.parseStatementContent (D:\Smmplan\node_modules\@ba
bel\parser\lib\index.js:12848:21)
    at Parser.parseStatementLike (D:\Smmplan\node_modules\@babel
\parser\lib\index.js:12757:17)
    at Parser.parseStatementOrSloppyAnnexBFunctionDeclaration (D
:\Smmplan\node_modules\@babel\parser\lib\index.js:12747:17)
    at Parser.parseIfStatement (D:\Smmplan\node_modules\@babel\p
arser\lib\index.js:13120:28)
    at Parser.parseStatementContent (D:\Smmplan\node_modules\@ba
bel\parser\lib\index.js:12786:21)
    at Parser.parseStatementLike (D:\Smmplan\node_modules\@babel
\parser\lib\index.js:12757:17)
    at Parser.parseStatementListItem (D:\Smmplan\node_modules\@b
abel\parser\lib\index.js:12737:17)
    at Parser.parseBlockOrModuleBlockBody (D:\Smmplan\node_modul
es\@babel\parser\lib\index.js:13306:61)
    at Parser.parseBlockBody (D:\Smmplan\node_modules\@babel\par
ser\lib\index.js:13299:10)
    at Parser.parseBlock (D:\Smmplan\node_modules\@babel\parser\
lib\index.js:13287:10)
    at Parser.parseFunctionBody (D:\Smmplan\node_modules\@babel\
parser\lib\index.js:12090:24)
    at Parser.parseFunctionBodyAndFinish (D:\Smmplan\node_module
s\@babel\parser\lib\index.js:12076:10)
    at D:\Smmplan\node_modules\@babel\parser\lib\index.js:13435:
12
    at Parser.withSmartMixTopicForbiddingContext (D:\Smmplan\nod
e_modules\@babel\parser\lib\index.js:12393:14)
    at Parser.parseFunction (D:\Smmplan\node_modules\@babel\pars
er\lib\index.js:13434:10)
Failed to collect coverage from D:\Smmplan\src\components\admin\
projects\project-appearance-editor.tsx
ERROR: D:\Smmplan\src\components\admin\projects\project-appearan
ce-editor.tsx: Support for the experimental syntax 'jsx' isn't c
urrently enabled (190:13):

[0m [90m 188 |[39m ][33m;[39m
 [90m 189 |[39m [36mfunction[39m [33mTelegramPreview[39m({
 welcomeText[33m,[39m menuLayout }) {
[31m[1m>[22m[39m[90m 190 |[39m     [36mreturn[39m ([33m
<[39m[33mdiv[39m className[33m=[39m[32m"w-[280px] h-[580px
] bg-[#E7EBF0] rounded-[40px] border-[8px] border-slate-900 shad
ow-2xl relative overflow-hidden flex flex-col mx-auto shrink-0 s
ticky top-4"[39m[33m>[39m
 [90m     |[39m             [31m[1m^[22m[39m
 [90m 191 |[39m             {[90m/* Header */[39m}
 [90m 192 |[39m             [33m<[39m[33mdiv[39m className
[33m=[39m[32m"bg-white px-4 py-3 border-b border-slate-200 fl
ex items-center gap-2"[39m[33m>[39m
 [90m 193 |[39m                 [33m<[39m[33mdiv[39m class
Name[33m=[39m[32m"w-8 h-8 rounded-full bg-slate-200 flex item
s-center justify-center text-[10px] font-bold text-slate-500"[3
9m[33m>[39m[33mBOT[39m[33m<[39m[33m/[39m[33mdiv[39m[3
3m>[39m[0m

Add @babel/preset-react (https://github.com/babel/babel/tree/mai
n/packages/babel-preset-react) to the 'presets' section of your 
Babel config to enable transformation.
If you want to leave it as-is, add @babel/plugin-syntax-jsx (htt
ps://github.com/babel/babel/tree/main/packages/babel-plugin-synt
ax-jsx) to the 'plugins' section to enable parsing.

If you already added the plugin for this syntax to your config, 
it's possible that your config isn't being loaded.
You can re-run Babel with the BABEL_SHOW_CONFIG_FOR environment 
variable to show the loaded configuration:
	npx cross-env BABEL_SHOW_CONFIG_FOR=D:\Smmplan\src\components\a
dmin\projects\project-appearance-editor.tsx <your build command>
See https://babeljs.io/docs/configuration#print-effective-config
s for more info.

STACK: SyntaxError: D:\Smmplan\src\components\admin\projects\pro
ject-appearance-editor.tsx: Support for the experimental syntax 
'jsx' isn't currently enabled (190:13):

[0m [90m 188 |[39m ][33m;[39m
 [90m 189 |[39m [36mfunction[39m [33mTelegramPreview[39m({
 welcomeText[33m,[39m menuLayout }) {
[31m[1m>[22m[39m[90m 190 |[39m     [36mreturn[39m ([33m
<[39m[33mdiv[39m className[33m=[39m[32m"w-[280px] h-[580px
] bg-[#E7EBF0] rounded-[40px] border-[8px] border-slate-900 shad
ow-2xl relative overflow-hidden flex flex-col mx-auto shrink-0 s
ticky top-4"[39m[33m>[39m
 [90m     |[39m             [31m[1m^[22m[39m
 [90m 191 |[39m             {[90m/* Header */[39m}
 [90m 192 |[39m             [33m<[39m[33mdiv[39m className
[33m=[39m[32m"bg-white px-4 py-3 border-b border-slate-200 fl
ex items-center gap-2"[39m[33m>[39m
 [90m 193 |[39m                 [33m<[39m[33mdiv[39m class
Name[33m=[39m[32m"w-8 h-8 rounded-full bg-slate-200 flex item
s-center justify-center text-[10px] font-bold text-slate-500"[3
9m[33m>[39m[33mBOT[39m[33m<[39m[33m/[39m[33mdiv[39m[3
3m>[39m[0m

Add @babel/preset-react (https://github.com/babel/babel/tree/mai
n/packages/babel-preset-react) to the 'presets' section of your 
Babel config to enable transformation.
If you want to leave it as-is, add @babel/plugin-syntax-jsx (htt
ps://github.com/babel/babel/tree/main/packages/babel-plugin-synt
ax-jsx) to the 'plugins' section to enable parsing.

If you already added the plugin for this syntax to your config, 
it's possible that your config isn't being loaded.
You can re-run Babel with the BABEL_SHOW_CONFIG_FOR environment 
variable to show the loaded configuration:
	npx cross-env BABEL_SHOW_CONFIG_FOR=D:\Smmplan\src\components\a
dmin\projects\project-appearance-editor.tsx <your build command>
See https://babeljs.io/docs/configuration#print-effective-config
s for more info.

    at constructor (D:\Smmplan\node_modules\@babel\parser\lib\in
dex.js:365:19)
    at Parser.raise (D:\Smmplan\node_modules\@babel\parser\lib\i
ndex.js:6599:19)
    at Parser.expectOnePlugin (D:\Smmplan\node_modules\@babel\pa
rser\lib\index.js:6633:18)
    at Parser.parseExprAtom (D:\Smmplan\node_modules\@babel\pars
er\lib\index.js:11388:24)
    at Parser.parseExprSubscripts (D:\Smmplan\node_modules\@babe
l\parser\lib\index.js:11071:23)
    at Parser.parseUpdate (D:\Smmplan\node_modules\@babel\parser
\lib\index.js:11056:21)
    at Parser.parseMaybeUnary (D:\Smmplan\node_modules\@babel\pa
rser\lib\index.js:11036:23)
    at Parser.parseMaybeUnaryOrPrivate (D:\Smmplan\node_modules\
@babel\parser\lib\index.js:10889:61)
    at Parser.parseExprOps (D:\Smmplan\node_modules\@babel\parse
r\lib\index.js:10894:23)
    at Parser.parseMaybeConditional (D:\Smmplan\node_modules\@ba
bel\parser\lib\index.js:10871:23)
    at Parser.parseMaybeAssign (D:\Smmplan\node_modules\@babel\p
arser\lib\index.js:10821:21)
    at D:\Smmplan\node_modules\@babel\parser\lib\index.js:10790:
39
    at Parser.allowInAnd (D:\Smmplan\node_modules\@babel\parser\
lib\index.js:12416:12)
    at Parser.parseMaybeAssignAllowIn (D:\Smmplan\node_modules\@
babel\parser\lib\index.js:10790:17)
    at Parser.parseMaybeAssignAllowInOrVoidPattern (D:\Smmplan\n
ode_modules\@babel\parser\lib\index.js:12483:17)
    at Parser.parseParenAndDistinguishExpression (D:\Smmplan\nod
e_modules\@babel\parser\lib\index.js:11665:28)
    at Parser.parseExprAtom (D:\Smmplan\node_modules\@babel\pars
er\lib\index.js:11321:23)
    at Parser.parseExprSubscripts (D:\Smmplan\node_modules\@babe
l\parser\lib\index.js:11071:23)
    at Parser.parseUpdate (D:\Smmplan\node_modules\@babel\parser
\lib\index.js:11056:21)
    at Parser.parseMaybeUnary (D:\Smmplan\node_modules\@babel\pa
rser\lib\index.js:11036:23)
    at Parser.parseMaybeUnaryOrPrivate (D:\Smmplan\node_modules\
@babel\parser\lib\index.js:10889:61)
    at Parser.parseExprOps (D:\Smmplan\node_modules\@babel\parse
r\lib\index.js:10894:23)
    at Parser.parseMaybeConditional (D:\Smmplan\node_modules\@ba
bel\parser\lib\index.js:10871:23)
    at Parser.parseMaybeAssign (D:\Smmplan\node_modules\@babel\p
arser\lib\index.js:10821:21)
    at Parser.parseExpressionBase (D:\Smmplan\node_modules\@babe
l\parser\lib\index.js:10774:23)
    at D:\Smmplan\node_modules\@babel\parser\lib\index.js:10770:
39
    at Parser.allowInAnd (D:\Smmplan\node_modules\@babel\parser\
lib\index.js:12411:16)
    at Parser.parseExpression (D:\Smmplan\node_modules\@babel\pa
rser\lib\index.js:10770:17)
    at Parser.parseReturnStatement (D:\Smmplan\node_modules\@bab
el\parser\lib\index.js:13132:28)
    at Parser.parseStatementContent (D:\Smmplan\node_modules\@ba
bel\parser\lib\index.js:12788:21)
    at Parser.parseStatementLike (D:\Smmplan\node_modules\@babel
\parser\lib\index.js:12757:17)
    at Parser.parseStatementListItem (D:\Smmplan\node_modules\@b
abel\parser\lib\index.js:12737:17)
    at Parser.parseBlockOrModuleBlockBody (D:\Smmplan\node_modul
es\@babel\parser\lib\index.js:13306:61)
    at Parser.parseBlockBody (D:\Smmplan\node_modules\@babel\par
ser\lib\index.js:13299:10)
    at Parser.parseBlock (D:\Smmplan\node_modules\@babel\parser\
lib\index.js:13287:10)
    at Parser.parseFunctionBody (D:\Smmplan\node_modules\@babel\
parser\lib\index.js:12090:24)
    at Parser.parseFunctionBodyAndFinish (D:\Smmplan\node_module
s\@babel\parser\lib\index.js:12076:10)
    at D:\Smmplan\node_modules\@babel\parser\lib\index.js:13435:
12
    at Parser.withSmartMixTopicForbiddingContext (D:\Smmplan\nod
e_modules\@babel\parser\lib\index.js:12393:14)
    at Parser.parseFunction (D:\Smmplan\node_modules\@babel\pars
er\lib\index.js:13434:10)
    at Parser.parseFunctionStatement (D:\Smmplan\node_modules\@b
abel\parser\lib\index.js:13115:17)
    at Parser.parseStatementContent (D:\Smmplan\node_modules\@ba
bel\parser\lib\index.js:12781:21)
    at Parser.parseStatementLike (D:\Smmplan\node_modules\@babel
\parser\lib\index.js:12757:17)
    at Parser.parseModuleItem (D:\Smmplan\node_modules\@babel\pa
rser\lib\index.js:12734:17)
    at Parser.parseBlockOrModuleBlockBody (D:\Smmplan\node_modul
es\@babel\parser\lib\index.js:13306:36)
    at Parser.parseBlockBody (D:\Smmplan\node_modules\@babel\par
ser\lib\index.js:13299:10)
    at Parser.parseProgram (D:\Smmplan\node_modules\@babel\parse
r\lib\index.js:12612:10)
    at Parser.parseTopLevel (D:\Smmplan\node_modules\@babel\pars
er\lib\index.js:12602:25)
    at Parser.parse (D:\Smmplan\node_modules\@babel\parser\lib\i
ndex.js:14478:25)
    at parse (D:\Smmplan\node_modules\@babel\parser\lib\index.js
:14512:38)
Failed to collect coverage from D:\Smmplan\src\components\admin\
providers\sync-providers-button.tsx
ERROR: D:\Smmplan\src\components\admin\providers\sync-providers-
button.tsx: Support for the experimental syntax 'jsx' isn't curr
ently enabled (56:13):

[0m [90m 54 |[39m         }
 [90m 55 |[39m     }[33m;[39m
[31m[1m>[22m[39m[90m 56 |[39m     [36mreturn[39m ([33m<
[39m[33mbutton[39m onClick[33m=[39m{handleSync} disabled[3
3m=[39m{isSyncing} className[33m=[39m[32m"flex items-center 
gap-2 px-4 py-2 bg-white border border-slate-200 rounded-lg text
-sm font-semibold text-slate-700 hover:bg-slate-50 disabled:opac
ity-50 transition-all shadow-sm"[39m[33m>[39m
 [90m    |[39m             [31m[1m^[22m[39m
 [90m 57 |[39m       {isSyncing [33m?[39m [33m<[39m[33mlu
cide_react_1[39m[33m.[39m[33mLoader2[39m size[33m=[39m{[
35m18[39m} className[33m=[39m[32m"animate-spin text-blue-600
"[39m[35m/> : <lucide_react_1.RefreshCw size={18}/[39m[33m>
[39m}
 [90m 58 |[39m       [33mSync[39m [33mAll[39m [33mService
s[39m
 [90m 59 |[39m     [33m<[39m[33m/[39m[33mbutton[39m[33m
>[39m)[33m;[39m[0m

Add @babel/preset-react (https://github.com/babel/babel/tree/mai
n/packages/babel-preset-react) to the 'presets' section of your 
Babel config to enable transformation.
If you want to leave it as-is, add @babel/plugin-syntax-jsx (htt
ps://github.com/babel/babel/tree/main/packages/babel-plugin-synt
ax-jsx) to the 'plugins' section to enable parsing.

If you already added the plugin for this syntax to your config, 
it's possible that your config isn't being loaded.
You can re-run Babel with the BABEL_SHOW_CONFIG_FOR environment 
variable to show the loaded configuration:
	npx cross-env BABEL_SHOW_CONFIG_FOR=D:\Smmplan\src\components\a
dmin\providers\sync-providers-button.tsx <your build command>
See https://babeljs.io/docs/configuration#print-effective-config
s for more info.

STACK: SyntaxError: D:\Smmplan\src\components\admin\providers\sy
nc-providers-button.tsx: Support for the experimental syntax 'js
x' isn't currently enabled (56:13):

[0m [90m 54 |[39m         }
 [90m 55 |[39m     }[33m;[39m
[31m[1m>[22m[39m[90m 56 |[39m     [36mreturn[39m ([33m<
[39m[33mbutton[39m onClick[33m=[39m{handleSync} disabled[3
3m=[39m{isSyncing} className[33m=[39m[32m"flex items-center 
gap-2 px-4 py-2 bg-white border border-slate-200 rounded-lg text
-sm font-semibold text-slate-700 hover:bg-slate-50 disabled:opac
ity-50 transition-all shadow-sm"[39m[33m>[39m
 [90m    |[39m             [31m[1m^[22m[39m
 [90m 57 |[39m       {isSyncing [33m?[39m [33m<[39m[33mlu
cide_react_1[39m[33m.[39m[33mLoader2[39m size[33m=[39m{[
35m18[39m} className[33m=[39m[32m"animate-spin text-blue-600
"[39m[35m/> : <lucide_react_1.RefreshCw size={18}/[39m[33m>
[39m}
 [90m 58 |[39m       [33mSync[39m [33mAll[39m [33mService
s[39m
 [90m 59 |[39m     [33m<[39m[33m/[39m[33mbutton[39m[33m
>[39m)[33m;[39m[0m

Add @babel/preset-react (https://github.com/babel/babel/tree/mai
n/packages/babel-preset-react) to the 'presets' section of your 
Babel config to enable transformation.
If you want to leave it as-is, add @babel/plugin-syntax-jsx (htt
ps://github.com/babel/babel/tree/main/packages/babel-plugin-synt
ax-jsx) to the 'plugins' section to enable parsing.

If you already added the plugin for this syntax to your config, 
it's possible that your config isn't being loaded.
You can re-run Babel with the BABEL_SHOW_CONFIG_FOR environment 
variable to show the loaded configuration:
	npx cross-env BABEL_SHOW_CONFIG_FOR=D:\Smmplan\src\components\a
dmin\providers\sync-providers-button.tsx <your build command>
See https://babeljs.io/docs/configuration#print-effective-config
s for more info.

    at constructor (D:\Smmplan\node_modules\@babel\parser\lib\in
dex.js:365:19)
    at Parser.raise (D:\Smmplan\node_modules\@babel\parser\lib\i
ndex.js:6599:19)
    at Parser.expectOnePlugin (D:\Smmplan\node_modules\@babel\pa
rser\lib\index.js:6633:18)
    at Parser.parseExprAtom (D:\Smmplan\node_modules\@babel\pars
er\lib\index.js:11388:24)
    at Parser.parseExprSubscripts (D:\Smmplan\node_modules\@babe
l\parser\lib\index.js:11071:23)
    at Parser.parseUpdate (D:\Smmplan\node_modules\@babel\parser
\lib\index.js:11056:21)
    at Parser.parseMaybeUnary (D:\Smmplan\node_modules\@babel\pa
rser\lib\index.js:11036:23)
    at Parser.parseMaybeUnaryOrPrivate (D:\Smmplan\node_modules\
@babel\parser\lib\index.js:10889:61)
    at Parser.parseExprOps (D:\Smmplan\node_modules\@babel\parse
r\lib\index.js:10894:23)
    at Parser.parseMaybeConditional (D:\Smmplan\node_modules\@ba
bel\parser\lib\index.js:10871:23)
    at Parser.parseMaybeAssign (D:\Smmplan\node_modules\@babel\p
arser\lib\index.js:10821:21)
    at D:\Smmplan\node_modules\@babel\parser\lib\index.js:10790:
39
    at Parser.allowInAnd (D:\Smmplan\node_modules\@babel\parser\
lib\index.js:12416:12)
    at Parser.parseMaybeAssignAllowIn (D:\Smmplan\node_modules\@
babel\parser\lib\index.js:10790:17)
    at Parser.parseMaybeAssignAllowInOrVoidPattern (D:\Smmplan\n
ode_modules\@babel\parser\lib\index.js:12483:17)
    at Parser.parseParenAndDistinguishExpression (D:\Smmplan\nod
e_modules\@babel\parser\lib\index.js:11665:28)
    at Parser.parseExprAtom (D:\Smmplan\node_modules\@babel\pars
er\lib\index.js:11321:23)
    at Parser.parseExprSubscripts (D:\Smmplan\node_modules\@babe
l\parser\lib\index.js:11071:23)
    at Parser.parseUpdate (D:\Smmplan\node_modules\@babel\parser
\lib\index.js:11056:21)
    at Parser.parseMaybeUnary (D:\Smmplan\node_modules\@babel\pa
rser\lib\index.js:11036:23)
    at Parser.parseMaybeUnaryOrPrivate (D:\Smmplan\node_modules\
@babel\parser\lib\index.js:10889:61)
    at Parser.parseExprOps (D:\Smmplan\node_modules\@babel\parse
r\lib\index.js:10894:23)
    at Parser.parseMaybeConditional (D:\Smmplan\node_modules\@ba
bel\parser\lib\index.js:10871:23)
    at Parser.parseMaybeAssign (D:\Smmplan\node_modules\@babel\p
arser\lib\index.js:10821:21)
    at Parser.parseExpressionBase (D:\Smmplan\node_modules\@babe
l\parser\lib\index.js:10774:23)
    at D:\Smmplan\node_modules\@babel\parser\lib\index.js:10770:
39
    at Parser.allowInAnd (D:\Smmplan\node_modules\@babel\parser\
lib\index.js:12411:16)
    at Parser.parseExpression (D:\Smmplan\node_modules\@babel\pa
rser\lib\index.js:10770:17)
    at Parser.parseReturnStatement (D:\Smmplan\node_modules\@bab
el\parser\lib\index.js:13132:28)
    at Parser.parseStatementContent (D:\Smmplan\node_modules\@ba
bel\parser\lib\index.js:12788:21)
    at Parser.parseStatementLike (D:\Smmplan\node_modules\@babel
\parser\lib\index.js:12757:17)
    at Parser.parseStatementListItem (D:\Smmplan\node_modules\@b
abel\parser\lib\index.js:12737:17)
    at Parser.parseBlockOrModuleBlockBody (D:\Smmplan\node_modul
es\@babel\parser\lib\index.js:13306:61)
    at Parser.parseBlockBody (D:\Smmplan\node_modules\@babel\par
ser\lib\index.js:13299:10)
    at Parser.parseBlock (D:\Smmplan\node_modules\@babel\parser\
lib\index.js:13287:10)
    at Parser.parseFunctionBody (D:\Smmplan\node_modules\@babel\
parser\lib\index.js:12090:24)
    at Parser.parseFunctionBodyAndFinish (D:\Smmplan\node_module
s\@babel\parser\lib\index.js:12076:10)
    at D:\Smmplan\node_modules\@babel\parser\lib\index.js:13435:
12
    at Parser.withSmartMixTopicForbiddingContext (D:\Smmplan\nod
e_modules\@babel\parser\lib\index.js:12393:14)
    at Parser.parseFunction (D:\Smmplan\node_modules\@babel\pars
er\lib\index.js:13434:10)
    at Parser.parseFunctionStatement (D:\Smmplan\node_modules\@b
abel\parser\lib\index.js:13115:17)
    at Parser.parseStatementContent (D:\Smmplan\node_modules\@ba
bel\parser\lib\index.js:12781:21)
    at Parser.parseStatementLike (D:\Smmplan\node_modules\@babel
\parser\lib\index.js:12757:17)
    at Parser.parseModuleItem (D:\Smmplan\node_modules\@babel\pa
rser\lib\index.js:12734:17)
    at Parser.parseBlockOrModuleBlockBody (D:\Smmplan\node_modul
es\@babel\parser\lib\index.js:13306:36)
    at Parser.parseBlockBody (D:\Smmplan\node_modules\@babel\par
ser\lib\index.js:13299:10)
    at Parser.parseProgram (D:\Smmplan\node_modules\@babel\parse
r\lib\index.js:12612:10)
    at Parser.parseTopLevel (D:\Smmplan\node_modules\@babel\pars
er\lib\index.js:12602:25)
    at Parser.parse (D:\Smmplan\node_modules\@babel\parser\lib\i
ndex.js:14478:25)
    at parse (D:\Smmplan\node_modules\@babel\parser\lib\index.js
:14512:38)
Failed to collect coverage from D:\Smmplan\src\components\admin\
providers\metadata-builder.tsx
ERROR: D:\Smmplan\src\components\admin\providers\metadata-builde
r.tsx: Support for the experimental syntax 'jsx' isn't currently
 enabled (99:13):

[0m [90m  97 |[39m         updateFields(newFields)[33m;[39m
 [90m  98 |[39m     }[33m;[39m
[31m[1m>[22m[39m[90m  99 |[39m     [36mreturn[39m ([33m
<[39m[33mdiv[39m className[33m=[39m[32m"space-y-3"[39m[3
3m>[39m
 [90m     |[39m             [31m[1m^[22m[39m
 [90m 100 |[39m             {name [33m&&[39m [33m<[39m[33
minput[39m type[33m=[39m[32m"hidden"[39m name[33m=[39m{na
me} value[33m=[39m{jsonValue}[33m/[39m[33m>[39m}
 [90m 101 |[39m             [33m<[39m[33mdiv[39m className
[33m=[39m[32m"flex items-center justify-between"[39m[33m>[
39m
 [90m 102 |[39m                 [33m<[39m[33mlabel[39m cla
ssName[33m=[39m[32m"text-[10px] font-black text-slate-400 upp
ercase ml-1 tracking-widest"[39m[33m>[39m[0m

Add @babel/preset-react (https://github.com/babel/babel/tree/mai
n/packages/babel-preset-react) to the 'presets' section of your 
Babel config to enable transformation.
If you want to leave it as-is, add @babel/plugin-syntax-jsx (htt
ps://github.com/babel/babel/tree/main/packages/babel-plugin-synt
ax-jsx) to the 'plugins' section to enable parsing.

If you already added the plugin for this syntax to your config, 
it's possible that your config isn't being loaded.
You can re-run Babel with the BABEL_SHOW_CONFIG_FOR environment 
variable to show the loaded configuration:
	npx cross-env BABEL_SHOW_CONFIG_FOR=D:\Smmplan\src\components\a
dmin\providers\metadata-builder.tsx <your build command>
See https://babeljs.io/docs/configuration#print-effective-config
s for more info.

STACK: SyntaxError: D:\Smmplan\src\components\admin\providers\me
tadata-builder.tsx: Support for the experimental syntax 'jsx' is
n't currently enabled (99:13):

[0m [90m  97 |[39m         updateFields(newFields)[33m;[39m
 [90m  98 |[39m     }[33m;[39m
[31m[1m>[22m[39m[90m  99 |[39m     [36mreturn[39m ([33m
<[39m[33mdiv[39m className[33m=[39m[32m"space-y-3"[39m[3
3m>[39m
 [90m     |[39m             [31m[1m^[22m[39m
 [90m 100 |[39m             {name [33m&&[39m [33m<[39m[33
minput[39m type[33m=[39m[32m"hidden"[39m name[33m=[39m{na
me} value[33m=[39m{jsonValue}[33m/[39m[33m>[39m}
 [90m 101 |[39m             [33m<[39m[33mdiv[39m className
[33m=[39m[32m"flex items-center justify-between"[39m[33m>[
39m
 [90m 102 |[39m                 [33m<[39m[33mlabel[39m cla
ssName[33m=[39m[32m"text-[10px] font-black text-slate-400 upp
ercase ml-1 tracking-widest"[39m[33m>[39m[0m

Add @babel/preset-react (https://github.com/babel/babel/tree/mai
n/packages/babel-preset-react) to the 'presets' section of your 
Babel config to enable transformation.
If you want to leave it as-is, add @babel/plugin-syntax-jsx (htt
ps://github.com/babel/babel/tree/main/packages/babel-plugin-synt
ax-jsx) to the 'plugins' section to enable parsing.

If you already added the plugin for this syntax to your config, 
it's possible that your config isn't being loaded.
You can re-run Babel with the BABEL_SHOW_CONFIG_FOR environment 
variable to show the loaded configuration:
	npx cross-env BABEL_SHOW_CONFIG_FOR=D:\Smmplan\src\components\a
dmin\providers\metadata-builder.tsx <your build command>
See https://babeljs.io/docs/configuration#print-effective-config
s for more info.

    at constructor (D:\Smmplan\node_modules\@babel\parser\lib\in
dex.js:365:19)
    at Parser.raise (D:\Smmplan\node_modules\@babel\parser\lib\i
ndex.js:6599:19)
    at Parser.expectOnePlugin (D:\Smmplan\node_modules\@babel\pa
rser\lib\index.js:6633:18)
    at Parser.parseExprAtom (D:\Smmplan\node_modules\@babel\pars
er\lib\index.js:11388:24)
    at Parser.parseExprSubscripts (D:\Smmplan\node_modules\@babe
l\parser\lib\index.js:11071:23)
    at Parser.parseUpdate (D:\Smmplan\node_modules\@babel\parser
\lib\index.js:11056:21)
    at Parser.parseMaybeUnary (D:\Smmplan\node_modules\@babel\pa
rser\lib\index.js:11036:23)
    at Parser.parseMaybeUnaryOrPrivate (D:\Smmplan\node_modules\
@babel\parser\lib\index.js:10889:61)
    at Parser.parseExprOps (D:\Smmplan\node_modules\@babel\parse
r\lib\index.js:10894:23)
    at Parser.parseMaybeConditional (D:\Smmplan\node_modules\@ba
bel\parser\lib\index.js:10871:23)
    at Parser.parseMaybeAssign (D:\Smmplan\node_modules\@babel\p
arser\lib\index.js:10821:21)
    at D:\Smmplan\node_modules\@babel\parser\lib\index.js:10790:
39
    at Parser.allowInAnd (D:\Smmplan\node_modules\@babel\parser\
lib\index.js:12416:12)
    at Parser.parseMaybeAssignAllowIn (D:\Smmplan\node_modules\@
babel\parser\lib\index.js:10790:17)
    at Parser.parseMaybeAssignAllowInOrVoidPattern (D:\Smmplan\n
ode_modules\@babel\parser\lib\index.js:12483:17)
    at Parser.parseParenAndDistinguishExpression (D:\Smmplan\nod
e_modules\@babel\parser\lib\index.js:11665:28)
    at Parser.parseExprAtom (D:\Smmplan\node_modules\@babel\pars
er\lib\index.js:11321:23)
    at Parser.parseExprSubscripts (D:\Smmplan\node_modules\@babe
l\parser\lib\index.js:11071:23)
    at Parser.parseUpdate (D:\Smmplan\node_modules\@babel\parser
\lib\index.js:11056:21)
    at Parser.parseMaybeUnary (D:\Smmplan\node_modules\@babel\pa
rser\lib\index.js:11036:23)
    at Parser.parseMaybeUnaryOrPrivate (D:\Smmplan\node_modules\
@babel\parser\lib\index.js:10889:61)
    at Parser.parseExprOps (D:\Smmplan\node_modules\@babel\parse
r\lib\index.js:10894:23)
    at Parser.parseMaybeConditional (D:\Smmplan\node_modules\@ba
bel\parser\lib\index.js:10871:23)
    at Parser.parseMaybeAssign (D:\Smmplan\node_modules\@babel\p
arser\lib\index.js:10821:21)
    at Parser.parseExpressionBase (D:\Smmplan\node_modules\@babe
l\parser\lib\index.js:10774:23)
    at D:\Smmplan\node_modules\@babel\parser\lib\index.js:10770:
39
    at Parser.allowInAnd (D:\Smmplan\node_modules\@babel\parser\
lib\index.js:12411:16)
    at Parser.parseExpression (D:\Smmplan\node_modules\@babel\pa
rser\lib\index.js:10770:17)
    at Parser.parseReturnStatement (D:\Smmplan\node_modules\@bab
el\parser\lib\index.js:13132:28)
    at Parser.parseStatementContent (D:\Smmplan\node_modules\@ba
bel\parser\lib\index.js:12788:21)
    at Parser.parseStatementLike (D:\Smmplan\node_modules\@babel
\parser\lib\index.js:12757:17)
    at Parser.parseStatementListItem (D:\Smmplan\node_modules\@b
abel\parser\lib\index.js:12737:17)
    at Parser.parseBlockOrModuleBlockBody (D:\Smmplan\node_modul
es\@babel\parser\lib\index.js:13306:61)
    at Parser.parseBlockBody (D:\Smmplan\node_modules\@babel\par
ser\lib\index.js:13299:10)
    at Parser.parseBlock (D:\Smmplan\node_modules\@babel\parser\
lib\index.js:13287:10)
    at Parser.parseFunctionBody (D:\Smmplan\node_modules\@babel\
parser\lib\index.js:12090:24)
    at Parser.parseFunctionBodyAndFinish (D:\Smmplan\node_module
s\@babel\parser\lib\index.js:12076:10)
    at D:\Smmplan\node_modules\@babel\parser\lib\index.js:13435:
12
    at Parser.withSmartMixTopicForbiddingContext (D:\Smmplan\nod
e_modules\@babel\parser\lib\index.js:12393:14)
    at Parser.parseFunction (D:\Smmplan\node_modules\@babel\pars
er\lib\index.js:13434:10)
    at Parser.parseFunctionStatement (D:\Smmplan\node_modules\@b
abel\parser\lib\index.js:13115:17)
    at Parser.parseStatementContent (D:\Smmplan\node_modules\@ba
bel\parser\lib\index.js:12781:21)
    at Parser.parseStatementLike (D:\Smmplan\node_modules\@babel
\parser\lib\index.js:12757:17)
    at Parser.parseModuleItem (D:\Smmplan\node_modules\@babel\pa
rser\lib\index.js:12734:17)
    at Parser.parseBlockOrModuleBlockBody (D:\Smmplan\node_modul
es\@babel\parser\lib\index.js:13306:36)
    at Parser.parseBlockBody (D:\Smmplan\node_modules\@babel\par
ser\lib\index.js:13299:10)
    at Parser.parseProgram (D:\Smmplan\node_modules\@babel\parse
r\lib\index.js:12612:10)
    at Parser.parseTopLevel (D:\Smmplan\node_modules\@babel\pars
er\lib\index.js:12602:25)
    at Parser.parse (D:\Smmplan\node_modules\@babel\parser\lib\i
ndex.js:14478:25)
    at parse (D:\Smmplan\node_modules\@babel\parser\lib\index.js
:14512:38)
Failed to collect coverage from D:\Smmplan\src\components\admin\
providers\provider-linker.tsx
ERROR: D:\Smmplan\src\components\admin\providers\provider-linker
.tsx: Support for the experimental syntax 'jsx' isn't currently 
enabled (72:13):

[0m [90m 70 |[39m         }
 [90m 71 |[39m     }[33m;[39m
[31m[1m>[22m[39m[90m 72 |[39m     [36mreturn[39m ([33m<
[39m[33mdiv[39m className[33m=[39m[32m"bg-slate-900 rounde
d-2xl border border-slate-800 overflow-hidden"[39m[33m>[39m
 [90m    |[39m             [31m[1m^[22m[39m
 [90m 73 |[39m       [33m<[39m[33mdiv[39m className[33m=
[39m[32m"p-4 border-b border-slate-800 bg-slate-950/50 flex ite
ms-center justify-between"[39m[33m>[39m
 [90m 74 |[39m         [33m<[39m[33mh3[39m className[33m=
[39m[32m"text-xs font-bold text-slate-400 uppercase tracking-w
idest flex items-center gap-2"[39m[33m>[39m
 [90m 75 |[39m           [33m<[39m[33mlucide_react_1[39m[
33m.[39m[33mDatabase[39m size[33m=[39m{[35m14[39m} classN
ame[33m=[39m[32m"text-blue-500"[39m[33m/[39m[33m>[39m[0
m

Add @babel/preset-react (https://github.com/babel/babel/tree/mai
n/packages/babel-preset-react) to the 'presets' section of your 
Babel config to enable transformation.
If you want to leave it as-is, add @babel/plugin-syntax-jsx (htt
ps://github.com/babel/babel/tree/main/packages/babel-plugin-synt
ax-jsx) to the 'plugins' section to enable parsing.

If you already added the plugin for this syntax to your config, 
it's possible that your config isn't being loaded.
You can re-run Babel with the BABEL_SHOW_CONFIG_FOR environment 
variable to show the loaded configuration:
	npx cross-env BABEL_SHOW_CONFIG_FOR=D:\Smmplan\src\components\a
dmin\providers\provider-linker.tsx <your build command>
See https://babeljs.io/docs/configuration#print-effective-config
s for more info.

STACK: SyntaxError: D:\Smmplan\src\components\admin\providers\pr
ovider-linker.tsx: Support for the experimental syntax 'jsx' isn
't currently enabled (72:13):

[0m [90m 70 |[39m         }
 [90m 71 |[39m     }[33m;[39m
[31m[1m>[22m[39m[90m 72 |[39m     [36mreturn[39m ([33m<
[39m[33mdiv[39m className[33m=[39m[32m"bg-slate-900 rounde
d-2xl border border-slate-800 overflow-hidden"[39m[33m>[39m
 [90m    |[39m             [31m[1m^[22m[39m
 [90m 73 |[39m       [33m<[39m[33mdiv[39m className[33m=
[39m[32m"p-4 border-b border-slate-800 bg-slate-950/50 flex ite
ms-center justify-between"[39m[33m>[39m
 [90m 74 |[39m         [33m<[39m[33mh3[39m className[33m=
[39m[32m"text-xs font-bold text-slate-400 uppercase tracking-w
idest flex items-center gap-2"[39m[33m>[39m
 [90m 75 |[39m           [33m<[39m[33mlucide_react_1[39m[
33m.[39m[33mDatabase[39m size[33m=[39m{[35m14[39m} classN
ame[33m=[39m[32m"text-blue-500"[39m[33m/[39m[33m>[39m[0
m

Add @babel/preset-react (https://github.com/babel/babel/tree/mai
n/packages/babel-preset-react) to the 'presets' section of your 
Babel config to enable transformation.
If you want to leave it as-is, add @babel/plugin-syntax-jsx (htt
ps://github.com/babel/babel/tree/main/packages/babel-plugin-synt
ax-jsx) to the 'plugins' section to enable parsing.

If you already added the plugin for this syntax to your config, 
it's possible that your config isn't being loaded.
You can re-run Babel with the BABEL_SHOW_CONFIG_FOR environment 
variable to show the loaded configuration:
	npx cross-env BABEL_SHOW_CONFIG_FOR=D:\Smmplan\src\components\a
dmin\providers\provider-linker.tsx <your build command>
See https://babeljs.io/docs/configuration#print-effective-config
s for more info.

    at constructor (D:\Smmplan\node_modules\@babel\parser\lib\in
dex.js:365:19)
    at Parser.raise (D:\Smmplan\node_modules\@babel\parser\lib\i
ndex.js:6599:19)
    at Parser.expectOnePlugin (D:\Smmplan\node_modules\@babel\pa
rser\lib\index.js:6633:18)
    at Parser.parseExprAtom (D:\Smmplan\node_modules\@babel\pars
er\lib\index.js:11388:24)
    at Parser.parseExprSubscripts (D:\Smmplan\node_modules\@babe
l\parser\lib\index.js:11071:23)
    at Parser.parseUpdate (D:\Smmplan\node_modules\@babel\parser
\lib\index.js:11056:21)
    at Parser.parseMaybeUnary (D:\Smmplan\node_modules\@babel\pa
rser\lib\index.js:11036:23)
    at Parser.parseMaybeUnaryOrPrivate (D:\Smmplan\node_modules\
@babel\parser\lib\index.js:10889:61)
    at Parser.parseExprOps (D:\Smmplan\node_modules\@babel\parse
r\lib\index.js:10894:23)
    at Parser.parseMaybeConditional (D:\Smmplan\node_modules\@ba
bel\parser\lib\index.js:10871:23)
    at Parser.parseMaybeAssign (D:\Smmplan\node_modules\@babel\p
arser\lib\index.js:10821:21)
    at D:\Smmplan\node_modules\@babel\parser\lib\index.js:10790:
39
    at Parser.allowInAnd (D:\Smmplan\node_modules\@babel\parser\
lib\index.js:12416:12)
    at Parser.parseMaybeAssignAllowIn (D:\Smmplan\node_modules\@
babel\parser\lib\index.js:10790:17)
    at Parser.parseMaybeAssignAllowInOrVoidPattern (D:\Smmplan\n
ode_modules\@babel\parser\lib\index.js:12483:17)
    at Parser.parseParenAndDistinguishExpression (D:\Smmplan\nod
e_modules\@babel\parser\lib\index.js:11665:28)
    at Parser.parseExprAtom (D:\Smmplan\node_modules\@babel\pars
er\lib\index.js:11321:23)
    at Parser.parseExprSubscripts (D:\Smmplan\node_modules\@babe
l\parser\lib\index.js:11071:23)
    at Parser.parseUpdate (D:\Smmplan\node_modules\@babel\parser
\lib\index.js:11056:21)
    at Parser.parseMaybeUnary (D:\Smmplan\node_modules\@babel\pa
rser\lib\index.js:11036:23)
    at Parser.parseMaybeUnaryOrPrivate (D:\Smmplan\node_modules\
@babel\parser\lib\index.js:10889:61)
    at Parser.parseExprOps (D:\Smmplan\node_modules\@babel\parse
r\lib\index.js:10894:23)
    at Parser.parseMaybeConditional (D:\Smmplan\node_modules\@ba
bel\parser\lib\index.js:10871:23)
    at Parser.parseMaybeAssign (D:\Smmplan\node_modules\@babel\p
arser\lib\index.js:10821:21)
    at Parser.parseExpressionBase (D:\Smmplan\node_modules\@babe
l\parser\lib\index.js:10774:23)
    at D:\Smmplan\node_modules\@babel\parser\lib\index.js:10770:
39
    at Parser.allowInAnd (D:\Smmplan\node_modules\@babel\parser\
lib\index.js:12411:16)
    at Parser.parseExpression (D:\Smmplan\node_modules\@babel\pa
rser\lib\index.js:10770:17)
    at Parser.parseReturnStatement (D:\Smmplan\node_modules\@bab
el\parser\lib\index.js:13132:28)
    at Parser.parseStatementContent (D:\Smmplan\node_modules\@ba
bel\parser\lib\index.js:12788:21)
    at Parser.parseStatementLike (D:\Smmplan\node_modules\@babel
\parser\lib\index.js:12757:17)
    at Parser.parseStatementListItem (D:\Smmplan\node_modules\@b
abel\parser\lib\index.js:12737:17)
    at Parser.parseBlockOrModuleBlockBody (D:\Smmplan\node_modul
es\@babel\parser\lib\index.js:13306:61)
    at Parser.parseBlockBody (D:\Smmplan\node_modules\@babel\par
ser\lib\index.js:13299:10)
    at Parser.parseBlock (D:\Smmplan\node_modules\@babel\parser\
lib\index.js:13287:10)
    at Parser.parseFunctionBody (D:\Smmplan\node_modules\@babel\
parser\lib\index.js:12090:24)
    at Parser.parseFunctionBodyAndFinish (D:\Smmplan\node_module
s\@babel\parser\lib\index.js:12076:10)
    at D:\Smmplan\node_modules\@babel\parser\lib\index.js:13435:
12
    at Parser.withSmartMixTopicForbiddingContext (D:\Smmplan\nod
e_modules\@babel\parser\lib\index.js:12393:14)
    at Parser.parseFunction (D:\Smmplan\node_modules\@babel\pars
er\lib\index.js:13434:10)
    at Parser.parseFunctionStatement (D:\Smmplan\node_modules\@b
abel\parser\lib\index.js:13115:17)
    at Parser.parseStatementContent (D:\Smmplan\node_modules\@ba
bel\parser\lib\index.js:12781:21)
    at Parser.parseStatementLike (D:\Smmplan\node_modules\@babel
\parser\lib\index.js:12757:17)
    at Parser.parseModuleItem (D:\Smmplan\node_modules\@babel\pa
rser\lib\index.js:12734:17)
    at Parser.parseBlockOrModuleBlockBody (D:\Smmplan\node_modul
es\@babel\parser\lib\index.js:13306:36)
    at Parser.parseBlockBody (D:\Smmplan\node_modules\@babel\par
ser\lib\index.js:13299:10)
    at Parser.parseProgram (D:\Smmplan\node_modules\@babel\parse
r\lib\index.js:12612:10)
    at Parser.parseTopLevel (D:\Smmplan\node_modules\@babel\pars
er\lib\index.js:12602:25)
    at Parser.parse (D:\Smmplan\node_modules\@babel\parser\lib\i
ndex.js:14478:25)
    at parse (D:\Smmplan\node_modules\@babel\parser\lib\index.js
:14512:38)
Failed to collect coverage from D:\Smmplan\src\components\admin\
services\new-service-form.tsx
ERROR: D:\Smmplan\src\components\admin\services\new-service-form
.tsx: Support for the experimental syntax 'jsx' isn't currently 
enabled (112:13):

[0m [90m 110 |[39m         setFormData(prev [33m=>[39m ({ 
[33m...[39mprev[33m,[39m [name][33m:[39m value }))[33m;[3
9m
 [90m 111 |[39m     }[33m;[39m
[31m[1m>[22m[39m[90m 112 |[39m     [36mreturn[39m ([33m
<[39m[33mform[39m action[33m=[39m{actions_1[33m.[39mcreat
eService} className[33m=[39m[32m"grid grid-cols-1 lg:grid-col
s-3 gap-8"[39m[33m>[39m
 [90m     |[39m             [31m[1m^[22m[39m
 [90m 113 |[39m             [33m<[39m[33mdiv[39m className
[33m=[39m[32m"lg:col-span-2 space-y-6"[39m[33m>[39m
 [90m 114 |[39m                 [33m<[39m[33mdiv[39m class
Name[33m=[39m[32m"bg-white rounded-[2.5rem] border border-sla
te-200 shadow-sm p-8 space-y-6"[39m[33m>[39m
 [90m 115 |[39m                     [33m<[39m[33mdiv[39m c
lassName[33m=[39m[32m"flex items-center gap-2 pb-4 border-b b
order-slate-100"[39m[33m>[39m[0m

Add @babel/preset-react (https://github.com/babel/babel/tree/mai
n/packages/babel-preset-react) to the 'presets' section of your 
Babel config to enable transformation.
If you want to leave it as-is, add @babel/plugin-syntax-jsx (htt
ps://github.com/babel/babel/tree/main/packages/babel-plugin-synt
ax-jsx) to the 'plugins' section to enable parsing.

If you already added the plugin for this syntax to your config, 
it's possible that your config isn't being loaded.
You can re-run Babel with the BABEL_SHOW_CONFIG_FOR environment 
variable to show the loaded configuration:
	npx cross-env BABEL_SHOW_CONFIG_FOR=D:\Smmplan\src\components\a
dmin\services\new-service-form.tsx <your build command>
See https://babeljs.io/docs/configuration#print-effective-config
s for more info.

STACK: SyntaxError: D:\Smmplan\src\components\admin\services\new
-service-form.tsx: Support for the experimental syntax 'jsx' isn
't currently enabled (112:13):

[0m [90m 110 |[39m         setFormData(prev [33m=>[39m ({ 
[33m...[39mprev[33m,[39m [name][33m:[39m value }))[33m;[3
9m
 [90m 111 |[39m     }[33m;[39m
[31m[1m>[22m[39m[90m 112 |[39m     [36mreturn[39m ([33m
<[39m[33mform[39m action[33m=[39m{actions_1[33m.[39mcreat
eService} className[33m=[39m[32m"grid grid-cols-1 lg:grid-col
s-3 gap-8"[39m[33m>[39m
 [90m     |[39m             [31m[1m^[22m[39m
 [90m 113 |[39m             [33m<[39m[33mdiv[39m className
[33m=[39m[32m"lg:col-span-2 space-y-6"[39m[33m>[39m
 [90m 114 |[39m                 [33m<[39m[33mdiv[39m class
Name[33m=[39m[32m"bg-white rounded-[2.5rem] border border-sla
te-200 shadow-sm p-8 space-y-6"[39m[33m>[39m
 [90m 115 |[39m                     [33m<[39m[33mdiv[39m c
lassName[33m=[39m[32m"flex items-center gap-2 pb-4 border-b b
order-slate-100"[39m[33m>[39m[0m

Add @babel/preset-react (https://github.com/babel/babel/tree/mai
n/packages/babel-preset-react) to the 'presets' section of your 
Babel config to enable transformation.
If you want to leave it as-is, add @babel/plugin-syntax-jsx (htt
ps://github.com/babel/babel/tree/main/packages/babel-plugin-synt
ax-jsx) to the 'plugins' section to enable parsing.

If you already added the plugin for this syntax to your config, 
it's possible that your config isn't being loaded.
You can re-run Babel with the BABEL_SHOW_CONFIG_FOR environment 
variable to show the loaded configuration:
	npx cross-env BABEL_SHOW_CONFIG_FOR=D:\Smmplan\src\components\a
dmin\services\new-service-form.tsx <your build command>
See https://babeljs.io/docs/configuration#print-effective-config
s for more info.

    at constructor (D:\Smmplan\node_modules\@babel\parser\lib\in
dex.js:365:19)
    at Parser.raise (D:\Smmplan\node_modules\@babel\parser\lib\i
ndex.js:6599:19)
    at Parser.expectOnePlugin (D:\Smmplan\node_modules\@babel\pa
rser\lib\index.js:6633:18)
    at Parser.parseExprAtom (D:\Smmplan\node_modules\@babel\pars
er\lib\index.js:11388:24)
    at Parser.parseExprSubscripts (D:\Smmplan\node_modules\@babe
l\parser\lib\index.js:11071:23)
    at Parser.parseUpdate (D:\Smmplan\node_modules\@babel\parser
\lib\index.js:11056:21)
    at Parser.parseMaybeUnary (D:\Smmplan\node_modules\@babel\pa
rser\lib\index.js:11036:23)
    at Parser.parseMaybeUnaryOrPrivate (D:\Smmplan\node_modules\
@babel\parser\lib\index.js:10889:61)
    at Parser.parseExprOps (D:\Smmplan\node_modules\@babel\parse
r\lib\index.js:10894:23)
    at Parser.parseMaybeConditional (D:\Smmplan\node_modules\@ba
bel\parser\lib\index.js:10871:23)
    at Parser.parseMaybeAssign (D:\Smmplan\node_modules\@babel\p
arser\lib\index.js:10821:21)
    at D:\Smmplan\node_modules\@babel\parser\lib\index.js:10790:
39
    at Parser.allowInAnd (D:\Smmplan\node_modules\@babel\parser\
lib\index.js:12416:12)
    at Parser.parseMaybeAssignAllowIn (D:\Smmplan\node_modules\@
babel\parser\lib\index.js:10790:17)
    at Parser.parseMaybeAssignAllowInOrVoidPattern (D:\Smmplan\n
ode_modules\@babel\parser\lib\index.js:12483:17)
    at Parser.parseParenAndDistinguishExpression (D:\Smmplan\nod
e_modules\@babel\parser\lib\index.js:11665:28)
    at Parser.parseExprAtom (D:\Smmplan\node_modules\@babel\pars
er\lib\index.js:11321:23)
    at Parser.parseExprSubscripts (D:\Smmplan\node_modules\@babe
l\parser\lib\index.js:11071:23)
    at Parser.parseUpdate (D:\Smmplan\node_modules\@babel\parser
\lib\index.js:11056:21)
    at Parser.parseMaybeUnary (D:\Smmplan\node_modules\@babel\pa
rser\lib\index.js:11036:23)
    at Parser.parseMaybeUnaryOrPrivate (D:\Smmplan\node_modules\
@babel\parser\lib\index.js:10889:61)
    at Parser.parseExprOps (D:\Smmplan\node_modules\@babel\parse
r\lib\index.js:10894:23)
    at Parser.parseMaybeConditional (D:\Smmplan\node_modules\@ba
bel\parser\lib\index.js:10871:23)
    at Parser.parseMaybeAssign (D:\Smmplan\node_modules\@babel\p
arser\lib\index.js:10821:21)
    at Parser.parseExpressionBase (D:\Smmplan\node_modules\@babe
l\parser\lib\index.js:10774:23)
    at D:\Smmplan\node_modules\@babel\parser\lib\index.js:10770:
39
    at Parser.allowInAnd (D:\Smmplan\node_modules\@babel\parser\
lib\index.js:12411:16)
    at Parser.parseExpression (D:\Smmplan\node_modules\@babel\pa
rser\lib\index.js:10770:17)
    at Parser.parseReturnStatement (D:\Smmplan\node_modules\@bab
el\parser\lib\index.js:13132:28)
    at Parser.parseStatementContent (D:\Smmplan\node_modules\@ba
bel\parser\lib\index.js:12788:21)
    at Parser.parseStatementLike (D:\Smmplan\node_modules\@babel
\parser\lib\index.js:12757:17)
    at Parser.parseStatementListItem (D:\Smmplan\node_modules\@b
abel\parser\lib\index.js:12737:17)
    at Parser.parseBlockOrModuleBlockBody (D:\Smmplan\node_modul
es\@babel\parser\lib\index.js:13306:61)
    at Parser.parseBlockBody (D:\Smmplan\node_modules\@babel\par
ser\lib\index.js:13299:10)
    at Parser.parseBlock (D:\Smmplan\node_modules\@babel\parser\
lib\index.js:13287:10)
    at Parser.parseFunctionBody (D:\Smmplan\node_modules\@babel\
parser\lib\index.js:12090:24)
    at Parser.parseFunctionBodyAndFinish (D:\Smmplan\node_module
s\@babel\parser\lib\index.js:12076:10)
    at D:\Smmplan\node_modules\@babel\parser\lib\index.js:13435:
12
    at Parser.withSmartMixTopicForbiddingContext (D:\Smmplan\nod
e_modules\@babel\parser\lib\index.js:12393:14)
    at Parser.parseFunction (D:\Smmplan\node_modules\@babel\pars
er\lib\index.js:13434:10)
    at Parser.parseFunctionStatement (D:\Smmplan\node_modules\@b
abel\parser\lib\index.js:13115:17)
    at Parser.parseStatementContent (D:\Smmplan\node_modules\@ba
bel\parser\lib\index.js:12781:21)
    at Parser.parseStatementLike (D:\Smmplan\node_modules\@babel
\parser\lib\index.js:12757:17)
    at Parser.parseModuleItem (D:\Smmplan\node_modules\@babel\pa
rser\lib\index.js:12734:17)
    at Parser.parseBlockOrModuleBlockBody (D:\Smmplan\node_modul
es\@babel\parser\lib\index.js:13306:36)
    at Parser.parseBlockBody (D:\Smmplan\node_modules\@babel\par
ser\lib\index.js:13299:10)
    at Parser.parseProgram (D:\Smmplan\node_modules\@babel\parse
r\lib\index.js:12612:10)
    at Parser.parseTopLevel (D:\Smmplan\node_modules\@babel\pars
er\lib\index.js:12602:25)
    at Parser.parse (D:\Smmplan\node_modules\@babel\parser\lib\i
ndex.js:14478:25)
    at parse (D:\Smmplan\node_modules\@babel\parser\lib\index.js
:14512:38)
Failed to collect coverage from D:\Smmplan\src\components\admin\
services\service-editor.tsx
ERROR: D:\Smmplan\src\components\admin\services\service-editor.t
sx: Support for the experimental syntax 'jsx' isn't currently en
abled (128:13):

[0m [90m 126 |[39m         }
 [90m 127 |[39m     }[33m;[39m
[31m[1m>[22m[39m[90m 128 |[39m     [36mreturn[39m ([33m
<[39m[33mdiv[39m className[33m=[39m[32m"space-y-6"[39m[3
3m>[39m
 [90m     |[39m             [31m[1m^[22m[39m
 [90m 129 |[39m       {[90m/* Header Row: Title & Actions */
[39m}
 [90m 130 |[39m       [33m<[39m[33mdiv[39m className[33m=
[39m[32m"flex flex-col lg:flex-row lg:items-end justify-betwee
n gap-6 mb-8 group/header"[39m[33m>[39m
 [90m 131 |[39m         [33m<[39m[33mdiv[39m className[33
m=[39m[32m"min-w-0 flex-1"[39m[33m>[39m[0m

Add @babel/preset-react (https://github.com/babel/babel/tree/mai
n/packages/babel-preset-react) to the 'presets' section of your 
Babel config to enable transformation.
If you want to leave it as-is, add @babel/plugin-syntax-jsx (htt
ps://github.com/babel/babel/tree/main/packages/babel-plugin-synt
ax-jsx) to the 'plugins' section to enable parsing.

If you already added the plugin for this syntax to your config, 
it's possible that your config isn't being loaded.
You can re-run Babel with the BABEL_SHOW_CONFIG_FOR environment 
variable to show the loaded configuration:
	npx cross-env BABEL_SHOW_CONFIG_FOR=D:\Smmplan\src\components\a
dmin\services\service-editor.tsx <your build command>
See https://babeljs.io/docs/configuration#print-effective-config
s for more info.

STACK: SyntaxError: D:\Smmplan\src\components\admin\services\ser
vice-editor.tsx: Support for the experimental syntax 'jsx' isn't
 currently enabled (128:13):

[0m [90m 126 |[39m         }
 [90m 127 |[39m     }[33m;[39m
[31m[1m>[22m[39m[90m 128 |[39m     [36mreturn[39m ([33m
<[39m[33mdiv[39m className[33m=[39m[32m"space-y-6"[39m[3
3m>[39m
 [90m     |[39m             [31m[1m^[22m[39m
 [90m 129 |[39m       {[90m/* Header Row: Title & Actions */
[39m}
 [90m 130 |[39m       [33m<[39m[33mdiv[39m className[33m=
[39m[32m"flex flex-col lg:flex-row lg:items-end justify-betwee
n gap-6 mb-8 group/header"[39m[33m>[39m
 [90m 131 |[39m         [33m<[39m[33mdiv[39m className[33
m=[39m[32m"min-w-0 flex-1"[39m[33m>[39m[0m

Add @babel/preset-react (https://github.com/babel/babel/tree/mai
n/packages/babel-preset-react) to the 'presets' section of your 
Babel config to enable transformation.
If you want to leave it as-is, add @babel/plugin-syntax-jsx (htt
ps://github.com/babel/babel/tree/main/packages/babel-plugin-synt
ax-jsx) to the 'plugins' section to enable parsing.

If you already added the plugin for this syntax to your config, 
it's possible that your config isn't being loaded.
You can re-run Babel with the BABEL_SHOW_CONFIG_FOR environment 
variable to show the loaded configuration:
	npx cross-env BABEL_SHOW_CONFIG_FOR=D:\Smmplan\src\components\a
dmin\services\service-editor.tsx <your build command>
See https://babeljs.io/docs/configuration#print-effective-config
s for more info.

    at constructor (D:\Smmplan\node_modules\@babel\parser\lib\in
dex.js:365:19)
    at Parser.raise (D:\Smmplan\node_modules\@babel\parser\lib\i
ndex.js:6599:19)
    at Parser.expectOnePlugin (D:\Smmplan\node_modules\@babel\pa
rser\lib\index.js:6633:18)
    at Parser.parseExprAtom (D:\Smmplan\node_modules\@babel\pars
er\lib\index.js:11388:24)
    at Parser.parseExprSubscripts (D:\Smmplan\node_modules\@babe
l\parser\lib\index.js:11071:23)
    at Parser.parseUpdate (D:\Smmplan\node_modules\@babel\parser
\lib\index.js:11056:21)
    at Parser.parseMaybeUnary (D:\Smmplan\node_modules\@babel\pa
rser\lib\index.js:11036:23)
    at Parser.parseMaybeUnaryOrPrivate (D:\Smmplan\node_modules\
@babel\parser\lib\index.js:10889:61)
    at Parser.parseExprOps (D:\Smmplan\node_modules\@babel\parse
r\lib\index.js:10894:23)
    at Parser.parseMaybeConditional (D:\Smmplan\node_modules\@ba
bel\parser\lib\index.js:10871:23)
    at Parser.parseMaybeAssign (D:\Smmplan\node_modules\@babel\p
arser\lib\index.js:10821:21)
    at D:\Smmplan\node_modules\@babel\parser\lib\index.js:10790:
39
    at Parser.allowInAnd (D:\Smmplan\node_modules\@babel\parser\
lib\index.js:12416:12)
    at Parser.parseMaybeAssignAllowIn (D:\Smmplan\node_modules\@
babel\parser\lib\index.js:10790:17)
    at Parser.parseMaybeAssignAllowInOrVoidPattern (D:\Smmplan\n
ode_modules\@babel\parser\lib\index.js:12483:17)
    at Parser.parseParenAndDistinguishExpression (D:\Smmplan\nod
e_modules\@babel\parser\lib\index.js:11665:28)
    at Parser.parseExprAtom (D:\Smmplan\node_modules\@babel\pars
er\lib\index.js:11321:23)
    at Parser.parseExprSubscripts (D:\Smmplan\node_modules\@babe
l\parser\lib\index.js:11071:23)
    at Parser.parseUpdate (D:\Smmplan\node_modules\@babel\parser
\lib\index.js:11056:21)
    at Parser.parseMaybeUnary (D:\Smmplan\node_modules\@babel\pa
rser\lib\index.js:11036:23)
    at Parser.parseMaybeUnaryOrPrivate (D:\Smmplan\node_modules\
@babel\parser\lib\index.js:10889:61)
    at Parser.parseExprOps (D:\Smmplan\node_modules\@babel\parse
r\lib\index.js:10894:23)
    at Parser.parseMaybeConditional (D:\Smmplan\node_modules\@ba
bel\parser\lib\index.js:10871:23)
    at Parser.parseMaybeAssign (D:\Smmplan\node_modules\@babel\p
arser\lib\index.js:10821:21)
    at Parser.parseExpressionBase (D:\Smmplan\node_modules\@babe
l\parser\lib\index.js:10774:23)
    at D:\Smmplan\node_modules\@babel\parser\lib\index.js:10770:
39
    at Parser.allowInAnd (D:\Smmplan\node_modules\@babel\parser\
lib\index.js:12411:16)
    at Parser.parseExpression (D:\Smmplan\node_modules\@babel\pa
rser\lib\index.js:10770:17)
    at Parser.parseReturnStatement (D:\Smmplan\node_modules\@bab
el\parser\lib\index.js:13132:28)
    at Parser.parseStatementContent (D:\Smmplan\node_modules\@ba
bel\parser\lib\index.js:12788:21)
    at Parser.parseStatementLike (D:\Smmplan\node_modules\@babel
\parser\lib\index.js:12757:17)
    at Parser.parseStatementListItem (D:\Smmplan\node_modules\@b
abel\parser\lib\index.js:12737:17)
    at Parser.parseBlockOrModuleBlockBody (D:\Smmplan\node_modul
es\@babel\parser\lib\index.js:13306:61)
    at Parser.parseBlockBody (D:\Smmplan\node_modules\@babel\par
ser\lib\index.js:13299:10)
    at Parser.parseBlock (D:\Smmplan\node_modules\@babel\parser\
lib\index.js:13287:10)
    at Parser.parseFunctionBody (D:\Smmplan\node_modules\@babel\
parser\lib\index.js:12090:24)
    at Parser.parseFunctionBodyAndFinish (D:\Smmplan\node_module
s\@babel\parser\lib\index.js:12076:10)
    at D:\Smmplan\node_modules\@babel\parser\lib\index.js:13435:
12
    at Parser.withSmartMixTopicForbiddingContext (D:\Smmplan\nod
e_modules\@babel\parser\lib\index.js:12393:14)
    at Parser.parseFunction (D:\Smmplan\node_modules\@babel\pars
er\lib\index.js:13434:10)
    at Parser.parseFunctionStatement (D:\Smmplan\node_modules\@b
abel\parser\lib\index.js:13115:17)
    at Parser.parseStatementContent (D:\Smmplan\node_modules\@ba
bel\parser\lib\index.js:12781:21)
    at Parser.parseStatementLike (D:\Smmplan\node_modules\@babel
\parser\lib\index.js:12757:17)
    at Parser.parseModuleItem (D:\Smmplan\node_modules\@babel\pa
rser\lib\index.js:12734:17)
    at Parser.parseBlockOrModuleBlockBody (D:\Smmplan\node_modul
es\@babel\parser\lib\index.js:13306:36)
    at Parser.parseBlockBody (D:\Smmplan\node_modules\@babel\par
ser\lib\index.js:13299:10)
    at Parser.parseProgram (D:\Smmplan\node_modules\@babel\parse
r\lib\index.js:12612:10)
    at Parser.parseTopLevel (D:\Smmplan\node_modules\@babel\pars
er\lib\index.js:12602:25)
    at Parser.parse (D:\Smmplan\node_modules\@babel\parser\lib\i
ndex.js:14478:25)
    at parse (D:\Smmplan\node_modules\@babel\parser\lib\index.js
:14512:38)
Failed to collect coverage from D:\Smmplan\src\components\admin\
services\service-overrides.tsx
ERROR: D:\Smmplan\src\components\admin\services\service-override
s.tsx: Support for the experimental syntax 'jsx' isn't currently
 enabled (82:13):

[0m [90m 80 |[39m         }
 [90m 81 |[39m     }[33m;[39m
[31m[1m>[22m[39m[90m 82 |[39m     [36mreturn[39m ([33m<
[39m[33mui_1[39m[33m.[39m[33mAdminCard[39m title[33m=[3
9m[32m"╨ж╨╡╨╜╤Л ╨┐╨╛ ╨┐╨╗╨░╤В╤Д╨╛╤А╨╝╨░╨╝"[39m action[33m=[3
9m{[33m<[39m[33mui_1[39m[33m.[39m[33mButton[39m size[33
m=[39m[32m"sm"[39m onClick[33m=[39m{handleSave} disabled[3
3m=[39m{isSaving} className[33m=[39m{justSaved [33m?[39m [
32m'bg-emerald-500 hover:bg-emerald-600'[39m [33m:[39m [32m'
'[39m}[33m>[39m
 [90m    |[39m             [31m[1m^[22m[39m
 [90m 83 |[39m           {justSaved [33m?[39m [33m<[39m[3
3mlucide_react_1[39m[33m.[39m[33mCheck[39m size[33m=[39m{
[35m16[39m}[35m/> : <lucide_react_1.Save size={16}/[39m[33m
>[39m}
 [90m 84 |[39m           [33m<[39m[33mspan[39m className[
33m=[39m[32m"ml-2"[39m[33m>[39m{isSaving [33m?[39m [32m'
╨б╨╛╤Е╤А╨░╨╜╨╡╨╜╨╕╨╡...'[39m [33m:[39m justSaved [33m?[39m 
[32m'╨б╨╛╤Е╤А╨░╨╜╨╡╨╜╨╛'[39m [33m:[39m [32m'╨б╨╛╤Е╤А╨░╨╜╨╕╤
В╤М ╨▓╤Б╨╡'[39m}[33m<[39m[33m/[39m[33mspan[39m[33m>[39m
 [90m 85 |[39m         [33m<[39m[33m/[39m[33mui_1[39m[3
3m.[39m[33mButton[39m[33m>[39m}[33m>[39m[0m

Add @babel/preset-react (https://github.com/babel/babel/tree/mai
n/packages/babel-preset-react) to the 'presets' section of your 
Babel config to enable transformation.
If you want to leave it as-is, add @babel/plugin-syntax-jsx (htt
ps://github.com/babel/babel/tree/main/packages/babel-plugin-synt
ax-jsx) to the 'plugins' section to enable parsing.

If you already added the plugin for this syntax to your config, 
it's possible that your config isn't being loaded.
You can re-run Babel with the BABEL_SHOW_CONFIG_FOR environment 
variable to show the loaded configuration:
	npx cross-env BABEL_SHOW_CONFIG_FOR=D:\Smmplan\src\components\a
dmin\services\service-overrides.tsx <your build command>
See https://babeljs.io/docs/configuration#print-effective-config
s for more info.

STACK: SyntaxError: D:\Smmplan\src\components\admin\services\ser
vice-overrides.tsx: Support for the experimental syntax 'jsx' is
n't currently enabled (82:13):

[0m [90m 80 |[39m         }
 [90m 81 |[39m     }[33m;[39m
[31m[1m>[22m[39m[90m 82 |[39m     [36mreturn[39m ([33m<
[39m[33mui_1[39m[33m.[39m[33mAdminCard[39m title[33m=[3
9m[32m"╨ж╨╡╨╜╤Л ╨┐╨╛ ╨┐╨╗╨░╤В╤Д╨╛╤А╨╝╨░╨╝"[39m action[33m=[3
9m{[33m<[39m[33mui_1[39m[33m.[39m[33mButton[39m size[33
m=[39m[32m"sm"[39m onClick[33m=[39m{handleSave} disabled[3
3m=[39m{isSaving} className[33m=[39m{justSaved [33m?[39m [
32m'bg-emerald-500 hover:bg-emerald-600'[39m [33m:[39m [32m'
'[39m}[33m>[39m
 [90m    |[39m             [31m[1m^[22m[39m
 [90m 83 |[39m           {justSaved [33m?[39m [33m<[39m[3
3mlucide_react_1[39m[33m.[39m[33mCheck[39m size[33m=[39m{
[35m16[39m}[35m/> : <lucide_react_1.Save size={16}/[39m[33m
>[39m}
 [90m 84 |[39m           [33m<[39m[33mspan[39m className[
33m=[39m[32m"ml-2"[39m[33m>[39m{isSaving [33m?[39m [32m'
╨б╨╛╤Е╤А╨░╨╜╨╡╨╜╨╕╨╡...'[39m [33m:[39m justSaved [33m?[39m 
[32m'╨б╨╛╤Е╤А╨░╨╜╨╡╨╜╨╛'[39m [33m:[39m [32m'╨б╨╛╤Е╤А╨░╨╜╨╕╤
В╤М ╨▓╤Б╨╡'[39m}[33m<[39m[33m/[39m[33mspan[39m[33m>[39m
 [90m 85 |[39m         [33m<[39m[33m/[39m[33mui_1[39m[3
3m.[39m[33mButton[39m[33m>[39m}[33m>[39m[0m

Add @babel/preset-react (https://github.com/babel/babel/tree/mai
n/packages/babel-preset-react) to the 'presets' section of your 
Babel config to enable transformation.
If you want to leave it as-is, add @babel/plugin-syntax-jsx (htt
ps://github.com/babel/babel/tree/main/packages/babel-plugin-synt
ax-jsx) to the 'plugins' section to enable parsing.

If you already added the plugin for this syntax to your config, 
it's possible that your config isn't being loaded.
You can re-run Babel with the BABEL_SHOW_CONFIG_FOR environment 
variable to show the loaded configuration:
	npx cross-env BABEL_SHOW_CONFIG_FOR=D:\Smmplan\src\components\a
dmin\services\service-overrides.tsx <your build command>
See https://babeljs.io/docs/configuration#print-effective-config
s for more info.

    at constructor (D:\Smmplan\node_modules\@babel\parser\lib\in
dex.js:365:19)
    at Parser.raise (D:\Smmplan\node_modules\@babel\parser\lib\i
ndex.js:6599:19)
    at Parser.expectOnePlugin (D:\Smmplan\node_modules\@babel\pa
rser\lib\index.js:6633:18)
    at Parser.parseExprAtom (D:\Smmplan\node_modules\@babel\pars
er\lib\index.js:11388:24)
    at Parser.parseExprSubscripts (D:\Smmplan\node_modules\@babe
l\parser\lib\index.js:11071:23)
    at Parser.parseUpdate (D:\Smmplan\node_modules\@babel\parser
\lib\index.js:11056:21)
    at Parser.parseMaybeUnary (D:\Smmplan\node_modules\@babel\pa
rser\lib\index.js:11036:23)
    at Parser.parseMaybeUnaryOrPrivate (D:\Smmplan\node_modules\
@babel\parser\lib\index.js:10889:61)
    at Parser.parseExprOps (D:\Smmplan\node_modules\@babel\parse
r\lib\index.js:10894:23)
    at Parser.parseMaybeConditional (D:\Smmplan\node_modules\@ba
bel\parser\lib\index.js:10871:23)
    at Parser.parseMaybeAssign (D:\Smmplan\node_modules\@babel\p
arser\lib\index.js:10821:21)
    at D:\Smmplan\node_modules\@babel\parser\lib\index.js:10790:
39
    at Parser.allowInAnd (D:\Smmplan\node_modules\@babel\parser\
lib\index.js:12416:12)
    at Parser.parseMaybeAssignAllowIn (D:\Smmplan\node_modules\@
babel\parser\lib\index.js:10790:17)
    at Parser.parseMaybeAssignAllowInOrVoidPattern (D:\Smmplan\n
ode_modules\@babel\parser\lib\index.js:12483:17)
    at Parser.parseParenAndDistinguishExpression (D:\Smmplan\nod
e_modules\@babel\parser\lib\index.js:11665:28)
    at Parser.parseExprAtom (D:\Smmplan\node_modules\@babel\pars
er\lib\index.js:11321:23)
    at Parser.parseExprSubscripts (D:\Smmplan\node_modules\@babe
l\parser\lib\index.js:11071:23)
    at Parser.parseUpdate (D:\Smmplan\node_modules\@babel\parser
\lib\index.js:11056:21)
    at Parser.parseMaybeUnary (D:\Smmplan\node_modules\@babel\pa
rser\lib\index.js:11036:23)
    at Parser.parseMaybeUnaryOrPrivate (D:\Smmplan\node_modules\
@babel\parser\lib\index.js:10889:61)
    at Parser.parseExprOps (D:\Smmplan\node_modules\@babel\parse
r\lib\index.js:10894:23)
    at Parser.parseMaybeConditional (D:\Smmplan\node_modules\@ba
bel\parser\lib\index.js:10871:23)
    at Parser.parseMaybeAssign (D:\Smmplan\node_modules\@babel\p
arser\lib\index.js:10821:21)
    at Parser.parseExpressionBase (D:\Smmplan\node_modules\@babe
l\parser\lib\index.js:10774:23)
    at D:\Smmplan\node_modules\@babel\parser\lib\index.js:10770:
39
    at Parser.allowInAnd (D:\Smmplan\node_modules\@babel\parser\
lib\index.js:12411:16)
    at Parser.parseExpression (D:\Smmplan\node_modules\@babel\pa
rser\lib\index.js:10770:17)
    at Parser.parseReturnStatement (D:\Smmplan\node_modules\@bab
el\parser\lib\index.js:13132:28)
    at Parser.parseStatementContent (D:\Smmplan\node_modules\@ba
bel\parser\lib\index.js:12788:21)
    at Parser.parseStatementLike (D:\Smmplan\node_modules\@babel
\parser\lib\index.js:12757:17)
    at Parser.parseStatementListItem (D:\Smmplan\node_modules\@b
abel\parser\lib\index.js:12737:17)
    at Parser.parseBlockOrModuleBlockBody (D:\Smmplan\node_modul
es\@babel\parser\lib\index.js:13306:61)
    at Parser.parseBlockBody (D:\Smmplan\node_modules\@babel\par
ser\lib\index.js:13299:10)
    at Parser.parseBlock (D:\Smmplan\node_modules\@babel\parser\
lib\index.js:13287:10)
    at Parser.parseFunctionBody (D:\Smmplan\node_modules\@babel\
parser\lib\index.js:12090:24)
    at Parser.parseFunctionBodyAndFinish (D:\Smmplan\node_module
s\@babel\parser\lib\index.js:12076:10)
    at D:\Smmplan\node_modules\@babel\parser\lib\index.js:13435:
12
    at Parser.withSmartMixTopicForbiddingContext (D:\Smmplan\nod
e_modules\@babel\parser\lib\index.js:12393:14)
    at Parser.parseFunction (D:\Smmplan\node_modules\@babel\pars
er\lib\index.js:13434:10)
    at Parser.parseFunctionStatement (D:\Smmplan\node_modules\@b
abel\parser\lib\index.js:13115:17)
    at Parser.parseStatementContent (D:\Smmplan\node_modules\@ba
bel\parser\lib\index.js:12781:21)
    at Parser.parseStatementLike (D:\Smmplan\node_modules\@babel
\parser\lib\index.js:12757:17)
    at Parser.parseModuleItem (D:\Smmplan\node_modules\@babel\pa
rser\lib\index.js:12734:17)
    at Parser.parseBlockOrModuleBlockBody (D:\Smmplan\node_modul
es\@babel\parser\lib\index.js:13306:36)
    at Parser.parseBlockBody (D:\Smmplan\node_modules\@babel\par
ser\lib\index.js:13299:10)
    at Parser.parseProgram (D:\Smmplan\node_modules\@babel\parse
r\lib\index.js:12612:10)
    at Parser.parseTopLevel (D:\Smmplan\node_modules\@babel\pars
er\lib\index.js:12602:25)
    at Parser.parse (D:\Smmplan\node_modules\@babel\parser\lib\i
ndex.js:14478:25)
    at parse (D:\Smmplan\node_modules\@babel\parser\lib\index.js
:14512:38)
Failed to collect coverage from D:\Smmplan\src\components\admin\
services\service-curator.tsx
ERROR: D:\Smmplan\src\components\admin\services\service-curator.
tsx: Support for the experimental syntax 'jsx' isn't currently e
nabled (131:13):

[0m [90m 129 |[39m         loadData()[33m;[39m
 [90m 130 |[39m     }[33m;[39m
[31m[1m>[22m[39m[90m 131 |[39m     [36mreturn[39m ([33m
<[39m[33mdiv[39m className[33m=[39m[32m"grid grid-cols-1 x
l:grid-cols-4 gap-6 h-[calc(100vh-140px)]"[39m[33m>[39m
 [90m     |[39m             [31m[1m^[22m[39m
 [90m 132 |[39m             {[90m/* Sidebar Filters */[39m}
 [90m 133 |[39m             [33m<[39m[33mdiv[39m className
[33m=[39m[32m"xl:col-span-1 bg-white rounded-2xl border borde
r-slate-200 p-5 space-y-6 overflow-y-auto h-full"[39m[33m>[39
m
 [90m 134 |[39m                 [33m<[39m[33mdiv[39m[33m>
[39m[0m

Add @babel/preset-react (https://github.com/babel/babel/tree/mai
n/packages/babel-preset-react) to the 'presets' section of your 
Babel config to enable transformation.
If you want to leave it as-is, add @babel/plugin-syntax-jsx (htt
ps://github.com/babel/babel/tree/main/packages/babel-plugin-synt
ax-jsx) to the 'plugins' section to enable parsing.

If you already added the plugin for this syntax to your config, 
it's possible that your config isn't being loaded.
You can re-run Babel with the BABEL_SHOW_CONFIG_FOR environment 
variable to show the loaded configuration:
	npx cross-env BABEL_SHOW_CONFIG_FOR=D:\Smmplan\src\components\a
dmin\services\service-curator.tsx <your build command>
See https://babeljs.io/docs/configuration#print-effective-config
s for more info.

STACK: SyntaxError: D:\Smmplan\src\components\admin\services\ser
vice-curator.tsx: Support for the experimental syntax 'jsx' isn'
t currently enabled (131:13):

[0m [90m 129 |[39m         loadData()[33m;[39m
 [90m 130 |[39m     }[33m;[39m
[31m[1m>[22m[39m[90m 131 |[39m     [36mreturn[39m ([33m
<[39m[33mdiv[39m className[33m=[39m[32m"grid grid-cols-1 x
l:grid-cols-4 gap-6 h-[calc(100vh-140px)]"[39m[33m>[39m
 [90m     |[39m             [31m[1m^[22m[39m
 [90m 132 |[39m             {[90m/* Sidebar Filters */[39m}
 [90m 133 |[39m             [33m<[39m[33mdiv[39m className
[33m=[39m[32m"xl:col-span-1 bg-white rounded-2xl border borde
r-slate-200 p-5 space-y-6 overflow-y-auto h-full"[39m[33m>[39
m
 [90m 134 |[39m                 [33m<[39m[33mdiv[39m[33m>
[39m[0m

Add @babel/preset-react (https://github.com/babel/babel/tree/mai
n/packages/babel-preset-react) to the 'presets' section of your 
Babel config to enable transformation.
If you want to leave it as-is, add @babel/plugin-syntax-jsx (htt
ps://github.com/babel/babel/tree/main/packages/babel-plugin-synt
ax-jsx) to the 'plugins' section to enable parsing.

If you already added the plugin for this syntax to your config, 
it's possible that your config isn't being loaded.
You can re-run Babel with the BABEL_SHOW_CONFIG_FOR environment 
variable to show the loaded configuration:
	npx cross-env BABEL_SHOW_CONFIG_FOR=D:\Smmplan\src\components\a
dmin\services\service-curator.tsx <your build command>
See https://babeljs.io/docs/configuration#print-effective-config
s for more info.

    at constructor (D:\Smmplan\node_modules\@babel\parser\lib\in
dex.js:365:19)
    at Parser.raise (D:\Smmplan\node_modules\@babel\parser\lib\i
ndex.js:6599:19)
    at Parser.expectOnePlugin (D:\Smmplan\node_modules\@babel\pa
rser\lib\index.js:6633:18)
    at Parser.parseExprAtom (D:\Smmplan\node_modules\@babel\pars
er\lib\index.js:11388:24)
    at Parser.parseExprSubscripts (D:\Smmplan\node_modules\@babe
l\parser\lib\index.js:11071:23)
    at Parser.parseUpdate (D:\Smmplan\node_modules\@babel\parser
\lib\index.js:11056:21)
    at Parser.parseMaybeUnary (D:\Smmplan\node_modules\@babel\pa
rser\lib\index.js:11036:23)
    at Parser.parseMaybeUnaryOrPrivate (D:\Smmplan\node_modules\
@babel\parser\lib\index.js:10889:61)
    at Parser.parseExprOps (D:\Smmplan\node_modules\@babel\parse
r\lib\index.js:10894:23)
    at Parser.parseMaybeConditional (D:\Smmplan\node_modules\@ba
bel\parser\lib\index.js:10871:23)
    at Parser.parseMaybeAssign (D:\Smmplan\node_modules\@babel\p
arser\lib\index.js:10821:21)
    at D:\Smmplan\node_modules\@babel\parser\lib\index.js:10790:
39
    at Parser.allowInAnd (D:\Smmplan\node_modules\@babel\parser\
lib\index.js:12416:12)
    at Parser.parseMaybeAssignAllowIn (D:\Smmplan\node_modules\@
babel\parser\lib\index.js:10790:17)
    at Parser.parseMaybeAssignAllowInOrVoidPattern (D:\Smmplan\n
ode_modules\@babel\parser\lib\index.js:12483:17)
    at Parser.parseParenAndDistinguishExpression (D:\Smmplan\nod
e_modules\@babel\parser\lib\index.js:11665:28)
    at Parser.parseExprAtom (D:\Smmplan\node_modules\@babel\pars
er\lib\index.js:11321:23)
    at Parser.parseExprSubscripts (D:\Smmplan\node_modules\@babe
l\parser\lib\index.js:11071:23)
    at Parser.parseUpdate (D:\Smmplan\node_modules\@babel\parser
\lib\index.js:11056:21)
    at Parser.parseMaybeUnary (D:\Smmplan\node_modules\@babel\pa
rser\lib\index.js:11036:23)
    at Parser.parseMaybeUnaryOrPrivate (D:\Smmplan\node_modules\
@babel\parser\lib\index.js:10889:61)
    at Parser.parseExprOps (D:\Smmplan\node_modules\@babel\parse
r\lib\index.js:10894:23)
    at Parser.parseMaybeConditional (D:\Smmplan\node_modules\@ba
bel\parser\lib\index.js:10871:23)
    at Parser.parseMaybeAssign (D:\Smmplan\node_modules\@babel\p
arser\lib\index.js:10821:21)
    at Parser.parseExpressionBase (D:\Smmplan\node_modules\@babe
l\parser\lib\index.js:10774:23)
    at D:\Smmplan\node_modules\@babel\parser\lib\index.js:10770:
39
    at Parser.allowInAnd (D:\Smmplan\node_modules\@babel\parser\
lib\index.js:12411:16)
    at Parser.parseExpression (D:\Smmplan\node_modules\@babel\pa
rser\lib\index.js:10770:17)
    at Parser.parseReturnStatement (D:\Smmplan\node_modules\@bab
el\parser\lib\index.js:13132:28)
    at Parser.parseStatementContent (D:\Smmplan\node_modules\@ba
bel\parser\lib\index.js:12788:21)
    at Parser.parseStatementLike (D:\Smmplan\node_modules\@babel
\parser\lib\index.js:12757:17)
    at Parser.parseStatementListItem (D:\Smmplan\node_modules\@b
abel\parser\lib\index.js:12737:17)
    at Parser.parseBlockOrModuleBlockBody (D:\Smmplan\node_modul
es\@babel\parser\lib\index.js:13306:61)
    at Parser.parseBlockBody (D:\Smmplan\node_modules\@babel\par
ser\lib\index.js:13299:10)
    at Parser.parseBlock (D:\Smmplan\node_modules\@babel\parser\
lib\index.js:13287:10)
    at Parser.parseFunctionBody (D:\Smmplan\node_modules\@babel\
parser\lib\index.js:12090:24)
    at Parser.parseFunctionBodyAndFinish (D:\Smmplan\node_module
s\@babel\parser\lib\index.js:12076:10)
    at D:\Smmplan\node_modules\@babel\parser\lib\index.js:13435:
12
    at Parser.withSmartMixTopicForbiddingContext (D:\Smmplan\nod
e_modules\@babel\parser\lib\index.js:12393:14)
    at Parser.parseFunction (D:\Smmplan\node_modules\@babel\pars
er\lib\index.js:13434:10)
    at Parser.parseFunctionStatement (D:\Smmplan\node_modules\@b
abel\parser\lib\index.js:13115:17)
    at Parser.parseStatementContent (D:\Smmplan\node_modules\@ba
bel\parser\lib\index.js:12781:21)
    at Parser.parseStatementLike (D:\Smmplan\node_modules\@babel
\parser\lib\index.js:12757:17)
    at Parser.parseModuleItem (D:\Smmplan\node_modules\@babel\pa
rser\lib\index.js:12734:17)
    at Parser.parseBlockOrModuleBlockBody (D:\Smmplan\node_modul
es\@babel\parser\lib\index.js:13306:36)
    at Parser.parseBlockBody (D:\Smmplan\node_modules\@babel\par
ser\lib\index.js:13299:10)
    at Parser.parseProgram (D:\Smmplan\node_modules\@babel\parse
r\lib\index.js:12612:10)
    at Parser.parseTopLevel (D:\Smmplan\node_modules\@babel\pars
er\lib\index.js:12602:25)
    at Parser.parse (D:\Smmplan\node_modules\@babel\parser\lib\i
ndex.js:14478:25)
    at parse (D:\Smmplan\node_modules\@babel\parser\lib\index.js
:14512:38)
Failed to collect coverage from D:\Smmplan\src\components\admin\
services\service-selector.tsx
ERROR: D:\Smmplan\src\components\admin\services\service-selector
.tsx: Support for the experimental syntax 'jsx' isn't currently 
enabled (60:13):

[0m [90m 58 |[39m             onSelect(service)[33m;[39m
 [90m 59 |[39m     }[33m;[39m
[31m[1m>[22m[39m[90m 60 |[39m     [36mreturn[39m ([33m<
[39m[33mdiv[39m className[33m=[39m[32m"bg-slate-900 rounde
d-[2.5rem] p-8 text-white shadow-xl space-y-6"[39m[33m>[39m
 [90m    |[39m             [31m[1m^[22m[39m
 [90m 61 |[39m             [33m<[39m[33mdiv[39m className
[33m=[39m[32m"flex items-center gap-2 pb-4 border-b border-whi
te/10"[39m[33m>[39m
 [90m 62 |[39m                 [33m<[39m[33mlucide_react_1
[39m[33m.[39m[33mDatabase[39m className[33m=[39m[32m"text
-blue-400"[39m size[33m=[39m{[35m20[39m}[33m/[39m[33m>[
39m
 [90m 63 |[39m                 [33m<[39m[33mh3[39m classNa
me[33m=[39m[32m"font-bold uppercase tracking-tighter"[39m[3
3m>[39m[33mAPI[39m [33mMapping[39m ([33mBridge[39m)[33m<
[39m[33m/[39m[33mh3[39m[33m>[39m[0m

Add @babel/preset-react (https://github.com/babel/babel/tree/mai
n/packages/babel-preset-react) to the 'presets' section of your 
Babel config to enable transformation.
If you want to leave it as-is, add @babel/plugin-syntax-jsx (htt
ps://github.com/babel/babel/tree/main/packages/babel-plugin-synt
ax-jsx) to the 'plugins' section to enable parsing.

If you already added the plugin for this syntax to your config, 
it's possible that your config isn't being loaded.
You can re-run Babel with the BABEL_SHOW_CONFIG_FOR environment 
variable to show the loaded configuration:
	npx cross-env BABEL_SHOW_CONFIG_FOR=D:\Smmplan\src\components\a
dmin\services\service-selector.tsx <your build command>
See https://babeljs.io/docs/configuration#print-effective-config
s for more info.

STACK: SyntaxError: D:\Smmplan\src\components\admin\services\ser
vice-selector.tsx: Support for the experimental syntax 'jsx' isn
't currently enabled (60:13):

[0m [90m 58 |[39m             onSelect(service)[33m;[39m
 [90m 59 |[39m     }[33m;[39m
[31m[1m>[22m[39m[90m 60 |[39m     [36mreturn[39m ([33m<
[39m[33mdiv[39m className[33m=[39m[32m"bg-slate-900 rounde
d-[2.5rem] p-8 text-white shadow-xl space-y-6"[39m[33m>[39m
 [90m    |[39m             [31m[1m^[22m[39m
 [90m 61 |[39m             [33m<[39m[33mdiv[39m className
[33m=[39m[32m"flex items-center gap-2 pb-4 border-b border-whi
te/10"[39m[33m>[39m
 [90m 62 |[39m                 [33m<[39m[33mlucide_react_1
[39m[33m.[39m[33mDatabase[39m className[33m=[39m[32m"text
-blue-400"[39m size[33m=[39m{[35m20[39m}[33m/[39m[33m>[
39m
 [90m 63 |[39m                 [33m<[39m[33mh3[39m classNa
me[33m=[39m[32m"font-bold uppercase tracking-tighter"[39m[3
3m>[39m[33mAPI[39m [33mMapping[39m ([33mBridge[39m)[33m<
[39m[33m/[39m[33mh3[39m[33m>[39m[0m

Add @babel/preset-react (https://github.com/babel/babel/tree/mai
n/packages/babel-preset-react) to the 'presets' section of your 
Babel config to enable transformation.
If you want to leave it as-is, add @babel/plugin-syntax-jsx (htt
ps://github.com/babel/babel/tree/main/packages/babel-plugin-synt
ax-jsx) to the 'plugins' section to enable parsing.

If you already added the plugin for this syntax to your config, 
it's possible that your config isn't being loaded.
You can re-run Babel with the BABEL_SHOW_CONFIG_FOR environment 
variable to show the loaded configuration:
	npx cross-env BABEL_SHOW_CONFIG_FOR=D:\Smmplan\src\components\a
dmin\services\service-selector.tsx <your build command>
See https://babeljs.io/docs/configuration#print-effective-config
s for more info.

    at constructor (D:\Smmplan\node_modules\@babel\parser\lib\in
dex.js:365:19)
    at Parser.raise (D:\Smmplan\node_modules\@babel\parser\lib\i
ndex.js:6599:19)
    at Parser.expectOnePlugin (D:\Smmplan\node_modules\@babel\pa
rser\lib\index.js:6633:18)
    at Parser.parseExprAtom (D:\Smmplan\node_modules\@babel\pars
er\lib\index.js:11388:24)
    at Parser.parseExprSubscripts (D:\Smmplan\node_modules\@babe
l\parser\lib\index.js:11071:23)
    at Parser.parseUpdate (D:\Smmplan\node_modules\@babel\parser
\lib\index.js:11056:21)
    at Parser.parseMaybeUnary (D:\Smmplan\node_modules\@babel\pa
rser\lib\index.js:11036:23)
    at Parser.parseMaybeUnaryOrPrivate (D:\Smmplan\node_modules\
@babel\parser\lib\index.js:10889:61)
    at Parser.parseExprOps (D:\Smmplan\node_modules\@babel\parse
r\lib\index.js:10894:23)
    at Parser.parseMaybeConditional (D:\Smmplan\node_modules\@ba
bel\parser\lib\index.js:10871:23)
    at Parser.parseMaybeAssign (D:\Smmplan\node_modules\@babel\p
arser\lib\index.js:10821:21)
    at D:\Smmplan\node_modules\@babel\parser\lib\index.js:10790:
39
    at Parser.allowInAnd (D:\Smmplan\node_modules\@babel\parser\
lib\index.js:12416:12)
    at Parser.parseMaybeAssignAllowIn (D:\Smmplan\node_modules\@
babel\parser\lib\index.js:10790:17)
    at Parser.parseMaybeAssignAllowInOrVoidPattern (D:\Smmplan\n
ode_modules\@babel\parser\lib\index.js:12483:17)
    at Parser.parseParenAndDistinguishExpression (D:\Smmplan\nod
e_modules\@babel\parser\lib\index.js:11665:28)
    at Parser.parseExprAtom (D:\Smmplan\node_modules\@babel\pars
er\lib\index.js:11321:23)
    at Parser.parseExprSubscripts (D:\Smmplan\node_modules\@babe
l\parser\lib\index.js:11071:23)
    at Parser.parseUpdate (D:\Smmplan\node_modules\@babel\parser
\lib\index.js:11056:21)
    at Parser.parseMaybeUnary (D:\Smmplan\node_modules\@babel\pa
rser\lib\index.js:11036:23)
    at Parser.parseMaybeUnaryOrPrivate (D:\Smmplan\node_modules\
@babel\parser\lib\index.js:10889:61)
    at Parser.parseExprOps (D:\Smmplan\node_modules\@babel\parse
r\lib\index.js:10894:23)
    at Parser.parseMaybeConditional (D:\Smmplan\node_modules\@ba
bel\parser\lib\index.js:10871:23)
    at Parser.parseMaybeAssign (D:\Smmplan\node_modules\@babel\p
arser\lib\index.js:10821:21)
    at Parser.parseExpressionBase (D:\Smmplan\node_modules\@babe
l\parser\lib\index.js:10774:23)
    at D:\Smmplan\node_modules\@babel\parser\lib\index.js:10770:
39
    at Parser.allowInAnd (D:\Smmplan\node_modules\@babel\parser\
lib\index.js:12411:16)
    at Parser.parseExpression (D:\Smmplan\node_modules\@babel\pa
rser\lib\index.js:10770:17)
    at Parser.parseReturnStatement (D:\Smmplan\node_modules\@bab
el\parser\lib\index.js:13132:28)
    at Parser.parseStatementContent (D:\Smmplan\node_modules\@ba
bel\parser\lib\index.js:12788:21)
    at Parser.parseStatementLike (D:\Smmplan\node_modules\@babel
\parser\lib\index.js:12757:17)
    at Parser.parseStatementListItem (D:\Smmplan\node_modules\@b
abel\parser\lib\index.js:12737:17)
    at Parser.parseBlockOrModuleBlockBody (D:\Smmplan\node_modul
es\@babel\parser\lib\index.js:13306:61)
    at Parser.parseBlockBody (D:\Smmplan\node_modules\@babel\par
ser\lib\index.js:13299:10)
    at Parser.parseBlock (D:\Smmplan\node_modules\@babel\parser\
lib\index.js:13287:10)
    at Parser.parseFunctionBody (D:\Smmplan\node_modules\@babel\
parser\lib\index.js:12090:24)
    at Parser.parseFunctionBodyAndFinish (D:\Smmplan\node_module
s\@babel\parser\lib\index.js:12076:10)
    at D:\Smmplan\node_modules\@babel\parser\lib\index.js:13435:
12
    at Parser.withSmartMixTopicForbiddingContext (D:\Smmplan\nod
e_modules\@babel\parser\lib\index.js:12393:14)
    at Parser.parseFunction (D:\Smmplan\node_modules\@babel\pars
er\lib\index.js:13434:10)
    at Parser.parseFunctionStatement (D:\Smmplan\node_modules\@b
abel\parser\lib\index.js:13115:17)
    at Parser.parseStatementContent (D:\Smmplan\node_modules\@ba
bel\parser\lib\index.js:12781:21)
    at Parser.parseStatementLike (D:\Smmplan\node_modules\@babel
\parser\lib\index.js:12757:17)
    at Parser.parseModuleItem (D:\Smmplan\node_modules\@babel\pa
rser\lib\index.js:12734:17)
    at Parser.parseBlockOrModuleBlockBody (D:\Smmplan\node_modul
es\@babel\parser\lib\index.js:13306:36)
    at Parser.parseBlockBody (D:\Smmplan\node_modules\@babel\par
ser\lib\index.js:13299:10)
    at Parser.parseProgram (D:\Smmplan\node_modules\@babel\parse
r\lib\index.js:12612:10)
    at Parser.parseTopLevel (D:\Smmplan\node_modules\@babel\pars
er\lib\index.js:12602:25)
    at Parser.parse (D:\Smmplan\node_modules\@babel\parser\lib\i
ndex.js:14478:25)
    at parse (D:\Smmplan\node_modules\@babel\parser\lib\index.js
:14512:38)
Failed to collect coverage from D:\Smmplan\src\components\admin\
services\service-status-toggle.tsx
ERROR: D:\Smmplan\src\components\admin\services\service-status-t
oggle.tsx: Support for the experimental syntax 'jsx' isn't curre
ntly enabled (53:13):

[0m [90m 51 |[39m         })[33m;[39m
 [90m 52 |[39m     }[33m;[39m
[31m[1m>[22m[39m[90m 53 |[39m     [36mreturn[39m ([33m<
[39m[33mbutton[39m onClick[33m=[39m{handleToggle} disabled
[33m=[39m{isPending} className[33m=[39m{[32m`inline-flex ite
ms-center gap-1.5 px-3 py-1 rounded-full text-[9px] font-black u
ppercase border tracking-widest transition-all ${isActive[39m
 [90m    |[39m             [31m[1m^[22m[39m
 [90m 54 |[39m [32m            ? 'bg-emerald-50 text-emerald-
700 border-emerald-100 hover:bg-emerald-100'[39m
 [90m 55 |[39m [32m            : 'bg-slate-50 text-slate-400 
border-slate-200 hover:bg-slate-100'} ${isPending ? 'opacity-50 
cursor-not-allowed' : ''}`[39m}[33m>[39m
 [90m 56 |[39m       {isPending [33m?[39m [33m<[39m[33mlu
cide_react_1[39m[33m.[39m[33mLoader2[39m size[33m=[39m{[
35m10[39m} className[33m=[39m[32m"animate-spin"[39m[35m/> 
: <lucide_react_1.Power size={10}/[39m[33m>[39m}[0m

Add @babel/preset-react (https://github.com/babel/babel/tree/mai
n/packages/babel-preset-react) to the 'presets' section of your 
Babel config to enable transformation.
If you want to leave it as-is, add @babel/plugin-syntax-jsx (htt
ps://github.com/babel/babel/tree/main/packages/babel-plugin-synt
ax-jsx) to the 'plugins' section to enable parsing.

If you already added the plugin for this syntax to your config, 
it's possible that your config isn't being loaded.
You can re-run Babel with the BABEL_SHOW_CONFIG_FOR environment 
variable to show the loaded configuration:
	npx cross-env BABEL_SHOW_CONFIG_FOR=D:\Smmplan\src\components\a
dmin\services\service-status-toggle.tsx <your build command>
See https://babeljs.io/docs/configuration#print-effective-config
s for more info.

STACK: SyntaxError: D:\Smmplan\src\components\admin\services\ser
vice-status-toggle.tsx: Support for the experimental syntax 'jsx
' isn't currently enabled (53:13):

[0m [90m 51 |[39m         })[33m;[39m
 [90m 52 |[39m     }[33m;[39m
[31m[1m>[22m[39m[90m 53 |[39m     [36mreturn[39m ([33m<
[39m[33mbutton[39m onClick[33m=[39m{handleToggle} disabled
[33m=[39m{isPending} className[33m=[39m{[32m`inline-flex ite
ms-center gap-1.5 px-3 py-1 rounded-full text-[9px] font-black u
ppercase border tracking-widest transition-all ${isActive[39m
 [90m    |[39m             [31m[1m^[22m[39m
 [90m 54 |[39m [32m            ? 'bg-emerald-50 text-emerald-
700 border-emerald-100 hover:bg-emerald-100'[39m
 [90m 55 |[39m [32m            : 'bg-slate-50 text-slate-400 
border-slate-200 hover:bg-slate-100'} ${isPending ? 'opacity-50 
cursor-not-allowed' : ''}`[39m}[33m>[39m
 [90m 56 |[39m       {isPending [33m?[39m [33m<[39m[33mlu
cide_react_1[39m[33m.[39m[33mLoader2[39m size[33m=[39m{[
35m10[39m} className[33m=[39m[32m"animate-spin"[39m[35m/> 
: <lucide_react_1.Power size={10}/[39m[33m>[39m}[0m

Add @babel/preset-react (https://github.com/babel/babel/tree/mai
n/packages/babel-preset-react) to the 'presets' section of your 
Babel config to enable transformation.
If you want to leave it as-is, add @babel/plugin-syntax-jsx (htt
ps://github.com/babel/babel/tree/main/packages/babel-plugin-synt
ax-jsx) to the 'plugins' section to enable parsing.

If you already added the plugin for this syntax to your config, 
it's possible that your config isn't being loaded.
You can re-run Babel with the BABEL_SHOW_CONFIG_FOR environment 
variable to show the loaded configuration:
	npx cross-env BABEL_SHOW_CONFIG_FOR=D:\Smmplan\src\components\a
dmin\services\service-status-toggle.tsx <your build command>
See https://babeljs.io/docs/configuration#print-effective-config
s for more info.

    at constructor (D:\Smmplan\node_modules\@babel\parser\lib\in
dex.js:365:19)
    at Parser.raise (D:\Smmplan\node_modules\@babel\parser\lib\i
ndex.js:6599:19)
    at Parser.expectOnePlugin (D:\Smmplan\node_modules\@babel\pa
rser\lib\index.js:6633:18)
    at Parser.parseExprAtom (D:\Smmplan\node_modules\@babel\pars
er\lib\index.js:11388:24)
    at Parser.parseExprSubscripts (D:\Smmplan\node_modules\@babe
l\parser\lib\index.js:11071:23)
    at Parser.parseUpdate (D:\Smmplan\node_modules\@babel\parser
\lib\index.js:11056:21)
    at Parser.parseMaybeUnary (D:\Smmplan\node_modules\@babel\pa
rser\lib\index.js:11036:23)
    at Parser.parseMaybeUnaryOrPrivate (D:\Smmplan\node_modules\
@babel\parser\lib\index.js:10889:61)
    at Parser.parseExprOps (D:\Smmplan\node_modules\@babel\parse
r\lib\index.js:10894:23)
    at Parser.parseMaybeConditional (D:\Smmplan\node_modules\@ba
bel\parser\lib\index.js:10871:23)
    at Parser.parseMaybeAssign (D:\Smmplan\node_modules\@babel\p
arser\lib\index.js:10821:21)
    at D:\Smmplan\node_modules\@babel\parser\lib\index.js:10790:
39
    at Parser.allowInAnd (D:\Smmplan\node_modules\@babel\parser\
lib\index.js:12416:12)
    at Parser.parseMaybeAssignAllowIn (D:\Smmplan\node_modules\@
babel\parser\lib\index.js:10790:17)
    at Parser.parseMaybeAssignAllowInOrVoidPattern (D:\Smmplan\n
ode_modules\@babel\parser\lib\index.js:12483:17)
    at Parser.parseParenAndDistinguishExpression (D:\Smmplan\nod
e_modules\@babel\parser\lib\index.js:11665:28)
    at Parser.parseExprAtom (D:\Smmplan\node_modules\@babel\pars
er\lib\index.js:11321:23)
    at Parser.parseExprSubscripts (D:\Smmplan\node_modules\@babe
l\parser\lib\index.js:11071:23)
    at Parser.parseUpdate (D:\Smmplan\node_modules\@babel\parser
\lib\index.js:11056:21)
    at Parser.parseMaybeUnary (D:\Smmplan\node_modules\@babel\pa
rser\lib\index.js:11036:23)
    at Parser.parseMaybeUnaryOrPrivate (D:\Smmplan\node_modules\
@babel\parser\lib\index.js:10889:61)
    at Parser.parseExprOps (D:\Smmplan\node_modules\@babel\parse
r\lib\index.js:10894:23)
    at Parser.parseMaybeConditional (D:\Smmplan\node_modules\@ba
bel\parser\lib\index.js:10871:23)
    at Parser.parseMaybeAssign (D:\Smmplan\node_modules\@babel\p
arser\lib\index.js:10821:21)
    at Parser.parseExpressionBase (D:\Smmplan\node_modules\@babe
l\parser\lib\index.js:10774:23)
    at D:\Smmplan\node_modules\@babel\parser\lib\index.js:10770:
39
    at Parser.allowInAnd (D:\Smmplan\node_modules\@babel\parser\
lib\index.js:12411:16)
    at Parser.parseExpression (D:\Smmplan\node_modules\@babel\pa
rser\lib\index.js:10770:17)
    at Parser.parseReturnStatement (D:\Smmplan\node_modules\@bab
el\parser\lib\index.js:13132:28)
    at Parser.parseStatementContent (D:\Smmplan\node_modules\@ba
bel\parser\lib\index.js:12788:21)
    at Parser.parseStatementLike (D:\Smmplan\node_modules\@babel
\parser\lib\index.js:12757:17)
    at Parser.parseStatementListItem (D:\Smmplan\node_modules\@b
abel\parser\lib\index.js:12737:17)
    at Parser.parseBlockOrModuleBlockBody (D:\Smmplan\node_modul
es\@babel\parser\lib\index.js:13306:61)
    at Parser.parseBlockBody (D:\Smmplan\node_modules\@babel\par
ser\lib\index.js:13299:10)
    at Parser.parseBlock (D:\Smmplan\node_modules\@babel\parser\
lib\index.js:13287:10)
    at Parser.parseFunctionBody (D:\Smmplan\node_modules\@babel\
parser\lib\index.js:12090:24)
    at Parser.parseFunctionBodyAndFinish (D:\Smmplan\node_module
s\@babel\parser\lib\index.js:12076:10)
    at D:\Smmplan\node_modules\@babel\parser\lib\index.js:13435:
12
    at Parser.withSmartMixTopicForbiddingContext (D:\Smmplan\nod
e_modules\@babel\parser\lib\index.js:12393:14)
    at Parser.parseFunction (D:\Smmplan\node_modules\@babel\pars
er\lib\index.js:13434:10)
    at Parser.parseFunctionStatement (D:\Smmplan\node_modules\@b
abel\parser\lib\index.js:13115:17)
    at Parser.parseStatementContent (D:\Smmplan\node_modules\@ba
bel\parser\lib\index.js:12781:21)
    at Parser.parseStatementLike (D:\Smmplan\node_modules\@babel
\parser\lib\index.js:12757:17)
    at Parser.parseModuleItem (D:\Smmplan\node_modules\@babel\pa
rser\lib\index.js:12734:17)
    at Parser.parseBlockOrModuleBlockBody (D:\Smmplan\node_modul
es\@babel\parser\lib\index.js:13306:36)
    at Parser.parseBlockBody (D:\Smmplan\node_modules\@babel\par
ser\lib\index.js:13299:10)
    at Parser.parseProgram (D:\Smmplan\node_modules\@babel\parse
r\lib\index.js:12612:10)
    at Parser.parseTopLevel (D:\Smmplan\node_modules\@babel\pars
er\lib\index.js:12602:25)
    at Parser.parse (D:\Smmplan\node_modules\@babel\parser\lib\i
ndex.js:14478:25)
    at parse (D:\Smmplan\node_modules\@babel\parser\lib\index.js
:14512:38)
Failed to collect coverage from D:\Smmplan\src\components\admin\
services\service-filter.tsx
ERROR: D:\Smmplan\src\components\admin\services\service-filter.t
sx: Support for the experimental syntax 'jsx' isn't currently en
abled (33:13):

[0m [90m 31 |[39m         router[33m.[39mpush([32m`/admin/
services?${params.toString()}`[39m)[33m;[39m
 [90m 32 |[39m     }[33m;[39m
[31m[1m>[22m[39m[90m 33 |[39m     [36mreturn[39m ([33m<
[39m[33mdiv[39m className[33m=[39m[32m"bg-white p-4 rounde
d-xl border border-slate-200 shadow-sm flex flex-wrap gap-4 item
s-center"[39m[33m>[39m
 [90m    |[39m             [31m[1m^[22m[39m
 [90m 34 |[39m       [33m<[39m[33mdiv[39m className[33m=
[39m[32m"relative flex-1 min-w-[300px]"[39m[33m>[39m
 [90m 35 |[39m         [33m<[39m[33mlucide_react_1[39m[33
m.[39m[33mSearch[39m className[33m=[39m[32m"absolute left-
3 top-1/2 -translate-y-1/2 text-slate-400"[39m size[33m=[39m{
[35m18[39m}[33m/[39m[33m>[39m
 [90m 36 |[39m         [33m<[39m[33mform[39m onSubmit[33m
=[39m{handleSearch}[33m>[39m[0m

Add @babel/preset-react (https://github.com/babel/babel/tree/mai
n/packages/babel-preset-react) to the 'presets' section of your 
Babel config to enable transformation.
If you want to leave it as-is, add @babel/plugin-syntax-jsx (htt
ps://github.com/babel/babel/tree/main/packages/babel-plugin-synt
ax-jsx) to the 'plugins' section to enable parsing.

If you already added the plugin for this syntax to your config, 
it's possible that your config isn't being loaded.
You can re-run Babel with the BABEL_SHOW_CONFIG_FOR environment 
variable to show the loaded configuration:
	npx cross-env BABEL_SHOW_CONFIG_FOR=D:\Smmplan\src\components\a
dmin\services\service-filter.tsx <your build command>
See https://babeljs.io/docs/configuration#print-effective-config
s for more info.

STACK: SyntaxError: D:\Smmplan\src\components\admin\services\ser
vice-filter.tsx: Support for the experimental syntax 'jsx' isn't
 currently enabled (33:13):

[0m [90m 31 |[39m         router[33m.[39mpush([32m`/admin/
services?${params.toString()}`[39m)[33m;[39m
 [90m 32 |[39m     }[33m;[39m
[31m[1m>[22m[39m[90m 33 |[39m     [36mreturn[39m ([33m<
[39m[33mdiv[39m className[33m=[39m[32m"bg-white p-4 rounde
d-xl border border-slate-200 shadow-sm flex flex-wrap gap-4 item
s-center"[39m[33m>[39m
 [90m    |[39m             [31m[1m^[22m[39m
 [90m 34 |[39m       [33m<[39m[33mdiv[39m className[33m=
[39m[32m"relative flex-1 min-w-[300px]"[39m[33m>[39m
 [90m 35 |[39m         [33m<[39m[33mlucide_react_1[39m[33
m.[39m[33mSearch[39m className[33m=[39m[32m"absolute left-
3 top-1/2 -translate-y-1/2 text-slate-400"[39m size[33m=[39m{
[35m18[39m}[33m/[39m[33m>[39m
 [90m 36 |[39m         [33m<[39m[33mform[39m onSubmit[33m
=[39m{handleSearch}[33m>[39m[0m

Add @babel/preset-react (https://github.com/babel/babel/tree/mai
n/packages/babel-preset-react) to the 'presets' section of your 
Babel config to enable transformation.
If you want to leave it as-is, add @babel/plugin-syntax-jsx (htt
ps://github.com/babel/babel/tree/main/packages/babel-plugin-synt
ax-jsx) to the 'plugins' section to enable parsing.

If you already added the plugin for this syntax to your config, 
it's possible that your config isn't being loaded.
You can re-run Babel with the BABEL_SHOW_CONFIG_FOR environment 
variable to show the loaded configuration:
	npx cross-env BABEL_SHOW_CONFIG_FOR=D:\Smmplan\src\components\a
dmin\services\service-filter.tsx <your build command>
See https://babeljs.io/docs/configuration#print-effective-config
s for more info.

    at constructor (D:\Smmplan\node_modules\@babel\parser\lib\in
dex.js:365:19)
    at Parser.raise (D:\Smmplan\node_modules\@babel\parser\lib\i
ndex.js:6599:19)
    at Parser.expectOnePlugin (D:\Smmplan\node_modules\@babel\pa
rser\lib\index.js:6633:18)
    at Parser.parseExprAtom (D:\Smmplan\node_modules\@babel\pars
er\lib\index.js:11388:24)
    at Parser.parseExprSubscripts (D:\Smmplan\node_modules\@babe
l\parser\lib\index.js:11071:23)
    at Parser.parseUpdate (D:\Smmplan\node_modules\@babel\parser
\lib\index.js:11056:21)
    at Parser.parseMaybeUnary (D:\Smmplan\node_modules\@babel\pa
rser\lib\index.js:11036:23)
    at Parser.parseMaybeUnaryOrPrivate (D:\Smmplan\node_modules\
@babel\parser\lib\index.js:10889:61)
    at Parser.parseExprOps (D:\Smmplan\node_modules\@babel\parse
r\lib\index.js:10894:23)
    at Parser.parseMaybeConditional (D:\Smmplan\node_modules\@ba
bel\parser\lib\index.js:10871:23)
    at Parser.parseMaybeAssign (D:\Smmplan\node_modules\@babel\p
arser\lib\index.js:10821:21)
    at D:\Smmplan\node_modules\@babel\parser\lib\index.js:10790:
39
    at Parser.allowInAnd (D:\Smmplan\node_modules\@babel\parser\
lib\index.js:12416:12)
    at Parser.parseMaybeAssignAllowIn (D:\Smmplan\node_modules\@
babel\parser\lib\index.js:10790:17)
    at Parser.parseMaybeAssignAllowInOrVoidPattern (D:\Smmplan\n
ode_modules\@babel\parser\lib\index.js:12483:17)
    at Parser.parseParenAndDistinguishExpression (D:\Smmplan\nod
e_modules\@babel\parser\lib\index.js:11665:28)
    at Parser.parseExprAtom (D:\Smmplan\node_modules\@babel\pars
er\lib\index.js:11321:23)
    at Parser.parseExprSubscripts (D:\Smmplan\node_modules\@babe
l\parser\lib\index.js:11071:23)
    at Parser.parseUpdate (D:\Smmplan\node_modules\@babel\parser
\lib\index.js:11056:21)
    at Parser.parseMaybeUnary (D:\Smmplan\node_modules\@babel\pa
rser\lib\index.js:11036:23)
    at Parser.parseMaybeUnaryOrPrivate (D:\Smmplan\node_modules\
@babel\parser\lib\index.js:10889:61)
    at Parser.parseExprOps (D:\Smmplan\node_modules\@babel\parse
r\lib\index.js:10894:23)
    at Parser.parseMaybeConditional (D:\Smmplan\node_modules\@ba
bel\parser\lib\index.js:10871:23)
    at Parser.parseMaybeAssign (D:\Smmplan\node_modules\@babel\p
arser\lib\index.js:10821:21)
    at Parser.parseExpressionBase (D:\Smmplan\node_modules\@babe
l\parser\lib\index.js:10774:23)
    at D:\Smmplan\node_modules\@babel\parser\lib\index.js:10770:
39
    at Parser.allowInAnd (D:\Smmplan\node_modules\@babel\parser\
lib\index.js:12411:16)
    at Parser.parseExpression (D:\Smmplan\node_modules\@babel\pa
rser\lib\index.js:10770:17)
    at Parser.parseReturnStatement (D:\Smmplan\node_modules\@bab
el\parser\lib\index.js:13132:28)
    at Parser.parseStatementContent (D:\Smmplan\node_modules\@ba
bel\parser\lib\index.js:12788:21)
    at Parser.parseStatementLike (D:\Smmplan\node_modules\@babel
\parser\lib\index.js:12757:17)
    at Parser.parseStatementListItem (D:\Smmplan\node_modules\@b
abel\parser\lib\index.js:12737:17)
    at Parser.parseBlockOrModuleBlockBody (D:\Smmplan\node_modul
es\@babel\parser\lib\index.js:13306:61)
    at Parser.parseBlockBody (D:\Smmplan\node_modules\@babel\par
ser\lib\index.js:13299:10)
    at Parser.parseBlock (D:\Smmplan\node_modules\@babel\parser\
lib\index.js:13287:10)
    at Parser.parseFunctionBody (D:\Smmplan\node_modules\@babel\
parser\lib\index.js:12090:24)
    at Parser.parseFunctionBodyAndFinish (D:\Smmplan\node_module
s\@babel\parser\lib\index.js:12076:10)
    at D:\Smmplan\node_modules\@babel\parser\lib\index.js:13435:
12
    at Parser.withSmartMixTopicForbiddingContext (D:\Smmplan\nod
e_modules\@babel\parser\lib\index.js:12393:14)
    at Parser.parseFunction (D:\Smmplan\node_modules\@babel\pars
er\lib\index.js:13434:10)
    at Parser.parseFunctionStatement (D:\Smmplan\node_modules\@b
abel\parser\lib\index.js:13115:17)
    at Parser.parseStatementContent (D:\Smmplan\node_modules\@ba
bel\parser\lib\index.js:12781:21)
    at Parser.parseStatementLike (D:\Smmplan\node_modules\@babel
\parser\lib\index.js:12757:17)
    at Parser.parseModuleItem (D:\Smmplan\node_modules\@babel\pa
rser\lib\index.js:12734:17)
    at Parser.parseBlockOrModuleBlockBody (D:\Smmplan\node_modul
es\@babel\parser\lib\index.js:13306:36)
    at Parser.parseBlockBody (D:\Smmplan\node_modules\@babel\par
ser\lib\index.js:13299:10)
    at Parser.parseProgram (D:\Smmplan\node_modules\@babel\parse
r\lib\index.js:12612:10)
    at Parser.parseTopLevel (D:\Smmplan\node_modules\@babel\pars
er\lib\index.js:12602:25)
    at Parser.parse (D:\Smmplan\node_modules\@babel\parser\lib\i
ndex.js:14478:25)
    at parse (D:\Smmplan\node_modules\@babel\parser\lib\index.js
:14512:38)
Failed to collect coverage from D:\Smmplan\src\components\admin\
support\broadcast-button.tsx
ERROR: D:\Smmplan\src\components\admin\support\broadcast-button.
tsx: Support for the experimental syntax 'jsx' isn't currently e
nabled (67:17):

[0m [90m 65 |[39m     }[33m;[39m
 [90m 66 |[39m     [36mif[39m (status [33m===[39m [32m'su
ccess'[39m) {
[31m[1m>[22m[39m[90m 67 |[39m         [36mreturn[39m ([
33m<[39m[33mdiv[39m className[33m=[39m[32m"bg-emerald-50 b
order border-emerald-100 p-6 rounded-2xl text-center space-y-4"
[39m[33m>[39m
 [90m    |[39m                 [31m[1m^[22m[39m
 [90m 68 |[39m         [33m<[39m[33mdiv[39m className[33m
=[39m[32m"w-12 h-12 bg-emerald-100 text-emerald-600 rounded-fu
ll flex items-center justify-center mx-auto"[39m[33m>[39m
 [90m 69 |[39m           [33m<[39m[33mlucide_react_1[39m[
33m.[39m[33mCheckCircle2[39m size[33m=[39m{[35m24[39m}[3
3m/[39m[33m>[39m
 [90m 70 |[39m         [33m<[39m[33m/[39m[33mdiv[39m[33
m>[39m[0m

Add @babel/preset-react (https://github.com/babel/babel/tree/mai
n/packages/babel-preset-react) to the 'presets' section of your 
Babel config to enable transformation.
If you want to leave it as-is, add @babel/plugin-syntax-jsx (htt
ps://github.com/babel/babel/tree/main/packages/babel-plugin-synt
ax-jsx) to the 'plugins' section to enable parsing.

If you already added the plugin for this syntax to your config, 
it's possible that your config isn't being loaded.
You can re-run Babel with the BABEL_SHOW_CONFIG_FOR environment 
variable to show the loaded configuration:
	npx cross-env BABEL_SHOW_CONFIG_FOR=D:\Smmplan\src\components\a
dmin\support\broadcast-button.tsx <your build command>
See https://babeljs.io/docs/configuration#print-effective-config
s for more info.

STACK: SyntaxError: D:\Smmplan\src\components\admin\support\broa
dcast-button.tsx: Support for the experimental syntax 'jsx' isn'
t currently enabled (67:17):

[0m [90m 65 |[39m     }[33m;[39m
 [90m 66 |[39m     [36mif[39m (status [33m===[39m [32m'su
ccess'[39m) {
[31m[1m>[22m[39m[90m 67 |[39m         [36mreturn[39m ([
33m<[39m[33mdiv[39m className[33m=[39m[32m"bg-emerald-50 b
order border-emerald-100 p-6 rounded-2xl text-center space-y-4"
[39m[33m>[39m
 [90m    |[39m                 [31m[1m^[22m[39m
 [90m 68 |[39m         [33m<[39m[33mdiv[39m className[33m
=[39m[32m"w-12 h-12 bg-emerald-100 text-emerald-600 rounded-fu
ll flex items-center justify-center mx-auto"[39m[33m>[39m
 [90m 69 |[39m           [33m<[39m[33mlucide_react_1[39m[
33m.[39m[33mCheckCircle2[39m size[33m=[39m{[35m24[39m}[3
3m/[39m[33m>[39m
 [90m 70 |[39m         [33m<[39m[33m/[39m[33mdiv[39m[33
m>[39m[0m

Add @babel/preset-react (https://github.com/babel/babel/tree/mai
n/packages/babel-preset-react) to the 'presets' section of your 
Babel config to enable transformation.
If you want to leave it as-is, add @babel/plugin-syntax-jsx (htt
ps://github.com/babel/babel/tree/main/packages/babel-plugin-synt
ax-jsx) to the 'plugins' section to enable parsing.

If you already added the plugin for this syntax to your config, 
it's possible that your config isn't being loaded.
You can re-run Babel with the BABEL_SHOW_CONFIG_FOR environment 
variable to show the loaded configuration:
	npx cross-env BABEL_SHOW_CONFIG_FOR=D:\Smmplan\src\components\a
dmin\support\broadcast-button.tsx <your build command>
See https://babeljs.io/docs/configuration#print-effective-config
s for more info.

    at constructor (D:\Smmplan\node_modules\@babel\parser\lib\in
dex.js:365:19)
    at Parser.raise (D:\Smmplan\node_modules\@babel\parser\lib\i
ndex.js:6599:19)
    at Parser.expectOnePlugin (D:\Smmplan\node_modules\@babel\pa
rser\lib\index.js:6633:18)
    at Parser.parseExprAtom (D:\Smmplan\node_modules\@babel\pars
er\lib\index.js:11388:24)
    at Parser.parseExprSubscripts (D:\Smmplan\node_modules\@babe
l\parser\lib\index.js:11071:23)
    at Parser.parseUpdate (D:\Smmplan\node_modules\@babel\parser
\lib\index.js:11056:21)
    at Parser.parseMaybeUnary (D:\Smmplan\node_modules\@babel\pa
rser\lib\index.js:11036:23)
    at Parser.parseMaybeUnaryOrPrivate (D:\Smmplan\node_modules\
@babel\parser\lib\index.js:10889:61)
    at Parser.parseExprOps (D:\Smmplan\node_modules\@babel\parse
r\lib\index.js:10894:23)
    at Parser.parseMaybeConditional (D:\Smmplan\node_modules\@ba
bel\parser\lib\index.js:10871:23)
    at Parser.parseMaybeAssign (D:\Smmplan\node_modules\@babel\p
arser\lib\index.js:10821:21)
    at D:\Smmplan\node_modules\@babel\parser\lib\index.js:10790:
39
    at Parser.allowInAnd (D:\Smmplan\node_modules\@babel\parser\
lib\index.js:12416:12)
    at Parser.parseMaybeAssignAllowIn (D:\Smmplan\node_modules\@
babel\parser\lib\index.js:10790:17)
    at Parser.parseMaybeAssignAllowInOrVoidPattern (D:\Smmplan\n
ode_modules\@babel\parser\lib\index.js:12483:17)
    at Parser.parseParenAndDistinguishExpression (D:\Smmplan\nod
e_modules\@babel\parser\lib\index.js:11665:28)
    at Parser.parseExprAtom (D:\Smmplan\node_modules\@babel\pars
er\lib\index.js:11321:23)
    at Parser.parseExprSubscripts (D:\Smmplan\node_modules\@babe
l\parser\lib\index.js:11071:23)
    at Parser.parseUpdate (D:\Smmplan\node_modules\@babel\parser
\lib\index.js:11056:21)
    at Parser.parseMaybeUnary (D:\Smmplan\node_modules\@babel\pa
rser\lib\index.js:11036:23)
    at Parser.parseMaybeUnaryOrPrivate (D:\Smmplan\node_modules\
@babel\parser\lib\index.js:10889:61)
    at Parser.parseExprOps (D:\Smmplan\node_modules\@babel\parse
r\lib\index.js:10894:23)
    at Parser.parseMaybeConditional (D:\Smmplan\node_modules\@ba
bel\parser\lib\index.js:10871:23)
    at Parser.parseMaybeAssign (D:\Smmplan\node_modules\@babel\p
arser\lib\index.js:10821:21)
    at Parser.parseExpressionBase (D:\Smmplan\node_modules\@babe
l\parser\lib\index.js:10774:23)
    at D:\Smmplan\node_modules\@babel\parser\lib\index.js:10770:
39
    at Parser.allowInAnd (D:\Smmplan\node_modules\@babel\parser\
lib\index.js:12411:16)
    at Parser.parseExpression (D:\Smmplan\node_modules\@babel\pa
rser\lib\index.js:10770:17)
    at Parser.parseReturnStatement (D:\Smmplan\node_modules\@bab
el\parser\lib\index.js:13132:28)
    at Parser.parseStatementContent (D:\Smmplan\node_modules\@ba
bel\parser\lib\index.js:12788:21)
    at Parser.parseStatementLike (D:\Smmplan\node_modules\@babel
\parser\lib\index.js:12757:17)
    at Parser.parseStatementListItem (D:\Smmplan\node_modules\@b
abel\parser\lib\index.js:12737:17)
    at Parser.parseBlockOrModuleBlockBody (D:\Smmplan\node_modul
es\@babel\parser\lib\index.js:13306:61)
    at Parser.parseBlockBody (D:\Smmplan\node_modules\@babel\par
ser\lib\index.js:13299:10)
    at Parser.parseBlock (D:\Smmplan\node_modules\@babel\parser\
lib\index.js:13287:10)
    at Parser.parseStatementContent (D:\Smmplan\node_modules\@ba
bel\parser\lib\index.js:12848:21)
    at Parser.parseStatementLike (D:\Smmplan\node_modules\@babel
\parser\lib\index.js:12757:17)
    at Parser.parseStatementOrSloppyAnnexBFunctionDeclaration (D
:\Smmplan\node_modules\@babel\parser\lib\index.js:12747:17)
    at Parser.parseIfStatement (D:\Smmplan\node_modules\@babel\p
arser\lib\index.js:13120:28)
    at Parser.parseStatementContent (D:\Smmplan\node_modules\@ba
bel\parser\lib\index.js:12786:21)
    at Parser.parseStatementLike (D:\Smmplan\node_modules\@babel
\parser\lib\index.js:12757:17)
    at Parser.parseStatementListItem (D:\Smmplan\node_modules\@b
abel\parser\lib\index.js:12737:17)
    at Parser.parseBlockOrModuleBlockBody (D:\Smmplan\node_modul
es\@babel\parser\lib\index.js:13306:61)
    at Parser.parseBlockBody (D:\Smmplan\node_modules\@babel\par
ser\lib\index.js:13299:10)
    at Parser.parseBlock (D:\Smmplan\node_modules\@babel\parser\
lib\index.js:13287:10)
    at Parser.parseFunctionBody (D:\Smmplan\node_modules\@babel\
parser\lib\index.js:12090:24)
    at Parser.parseFunctionBodyAndFinish (D:\Smmplan\node_module
s\@babel\parser\lib\index.js:12076:10)
    at D:\Smmplan\node_modules\@babel\parser\lib\index.js:13435:
12
    at Parser.withSmartMixTopicForbiddingContext (D:\Smmplan\nod
e_modules\@babel\parser\lib\index.js:12393:14)
    at Parser.parseFunction (D:\Smmplan\node_modules\@babel\pars
er\lib\index.js:13434:10)
Failed to collect coverage from D:\Smmplan\src\components\admin\
support\new-ticket-modal.tsx
ERROR: D:\Smmplan\src\components\admin\support\new-ticket-modal.
tsx: Support for the experimental syntax 'jsx' isn't currently e
nabled (65:13):

[0m [90m 63 |[39m         }
 [90m 64 |[39m     }[33m;[39m
[31m[1m>[22m[39m[90m 65 |[39m     [36mreturn[39m ([33m<
[39m[33mdiv[39m className[33m=[39m[32m"absolute inset-0 bg
-slate-900/50 backdrop-blur-sm z-50 flex items-center justify-ce
nter p-6 animate-in fade-in duration-200"[39m[33m>[39m
 [90m    |[39m             [31m[1m^[22m[39m
 [90m 66 |[39m             [33m<[39m[33mdiv[39m className
[33m=[39m[32m"bg-white rounded-3xl w-full max-w-sm p-6 shadow-
2xl animate-in zoom-in-95 duration-200"[39m[33m>[39m
 [90m 67 |[39m                 [33m<[39m[33mdiv[39m classN
ame[33m=[39m[32m"flex items-center justify-between mb-4"[39m
[33m>[39m
 [90m 68 |[39m                     [33m<[39m[33mh3[39m cla
ssName[33m=[39m[32m"text-lg font-black text-slate-800"[39m[
33m>[39m[33m╨Э╨╛╨▓╤Л╨╣[39m ╤В╨╕╨║╨╡╤В[33m<[39m[33m/[39m[
33mh3[39m[33m>[39m[0m

Add @babel/preset-react (https://github.com/babel/babel/tree/mai
n/packages/babel-preset-react) to the 'presets' section of your 
Babel config to enable transformation.
If you want to leave it as-is, add @babel/plugin-syntax-jsx (htt
ps://github.com/babel/babel/tree/main/packages/babel-plugin-synt
ax-jsx) to the 'plugins' section to enable parsing.

If you already added the plugin for this syntax to your config, 
it's possible that your config isn't being loaded.
You can re-run Babel with the BABEL_SHOW_CONFIG_FOR environment 
variable to show the loaded configuration:
	npx cross-env BABEL_SHOW_CONFIG_FOR=D:\Smmplan\src\components\a
dmin\support\new-ticket-modal.tsx <your build command>
See https://babeljs.io/docs/configuration#print-effective-config
s for more info.

STACK: SyntaxError: D:\Smmplan\src\components\admin\support\new-
ticket-modal.tsx: Support for the experimental syntax 'jsx' isn'
t currently enabled (65:13):

[0m [90m 63 |[39m         }
 [90m 64 |[39m     }[33m;[39m
[31m[1m>[22m[39m[90m 65 |[39m     [36mreturn[39m ([33m<
[39m[33mdiv[39m className[33m=[39m[32m"absolute inset-0 bg
-slate-900/50 backdrop-blur-sm z-50 flex items-center justify-ce
nter p-6 animate-in fade-in duration-200"[39m[33m>[39m
 [90m    |[39m             [31m[1m^[22m[39m
 [90m 66 |[39m             [33m<[39m[33mdiv[39m className
[33m=[39m[32m"bg-white rounded-3xl w-full max-w-sm p-6 shadow-
2xl animate-in zoom-in-95 duration-200"[39m[33m>[39m
 [90m 67 |[39m                 [33m<[39m[33mdiv[39m classN
ame[33m=[39m[32m"flex items-center justify-between mb-4"[39m
[33m>[39m
 [90m 68 |[39m                     [33m<[39m[33mh3[39m cla
ssName[33m=[39m[32m"text-lg font-black text-slate-800"[39m[
33m>[39m[33m╨Э╨╛╨▓╤Л╨╣[39m ╤В╨╕╨║╨╡╤В[33m<[39m[33m/[39m[
33mh3[39m[33m>[39m[0m

Add @babel/preset-react (https://github.com/babel/babel/tree/mai
n/packages/babel-preset-react) to the 'presets' section of your 
Babel config to enable transformation.
If you want to leave it as-is, add @babel/plugin-syntax-jsx (htt
ps://github.com/babel/babel/tree/main/packages/babel-plugin-synt
ax-jsx) to the 'plugins' section to enable parsing.

If you already added the plugin for this syntax to your config, 
it's possible that your config isn't being loaded.
You can re-run Babel with the BABEL_SHOW_CONFIG_FOR environment 
variable to show the loaded configuration:
	npx cross-env BABEL_SHOW_CONFIG_FOR=D:\Smmplan\src\components\a
dmin\support\new-ticket-modal.tsx <your build command>
See https://babeljs.io/docs/configuration#print-effective-config
s for more info.

    at constructor (D:\Smmplan\node_modules\@babel\parser\lib\in
dex.js:365:19)
    at Parser.raise (D:\Smmplan\node_modules\@babel\parser\lib\i
ndex.js:6599:19)
    at Parser.expectOnePlugin (D:\Smmplan\node_modules\@babel\pa
rser\lib\index.js:6633:18)
    at Parser.parseExprAtom (D:\Smmplan\node_modules\@babel\pars
er\lib\index.js:11388:24)
    at Parser.parseExprSubscripts (D:\Smmplan\node_modules\@babe
l\parser\lib\index.js:11071:23)
    at Parser.parseUpdate (D:\Smmplan\node_modules\@babel\parser
\lib\index.js:11056:21)
    at Parser.parseMaybeUnary (D:\Smmplan\node_modules\@babel\pa
rser\lib\index.js:11036:23)
    at Parser.parseMaybeUnaryOrPrivate (D:\Smmplan\node_modules\
@babel\parser\lib\index.js:10889:61)
    at Parser.parseExprOps (D:\Smmplan\node_modules\@babel\parse
r\lib\index.js:10894:23)
    at Parser.parseMaybeConditional (D:\Smmplan\node_modules\@ba
bel\parser\lib\index.js:10871:23)
    at Parser.parseMaybeAssign (D:\Smmplan\node_modules\@babel\p
arser\lib\index.js:10821:21)
    at D:\Smmplan\node_modules\@babel\parser\lib\index.js:10790:
39
    at Parser.allowInAnd (D:\Smmplan\node_modules\@babel\parser\
lib\index.js:12416:12)
    at Parser.parseMaybeAssignAllowIn (D:\Smmplan\node_modules\@
babel\parser\lib\index.js:10790:17)
    at Parser.parseMaybeAssignAllowInOrVoidPattern (D:\Smmplan\n
ode_modules\@babel\parser\lib\index.js:12483:17)
    at Parser.parseParenAndDistinguishExpression (D:\Smmplan\nod
e_modules\@babel\parser\lib\index.js:11665:28)
    at Parser.parseExprAtom (D:\Smmplan\node_modules\@babel\pars
er\lib\index.js:11321:23)
    at Parser.parseExprSubscripts (D:\Smmplan\node_modules\@babe
l\parser\lib\index.js:11071:23)
    at Parser.parseUpdate (D:\Smmplan\node_modules\@babel\parser
\lib\index.js:11056:21)
    at Parser.parseMaybeUnary (D:\Smmplan\node_modules\@babel\pa
rser\lib\index.js:11036:23)
    at Parser.parseMaybeUnaryOrPrivate (D:\Smmplan\node_modules\
@babel\parser\lib\index.js:10889:61)
    at Parser.parseExprOps (D:\Smmplan\node_modules\@babel\parse
r\lib\index.js:10894:23)
    at Parser.parseMaybeConditional (D:\Smmplan\node_modules\@ba
bel\parser\lib\index.js:10871:23)
    at Parser.parseMaybeAssign (D:\Smmplan\node_modules\@babel\p
arser\lib\index.js:10821:21)
    at Parser.parseExpressionBase (D:\Smmplan\node_modules\@babe
l\parser\lib\index.js:10774:23)
    at D:\Smmplan\node_modules\@babel\parser\lib\index.js:10770:
39
    at Parser.allowInAnd (D:\Smmplan\node_modules\@babel\parser\
lib\index.js:12411:16)
    at Parser.parseExpression (D:\Smmplan\node_modules\@babel\pa
rser\lib\index.js:10770:17)
    at Parser.parseReturnStatement (D:\Smmplan\node_modules\@bab
el\parser\lib\index.js:13132:28)
    at Parser.parseStatementContent (D:\Smmplan\node_modules\@ba
bel\parser\lib\index.js:12788:21)
    at Parser.parseStatementLike (D:\Smmplan\node_modules\@babel
\parser\lib\index.js:12757:17)
    at Parser.parseStatementListItem (D:\Smmplan\node_modules\@b
abel\parser\lib\index.js:12737:17)
    at Parser.parseBlockOrModuleBlockBody (D:\Smmplan\node_modul
es\@babel\parser\lib\index.js:13306:61)
    at Parser.parseBlockBody (D:\Smmplan\node_modules\@babel\par
ser\lib\index.js:13299:10)
    at Parser.parseBlock (D:\Smmplan\node_modules\@babel\parser\
lib\index.js:13287:10)
    at Parser.parseFunctionBody (D:\Smmplan\node_modules\@babel\
parser\lib\index.js:12090:24)
    at Parser.parseFunctionBodyAndFinish (D:\Smmplan\node_module
s\@babel\parser\lib\index.js:12076:10)
    at D:\Smmplan\node_modules\@babel\parser\lib\index.js:13435:
12
    at Parser.withSmartMixTopicForbiddingContext (D:\Smmplan\nod
e_modules\@babel\parser\lib\index.js:12393:14)
    at Parser.parseFunction (D:\Smmplan\node_modules\@babel\pars
er\lib\index.js:13434:10)
    at Parser.parseFunctionStatement (D:\Smmplan\node_modules\@b
abel\parser\lib\index.js:13115:17)
    at Parser.parseStatementContent (D:\Smmplan\node_modules\@ba
bel\parser\lib\index.js:12781:21)
    at Parser.parseStatementLike (D:\Smmplan\node_modules\@babel
\parser\lib\index.js:12757:17)
    at Parser.parseModuleItem (D:\Smmplan\node_modules\@babel\pa
rser\lib\index.js:12734:17)
    at Parser.parseBlockOrModuleBlockBody (D:\Smmplan\node_modul
es\@babel\parser\lib\index.js:13306:36)
    at Parser.parseBlockBody (D:\Smmplan\node_modules\@babel\par
ser\lib\index.js:13299:10)
    at Parser.parseProgram (D:\Smmplan\node_modules\@babel\parse
r\lib\index.js:12612:10)
    at Parser.parseTopLevel (D:\Smmplan\node_modules\@babel\pars
er\lib\index.js:12602:25)
    at Parser.parse (D:\Smmplan\node_modules\@babel\parser\lib\i
ndex.js:14478:25)
    at parse (D:\Smmplan\node_modules\@babel\parser\lib\index.js
:14512:38)
Failed to collect coverage from D:\Smmplan\src\components\admin\
support\macro-editor.tsx
ERROR: D:\Smmplan\src\components\admin\support\macro-editor.tsx:
 Support for the experimental syntax 'jsx' isn't currently enabl
ed (101:28):

[0m [90m  99 |[39m     }[33m;[39m
 [90m 100 |[39m     [36mif[39m ([33m![39misOpen) {
[31m[1m>[22m[39m[90m 101 |[39m         [36mreturn[39m ed
itMode [33m?[39m ([33m<[39m[33mbutton[39m onClick[33m=[3
9m{() [33m=>[39m setIsOpen([36mtrue[39m)} className[33m=[3
9m[32m"p-2 text-slate-400 hover:text-amber-600 hover:bg-amber-5
0 rounded-xl transition-all"[39m[33m>[39m
 [90m     |[39m                            [31m[1m^[22m[39
m
 [90m 102 |[39m         [33m<[39m[33mlucide_react_1[39m[3
3m.[39m[33mZap[39m size[33m=[39m{[35m16[39m}[33m/[39m[
33m>[39m
 [90m 103 |[39m       [33m<[39m[33m/[39m[33mbutton[39m[
33m>[39m) [33m:[39m ([33m<[39m[33mbutton[39m onClick[33m
=[39m{() [33m=>[39m setIsOpen([36mtrue[39m)} className[33m
=[39m[32m"h-full min-h-[200px] bg-slate-50 border-2 border-das
hed border-slate-200 rounded-[2.5rem] flex flex-col items-center
 justify-center gap-2 text-slate-400 hover:border-amber-300 hove
r:text-amber-600 transition-all group"[39m[33m>[39m
 [90m 104 |[39m         [33m<[39m[33mdiv[39m className[33
m=[39m[32m"p-4 bg-white rounded-2xl shadow-sm group-hover:scal
e-110 transition-transform"[39m[33m>[39m[0m

Add @babel/preset-react (https://github.com/babel/babel/tree/mai
n/packages/babel-preset-react) to the 'presets' section of your 
Babel config to enable transformation.
If you want to leave it as-is, add @babel/plugin-syntax-jsx (htt
ps://github.com/babel/babel/tree/main/packages/babel-plugin-synt
ax-jsx) to the 'plugins' section to enable parsing.

If you already added the plugin for this syntax to your config, 
it's possible that your config isn't being loaded.
You can re-run Babel with the BABEL_SHOW_CONFIG_FOR environment 
variable to show the loaded configuration:
	npx cross-env BABEL_SHOW_CONFIG_FOR=D:\Smmplan\src\components\a
dmin\support\macro-editor.tsx <your build command>
See https://babeljs.io/docs/configuration#print-effective-config
s for more info.

STACK: SyntaxError: D:\Smmplan\src\components\admin\support\macr
o-editor.tsx: Support for the experimental syntax 'jsx' isn't cu
rrently enabled (101:28):

[0m [90m  99 |[39m     }[33m;[39m
 [90m 100 |[39m     [36mif[39m ([33m![39misOpen) {
[31m[1m>[22m[39m[90m 101 |[39m         [36mreturn[39m ed
itMode [33m?[39m ([33m<[39m[33mbutton[39m onClick[33m=[3
9m{() [33m=>[39m setIsOpen([36mtrue[39m)} className[33m=[3
9m[32m"p-2 text-slate-400 hover:text-amber-600 hover:bg-amber-5
0 rounded-xl transition-all"[39m[33m>[39m
 [90m     |[39m                            [31m[1m^[22m[39
m
 [90m 102 |[39m         [33m<[39m[33mlucide_react_1[39m[3
3m.[39m[33mZap[39m size[33m=[39m{[35m16[39m}[33m/[39m[
33m>[39m
 [90m 103 |[39m       [33m<[39m[33m/[39m[33mbutton[39m[
33m>[39m) [33m:[39m ([33m<[39m[33mbutton[39m onClick[33m
=[39m{() [33m=>[39m setIsOpen([36mtrue[39m)} className[33m
=[39m[32m"h-full min-h-[200px] bg-slate-50 border-2 border-das
hed border-slate-200 rounded-[2.5rem] flex flex-col items-center
 justify-center gap-2 text-slate-400 hover:border-amber-300 hove
r:text-amber-600 transition-all group"[39m[33m>[39m
 [90m 104 |[39m         [33m<[39m[33mdiv[39m className[33
m=[39m[32m"p-4 bg-white rounded-2xl shadow-sm group-hover:scal
e-110 transition-transform"[39m[33m>[39m[0m

Add @babel/preset-react (https://github.com/babel/babel/tree/mai
n/packages/babel-preset-react) to the 'presets' section of your 
Babel config to enable transformation.
If you want to leave it as-is, add @babel/plugin-syntax-jsx (htt
ps://github.com/babel/babel/tree/main/packages/babel-plugin-synt
ax-jsx) to the 'plugins' section to enable parsing.

If you already added the plugin for this syntax to your config, 
it's possible that your config isn't being loaded.
You can re-run Babel with the BABEL_SHOW_CONFIG_FOR environment 
variable to show the loaded configuration:
	npx cross-env BABEL_SHOW_CONFIG_FOR=D:\Smmplan\src\components\a
dmin\support\macro-editor.tsx <your build command>
See https://babeljs.io/docs/configuration#print-effective-config
s for more info.

    at constructor (D:\Smmplan\node_modules\@babel\parser\lib\in
dex.js:365:19)
    at Parser.raise (D:\Smmplan\node_modules\@babel\parser\lib\i
ndex.js:6599:19)
    at Parser.expectOnePlugin (D:\Smmplan\node_modules\@babel\pa
rser\lib\index.js:6633:18)
    at Parser.parseExprAtom (D:\Smmplan\node_modules\@babel\pars
er\lib\index.js:11388:24)
    at Parser.parseExprSubscripts (D:\Smmplan\node_modules\@babe
l\parser\lib\index.js:11071:23)
    at Parser.parseUpdate (D:\Smmplan\node_modules\@babel\parser
\lib\index.js:11056:21)
    at Parser.parseMaybeUnary (D:\Smmplan\node_modules\@babel\pa
rser\lib\index.js:11036:23)
    at Parser.parseMaybeUnaryOrPrivate (D:\Smmplan\node_modules\
@babel\parser\lib\index.js:10889:61)
    at Parser.parseExprOps (D:\Smmplan\node_modules\@babel\parse
r\lib\index.js:10894:23)
    at Parser.parseMaybeConditional (D:\Smmplan\node_modules\@ba
bel\parser\lib\index.js:10871:23)
    at Parser.parseMaybeAssign (D:\Smmplan\node_modules\@babel\p
arser\lib\index.js:10821:21)
    at D:\Smmplan\node_modules\@babel\parser\lib\index.js:10790:
39
    at Parser.allowInAnd (D:\Smmplan\node_modules\@babel\parser\
lib\index.js:12416:12)
    at Parser.parseMaybeAssignAllowIn (D:\Smmplan\node_modules\@
babel\parser\lib\index.js:10790:17)
    at Parser.parseMaybeAssignAllowInOrVoidPattern (D:\Smmplan\n
ode_modules\@babel\parser\lib\index.js:12483:17)
    at Parser.parseParenAndDistinguishExpression (D:\Smmplan\nod
e_modules\@babel\parser\lib\index.js:11665:28)
    at Parser.parseExprAtom (D:\Smmplan\node_modules\@babel\pars
er\lib\index.js:11321:23)
    at Parser.parseExprSubscripts (D:\Smmplan\node_modules\@babe
l\parser\lib\index.js:11071:23)
    at Parser.parseUpdate (D:\Smmplan\node_modules\@babel\parser
\lib\index.js:11056:21)
    at Parser.parseMaybeUnary (D:\Smmplan\node_modules\@babel\pa
rser\lib\index.js:11036:23)
    at Parser.parseMaybeUnaryOrPrivate (D:\Smmplan\node_modules\
@babel\parser\lib\index.js:10889:61)
    at Parser.parseExprOps (D:\Smmplan\node_modules\@babel\parse
r\lib\index.js:10894:23)
    at Parser.parseMaybeConditional (D:\Smmplan\node_modules\@ba
bel\parser\lib\index.js:10871:23)
    at Parser.parseMaybeAssign (D:\Smmplan\node_modules\@babel\p
arser\lib\index.js:10821:21)
    at D:\Smmplan\node_modules\@babel\parser\lib\index.js:10790:
39
    at Parser.allowInAnd (D:\Smmplan\node_modules\@babel\parser\
lib\index.js:12416:12)
    at Parser.parseMaybeAssignAllowIn (D:\Smmplan\node_modules\@
babel\parser\lib\index.js:10790:17)
    at Parser.parseConditional (D:\Smmplan\node_modules\@babel\p
arser\lib\index.js:10881:30)
    at Parser.parseMaybeConditional (D:\Smmplan\node_modules\@ba
bel\parser\lib\index.js:10875:17)
    at Parser.parseMaybeAssign (D:\Smmplan\node_modules\@babel\p
arser\lib\index.js:10821:21)
    at Parser.parseExpressionBase (D:\Smmplan\node_modules\@babe
l\parser\lib\index.js:10774:23)
    at D:\Smmplan\node_modules\@babel\parser\lib\index.js:10770:
39
    at Parser.allowInAnd (D:\Smmplan\node_modules\@babel\parser\
lib\index.js:12411:16)
    at Parser.parseExpression (D:\Smmplan\node_modules\@babel\pa
rser\lib\index.js:10770:17)
    at Parser.parseReturnStatement (D:\Smmplan\node_modules\@bab
el\parser\lib\index.js:13132:28)
    at Parser.parseStatementContent (D:\Smmplan\node_modules\@ba
bel\parser\lib\index.js:12788:21)
    at Parser.parseStatementLike (D:\Smmplan\node_modules\@babel
\parser\lib\index.js:12757:17)
    at Parser.parseStatementListItem (D:\Smmplan\node_modules\@b
abel\parser\lib\index.js:12737:17)
    at Parser.parseBlockOrModuleBlockBody (D:\Smmplan\node_modul
es\@babel\parser\lib\index.js:13306:61)
    at Parser.parseBlockBody (D:\Smmplan\node_modules\@babel\par
ser\lib\index.js:13299:10)
    at Parser.parseBlock (D:\Smmplan\node_modules\@babel\parser\
lib\index.js:13287:10)
    at Parser.parseStatementContent (D:\Smmplan\node_modules\@ba
bel\parser\lib\index.js:12848:21)
    at Parser.parseStatementLike (D:\Smmplan\node_modules\@babel
\parser\lib\index.js:12757:17)
    at Parser.parseStatementOrSloppyAnnexBFunctionDeclaration (D
:\Smmplan\node_modules\@babel\parser\lib\index.js:12747:17)
    at Parser.parseIfStatement (D:\Smmplan\node_modules\@babel\p
arser\lib\index.js:13120:28)
    at Parser.parseStatementContent (D:\Smmplan\node_modules\@ba
bel\parser\lib\index.js:12786:21)
    at Parser.parseStatementLike (D:\Smmplan\node_modules\@babel
\parser\lib\index.js:12757:17)
    at Parser.parseStatementListItem (D:\Smmplan\node_modules\@b
abel\parser\lib\index.js:12737:17)
    at Parser.parseBlockOrModuleBlockBody (D:\Smmplan\node_modul
es\@babel\parser\lib\index.js:13306:61)
    at Parser.parseBlockBody (D:\Smmplan\node_modules\@babel\par
ser\lib\index.js:13299:10)
Failed to collect coverage from D:\Smmplan\src\components\admin\
support\support-messenger.tsx
ERROR: D:\Smmplan\src\components\admin\support\support-messenger
.tsx: Support for the experimental syntax 'jsx' isn't currently 
enabled (81:13):

[0m [90m 79 |[39m         }
 [90m 80 |[39m     }[33m;[39m
[31m[1m>[22m[39m[90m 81 |[39m     [36mreturn[39m ([33m<
[39m[33mdiv[39m className[33m=[39m[32m"grid grid-cols-1 md
:grid-cols-2 gap-6 mt-8"[39m[33m>[39m
 [90m    |[39m             [31m[1m^[22m[39m
 [90m 82 |[39m       {[90m/* ╨Я╨а╨п╨Ь╨Р╨п ╨б╨Т╨п╨Ч╨м */[39m}
 [90m 83 |[39m       [33m<[39m[33mdiv[39m className[33m=
[39m[32m"bg-white rounded-3xl border border-slate-200 shadow-sm
 overflow-hidden flex flex-col"[39m[33m>[39m
 [90m 84 |[39m         [33m<[39m[33mdiv[39m className[33m
=[39m[32m"p-4 border-b border-slate-100 bg-slate-50/50 flex it
ems-center gap-3"[39m[33m>[39m[0m

Add @babel/preset-react (https://github.com/babel/babel/tree/mai
n/packages/babel-preset-react) to the 'presets' section of your 
Babel config to enable transformation.
If you want to leave it as-is, add @babel/plugin-syntax-jsx (htt
ps://github.com/babel/babel/tree/main/packages/babel-plugin-synt
ax-jsx) to the 'plugins' section to enable parsing.

If you already added the plugin for this syntax to your config, 
it's possible that your config isn't being loaded.
You can re-run Babel with the BABEL_SHOW_CONFIG_FOR environment 
variable to show the loaded configuration:
	npx cross-env BABEL_SHOW_CONFIG_FOR=D:\Smmplan\src\components\a
dmin\support\support-messenger.tsx <your build command>
See https://babeljs.io/docs/configuration#print-effective-config
s for more info.

STACK: SyntaxError: D:\Smmplan\src\components\admin\support\supp
ort-messenger.tsx: Support for the experimental syntax 'jsx' isn
't currently enabled (81:13):

[0m [90m 79 |[39m         }
 [90m 80 |[39m     }[33m;[39m
[31m[1m>[22m[39m[90m 81 |[39m     [36mreturn[39m ([33m<
[39m[33mdiv[39m className[33m=[39m[32m"grid grid-cols-1 md
:grid-cols-2 gap-6 mt-8"[39m[33m>[39m
 [90m    |[39m             [31m[1m^[22m[39m
 [90m 82 |[39m       {[90m/* ╨Я╨а╨п╨Ь╨Р╨п ╨б╨Т╨п╨Ч╨м */[39m}
 [90m 83 |[39m       [33m<[39m[33mdiv[39m className[33m=
[39m[32m"bg-white rounded-3xl border border-slate-200 shadow-sm
 overflow-hidden flex flex-col"[39m[33m>[39m
 [90m 84 |[39m         [33m<[39m[33mdiv[39m className[33m
=[39m[32m"p-4 border-b border-slate-100 bg-slate-50/50 flex it
ems-center gap-3"[39m[33m>[39m[0m

Add @babel/preset-react (https://github.com/babel/babel/tree/mai
n/packages/babel-preset-react) to the 'presets' section of your 
Babel config to enable transformation.
If you want to leave it as-is, add @babel/plugin-syntax-jsx (htt
ps://github.com/babel/babel/tree/main/packages/babel-plugin-synt
ax-jsx) to the 'plugins' section to enable parsing.

If you already added the plugin for this syntax to your config, 
it's possible that your config isn't being loaded.
You can re-run Babel with the BABEL_SHOW_CONFIG_FOR environment 
variable to show the loaded configuration:
	npx cross-env BABEL_SHOW_CONFIG_FOR=D:\Smmplan\src\components\a
dmin\support\support-messenger.tsx <your build command>
See https://babeljs.io/docs/configuration#print-effective-config
s for more info.

    at constructor (D:\Smmplan\node_modules\@babel\parser\lib\in
dex.js:365:19)
    at Parser.raise (D:\Smmplan\node_modules\@babel\parser\lib\i
ndex.js:6599:19)
    at Parser.expectOnePlugin (D:\Smmplan\node_modules\@babel\pa
rser\lib\index.js:6633:18)
    at Parser.parseExprAtom (D:\Smmplan\node_modules\@babel\pars
er\lib\index.js:11388:24)
    at Parser.parseExprSubscripts (D:\Smmplan\node_modules\@babe
l\parser\lib\index.js:11071:23)
    at Parser.parseUpdate (D:\Smmplan\node_modules\@babel\parser
\lib\index.js:11056:21)
    at Parser.parseMaybeUnary (D:\Smmplan\node_modules\@babel\pa
rser\lib\index.js:11036:23)
    at Parser.parseMaybeUnaryOrPrivate (D:\Smmplan\node_modules\
@babel\parser\lib\index.js:10889:61)
    at Parser.parseExprOps (D:\Smmplan\node_modules\@babel\parse
r\lib\index.js:10894:23)
    at Parser.parseMaybeConditional (D:\Smmplan\node_modules\@ba
bel\parser\lib\index.js:10871:23)
    at Parser.parseMaybeAssign (D:\Smmplan\node_modules\@babel\p
arser\lib\index.js:10821:21)
    at D:\Smmplan\node_modules\@babel\parser\lib\index.js:10790:
39
    at Parser.allowInAnd (D:\Smmplan\node_modules\@babel\parser\
lib\index.js:12416:12)
    at Parser.parseMaybeAssignAllowIn (D:\Smmplan\node_modules\@
babel\parser\lib\index.js:10790:17)
    at Parser.parseMaybeAssignAllowInOrVoidPattern (D:\Smmplan\n
ode_modules\@babel\parser\lib\index.js:12483:17)
    at Parser.parseParenAndDistinguishExpression (D:\Smmplan\nod
e_modules\@babel\parser\lib\index.js:11665:28)
    at Parser.parseExprAtom (D:\Smmplan\node_modules\@babel\pars
er\lib\index.js:11321:23)
    at Parser.parseExprSubscripts (D:\Smmplan\node_modules\@babe
l\parser\lib\index.js:11071:23)
    at Parser.parseUpdate (D:\Smmplan\node_modules\@babel\parser
\lib\index.js:11056:21)
    at Parser.parseMaybeUnary (D:\Smmplan\node_modules\@babel\pa
rser\lib\index.js:11036:23)
    at Parser.parseMaybeUnaryOrPrivate (D:\Smmplan\node_modules\
@babel\parser\lib\index.js:10889:61)
    at Parser.parseExprOps (D:\Smmplan\node_modules\@babel\parse
r\lib\index.js:10894:23)
    at Parser.parseMaybeConditional (D:\Smmplan\node_modules\@ba
bel\parser\lib\index.js:10871:23)
    at Parser.parseMaybeAssign (D:\Smmplan\node_modules\@babel\p
arser\lib\index.js:10821:21)
    at Parser.parseExpressionBase (D:\Smmplan\node_modules\@babe
l\parser\lib\index.js:10774:23)
    at D:\Smmplan\node_modules\@babel\parser\lib\index.js:10770:
39
    at Parser.allowInAnd (D:\Smmplan\node_modules\@babel\parser\
lib\index.js:12411:16)
    at Parser.parseExpression (D:\Smmplan\node_modules\@babel\pa
rser\lib\index.js:10770:17)
    at Parser.parseReturnStatement (D:\Smmplan\node_modules\@bab
el\parser\lib\index.js:13132:28)
    at Parser.parseStatementContent (D:\Smmplan\node_modules\@ba
bel\parser\lib\index.js:12788:21)
    at Parser.parseStatementLike (D:\Smmplan\node_modules\@babel
\parser\lib\index.js:12757:17)
    at Parser.parseStatementListItem (D:\Smmplan\node_modules\@b
abel\parser\lib\index.js:12737:17)
    at Parser.parseBlockOrModuleBlockBody (D:\Smmplan\node_modul
es\@babel\parser\lib\index.js:13306:61)
    at Parser.parseBlockBody (D:\Smmplan\node_modules\@babel\par
ser\lib\index.js:13299:10)
    at Parser.parseBlock (D:\Smmplan\node_modules\@babel\parser\
lib\index.js:13287:10)
    at Parser.parseFunctionBody (D:\Smmplan\node_modules\@babel\
parser\lib\index.js:12090:24)
    at Parser.parseFunctionBodyAndFinish (D:\Smmplan\node_module
s\@babel\parser\lib\index.js:12076:10)
    at D:\Smmplan\node_modules\@babel\parser\lib\index.js:13435:
12
    at Parser.withSmartMixTopicForbiddingContext (D:\Smmplan\nod
e_modules\@babel\parser\lib\index.js:12393:14)
    at Parser.parseFunction (D:\Smmplan\node_modules\@babel\pars
er\lib\index.js:13434:10)
    at Parser.parseFunctionStatement (D:\Smmplan\node_modules\@b
abel\parser\lib\index.js:13115:17)
    at Parser.parseStatementContent (D:\Smmplan\node_modules\@ba
bel\parser\lib\index.js:12781:21)
    at Parser.parseStatementLike (D:\Smmplan\node_modules\@babel
\parser\lib\index.js:12757:17)
    at Parser.parseModuleItem (D:\Smmplan\node_modules\@babel\pa
rser\lib\index.js:12734:17)
    at Parser.parseBlockOrModuleBlockBody (D:\Smmplan\node_modul
es\@babel\parser\lib\index.js:13306:36)
    at Parser.parseBlockBody (D:\Smmplan\node_modules\@babel\par
ser\lib\index.js:13299:10)
    at Parser.parseProgram (D:\Smmplan\node_modules\@babel\parse
r\lib\index.js:12612:10)
    at Parser.parseTopLevel (D:\Smmplan\node_modules\@babel\pars
er\lib\index.js:12602:25)
    at Parser.parse (D:\Smmplan\node_modules\@babel\parser\lib\i
ndex.js:14478:25)
    at parse (D:\Smmplan\node_modules\@babel\parser\lib\index.js
:14512:38)
Failed to collect coverage from D:\Smmplan\src\components\admin\
support\support-presence.tsx
ERROR: D:\Smmplan\src\components\admin\support\support-presence.
tsx: Support for the experimental syntax 'jsx' isn't currently e
nabled (56:13):

[0m [90m 54 |[39m     [36mif[39m ([33m![39motherAdmin)
 [90m 55 |[39m         [36mreturn[39m [36mnull[39m[33m;[
39m
[31m[1m>[22m[39m[90m 56 |[39m     [36mreturn[39m ([33m<
[39m[33mdiv[39m className[33m=[39m[32m"bg-rose-600 text-wh
ite px-6 py-3 rounded-2xl flex items-center gap-3 animate-bounce
 shadow-xl shadow-rose-200 border border-rose-500"[39m[33m>[3
9m
 [90m    |[39m             [31m[1m^[22m[39m
 [90m 57 |[39m       [33m<[39m[33mlucide_react_1[39m[33m.
[39m[33mShieldAlert[39m size[33m=[39m{[35m20[39m} classNa
me[33m=[39m[32m"animate-pulse"[39m[33m/[39m[33m>[39m
 [90m 58 |[39m       [33m<[39m[33mdiv[39m className[33m=
[39m[32m"flex flex-col"[39m[33m>[39m
 [90m 59 |[39m         [33m<[39m[33mspan[39m className[33
m=[39m[32m"text-[10px] font-black uppercase tracking-widest le
ading-none"[39m[33m>[39m[33m╨Т╨╜╨╕╨╝╨░╨╜╨╕╨╡[39m[33m:[39m
 [33m╨Ъ╨╛╨╗╨╗╨╕╨╖╨╕╤П[39m[33m![39m[33m<[39m[33m/[39m[33
mspan[39m[33m>[39m[0m

Add @babel/preset-react (https://github.com/babel/babel/tree/mai
n/packages/babel-preset-react) to the 'presets' section of your 
Babel config to enable transformation.
If you want to leave it as-is, add @babel/plugin-syntax-jsx (htt
ps://github.com/babel/babel/tree/main/packages/babel-plugin-synt
ax-jsx) to the 'plugins' section to enable parsing.

If you already added the plugin for this syntax to your config, 
it's possible that your config isn't being loaded.
You can re-run Babel with the BABEL_SHOW_CONFIG_FOR environment 
variable to show the loaded configuration:
	npx cross-env BABEL_SHOW_CONFIG_FOR=D:\Smmplan\src\components\a
dmin\support\support-presence.tsx <your build command>
See https://babeljs.io/docs/configuration#print-effective-config
s for more info.

STACK: SyntaxError: D:\Smmplan\src\components\admin\support\supp
ort-presence.tsx: Support for the experimental syntax 'jsx' isn'
t currently enabled (56:13):

[0m [90m 54 |[39m     [36mif[39m ([33m![39motherAdmin)
 [90m 55 |[39m         [36mreturn[39m [36mnull[39m[33m;[
39m
[31m[1m>[22m[39m[90m 56 |[39m     [36mreturn[39m ([33m<
[39m[33mdiv[39m className[33m=[39m[32m"bg-rose-600 text-wh
ite px-6 py-3 rounded-2xl flex items-center gap-3 animate-bounce
 shadow-xl shadow-rose-200 border border-rose-500"[39m[33m>[3
9m
 [90m    |[39m             [31m[1m^[22m[39m
 [90m 57 |[39m       [33m<[39m[33mlucide_react_1[39m[33m.
[39m[33mShieldAlert[39m size[33m=[39m{[35m20[39m} classNa
me[33m=[39m[32m"animate-pulse"[39m[33m/[39m[33m>[39m
 [90m 58 |[39m       [33m<[39m[33mdiv[39m className[33m=
[39m[32m"flex flex-col"[39m[33m>[39m
 [90m 59 |[39m         [33m<[39m[33mspan[39m className[33
m=[39m[32m"text-[10px] font-black uppercase tracking-widest le
ading-none"[39m[33m>[39m[33m╨Т╨╜╨╕╨╝╨░╨╜╨╕╨╡[39m[33m:[39m
 [33m╨Ъ╨╛╨╗╨╗╨╕╨╖╨╕╤П[39m[33m![39m[33m<[39m[33m/[39m[33
mspan[39m[33m>[39m[0m

Add @babel/preset-react (https://github.com/babel/babel/tree/mai
n/packages/babel-preset-react) to the 'presets' section of your 
Babel config to enable transformation.
If you want to leave it as-is, add @babel/plugin-syntax-jsx (htt
ps://github.com/babel/babel/tree/main/packages/babel-plugin-synt
ax-jsx) to the 'plugins' section to enable parsing.

If you already added the plugin for this syntax to your config, 
it's possible that your config isn't being loaded.
You can re-run Babel with the BABEL_SHOW_CONFIG_FOR environment 
variable to show the loaded configuration:
	npx cross-env BABEL_SHOW_CONFIG_FOR=D:\Smmplan\src\components\a
dmin\support\support-presence.tsx <your build command>
See https://babeljs.io/docs/configuration#print-effective-config
s for more info.

    at constructor (D:\Smmplan\node_modules\@babel\parser\lib\in
dex.js:365:19)
    at Parser.raise (D:\Smmplan\node_modules\@babel\parser\lib\i
ndex.js:6599:19)
    at Parser.expectOnePlugin (D:\Smmplan\node_modules\@babel\pa
rser\lib\index.js:6633:18)
    at Parser.parseExprAtom (D:\Smmplan\node_modules\@babel\pars
er\lib\index.js:11388:24)
    at Parser.parseExprSubscripts (D:\Smmplan\node_modules\@babe
l\parser\lib\index.js:11071:23)
    at Parser.parseUpdate (D:\Smmplan\node_modules\@babel\parser
\lib\index.js:11056:21)
    at Parser.parseMaybeUnary (D:\Smmplan\node_modules\@babel\pa
rser\lib\index.js:11036:23)
    at Parser.parseMaybeUnaryOrPrivate (D:\Smmplan\node_modules\
@babel\parser\lib\index.js:10889:61)
    at Parser.parseExprOps (D:\Smmplan\node_modules\@babel\parse
r\lib\index.js:10894:23)
    at Parser.parseMaybeConditional (D:\Smmplan\node_modules\@ba
bel\parser\lib\index.js:10871:23)
    at Parser.parseMaybeAssign (D:\Smmplan\node_modules\@babel\p
arser\lib\index.js:10821:21)
    at D:\Smmplan\node_modules\@babel\parser\lib\index.js:10790:
39
    at Parser.allowInAnd (D:\Smmplan\node_modules\@babel\parser\
lib\index.js:12416:12)
    at Parser.parseMaybeAssignAllowIn (D:\Smmplan\node_modules\@
babel\parser\lib\index.js:10790:17)
    at Parser.parseMaybeAssignAllowInOrVoidPattern (D:\Smmplan\n
ode_modules\@babel\parser\lib\index.js:12483:17)
    at Parser.parseParenAndDistinguishExpression (D:\Smmplan\nod
e_modules\@babel\parser\lib\index.js:11665:28)
    at Parser.parseExprAtom (D:\Smmplan\node_modules\@babel\pars
er\lib\index.js:11321:23)
    at Parser.parseExprSubscripts (D:\Smmplan\node_modules\@babe
l\parser\lib\index.js:11071:23)
    at Parser.parseUpdate (D:\Smmplan\node_modules\@babel\parser
\lib\index.js:11056:21)
    at Parser.parseMaybeUnary (D:\Smmplan\node_modules\@babel\pa
rser\lib\index.js:11036:23)
    at Parser.parseMaybeUnaryOrPrivate (D:\Smmplan\node_modules\
@babel\parser\lib\index.js:10889:61)
    at Parser.parseExprOps (D:\Smmplan\node_modules\@babel\parse
r\lib\index.js:10894:23)
    at Parser.parseMaybeConditional (D:\Smmplan\node_modules\@ba
bel\parser\lib\index.js:10871:23)
    at Parser.parseMaybeAssign (D:\Smmplan\node_modules\@babel\p
arser\lib\index.js:10821:21)
    at Parser.parseExpressionBase (D:\Smmplan\node_modules\@babe
l\parser\lib\index.js:10774:23)
    at D:\Smmplan\node_modules\@babel\parser\lib\index.js:10770:
39
    at Parser.allowInAnd (D:\Smmplan\node_modules\@babel\parser\
lib\index.js:12411:16)
    at Parser.parseExpression (D:\Smmplan\node_modules\@babel\pa
rser\lib\index.js:10770:17)
    at Parser.parseReturnStatement (D:\Smmplan\node_modules\@bab
el\parser\lib\index.js:13132:28)
    at Parser.parseStatementContent (D:\Smmplan\node_modules\@ba
bel\parser\lib\index.js:12788:21)
    at Parser.parseStatementLike (D:\Smmplan\node_modules\@babel
\parser\lib\index.js:12757:17)
    at Parser.parseStatementListItem (D:\Smmplan\node_modules\@b
abel\parser\lib\index.js:12737:17)
    at Parser.parseBlockOrModuleBlockBody (D:\Smmplan\node_modul
es\@babel\parser\lib\index.js:13306:61)
    at Parser.parseBlockBody (D:\Smmplan\node_modules\@babel\par
ser\lib\index.js:13299:10)
    at Parser.parseBlock (D:\Smmplan\node_modules\@babel\parser\
lib\index.js:13287:10)
    at Parser.parseFunctionBody (D:\Smmplan\node_modules\@babel\
parser\lib\index.js:12090:24)
    at Parser.parseFunctionBodyAndFinish (D:\Smmplan\node_module
s\@babel\parser\lib\index.js:12076:10)
    at D:\Smmplan\node_modules\@babel\parser\lib\index.js:13435:
12
    at Parser.withSmartMixTopicForbiddingContext (D:\Smmplan\nod
e_modules\@babel\parser\lib\index.js:12393:14)
    at Parser.parseFunction (D:\Smmplan\node_modules\@babel\pars
er\lib\index.js:13434:10)
    at Parser.parseFunctionStatement (D:\Smmplan\node_modules\@b
abel\parser\lib\index.js:13115:17)
    at Parser.parseStatementContent (D:\Smmplan\node_modules\@ba
bel\parser\lib\index.js:12781:21)
    at Parser.parseStatementLike (D:\Smmplan\node_modules\@babel
\parser\lib\index.js:12757:17)
    at Parser.parseModuleItem (D:\Smmplan\node_modules\@babel\pa
rser\lib\index.js:12734:17)
    at Parser.parseBlockOrModuleBlockBody (D:\Smmplan\node_modul
es\@babel\parser\lib\index.js:13306:36)
    at Parser.parseBlockBody (D:\Smmplan\node_modules\@babel\par
ser\lib\index.js:13299:10)
    at Parser.parseProgram (D:\Smmplan\node_modules\@babel\parse
r\lib\index.js:12612:10)
    at Parser.parseTopLevel (D:\Smmplan\node_modules\@babel\pars
er\lib\index.js:12602:25)
    at Parser.parse (D:\Smmplan\node_modules\@babel\parser\lib\i
ndex.js:14478:25)
    at parse (D:\Smmplan\node_modules\@babel\parser\lib\index.js
:14512:38)
Failed to collect coverage from D:\Smmplan\src\components\admin\
support\support-dashboard.tsx
ERROR: D:\Smmplan\src\components\admin\support\support-dashboard
.tsx: Support for the experimental syntax 'jsx' isn't currently 
enabled (89:13):

[0m [90m 87 |[39m         fetchUsers()[33m;[39m
 [90m 88 |[39m     }[33m;[39m
[31m[1m>[22m[39m[90m 89 |[39m     [36mreturn[39m ([33m<
[39m[33mdiv[39m className[33m=[39m[32m"flex h-[calc(100vh-
120px)] gap-6"[39m[33m>[39m
 [90m    |[39m             [31m[1m^[22m[39m
 [90m 90 |[39m             {[90m/* LEFT PANEL: USER LIST */[
39m}
 [90m 91 |[39m             [33m<[39m[33mdiv[39m className
[33m=[39m{[32m`flex flex-col bg-white rounded-[2.5rem] border 
border-slate-200 shadow-sm overflow-hidden transition-all ${sele
ctedUserId ? 'w-1/3' : 'w-full'}`[39m}[33m>[39m
 [90m 92 |[39m                 {[90m/* Header */[39m}[0m

Add @babel/preset-react (https://github.com/babel/babel/tree/mai
n/packages/babel-preset-react) to the 'presets' section of your 
Babel config to enable transformation.
If you want to leave it as-is, add @babel/plugin-syntax-jsx (htt
ps://github.com/babel/babel/tree/main/packages/babel-plugin-synt
ax-jsx) to the 'plugins' section to enable parsing.

If you already added the plugin for this syntax to your config, 
it's possible that your config isn't being loaded.
You can re-run Babel with the BABEL_SHOW_CONFIG_FOR environment 
variable to show the loaded configuration:
	npx cross-env BABEL_SHOW_CONFIG_FOR=D:\Smmplan\src\components\a
dmin\support\support-dashboard.tsx <your build command>
See https://babeljs.io/docs/configuration#print-effective-config
s for more info.

STACK: SyntaxError: D:\Smmplan\src\components\admin\support\supp
ort-dashboard.tsx: Support for the experimental syntax 'jsx' isn
't currently enabled (89:13):

[0m [90m 87 |[39m         fetchUsers()[33m;[39m
 [90m 88 |[39m     }[33m;[39m
[31m[1m>[22m[39m[90m 89 |[39m     [36mreturn[39m ([33m<
[39m[33mdiv[39m className[33m=[39m[32m"flex h-[calc(100vh-
120px)] gap-6"[39m[33m>[39m
 [90m    |[39m             [31m[1m^[22m[39m
 [90m 90 |[39m             {[90m/* LEFT PANEL: USER LIST */[
39m}
 [90m 91 |[39m             [33m<[39m[33mdiv[39m className
[33m=[39m{[32m`flex flex-col bg-white rounded-[2.5rem] border 
border-slate-200 shadow-sm overflow-hidden transition-all ${sele
ctedUserId ? 'w-1/3' : 'w-full'}`[39m}[33m>[39m
 [90m 92 |[39m                 {[90m/* Header */[39m}[0m

Add @babel/preset-react (https://github.com/babel/babel/tree/mai
n/packages/babel-preset-react) to the 'presets' section of your 
Babel config to enable transformation.
If you want to leave it as-is, add @babel/plugin-syntax-jsx (htt
ps://github.com/babel/babel/tree/main/packages/babel-plugin-synt
ax-jsx) to the 'plugins' section to enable parsing.

If you already added the plugin for this syntax to your config, 
it's possible that your config isn't being loaded.
You can re-run Babel with the BABEL_SHOW_CONFIG_FOR environment 
variable to show the loaded configuration:
	npx cross-env BABEL_SHOW_CONFIG_FOR=D:\Smmplan\src\components\a
dmin\support\support-dashboard.tsx <your build command>
See https://babeljs.io/docs/configuration#print-effective-config
s for more info.

    at constructor (D:\Smmplan\node_modules\@babel\parser\lib\in
dex.js:365:19)
    at Parser.raise (D:\Smmplan\node_modules\@babel\parser\lib\i
ndex.js:6599:19)
    at Parser.expectOnePlugin (D:\Smmplan\node_modules\@babel\pa
rser\lib\index.js:6633:18)
    at Parser.parseExprAtom (D:\Smmplan\node_modules\@babel\pars
er\lib\index.js:11388:24)
    at Parser.parseExprSubscripts (D:\Smmplan\node_modules\@babe
l\parser\lib\index.js:11071:23)
    at Parser.parseUpdate (D:\Smmplan\node_modules\@babel\parser
\lib\index.js:11056:21)
    at Parser.parseMaybeUnary (D:\Smmplan\node_modules\@babel\pa
rser\lib\index.js:11036:23)
    at Parser.parseMaybeUnaryOrPrivate (D:\Smmplan\node_modules\
@babel\parser\lib\index.js:10889:61)
    at Parser.parseExprOps (D:\Smmplan\node_modules\@babel\parse
r\lib\index.js:10894:23)
    at Parser.parseMaybeConditional (D:\Smmplan\node_modules\@ba
bel\parser\lib\index.js:10871:23)
    at Parser.parseMaybeAssign (D:\Smmplan\node_modules\@babel\p
arser\lib\index.js:10821:21)
    at D:\Smmplan\node_modules\@babel\parser\lib\index.js:10790:
39
    at Parser.allowInAnd (D:\Smmplan\node_modules\@babel\parser\
lib\index.js:12416:12)
    at Parser.parseMaybeAssignAllowIn (D:\Smmplan\node_modules\@
babel\parser\lib\index.js:10790:17)
    at Parser.parseMaybeAssignAllowInOrVoidPattern (D:\Smmplan\n
ode_modules\@babel\parser\lib\index.js:12483:17)
    at Parser.parseParenAndDistinguishExpression (D:\Smmplan\nod
e_modules\@babel\parser\lib\index.js:11665:28)
    at Parser.parseExprAtom (D:\Smmplan\node_modules\@babel\pars
er\lib\index.js:11321:23)
    at Parser.parseExprSubscripts (D:\Smmplan\node_modules\@babe
l\parser\lib\index.js:11071:23)
    at Parser.parseUpdate (D:\Smmplan\node_modules\@babel\parser
\lib\index.js:11056:21)
    at Parser.parseMaybeUnary (D:\Smmplan\node_modules\@babel\pa
rser\lib\index.js:11036:23)
    at Parser.parseMaybeUnaryOrPrivate (D:\Smmplan\node_modules\
@babel\parser\lib\index.js:10889:61)
    at Parser.parseExprOps (D:\Smmplan\node_modules\@babel\parse
r\lib\index.js:10894:23)
    at Parser.parseMaybeConditional (D:\Smmplan\node_modules\@ba
bel\parser\lib\index.js:10871:23)
    at Parser.parseMaybeAssign (D:\Smmplan\node_modules\@babel\p
arser\lib\index.js:10821:21)
    at Parser.parseExpressionBase (D:\Smmplan\node_modules\@babe
l\parser\lib\index.js:10774:23)
    at D:\Smmplan\node_modules\@babel\parser\lib\index.js:10770:
39
    at Parser.allowInAnd (D:\Smmplan\node_modules\@babel\parser\
lib\index.js:12411:16)
    at Parser.parseExpression (D:\Smmplan\node_modules\@babel\pa
rser\lib\index.js:10770:17)
    at Parser.parseReturnStatement (D:\Smmplan\node_modules\@bab
el\parser\lib\index.js:13132:28)
    at Parser.parseStatementContent (D:\Smmplan\node_modules\@ba
bel\parser\lib\index.js:12788:21)
    at Parser.parseStatementLike (D:\Smmplan\node_modules\@babel
\parser\lib\index.js:12757:17)
    at Parser.parseStatementListItem (D:\Smmplan\node_modules\@b
abel\parser\lib\index.js:12737:17)
    at Parser.parseBlockOrModuleBlockBody (D:\Smmplan\node_modul
es\@babel\parser\lib\index.js:13306:61)
    at Parser.parseBlockBody (D:\Smmplan\node_modules\@babel\par
ser\lib\index.js:13299:10)
    at Parser.parseBlock (D:\Smmplan\node_modules\@babel\parser\
lib\index.js:13287:10)
    at Parser.parseFunctionBody (D:\Smmplan\node_modules\@babel\
parser\lib\index.js:12090:24)
    at Parser.parseFunctionBodyAndFinish (D:\Smmplan\node_module
s\@babel\parser\lib\index.js:12076:10)
    at D:\Smmplan\node_modules\@babel\parser\lib\index.js:13435:
12
    at Parser.withSmartMixTopicForbiddingContext (D:\Smmplan\nod
e_modules\@babel\parser\lib\index.js:12393:14)
    at Parser.parseFunction (D:\Smmplan\node_modules\@babel\pars
er\lib\index.js:13434:10)
    at Parser.parseFunctionStatement (D:\Smmplan\node_modules\@b
abel\parser\lib\index.js:13115:17)
    at Parser.parseStatementContent (D:\Smmplan\node_modules\@ba
bel\parser\lib\index.js:12781:21)
    at Parser.parseStatementLike (D:\Smmplan\node_modules\@babel
\parser\lib\index.js:12757:17)
    at Parser.parseModuleItem (D:\Smmplan\node_modules\@babel\pa
rser\lib\index.js:12734:17)
    at Parser.parseBlockOrModuleBlockBody (D:\Smmplan\node_modul
es\@babel\parser\lib\index.js:13306:36)
    at Parser.parseBlockBody (D:\Smmplan\node_modules\@babel\par
ser\lib\index.js:13299:10)
    at Parser.parseProgram (D:\Smmplan\node_modules\@babel\parse
r\lib\index.js:12612:10)
    at Parser.parseTopLevel (D:\Smmplan\node_modules\@babel\pars
er\lib\index.js:12602:25)
    at Parser.parse (D:\Smmplan\node_modules\@babel\parser\lib\i
ndex.js:14478:25)
    at parse (D:\Smmplan\node_modules\@babel\parser\lib\index.js
:14512:38)
Failed to collect coverage from D:\Smmplan\src\components\admin\
support\template-editor.tsx
ERROR: D:\Smmplan\src\components\admin\support\template-editor.t
sx: Support for the experimental syntax 'jsx' isn't currently en
abled (81:28):

[0m [90m 79 |[39m     }[33m;[39m
 [90m 80 |[39m     [36mif[39m ([33m![39misOpen) {
[31m[1m>[22m[39m[90m 81 |[39m         [36mreturn[39m edi
tMode [33m?[39m ([33m<[39m[33mbutton[39m onClick[33m=[39
m{() [33m=>[39m setIsOpen([36mtrue[39m)} className[33m=[39
m[32m"p-2 text-slate-400 hover:text-blue-600 hover:bg-blue-50 r
ounded-xl transition-all"[39m[33m>[39m
 [90m    |[39m                            [31m[1m^[22m[39m
 [90m 82 |[39m         [33m<[39m[33mlucide_react_1[39m[33
m.[39m[33mEdit3[39m size[33m=[39m{[35m16[39m}[33m/[39m
[33m>[39m
 [90m 83 |[39m       [33m<[39m[33m/[39m[33mbutton[39m[3
3m>[39m) [33m:[39m ([33m<[39m[33mbutton[39m onClick[33m=
[39m{() [33m=>[39m setIsOpen([36mtrue[39m)} className[33m=
[39m[32m"h-full min-h-[160px] bg-slate-50 border-2 border-dash
ed border-slate-200 rounded-3xl flex flex-col items-center justi
fy-center gap-2 text-slate-400 hover:border-blue-300 hover:text-
blue-500 hover:bg-blue-50 transition-all group"[39m[33m>[39m
 [90m 84 |[39m         [33m<[39m[33mdiv[39m className[33m
=[39m[32m"p-3 bg-white rounded-2xl shadow-sm group-hover:scale
-110 transition-transform"[39m[33m>[39m[0m

Add @babel/preset-react (https://github.com/babel/babel/tree/mai
n/packages/babel-preset-react) to the 'presets' section of your 
Babel config to enable transformation.
If you want to leave it as-is, add @babel/plugin-syntax-jsx (htt
ps://github.com/babel/babel/tree/main/packages/babel-plugin-synt
ax-jsx) to the 'plugins' section to enable parsing.

If you already added the plugin for this syntax to your config, 
it's possible that your config isn't being loaded.
You can re-run Babel with the BABEL_SHOW_CONFIG_FOR environment 
variable to show the loaded configuration:
	npx cross-env BABEL_SHOW_CONFIG_FOR=D:\Smmplan\src\components\a
dmin\support\template-editor.tsx <your build command>
See https://babeljs.io/docs/configuration#print-effective-config
s for more info.

STACK: SyntaxError: D:\Smmplan\src\components\admin\support\temp
late-editor.tsx: Support for the experimental syntax 'jsx' isn't
 currently enabled (81:28):

[0m [90m 79 |[39m     }[33m;[39m
 [90m 80 |[39m     [36mif[39m ([33m![39misOpen) {
[31m[1m>[22m[39m[90m 81 |[39m         [36mreturn[39m edi
tMode [33m?[39m ([33m<[39m[33mbutton[39m onClick[33m=[39
m{() [33m=>[39m setIsOpen([36mtrue[39m)} className[33m=[39
m[32m"p-2 text-slate-400 hover:text-blue-600 hover:bg-blue-50 r
ounded-xl transition-all"[39m[33m>[39m
 [90m    |[39m                            [31m[1m^[22m[39m
 [90m 82 |[39m         [33m<[39m[33mlucide_react_1[39m[33
m.[39m[33mEdit3[39m size[33m=[39m{[35m16[39m}[33m/[39m
[33m>[39m
 [90m 83 |[39m       [33m<[39m[33m/[39m[33mbutton[39m[3
3m>[39m) [33m:[39m ([33m<[39m[33mbutton[39m onClick[33m=
[39m{() [33m=>[39m setIsOpen([36mtrue[39m)} className[33m=
[39m[32m"h-full min-h-[160px] bg-slate-50 border-2 border-dash
ed border-slate-200 rounded-3xl flex flex-col items-center justi
fy-center gap-2 text-slate-400 hover:border-blue-300 hover:text-
blue-500 hover:bg-blue-50 transition-all group"[39m[33m>[39m
 [90m 84 |[39m         [33m<[39m[33mdiv[39m className[33m
=[39m[32m"p-3 bg-white rounded-2xl shadow-sm group-hover:scale
-110 transition-transform"[39m[33m>[39m[0m

Add @babel/preset-react (https://github.com/babel/babel/tree/mai
n/packages/babel-preset-react) to the 'presets' section of your 
Babel config to enable transformation.
If you want to leave it as-is, add @babel/plugin-syntax-jsx (htt
ps://github.com/babel/babel/tree/main/packages/babel-plugin-synt
ax-jsx) to the 'plugins' section to enable parsing.

If you already added the plugin for this syntax to your config, 
it's possible that your config isn't being loaded.
You can re-run Babel with the BABEL_SHOW_CONFIG_FOR environment 
variable to show the loaded configuration:
	npx cross-env BABEL_SHOW_CONFIG_FOR=D:\Smmplan\src\components\a
dmin\support\template-editor.tsx <your build command>
See https://babeljs.io/docs/configuration#print-effective-config
s for more info.

    at constructor (D:\Smmplan\node_modules\@babel\parser\lib\in
dex.js:365:19)
    at Parser.raise (D:\Smmplan\node_modules\@babel\parser\lib\i
ndex.js:6599:19)
    at Parser.expectOnePlugin (D:\Smmplan\node_modules\@babel\pa
rser\lib\index.js:6633:18)
    at Parser.parseExprAtom (D:\Smmplan\node_modules\@babel\pars
er\lib\index.js:11388:24)
    at Parser.parseExprSubscripts (D:\Smmplan\node_modules\@babe
l\parser\lib\index.js:11071:23)
    at Parser.parseUpdate (D:\Smmplan\node_modules\@babel\parser
\lib\index.js:11056:21)
    at Parser.parseMaybeUnary (D:\Smmplan\node_modules\@babel\pa
rser\lib\index.js:11036:23)
    at Parser.parseMaybeUnaryOrPrivate (D:\Smmplan\node_modules\
@babel\parser\lib\index.js:10889:61)
    at Parser.parseExprOps (D:\Smmplan\node_modules\@babel\parse
r\lib\index.js:10894:23)
    at Parser.parseMaybeConditional (D:\Smmplan\node_modules\@ba
bel\parser\lib\index.js:10871:23)
    at Parser.parseMaybeAssign (D:\Smmplan\node_modules\@babel\p
arser\lib\index.js:10821:21)
    at D:\Smmplan\node_modules\@babel\parser\lib\index.js:10790:
39
    at Parser.allowInAnd (D:\Smmplan\node_modules\@babel\parser\
lib\index.js:12416:12)
    at Parser.parseMaybeAssignAllowIn (D:\Smmplan\node_modules\@
babel\parser\lib\index.js:10790:17)
    at Parser.parseMaybeAssignAllowInOrVoidPattern (D:\Smmplan\n
ode_modules\@babel\parser\lib\index.js:12483:17)
    at Parser.parseParenAndDistinguishExpression (D:\Smmplan\nod
e_modules\@babel\parser\lib\index.js:11665:28)
    at Parser.parseExprAtom (D:\Smmplan\node_modules\@babel\pars
er\lib\index.js:11321:23)
    at Parser.parseExprSubscripts (D:\Smmplan\node_modules\@babe
l\parser\lib\index.js:11071:23)
    at Parser.parseUpdate (D:\Smmplan\node_modules\@babel\parser
\lib\index.js:11056:21)
    at Parser.parseMaybeUnary (D:\Smmplan\node_modules\@babel\pa
rser\lib\index.js:11036:23)
    at Parser.parseMaybeUnaryOrPrivate (D:\Smmplan\node_modules\
@babel\parser\lib\index.js:10889:61)
    at Parser.parseExprOps (D:\Smmplan\node_modules\@babel\parse
r\lib\index.js:10894:23)
    at Parser.parseMaybeConditional (D:\Smmplan\node_modules\@ba
bel\parser\lib\index.js:10871:23)
    at Parser.parseMaybeAssign (D:\Smmplan\node_modules\@babel\p
arser\lib\index.js:10821:21)
    at D:\Smmplan\node_modules\@babel\parser\lib\index.js:10790:
39
    at Parser.allowInAnd (D:\Smmplan\node_modules\@babel\parser\
lib\index.js:12416:12)
    at Parser.parseMaybeAssignAllowIn (D:\Smmplan\node_modules\@
babel\parser\lib\index.js:10790:17)
    at Parser.parseConditional (D:\Smmplan\node_modules\@babel\p
arser\lib\index.js:10881:30)
    at Parser.parseMaybeConditional (D:\Smmplan\node_modules\@ba
bel\parser\lib\index.js:10875:17)
    at Parser.parseMaybeAssign (D:\Smmplan\node_modules\@babel\p
arser\lib\index.js:10821:21)
    at Parser.parseExpressionBase (D:\Smmplan\node_modules\@babe
l\parser\lib\index.js:10774:23)
    at D:\Smmplan\node_modules\@babel\parser\lib\index.js:10770:
39
    at Parser.allowInAnd (D:\Smmplan\node_modules\@babel\parser\
lib\index.js:12411:16)
    at Parser.parseExpression (D:\Smmplan\node_modules\@babel\pa
rser\lib\index.js:10770:17)
    at Parser.parseReturnStatement (D:\Smmplan\node_modules\@bab
el\parser\lib\index.js:13132:28)
    at Parser.parseStatementContent (D:\Smmplan\node_modules\@ba
bel\parser\lib\index.js:12788:21)
    at Parser.parseStatementLike (D:\Smmplan\node_modules\@babel
\parser\lib\index.js:12757:17)
    at Parser.parseStatementListItem (D:\Smmplan\node_modules\@b
abel\parser\lib\index.js:12737:17)
    at Parser.parseBlockOrModuleBlockBody (D:\Smmplan\node_modul
es\@babel\parser\lib\index.js:13306:61)
    at Parser.parseBlockBody (D:\Smmplan\node_modules\@babel\par
ser\lib\index.js:13299:10)
    at Parser.parseBlock (D:\Smmplan\node_modules\@babel\parser\
lib\index.js:13287:10)
    at Parser.parseStatementContent (D:\Smmplan\node_modules\@ba
bel\parser\lib\index.js:12848:21)
    at Parser.parseStatementLike (D:\Smmplan\node_modules\@babel
\parser\lib\index.js:12757:17)
    at Parser.parseStatementOrSloppyAnnexBFunctionDeclaration (D
:\Smmplan\node_modules\@babel\parser\lib\index.js:12747:17)
    at Parser.parseIfStatement (D:\Smmplan\node_modules\@babel\p
arser\lib\index.js:13120:28)
    at Parser.parseStatementContent (D:\Smmplan\node_modules\@ba
bel\parser\lib\index.js:12786:21)
    at Parser.parseStatementLike (D:\Smmplan\node_modules\@babel
\parser\lib\index.js:12757:17)
    at Parser.parseStatementListItem (D:\Smmplan\node_modules\@b
abel\parser\lib\index.js:12737:17)
    at Parser.parseBlockOrModuleBlockBody (D:\Smmplan\node_modul
es\@babel\parser\lib\index.js:13306:61)
    at Parser.parseBlockBody (D:\Smmplan\node_modules\@babel\par
ser\lib\index.js:13299:10)
Failed to collect coverage from D:\Smmplan\src\components\admin\
support\support-unified.tsx
ERROR: D:\Smmplan\src\components\admin\support\support-unified.t
sx: Support for the experimental syntax 'jsx' isn't currently en
abled (185:13):

[0m [90m 183 |[39m         { key[33m:[39m [32m'all'[39m[
33m,[39m label[33m:[39m [32m'╨Т╤Б╨╡'[39m[33m,[39m count[
33m:[39m stats[33m.[39mtotalUsers }[33m,[39m
 [90m 184 |[39m     ][33m;[39m
[31m[1m>[22m[39m[90m 185 |[39m     [36mreturn[39m ([33m
<[39m[33mdiv[39m className[33m=[39m[32m"flex h-[calc(100vh
-120px)] gap-4"[39m[33m>[39m
 [90m     |[39m             [31m[1m^[22m[39m
 [90m 186 |[39m             {[90m/* LEFT PANEL: USER LIST */
[39m}
 [90m 187 |[39m             [33m<[39m[33mdiv[39m className
[33m=[39m{[32m`flex flex-col bg-white rounded-[2rem] border b
order-slate-200 shadow-sm overflow-hidden transition-all ${selec
tedConversation ? 'w-[340px] shrink-0' : 'w-full max-w-md'}`[39
m}[33m>[39m
 [90m 188 |[39m                 {[90m/* Header */[39m}[0m

Add @babel/preset-react (https://github.com/babel/babel/tree/mai
n/packages/babel-preset-react) to the 'presets' section of your 
Babel config to enable transformation.
If you want to leave it as-is, add @babel/plugin-syntax-jsx (htt
ps://github.com/babel/babel/tree/main/packages/babel-plugin-synt
ax-jsx) to the 'plugins' section to enable parsing.

If you already added the plugin for this syntax to your config, 
it's possible that your config isn't being loaded.
You can re-run Babel with the BABEL_SHOW_CONFIG_FOR environment 
variable to show the loaded configuration:
	npx cross-env BABEL_SHOW_CONFIG_FOR=D:\Smmplan\src\components\a
dmin\support\support-unified.tsx <your build command>
See https://babeljs.io/docs/configuration#print-effective-config
s for more info.

STACK: SyntaxError: D:\Smmplan\src\components\admin\support\supp
ort-unified.tsx: Support for the experimental syntax 'jsx' isn't
 currently enabled (185:13):

[0m [90m 183 |[39m         { key[33m:[39m [32m'all'[39m[
33m,[39m label[33m:[39m [32m'╨Т╤Б╨╡'[39m[33m,[39m count[
33m:[39m stats[33m.[39mtotalUsers }[33m,[39m
 [90m 184 |[39m     ][33m;[39m
[31m[1m>[22m[39m[90m 185 |[39m     [36mreturn[39m ([33m
<[39m[33mdiv[39m className[33m=[39m[32m"flex h-[calc(100vh
-120px)] gap-4"[39m[33m>[39m
 [90m     |[39m             [31m[1m^[22m[39m
 [90m 186 |[39m             {[90m/* LEFT PANEL: USER LIST */
[39m}
 [90m 187 |[39m             [33m<[39m[33mdiv[39m className
[33m=[39m{[32m`flex flex-col bg-white rounded-[2rem] border b
order-slate-200 shadow-sm overflow-hidden transition-all ${selec
tedConversation ? 'w-[340px] shrink-0' : 'w-full max-w-md'}`[39
m}[33m>[39m
 [90m 188 |[39m                 {[90m/* Header */[39m}[0m

Add @babel/preset-react (https://github.com/babel/babel/tree/mai
n/packages/babel-preset-react) to the 'presets' section of your 
Babel config to enable transformation.
If you want to leave it as-is, add @babel/plugin-syntax-jsx (htt
ps://github.com/babel/babel/tree/main/packages/babel-plugin-synt
ax-jsx) to the 'plugins' section to enable parsing.

If you already added the plugin for this syntax to your config, 
it's possible that your config isn't being loaded.
You can re-run Babel with the BABEL_SHOW_CONFIG_FOR environment 
variable to show the loaded configuration:
	npx cross-env BABEL_SHOW_CONFIG_FOR=D:\Smmplan\src\components\a
dmin\support\support-unified.tsx <your build command>
See https://babeljs.io/docs/configuration#print-effective-config
s for more info.

    at constructor (D:\Smmplan\node_modules\@babel\parser\lib\in
dex.js:365:19)
    at Parser.raise (D:\Smmplan\node_modules\@babel\parser\lib\i
ndex.js:6599:19)
    at Parser.expectOnePlugin (D:\Smmplan\node_modules\@babel\pa
rser\lib\index.js:6633:18)
    at Parser.parseExprAtom (D:\Smmplan\node_modules\@babel\pars
er\lib\index.js:11388:24)
    at Parser.parseExprSubscripts (D:\Smmplan\node_modules\@babe
l\parser\lib\index.js:11071:23)
    at Parser.parseUpdate (D:\Smmplan\node_modules\@babel\parser
\lib\index.js:11056:21)
    at Parser.parseMaybeUnary (D:\Smmplan\node_modules\@babel\pa
rser\lib\index.js:11036:23)
    at Parser.parseMaybeUnaryOrPrivate (D:\Smmplan\node_modules\
@babel\parser\lib\index.js:10889:61)
    at Parser.parseExprOps (D:\Smmplan\node_modules\@babel\parse
r\lib\index.js:10894:23)
    at Parser.parseMaybeConditional (D:\Smmplan\node_modules\@ba
bel\parser\lib\index.js:10871:23)
    at Parser.parseMaybeAssign (D:\Smmplan\node_modules\@babel\p
arser\lib\index.js:10821:21)
    at D:\Smmplan\node_modules\@babel\parser\lib\index.js:10790:
39
    at Parser.allowInAnd (D:\Smmplan\node_modules\@babel\parser\
lib\index.js:12416:12)
    at Parser.parseMaybeAssignAllowIn (D:\Smmplan\node_modules\@
babel\parser\lib\index.js:10790:17)
    at Parser.parseMaybeAssignAllowInOrVoidPattern (D:\Smmplan\n
ode_modules\@babel\parser\lib\index.js:12483:17)
    at Parser.parseParenAndDistinguishExpression (D:\Smmplan\nod
e_modules\@babel\parser\lib\index.js:11665:28)
    at Parser.parseExprAtom (D:\Smmplan\node_modules\@babel\pars
er\lib\index.js:11321:23)
    at Parser.parseExprSubscripts (D:\Smmplan\node_modules\@babe
l\parser\lib\index.js:11071:23)
    at Parser.parseUpdate (D:\Smmplan\node_modules\@babel\parser
\lib\index.js:11056:21)
    at Parser.parseMaybeUnary (D:\Smmplan\node_modules\@babel\pa
rser\lib\index.js:11036:23)
    at Parser.parseMaybeUnaryOrPrivate (D:\Smmplan\node_modules\
@babel\parser\lib\index.js:10889:61)
    at Parser.parseExprOps (D:\Smmplan\node_modules\@babel\parse
r\lib\index.js:10894:23)
    at Parser.parseMaybeConditional (D:\Smmplan\node_modules\@ba
bel\parser\lib\index.js:10871:23)
    at Parser.parseMaybeAssign (D:\Smmplan\node_modules\@babel\p
arser\lib\index.js:10821:21)
    at Parser.parseExpressionBase (D:\Smmplan\node_modules\@babe
l\parser\lib\index.js:10774:23)
    at D:\Smmplan\node_modules\@babel\parser\lib\index.js:10770:
39
    at Parser.allowInAnd (D:\Smmplan\node_modules\@babel\parser\
lib\index.js:12411:16)
    at Parser.parseExpression (D:\Smmplan\node_modules\@babel\pa
rser\lib\index.js:10770:17)
    at Parser.parseReturnStatement (D:\Smmplan\node_modules\@bab
el\parser\lib\index.js:13132:28)
    at Parser.parseStatementContent (D:\Smmplan\node_modules\@ba
bel\parser\lib\index.js:12788:21)
    at Parser.parseStatementLike (D:\Smmplan\node_modules\@babel
\parser\lib\index.js:12757:17)
    at Parser.parseStatementListItem (D:\Smmplan\node_modules\@b
abel\parser\lib\index.js:12737:17)
    at Parser.parseBlockOrModuleBlockBody (D:\Smmplan\node_modul
es\@babel\parser\lib\index.js:13306:61)
    at Parser.parseBlockBody (D:\Smmplan\node_modules\@babel\par
ser\lib\index.js:13299:10)
    at Parser.parseBlock (D:\Smmplan\node_modules\@babel\parser\
lib\index.js:13287:10)
    at Parser.parseFunctionBody (D:\Smmplan\node_modules\@babel\
parser\lib\index.js:12090:24)
    at Parser.parseFunctionBodyAndFinish (D:\Smmplan\node_module
s\@babel\parser\lib\index.js:12076:10)
    at D:\Smmplan\node_modules\@babel\parser\lib\index.js:13435:
12
    at Parser.withSmartMixTopicForbiddingContext (D:\Smmplan\nod
e_modules\@babel\parser\lib\index.js:12393:14)
    at Parser.parseFunction (D:\Smmplan\node_modules\@babel\pars
er\lib\index.js:13434:10)
    at Parser.parseFunctionStatement (D:\Smmplan\node_modules\@b
abel\parser\lib\index.js:13115:17)
    at Parser.parseStatementContent (D:\Smmplan\node_modules\@ba
bel\parser\lib\index.js:12781:21)
    at Parser.parseStatementLike (D:\Smmplan\node_modules\@babel
\parser\lib\index.js:12757:17)
    at Parser.parseModuleItem (D:\Smmplan\node_modules\@babel\pa
rser\lib\index.js:12734:17)
    at Parser.parseBlockOrModuleBlockBody (D:\Smmplan\node_modul
es\@babel\parser\lib\index.js:13306:36)
    at Parser.parseBlockBody (D:\Smmplan\node_modules\@babel\par
ser\lib\index.js:13299:10)
    at Parser.parseProgram (D:\Smmplan\node_modules\@babel\parse
r\lib\index.js:12612:10)
    at Parser.parseTopLevel (D:\Smmplan\node_modules\@babel\pars
er\lib\index.js:12602:25)
    at Parser.parse (D:\Smmplan\node_modules\@babel\parser\lib\i
ndex.js:14478:25)
    at parse (D:\Smmplan\node_modules\@babel\parser\lib\index.js
:14512:38)
Failed to collect coverage from D:\Smmplan\src\components\admin\
support\ticket-chat.tsx
ERROR: D:\Smmplan\src\components\admin\support\ticket-chat.tsx: 
Support for the experimental syntax 'jsx' isn't currently enable
d (112:13):

[0m [90m 110 |[39m         }
 [90m 111 |[39m     }[33m;[39m
[31m[1m>[22m[39m[90m 112 |[39m     [36mreturn[39m ([33m
<[39m[33mdiv[39m className[33m=[39m[32m"flex flex-col h-[6
00px] bg-white rounded-[2.5rem] border border-slate-200 shadow-s
m overflow-hidden relative"[39m[33m>[39m
 [90m     |[39m             [31m[1m^[22m[39m
 [90m 113 |[39m       [33m<[39m[33mdiv[39m ref[33m=[39m{
scrollRef} className[33m=[39m[32m"flex-1 overflow-y-auto p-6 
space-y-4 bg-slate-50/50 text-[13px]"[39m[33m>[39m
 [90m 114 |[39m         {messages[33m.[39mmap((msg) [33m=>
[39m {
 [90m 115 |[39m             [90m// Ticket separator header[3
9m[0m

Add @babel/preset-react (https://github.com/babel/babel/tree/mai
n/packages/babel-preset-react) to the 'presets' section of your 
Babel config to enable transformation.
If you want to leave it as-is, add @babel/plugin-syntax-jsx (htt
ps://github.com/babel/babel/tree/main/packages/babel-plugin-synt
ax-jsx) to the 'plugins' section to enable parsing.

If you already added the plugin for this syntax to your config, 
it's possible that your config isn't being loaded.
You can re-run Babel with the BABEL_SHOW_CONFIG_FOR environment 
variable to show the loaded configuration:
	npx cross-env BABEL_SHOW_CONFIG_FOR=D:\Smmplan\src\components\a
dmin\support\ticket-chat.tsx <your build command>
See https://babeljs.io/docs/configuration#print-effective-config
s for more info.

STACK: SyntaxError: D:\Smmplan\src\components\admin\support\tick
et-chat.tsx: Support for the experimental syntax 'jsx' isn't cur
rently enabled (112:13):

[0m [90m 110 |[39m         }
 [90m 111 |[39m     }[33m;[39m
[31m[1m>[22m[39m[90m 112 |[39m     [36mreturn[39m ([33m
<[39m[33mdiv[39m className[33m=[39m[32m"flex flex-col h-[6
00px] bg-white rounded-[2.5rem] border border-slate-200 shadow-s
m overflow-hidden relative"[39m[33m>[39m
 [90m     |[39m             [31m[1m^[22m[39m
 [90m 113 |[39m       [33m<[39m[33mdiv[39m ref[33m=[39m{
scrollRef} className[33m=[39m[32m"flex-1 overflow-y-auto p-6 
space-y-4 bg-slate-50/50 text-[13px]"[39m[33m>[39m
 [90m 114 |[39m         {messages[33m.[39mmap((msg) [33m=>
[39m {
 [90m 115 |[39m             [90m// Ticket separator header[3
9m[0m

Add @babel/preset-react (https://github.com/babel/babel/tree/mai
n/packages/babel-preset-react) to the 'presets' section of your 
Babel config to enable transformation.
If you want to leave it as-is, add @babel/plugin-syntax-jsx (htt
ps://github.com/babel/babel/tree/main/packages/babel-plugin-synt
ax-jsx) to the 'plugins' section to enable parsing.

If you already added the plugin for this syntax to your config, 
it's possible that your config isn't being loaded.
You can re-run Babel with the BABEL_SHOW_CONFIG_FOR environment 
variable to show the loaded configuration:
	npx cross-env BABEL_SHOW_CONFIG_FOR=D:\Smmplan\src\components\a
dmin\support\ticket-chat.tsx <your build command>
See https://babeljs.io/docs/configuration#print-effective-config
s for more info.

    at constructor (D:\Smmplan\node_modules\@babel\parser\lib\in
dex.js:365:19)
    at Parser.raise (D:\Smmplan\node_modules\@babel\parser\lib\i
ndex.js:6599:19)
    at Parser.expectOnePlugin (D:\Smmplan\node_modules\@babel\pa
rser\lib\index.js:6633:18)
    at Parser.parseExprAtom (D:\Smmplan\node_modules\@babel\pars
er\lib\index.js:11388:24)
    at Parser.parseExprSubscripts (D:\Smmplan\node_modules\@babe
l\parser\lib\index.js:11071:23)
    at Parser.parseUpdate (D:\Smmplan\node_modules\@babel\parser
\lib\index.js:11056:21)
    at Parser.parseMaybeUnary (D:\Smmplan\node_modules\@babel\pa
rser\lib\index.js:11036:23)
    at Parser.parseMaybeUnaryOrPrivate (D:\Smmplan\node_modules\
@babel\parser\lib\index.js:10889:61)
    at Parser.parseExprOps (D:\Smmplan\node_modules\@babel\parse
r\lib\index.js:10894:23)
    at Parser.parseMaybeConditional (D:\Smmplan\node_modules\@ba
bel\parser\lib\index.js:10871:23)
    at Parser.parseMaybeAssign (D:\Smmplan\node_modules\@babel\p
arser\lib\index.js:10821:21)
    at D:\Smmplan\node_modules\@babel\parser\lib\index.js:10790:
39
    at Parser.allowInAnd (D:\Smmplan\node_modules\@babel\parser\
lib\index.js:12416:12)
    at Parser.parseMaybeAssignAllowIn (D:\Smmplan\node_modules\@
babel\parser\lib\index.js:10790:17)
    at Parser.parseMaybeAssignAllowInOrVoidPattern (D:\Smmplan\n
ode_modules\@babel\parser\lib\index.js:12483:17)
    at Parser.parseParenAndDistinguishExpression (D:\Smmplan\nod
e_modules\@babel\parser\lib\index.js:11665:28)
    at Parser.parseExprAtom (D:\Smmplan\node_modules\@babel\pars
er\lib\index.js:11321:23)
    at Parser.parseExprSubscripts (D:\Smmplan\node_modules\@babe
l\parser\lib\index.js:11071:23)
    at Parser.parseUpdate (D:\Smmplan\node_modules\@babel\parser
\lib\index.js:11056:21)
    at Parser.parseMaybeUnary (D:\Smmplan\node_modules\@babel\pa
rser\lib\index.js:11036:23)
    at Parser.parseMaybeUnaryOrPrivate (D:\Smmplan\node_modules\
@babel\parser\lib\index.js:10889:61)
    at Parser.parseExprOps (D:\Smmplan\node_modules\@babel\parse
r\lib\index.js:10894:23)
    at Parser.parseMaybeConditional (D:\Smmplan\node_modules\@ba
bel\parser\lib\index.js:10871:23)
    at Parser.parseMaybeAssign (D:\Smmplan\node_modules\@babel\p
arser\lib\index.js:10821:21)
    at Parser.parseExpressionBase (D:\Smmplan\node_modules\@babe
l\parser\lib\index.js:10774:23)
    at D:\Smmplan\node_modules\@babel\parser\lib\index.js:10770:
39
    at Parser.allowInAnd (D:\Smmplan\node_modules\@babel\parser\
lib\index.js:12411:16)
    at Parser.parseExpression (D:\Smmplan\node_modules\@babel\pa
rser\lib\index.js:10770:17)
    at Parser.parseReturnStatement (D:\Smmplan\node_modules\@bab
el\parser\lib\index.js:13132:28)
    at Parser.parseStatementContent (D:\Smmplan\node_modules\@ba
bel\parser\lib\index.js:12788:21)
    at Parser.parseStatementLike (D:\Smmplan\node_modules\@babel
\parser\lib\index.js:12757:17)
    at Parser.parseStatementListItem (D:\Smmplan\node_modules\@b
abel\parser\lib\index.js:12737:17)
    at Parser.parseBlockOrModuleBlockBody (D:\Smmplan\node_modul
es\@babel\parser\lib\index.js:13306:61)
    at Parser.parseBlockBody (D:\Smmplan\node_modules\@babel\par
ser\lib\index.js:13299:10)
    at Parser.parseBlock (D:\Smmplan\node_modules\@babel\parser\
lib\index.js:13287:10)
    at Parser.parseFunctionBody (D:\Smmplan\node_modules\@babel\
parser\lib\index.js:12090:24)
    at Parser.parseFunctionBodyAndFinish (D:\Smmplan\node_module
s\@babel\parser\lib\index.js:12076:10)
    at D:\Smmplan\node_modules\@babel\parser\lib\index.js:13435:
12
    at Parser.withSmartMixTopicForbiddingContext (D:\Smmplan\nod
e_modules\@babel\parser\lib\index.js:12393:14)
    at Parser.parseFunction (D:\Smmplan\node_modules\@babel\pars
er\lib\index.js:13434:10)
    at Parser.parseFunctionStatement (D:\Smmplan\node_modules\@b
abel\parser\lib\index.js:13115:17)
    at Parser.parseStatementContent (D:\Smmplan\node_modules\@ba
bel\parser\lib\index.js:12781:21)
    at Parser.parseStatementLike (D:\Smmplan\node_modules\@babel
\parser\lib\index.js:12757:17)
    at Parser.parseModuleItem (D:\Smmplan\node_modules\@babel\pa
rser\lib\index.js:12734:17)
    at Parser.parseBlockOrModuleBlockBody (D:\Smmplan\node_modul
es\@babel\parser\lib\index.js:13306:36)
    at Parser.parseBlockBody (D:\Smmplan\node_modules\@babel\par
ser\lib\index.js:13299:10)
    at Parser.parseProgram (D:\Smmplan\node_modules\@babel\parse
r\lib\index.js:12612:10)
    at Parser.parseTopLevel (D:\Smmplan\node_modules\@babel\pars
er\lib\index.js:12602:25)
    at Parser.parse (D:\Smmplan\node_modules\@babel\parser\lib\i
ndex.js:14478:25)
    at parse (D:\Smmplan\node_modules\@babel\parser\lib\index.js
:14512:38)
Failed to collect coverage from D:\Smmplan\src\components\admin\
support\ticket-section.tsx
ERROR: D:\Smmplan\src\components\admin\support\ticket-section.ts
x: Support for the experimental syntax 'jsx' isn't currently ena
bled (85:13):

[0m [90m 83 |[39m     [36mconst[39m lastMessage [33m=[39m
 ticket[33m.[39mmessages[ticket[33m.[39mmessages[33m.[39ml
ength [33m-[39m [35m1[39m][33m;[39m
 [90m 84 |[39m     [36mconst[39m hasNewUserMessage [33m=[3
9m lastMessage[33m?[39m[33m.[39msender [33m===[39m [32m'U
SER'[39m [33m&&[39m ticket[33m.[39mstatus [33m!==[39m [3
2m'CLOSED'[39m[33m;[39m
[31m[1m>[22m[39m[90m 85 |[39m     [36mreturn[39m ([33m<
[39m[33mdiv[39m className[33m=[39m{[32m`rounded-2xl border
-2 overflow-hidden transition-all duration-200 ${ticket.status =
== 'CLOSED' ? 'opacity-60' : ''} ${config.border} ${hasNewUserMe
ssage ? 'ring-2 ring-rose-300 ring-offset-2' : ''}`[39m}[33m>
[39m
 [90m    |[39m             [31m[1m^[22m[39m
 [90m 86 |[39m             {[90m/* Header */[39m}
 [90m 87 |[39m             [33m<[39m[33mbutton[39m onClick
[33m=[39m{onToggle} className[33m=[39m{[32m`w-full p-4 flex
 items-center justify-between ${config.bg} hover:brightness-95 t
ransition-all`[39m}[33m>[39m
 [90m 88 |[39m                 [33m<[39m[33mdiv[39m classN
ame[33m=[39m[32m"flex items-center gap-3"[39m[33m>[39m[0m

Add @babel/preset-react (https://github.com/babel/babel/tree/mai
n/packages/babel-preset-react) to the 'presets' section of your 
Babel config to enable transformation.
If you want to leave it as-is, add @babel/plugin-syntax-jsx (htt
ps://github.com/babel/babel/tree/main/packages/babel-plugin-synt
ax-jsx) to the 'plugins' section to enable parsing.

If you already added the plugin for this syntax to your config, 
it's possible that your config isn't being loaded.
You can re-run Babel with the BABEL_SHOW_CONFIG_FOR environment 
variable to show the loaded configuration:
	npx cross-env BABEL_SHOW_CONFIG_FOR=D:\Smmplan\src\components\a
dmin\support\ticket-section.tsx <your build command>
See https://babeljs.io/docs/configuration#print-effective-config
s for more info.

STACK: SyntaxError: D:\Smmplan\src\components\admin\support\tick
et-section.tsx: Support for the experimental syntax 'jsx' isn't 
currently enabled (85:13):

[0m [90m 83 |[39m     [36mconst[39m lastMessage [33m=[39m
 ticket[33m.[39mmessages[ticket[33m.[39mmessages[33m.[39ml
ength [33m-[39m [35m1[39m][33m;[39m
 [90m 84 |[39m     [36mconst[39m hasNewUserMessage [33m=[3
9m lastMessage[33m?[39m[33m.[39msender [33m===[39m [32m'U
SER'[39m [33m&&[39m ticket[33m.[39mstatus [33m!==[39m [3
2m'CLOSED'[39m[33m;[39m
[31m[1m>[22m[39m[90m 85 |[39m     [36mreturn[39m ([33m<
[39m[33mdiv[39m className[33m=[39m{[32m`rounded-2xl border
-2 overflow-hidden transition-all duration-200 ${ticket.status =
== 'CLOSED' ? 'opacity-60' : ''} ${config.border} ${hasNewUserMe
ssage ? 'ring-2 ring-rose-300 ring-offset-2' : ''}`[39m}[33m>
[39m
 [90m    |[39m             [31m[1m^[22m[39m
 [90m 86 |[39m             {[90m/* Header */[39m}
 [90m 87 |[39m             [33m<[39m[33mbutton[39m onClick
[33m=[39m{onToggle} className[33m=[39m{[32m`w-full p-4 flex
 items-center justify-between ${config.bg} hover:brightness-95 t
ransition-all`[39m}[33m>[39m
 [90m 88 |[39m                 [33m<[39m[33mdiv[39m classN
ame[33m=[39m[32m"flex items-center gap-3"[39m[33m>[39m[0m

Add @babel/preset-react (https://github.com/babel/babel/tree/mai
n/packages/babel-preset-react) to the 'presets' section of your 
Babel config to enable transformation.
If you want to leave it as-is, add @babel/plugin-syntax-jsx (htt
ps://github.com/babel/babel/tree/main/packages/babel-plugin-synt
ax-jsx) to the 'plugins' section to enable parsing.

If you already added the plugin for this syntax to your config, 
it's possible that your config isn't being loaded.
You can re-run Babel with the BABEL_SHOW_CONFIG_FOR environment 
variable to show the loaded configuration:
	npx cross-env BABEL_SHOW_CONFIG_FOR=D:\Smmplan\src\components\a
dmin\support\ticket-section.tsx <your build command>
See https://babeljs.io/docs/configuration#print-effective-config
s for more info.

    at constructor (D:\Smmplan\node_modules\@babel\parser\lib\in
dex.js:365:19)
    at Parser.raise (D:\Smmplan\node_modules\@babel\parser\lib\i
ndex.js:6599:19)
    at Parser.expectOnePlugin (D:\Smmplan\node_modules\@babel\pa
rser\lib\index.js:6633:18)
    at Parser.parseExprAtom (D:\Smmplan\node_modules\@babel\pars
er\lib\index.js:11388:24)
    at Parser.parseExprSubscripts (D:\Smmplan\node_modules\@babe
l\parser\lib\index.js:11071:23)
    at Parser.parseUpdate (D:\Smmplan\node_modules\@babel\parser
\lib\index.js:11056:21)
    at Parser.parseMaybeUnary (D:\Smmplan\node_modules\@babel\pa
rser\lib\index.js:11036:23)
    at Parser.parseMaybeUnaryOrPrivate (D:\Smmplan\node_modules\
@babel\parser\lib\index.js:10889:61)
    at Parser.parseExprOps (D:\Smmplan\node_modules\@babel\parse
r\lib\index.js:10894:23)
    at Parser.parseMaybeConditional (D:\Smmplan\node_modules\@ba
bel\parser\lib\index.js:10871:23)
    at Parser.parseMaybeAssign (D:\Smmplan\node_modules\@babel\p
arser\lib\index.js:10821:21)
    at D:\Smmplan\node_modules\@babel\parser\lib\index.js:10790:
39
    at Parser.allowInAnd (D:\Smmplan\node_modules\@babel\parser\
lib\index.js:12416:12)
    at Parser.parseMaybeAssignAllowIn (D:\Smmplan\node_modules\@
babel\parser\lib\index.js:10790:17)
    at Parser.parseMaybeAssignAllowInOrVoidPattern (D:\Smmplan\n
ode_modules\@babel\parser\lib\index.js:12483:17)
    at Parser.parseParenAndDistinguishExpression (D:\Smmplan\nod
e_modules\@babel\parser\lib\index.js:11665:28)
    at Parser.parseExprAtom (D:\Smmplan\node_modules\@babel\pars
er\lib\index.js:11321:23)
    at Parser.parseExprSubscripts (D:\Smmplan\node_modules\@babe
l\parser\lib\index.js:11071:23)
    at Parser.parseUpdate (D:\Smmplan\node_modules\@babel\parser
\lib\index.js:11056:21)
    at Parser.parseMaybeUnary (D:\Smmplan\node_modules\@babel\pa
rser\lib\index.js:11036:23)
    at Parser.parseMaybeUnaryOrPrivate (D:\Smmplan\node_modules\
@babel\parser\lib\index.js:10889:61)
    at Parser.parseExprOps (D:\Smmplan\node_modules\@babel\parse
r\lib\index.js:10894:23)
    at Parser.parseMaybeConditional (D:\Smmplan\node_modules\@ba
bel\parser\lib\index.js:10871:23)
    at Parser.parseMaybeAssign (D:\Smmplan\node_modules\@babel\p
arser\lib\index.js:10821:21)
    at Parser.parseExpressionBase (D:\Smmplan\node_modules\@babe
l\parser\lib\index.js:10774:23)
    at D:\Smmplan\node_modules\@babel\parser\lib\index.js:10770:
39
    at Parser.allowInAnd (D:\Smmplan\node_modules\@babel\parser\
lib\index.js:12411:16)
    at Parser.parseExpression (D:\Smmplan\node_modules\@babel\pa
rser\lib\index.js:10770:17)
    at Parser.parseReturnStatement (D:\Smmplan\node_modules\@bab
el\parser\lib\index.js:13132:28)
    at Parser.parseStatementContent (D:\Smmplan\node_modules\@ba
bel\parser\lib\index.js:12788:21)
    at Parser.parseStatementLike (D:\Smmplan\node_modules\@babel
\parser\lib\index.js:12757:17)
    at Parser.parseStatementListItem (D:\Smmplan\node_modules\@b
abel\parser\lib\index.js:12737:17)
    at Parser.parseBlockOrModuleBlockBody (D:\Smmplan\node_modul
es\@babel\parser\lib\index.js:13306:61)
    at Parser.parseBlockBody (D:\Smmplan\node_modules\@babel\par
ser\lib\index.js:13299:10)
    at Parser.parseBlock (D:\Smmplan\node_modules\@babel\parser\
lib\index.js:13287:10)
    at Parser.parseFunctionBody (D:\Smmplan\node_modules\@babel\
parser\lib\index.js:12090:24)
    at Parser.parseFunctionBodyAndFinish (D:\Smmplan\node_module
s\@babel\parser\lib\index.js:12076:10)
    at D:\Smmplan\node_modules\@babel\parser\lib\index.js:13435:
12
    at Parser.withSmartMixTopicForbiddingContext (D:\Smmplan\nod
e_modules\@babel\parser\lib\index.js:12393:14)
    at Parser.parseFunction (D:\Smmplan\node_modules\@babel\pars
er\lib\index.js:13434:10)
    at Parser.parseFunctionStatement (D:\Smmplan\node_modules\@b
abel\parser\lib\index.js:13115:17)
    at Parser.parseStatementContent (D:\Smmplan\node_modules\@ba
bel\parser\lib\index.js:12781:21)
    at Parser.parseStatementLike (D:\Smmplan\node_modules\@babel
\parser\lib\index.js:12757:17)
    at Parser.parseModuleItem (D:\Smmplan\node_modules\@babel\pa
rser\lib\index.js:12734:17)
    at Parser.parseBlockOrModuleBlockBody (D:\Smmplan\node_modul
es\@babel\parser\lib\index.js:13306:36)
    at Parser.parseBlockBody (D:\Smmplan\node_modules\@babel\par
ser\lib\index.js:13299:10)
    at Parser.parseProgram (D:\Smmplan\node_modules\@babel\parse
r\lib\index.js:12612:10)
    at Parser.parseTopLevel (D:\Smmplan\node_modules\@babel\pars
er\lib\index.js:12602:25)
    at Parser.parse (D:\Smmplan\node_modules\@babel\parser\lib\i
ndex.js:14478:25)
    at parse (D:\Smmplan\node_modules\@babel\parser\lib\index.js
:14512:38)
Failed to collect coverage from D:\Smmplan\src\components\admin\
support\user-dialog.tsx
ERROR: D:\Smmplan\src\components\admin\support\user-dialog.tsx: 
Support for the experimental syntax 'jsx' isn't currently enable
d (99:13):

[0m [90m  97 |[39m         }
 [90m  98 |[39m     }[33m;[39m
[31m[1m>[22m[39m[90m  99 |[39m     [36mreturn[39m ([33m
<[39m[33mdiv[39m className[33m=[39m[32m"w-1/3 bg-white rou
nded-[2.5rem] border border-slate-200 shadow-xl flex flex-col ov
erflow-hidden animate-in slide-in-from-right-10 duration-300"[3
9m[33m>[39m
 [90m     |[39m             [31m[1m^[22m[39m
 [90m 100 |[39m             {[90m/* Header */[39m}
 [90m 101 |[39m             [33m<[39m[33mdiv[39m className
[33m=[39m[32m"p-6 border-b border-slate-100 flex items-center
 justify-between bg-slate-50/50"[39m[33m>[39m
 [90m 102 |[39m                 [33m<[39m[33mdiv[39m[33m>
[39m[0m

Add @babel/preset-react (https://github.com/babel/babel/tree/mai
n/packages/babel-preset-react) to the 'presets' section of your 
Babel config to enable transformation.
If you want to leave it as-is, add @babel/plugin-syntax-jsx (htt
ps://github.com/babel/babel/tree/main/packages/babel-plugin-synt
ax-jsx) to the 'plugins' section to enable parsing.

If you already added the plugin for this syntax to your config, 
it's possible that your config isn't being loaded.
You can re-run Babel with the BABEL_SHOW_CONFIG_FOR environment 
variable to show the loaded configuration:
	npx cross-env BABEL_SHOW_CONFIG_FOR=D:\Smmplan\src\components\a
dmin\support\user-dialog.tsx <your build command>
See https://babeljs.io/docs/configuration#print-effective-config
s for more info.

STACK: SyntaxError: D:\Smmplan\src\components\admin\support\user
-dialog.tsx: Support for the experimental syntax 'jsx' isn't cur
rently enabled (99:13):

[0m [90m  97 |[39m         }
 [90m  98 |[39m     }[33m;[39m
[31m[1m>[22m[39m[90m  99 |[39m     [36mreturn[39m ([33m
<[39m[33mdiv[39m className[33m=[39m[32m"w-1/3 bg-white rou
nded-[2.5rem] border border-slate-200 shadow-xl flex flex-col ov
erflow-hidden animate-in slide-in-from-right-10 duration-300"[3
9m[33m>[39m
 [90m     |[39m             [31m[1m^[22m[39m
 [90m 100 |[39m             {[90m/* Header */[39m}
 [90m 101 |[39m             [33m<[39m[33mdiv[39m className
[33m=[39m[32m"p-6 border-b border-slate-100 flex items-center
 justify-between bg-slate-50/50"[39m[33m>[39m
 [90m 102 |[39m                 [33m<[39m[33mdiv[39m[33m>
[39m[0m

Add @babel/preset-react (https://github.com/babel/babel/tree/mai
n/packages/babel-preset-react) to the 'presets' section of your 
Babel config to enable transformation.
If you want to leave it as-is, add @babel/plugin-syntax-jsx (htt
ps://github.com/babel/babel/tree/main/packages/babel-plugin-synt
ax-jsx) to the 'plugins' section to enable parsing.

If you already added the plugin for this syntax to your config, 
it's possible that your config isn't being loaded.
You can re-run Babel with the BABEL_SHOW_CONFIG_FOR environment 
variable to show the loaded configuration:
	npx cross-env BABEL_SHOW_CONFIG_FOR=D:\Smmplan\src\components\a
dmin\support\user-dialog.tsx <your build command>
See https://babeljs.io/docs/configuration#print-effective-config
s for more info.

    at constructor (D:\Smmplan\node_modules\@babel\parser\lib\in
dex.js:365:19)
    at Parser.raise (D:\Smmplan\node_modules\@babel\parser\lib\i
ndex.js:6599:19)
    at Parser.expectOnePlugin (D:\Smmplan\node_modules\@babel\pa
rser\lib\index.js:6633:18)
    at Parser.parseExprAtom (D:\Smmplan\node_modules\@babel\pars
er\lib\index.js:11388:24)
    at Parser.parseExprSubscripts (D:\Smmplan\node_modules\@babe
l\parser\lib\index.js:11071:23)
    at Parser.parseUpdate (D:\Smmplan\node_modules\@babel\parser
\lib\index.js:11056:21)
    at Parser.parseMaybeUnary (D:\Smmplan\node_modules\@babel\pa
rser\lib\index.js:11036:23)
    at Parser.parseMaybeUnaryOrPrivate (D:\Smmplan\node_modules\
@babel\parser\lib\index.js:10889:61)
    at Parser.parseExprOps (D:\Smmplan\node_modules\@babel\parse
r\lib\index.js:10894:23)
    at Parser.parseMaybeConditional (D:\Smmplan\node_modules\@ba
bel\parser\lib\index.js:10871:23)
    at Parser.parseMaybeAssign (D:\Smmplan\node_modules\@babel\p
arser\lib\index.js:10821:21)
    at D:\Smmplan\node_modules\@babel\parser\lib\index.js:10790:
39
    at Parser.allowInAnd (D:\Smmplan\node_modules\@babel\parser\
lib\index.js:12416:12)
    at Parser.parseMaybeAssignAllowIn (D:\Smmplan\node_modules\@
babel\parser\lib\index.js:10790:17)
    at Parser.parseMaybeAssignAllowInOrVoidPattern (D:\Smmplan\n
ode_modules\@babel\parser\lib\index.js:12483:17)
    at Parser.parseParenAndDistinguishExpression (D:\Smmplan\nod
e_modules\@babel\parser\lib\index.js:11665:28)
    at Parser.parseExprAtom (D:\Smmplan\node_modules\@babel\pars
er\lib\index.js:11321:23)
    at Parser.parseExprSubscripts (D:\Smmplan\node_modules\@babe
l\parser\lib\index.js:11071:23)
    at Parser.parseUpdate (D:\Smmplan\node_modules\@babel\parser
\lib\index.js:11056:21)
    at Parser.parseMaybeUnary (D:\Smmplan\node_modules\@babel\pa
rser\lib\index.js:11036:23)
    at Parser.parseMaybeUnaryOrPrivate (D:\Smmplan\node_modules\
@babel\parser\lib\index.js:10889:61)
    at Parser.parseExprOps (D:\Smmplan\node_modules\@babel\parse
r\lib\index.js:10894:23)
    at Parser.parseMaybeConditional (D:\Smmplan\node_modules\@ba
bel\parser\lib\index.js:10871:23)
    at Parser.parseMaybeAssign (D:\Smmplan\node_modules\@babel\p
arser\lib\index.js:10821:21)
    at Parser.parseExpressionBase (D:\Smmplan\node_modules\@babe
l\parser\lib\index.js:10774:23)
    at D:\Smmplan\node_modules\@babel\parser\lib\index.js:10770:
39
    at Parser.allowInAnd (D:\Smmplan\node_modules\@babel\parser\
lib\index.js:12411:16)
    at Parser.parseExpression (D:\Smmplan\node_modules\@babel\pa
rser\lib\index.js:10770:17)
    at Parser.parseReturnStatement (D:\Smmplan\node_modules\@bab
el\parser\lib\index.js:13132:28)
    at Parser.parseStatementContent (D:\Smmplan\node_modules\@ba
bel\parser\lib\index.js:12788:21)
    at Parser.parseStatementLike (D:\Smmplan\node_modules\@babel
\parser\lib\index.js:12757:17)
    at Parser.parseStatementListItem (D:\Smmplan\node_modules\@b
abel\parser\lib\index.js:12737:17)
    at Parser.parseBlockOrModuleBlockBody (D:\Smmplan\node_modul
es\@babel\parser\lib\index.js:13306:61)
    at Parser.parseBlockBody (D:\Smmplan\node_modules\@babel\par
ser\lib\index.js:13299:10)
    at Parser.parseBlock (D:\Smmplan\node_modules\@babel\parser\
lib\index.js:13287:10)
    at Parser.parseFunctionBody (D:\Smmplan\node_modules\@babel\
parser\lib\index.js:12090:24)
    at Parser.parseFunctionBodyAndFinish (D:\Smmplan\node_module
s\@babel\parser\lib\index.js:12076:10)
    at D:\Smmplan\node_modules\@babel\parser\lib\index.js:13435:
12
    at Parser.withSmartMixTopicForbiddingContext (D:\Smmplan\nod
e_modules\@babel\parser\lib\index.js:12393:14)
    at Parser.parseFunction (D:\Smmplan\node_modules\@babel\pars
er\lib\index.js:13434:10)
    at Parser.parseFunctionStatement (D:\Smmplan\node_modules\@b
abel\parser\lib\index.js:13115:17)
    at Parser.parseStatementContent (D:\Smmplan\node_modules\@ba
bel\parser\lib\index.js:12781:21)
    at Parser.parseStatementLike (D:\Smmplan\node_modules\@babel
\parser\lib\index.js:12757:17)
    at Parser.parseModuleItem (D:\Smmplan\node_modules\@babel\pa
rser\lib\index.js:12734:17)
    at Parser.parseBlockOrModuleBlockBody (D:\Smmplan\node_modul
es\@babel\parser\lib\index.js:13306:36)
    at Parser.parseBlockBody (D:\Smmplan\node_modules\@babel\par
ser\lib\index.js:13299:10)
    at Parser.parseProgram (D:\Smmplan\node_modules\@babel\parse
r\lib\index.js:12612:10)
    at Parser.parseTopLevel (D:\Smmplan\node_modules\@babel\pars
er\lib\index.js:12602:25)
    at Parser.parse (D:\Smmplan\node_modules\@babel\parser\lib\i
ndex.js:14478:25)
    at parse (D:\Smmplan\node_modules\@babel\parser\lib\index.js
:14512:38)
Failed to collect coverage from D:\Smmplan\src\components\admin\
support\user-list-item.tsx
ERROR: D:\Smmplan\src\components\admin\support\user-list-item.ts
x: Support for the experimental syntax 'jsx' isn't currently ena
bled (12:16):

[0m [90m 10 |[39m [36mfunction[39m getStatusIndicator(stats
[33m,[39m hasUnread) {
 [90m 11 |[39m     [36mif[39m (hasUnread [33m||[39m stats
[33m.[39mopen [33m>[39m [35m0[39m) {
[31m[1m>[22m[39m[90m 12 |[39m         [36mreturn[39m [3
3m<[39m[33mdiv[39m className[33m=[39m{[32m`w-2.5 h-2.5 rou
nded-full ${hasUnread ? 'bg-rose-500 animate-pulse' : 'bg-rose-4
00'}`[39m}[33m/[39m[33m>[39m[33m;[39m
 [90m    |[39m                [31m[1m^[22m[39m
 [90m 13 |[39m     }
 [90m 14 |[39m     [36mif[39m (stats[33m.[39mpending [33m
>[39m [35m0[39m) {
 [90m 15 |[39m         [36mreturn[39m [33m<[39m[33mdiv[3
9m className[33m=[39m[32m"w-2.5 h-2.5 rounded-full bg-amber-4
00"[39m[33m/[39m[33m>[39m[33m;[39m[0m

Add @babel/preset-react (https://github.com/babel/babel/tree/mai
n/packages/babel-preset-react) to the 'presets' section of your 
Babel config to enable transformation.
If you want to leave it as-is, add @babel/plugin-syntax-jsx (htt
ps://github.com/babel/babel/tree/main/packages/babel-plugin-synt
ax-jsx) to the 'plugins' section to enable parsing.

If you already added the plugin for this syntax to your config, 
it's possible that your config isn't being loaded.
You can re-run Babel with the BABEL_SHOW_CONFIG_FOR environment 
variable to show the loaded configuration:
	npx cross-env BABEL_SHOW_CONFIG_FOR=D:\Smmplan\src\components\a
dmin\support\user-list-item.tsx <your build command>
See https://babeljs.io/docs/configuration#print-effective-config
s for more info.

STACK: SyntaxError: D:\Smmplan\src\components\admin\support\user
-list-item.tsx: Support for the experimental syntax 'jsx' isn't 
currently enabled (12:16):

[0m [90m 10 |[39m [36mfunction[39m getStatusIndicator(stats
[33m,[39m hasUnread) {
 [90m 11 |[39m     [36mif[39m (hasUnread [33m||[39m stats
[33m.[39mopen [33m>[39m [35m0[39m) {
[31m[1m>[22m[39m[90m 12 |[39m         [36mreturn[39m [3
3m<[39m[33mdiv[39m className[33m=[39m{[32m`w-2.5 h-2.5 rou
nded-full ${hasUnread ? 'bg-rose-500 animate-pulse' : 'bg-rose-4
00'}`[39m}[33m/[39m[33m>[39m[33m;[39m
 [90m    |[39m                [31m[1m^[22m[39m
 [90m 13 |[39m     }
 [90m 14 |[39m     [36mif[39m (stats[33m.[39mpending [33m
>[39m [35m0[39m) {
 [90m 15 |[39m         [36mreturn[39m [33m<[39m[33mdiv[3
9m className[33m=[39m[32m"w-2.5 h-2.5 rounded-full bg-amber-4
00"[39m[33m/[39m[33m>[39m[33m;[39m[0m

Add @babel/preset-react (https://github.com/babel/babel/tree/mai
n/packages/babel-preset-react) to the 'presets' section of your 
Babel config to enable transformation.
If you want to leave it as-is, add @babel/plugin-syntax-jsx (htt
ps://github.com/babel/babel/tree/main/packages/babel-plugin-synt
ax-jsx) to the 'plugins' section to enable parsing.

If you already added the plugin for this syntax to your config, 
it's possible that your config isn't being loaded.
You can re-run Babel with the BABEL_SHOW_CONFIG_FOR environment 
variable to show the loaded configuration:
	npx cross-env BABEL_SHOW_CONFIG_FOR=D:\Smmplan\src\components\a
dmin\support\user-list-item.tsx <your build command>
See https://babeljs.io/docs/configuration#print-effective-config
s for more info.

    at constructor (D:\Smmplan\node_modules\@babel\parser\lib\in
dex.js:365:19)
    at Parser.raise (D:\Smmplan\node_modules\@babel\parser\lib\i
ndex.js:6599:19)
    at Parser.expectOnePlugin (D:\Smmplan\node_modules\@babel\pa
rser\lib\index.js:6633:18)
    at Parser.parseExprAtom (D:\Smmplan\node_modules\@babel\pars
er\lib\index.js:11388:24)
    at Parser.parseExprSubscripts (D:\Smmplan\node_modules\@babe
l\parser\lib\index.js:11071:23)
    at Parser.parseUpdate (D:\Smmplan\node_modules\@babel\parser
\lib\index.js:11056:21)
    at Parser.parseMaybeUnary (D:\Smmplan\node_modules\@babel\pa
rser\lib\index.js:11036:23)
    at Parser.parseMaybeUnaryOrPrivate (D:\Smmplan\node_modules\
@babel\parser\lib\index.js:10889:61)
    at Parser.parseExprOps (D:\Smmplan\node_modules\@babel\parse
r\lib\index.js:10894:23)
    at Parser.parseMaybeConditional (D:\Smmplan\node_modules\@ba
bel\parser\lib\index.js:10871:23)
    at Parser.parseMaybeAssign (D:\Smmplan\node_modules\@babel\p
arser\lib\index.js:10821:21)
    at Parser.parseExpressionBase (D:\Smmplan\node_modules\@babe
l\parser\lib\index.js:10774:23)
    at D:\Smmplan\node_modules\@babel\parser\lib\index.js:10770:
39
    at Parser.allowInAnd (D:\Smmplan\node_modules\@babel\parser\
lib\index.js:12411:16)
    at Parser.parseExpression (D:\Smmplan\node_modules\@babel\pa
rser\lib\index.js:10770:17)
    at Parser.parseReturnStatement (D:\Smmplan\node_modules\@bab
el\parser\lib\index.js:13132:28)
    at Parser.parseStatementContent (D:\Smmplan\node_modules\@ba
bel\parser\lib\index.js:12788:21)
    at Parser.parseStatementLike (D:\Smmplan\node_modules\@babel
\parser\lib\index.js:12757:17)
    at Parser.parseStatementListItem (D:\Smmplan\node_modules\@b
abel\parser\lib\index.js:12737:17)
    at Parser.parseBlockOrModuleBlockBody (D:\Smmplan\node_modul
es\@babel\parser\lib\index.js:13306:61)
    at Parser.parseBlockBody (D:\Smmplan\node_modules\@babel\par
ser\lib\index.js:13299:10)
    at Parser.parseBlock (D:\Smmplan\node_modules\@babel\parser\
lib\index.js:13287:10)
    at Parser.parseStatementContent (D:\Smmplan\node_modules\@ba
bel\parser\lib\index.js:12848:21)
    at Parser.parseStatementLike (D:\Smmplan\node_modules\@babel
\parser\lib\index.js:12757:17)
    at Parser.parseStatementOrSloppyAnnexBFunctionDeclaration (D
:\Smmplan\node_modules\@babel\parser\lib\index.js:12747:17)
    at Parser.parseIfStatement (D:\Smmplan\node_modules\@babel\p
arser\lib\index.js:13120:28)
    at Parser.parseStatementContent (D:\Smmplan\node_modules\@ba
bel\parser\lib\index.js:12786:21)
    at Parser.parseStatementLike (D:\Smmplan\node_modules\@babel
\parser\lib\index.js:12757:17)
    at Parser.parseStatementListItem (D:\Smmplan\node_modules\@b
abel\parser\lib\index.js:12737:17)
    at Parser.parseBlockOrModuleBlockBody (D:\Smmplan\node_modul
es\@babel\parser\lib\index.js:13306:61)
    at Parser.parseBlockBody (D:\Smmplan\node_modules\@babel\par
ser\lib\index.js:13299:10)
    at Parser.parseBlock (D:\Smmplan\node_modules\@babel\parser\
lib\index.js:13287:10)
    at Parser.parseFunctionBody (D:\Smmplan\node_modules\@babel\
parser\lib\index.js:12090:24)
    at Parser.parseFunctionBodyAndFinish (D:\Smmplan\node_module
s\@babel\parser\lib\index.js:12076:10)
    at D:\Smmplan\node_modules\@babel\parser\lib\index.js:13435:
12
    at Parser.withSmartMixTopicForbiddingContext (D:\Smmplan\nod
e_modules\@babel\parser\lib\index.js:12393:14)
    at Parser.parseFunction (D:\Smmplan\node_modules\@babel\pars
er\lib\index.js:13434:10)
    at Parser.parseFunctionStatement (D:\Smmplan\node_modules\@b
abel\parser\lib\index.js:13115:17)
    at Parser.parseStatementContent (D:\Smmplan\node_modules\@ba
bel\parser\lib\index.js:12781:21)
    at Parser.parseStatementLike (D:\Smmplan\node_modules\@babel
\parser\lib\index.js:12757:17)
    at Parser.parseModuleItem (D:\Smmplan\node_modules\@babel\pa
rser\lib\index.js:12734:17)
    at Parser.parseBlockOrModuleBlockBody (D:\Smmplan\node_modul
es\@babel\parser\lib\index.js:13306:36)
    at Parser.parseBlockBody (D:\Smmplan\node_modules\@babel\par
ser\lib\index.js:13299:10)
    at Parser.parseProgram (D:\Smmplan\node_modules\@babel\parse
r\lib\index.js:12612:10)
    at Parser.parseTopLevel (D:\Smmplan\node_modules\@babel\pars
er\lib\index.js:12602:25)
    at Parser.parse (D:\Smmplan\node_modules\@babel\parser\lib\i
ndex.js:14478:25)
    at parse (D:\Smmplan\node_modules\@babel\parser\lib\index.js
:14512:38)
    at parser (D:\Smmplan\node_modules\@babel\core\lib\parser\in
dex.js:41:34)
    at parser.next (<anonymous>)
    at normalizeFile (D:\Smmplan\node_modules\@babel\core\lib\tr
ansformation\normalize-file.js:64:37)
Failed to collect coverage from D:\Smmplan\src\components\admin\
ui\index.tsx
ERROR: D:\Smmplan\src\components\admin\ui\index.tsx: Support for
 the experimental syntax 'jsx' isn't currently enabled (15:13):

[0m [90m 13 |[39m [36mconst[39m link_1 [33m=[39m __import
Default(require([32m"next/link"[39m))[33m;[39m
 [90m 14 |[39m [36mfunction[39m [33mAdminCard[39m({ childr
en[33m,[39m className [33m=[39m [32m''[39m[33m,[39m titl
e[33m,[39m action }) {
[31m[1m>[22m[39m[90m 15 |[39m     [36mreturn[39m ([33m<
[39m[33mdiv[39m className[33m=[39m{[32m`bg-white rounded-[
2rem] border border-slate-200 shadow-sm overflow-hidden ${classN
ame}`[39m}[33m>[39m
 [90m    |[39m             [31m[1m^[22m[39m
 [90m 16 |[39m             {(title [33m||[39m action) [33m&
&[39m ([33m<[39m[33mdiv[39m className[33m=[39m[32m"p-6 b
order-b border-slate-100 flex items-center justify-between bg-sl
ate-50/30"[39m[33m>[39m
 [90m 17 |[39m                     {title [33m&&[39m [33m<
[39m[33mh3[39m className[33m=[39m[32m"font-black text-slate
-800 italic uppercase tracking-tighter"[39m[33m>[39m{title}[
33m<[39m[33m/[39m[33mh3[39m[33m>[39m}
 [90m 18 |[39m                     {action [33m&&[39m [33m<
[39m[33mdiv[39m[33m>[39m{action}[33m<[39m[33m/[39m[33m
div[39m[33m>[39m}[0m

Add @babel/preset-react (https://github.com/babel/babel/tree/mai
n/packages/babel-preset-react) to the 'presets' section of your 
Babel config to enable transformation.
If you want to leave it as-is, add @babel/plugin-syntax-jsx (htt
ps://github.com/babel/babel/tree/main/packages/babel-plugin-synt
ax-jsx) to the 'plugins' section to enable parsing.

If you already added the plugin for this syntax to your config, 
it's possible that your config isn't being loaded.
You can re-run Babel with the BABEL_SHOW_CONFIG_FOR environment 
variable to show the loaded configuration:
	npx cross-env BABEL_SHOW_CONFIG_FOR=D:\Smmplan\src\components\a
dmin\ui\index.tsx <your build command>
See https://babeljs.io/docs/configuration#print-effective-config
s for more info.

STACK: SyntaxError: D:\Smmplan\src\components\admin\ui\index.tsx
: Support for the experimental syntax 'jsx' isn't currently enab
led (15:13):

[0m [90m 13 |[39m [36mconst[39m link_1 [33m=[39m __import
Default(require([32m"next/link"[39m))[33m;[39m
 [90m 14 |[39m [36mfunction[39m [33mAdminCard[39m({ childr
en[33m,[39m className [33m=[39m [32m''[39m[33m,[39m titl
e[33m,[39m action }) {
[31m[1m>[22m[39m[90m 15 |[39m     [36mreturn[39m ([33m<
[39m[33mdiv[39m className[33m=[39m{[32m`bg-white rounded-[
2rem] border border-slate-200 shadow-sm overflow-hidden ${classN
ame}`[39m}[33m>[39m
 [90m    |[39m             [31m[1m^[22m[39m
 [90m 16 |[39m             {(title [33m||[39m action) [33m&
&[39m ([33m<[39m[33mdiv[39m className[33m=[39m[32m"p-6 b
order-b border-slate-100 flex items-center justify-between bg-sl
ate-50/30"[39m[33m>[39m
 [90m 17 |[39m                     {title [33m&&[39m [33m<
[39m[33mh3[39m className[33m=[39m[32m"font-black text-slate
-800 italic uppercase tracking-tighter"[39m[33m>[39m{title}[
33m<[39m[33m/[39m[33mh3[39m[33m>[39m}
 [90m 18 |[39m                     {action [33m&&[39m [33m<
[39m[33mdiv[39m[33m>[39m{action}[33m<[39m[33m/[39m[33m
div[39m[33m>[39m}[0m

Add @babel/preset-react (https://github.com/babel/babel/tree/mai
n/packages/babel-preset-react) to the 'presets' section of your 
Babel config to enable transformation.
If you want to leave it as-is, add @babel/plugin-syntax-jsx (htt
ps://github.com/babel/babel/tree/main/packages/babel-plugin-synt
ax-jsx) to the 'plugins' section to enable parsing.

If you already added the plugin for this syntax to your config, 
it's possible that your config isn't being loaded.
You can re-run Babel with the BABEL_SHOW_CONFIG_FOR environment 
variable to show the loaded configuration:
	npx cross-env BABEL_SHOW_CONFIG_FOR=D:\Smmplan\src\components\a
dmin\ui\index.tsx <your build command>
See https://babeljs.io/docs/configuration#print-effective-config
s for more info.

    at constructor (D:\Smmplan\node_modules\@babel\parser\lib\in
dex.js:365:19)
    at Parser.raise (D:\Smmplan\node_modules\@babel\parser\lib\i
ndex.js:6599:19)
    at Parser.expectOnePlugin (D:\Smmplan\node_modules\@babel\pa
rser\lib\index.js:6633:18)
    at Parser.parseExprAtom (D:\Smmplan\node_modules\@babel\pars
er\lib\index.js:11388:24)
    at Parser.parseExprSubscripts (D:\Smmplan\node_modules\@babe
l\parser\lib\index.js:11071:23)
    at Parser.parseUpdate (D:\Smmplan\node_modules\@babel\parser
\lib\index.js:11056:21)
    at Parser.parseMaybeUnary (D:\Smmplan\node_modules\@babel\pa
rser\lib\index.js:11036:23)
    at Parser.parseMaybeUnaryOrPrivate (D:\Smmplan\node_modules\
@babel\parser\lib\index.js:10889:61)
    at Parser.parseExprOps (D:\Smmplan\node_modules\@babel\parse
r\lib\index.js:10894:23)
    at Parser.parseMaybeConditional (D:\Smmplan\node_modules\@ba
bel\parser\lib\index.js:10871:23)
    at Parser.parseMaybeAssign (D:\Smmplan\node_modules\@babel\p
arser\lib\index.js:10821:21)
    at D:\Smmplan\node_modules\@babel\parser\lib\index.js:10790:
39
    at Parser.allowInAnd (D:\Smmplan\node_modules\@babel\parser\
lib\index.js:12416:12)
    at Parser.parseMaybeAssignAllowIn (D:\Smmplan\node_modules\@
babel\parser\lib\index.js:10790:17)
    at Parser.parseMaybeAssignAllowInOrVoidPattern (D:\Smmplan\n
ode_modules\@babel\parser\lib\index.js:12483:17)
    at Parser.parseParenAndDistinguishExpression (D:\Smmplan\nod
e_modules\@babel\parser\lib\index.js:11665:28)
    at Parser.parseExprAtom (D:\Smmplan\node_modules\@babel\pars
er\lib\index.js:11321:23)
    at Parser.parseExprSubscripts (D:\Smmplan\node_modules\@babe
l\parser\lib\index.js:11071:23)
    at Parser.parseUpdate (D:\Smmplan\node_modules\@babel\parser
\lib\index.js:11056:21)
    at Parser.parseMaybeUnary (D:\Smmplan\node_modules\@babel\pa
rser\lib\index.js:11036:23)
    at Parser.parseMaybeUnaryOrPrivate (D:\Smmplan\node_modules\
@babel\parser\lib\index.js:10889:61)
    at Parser.parseExprOps (D:\Smmplan\node_modules\@babel\parse
r\lib\index.js:10894:23)
    at Parser.parseMaybeConditional (D:\Smmplan\node_modules\@ba
bel\parser\lib\index.js:10871:23)
    at Parser.parseMaybeAssign (D:\Smmplan\node_modules\@babel\p
arser\lib\index.js:10821:21)
    at Parser.parseExpressionBase (D:\Smmplan\node_modules\@babe
l\parser\lib\index.js:10774:23)
    at D:\Smmplan\node_modules\@babel\parser\lib\index.js:10770:
39
    at Parser.allowInAnd (D:\Smmplan\node_modules\@babel\parser\
lib\index.js:12411:16)
    at Parser.parseExpression (D:\Smmplan\node_modules\@babel\pa
rser\lib\index.js:10770:17)
    at Parser.parseReturnStatement (D:\Smmplan\node_modules\@bab
el\parser\lib\index.js:13132:28)
    at Parser.parseStatementContent (D:\Smmplan\node_modules\@ba
bel\parser\lib\index.js:12788:21)
    at Parser.parseStatementLike (D:\Smmplan\node_modules\@babel
\parser\lib\index.js:12757:17)
    at Parser.parseStatementListItem (D:\Smmplan\node_modules\@b
abel\parser\lib\index.js:12737:17)
    at Parser.parseBlockOrModuleBlockBody (D:\Smmplan\node_modul
es\@babel\parser\lib\index.js:13306:61)
    at Parser.parseBlockBody (D:\Smmplan\node_modules\@babel\par
ser\lib\index.js:13299:10)
    at Parser.parseBlock (D:\Smmplan\node_modules\@babel\parser\
lib\index.js:13287:10)
    at Parser.parseFunctionBody (D:\Smmplan\node_modules\@babel\
parser\lib\index.js:12090:24)
    at Parser.parseFunctionBodyAndFinish (D:\Smmplan\node_module
s\@babel\parser\lib\index.js:12076:10)
    at D:\Smmplan\node_modules\@babel\parser\lib\index.js:13435:
12
    at Parser.withSmartMixTopicForbiddingContext (D:\Smmplan\nod
e_modules\@babel\parser\lib\index.js:12393:14)
    at Parser.parseFunction (D:\Smmplan\node_modules\@babel\pars
er\lib\index.js:13434:10)
    at Parser.parseFunctionStatement (D:\Smmplan\node_modules\@b
abel\parser\lib\index.js:13115:17)
    at Parser.parseStatementContent (D:\Smmplan\node_modules\@ba
bel\parser\lib\index.js:12781:21)
    at Parser.parseStatementLike (D:\Smmplan\node_modules\@babel
\parser\lib\index.js:12757:17)
    at Parser.parseModuleItem (D:\Smmplan\node_modules\@babel\pa
rser\lib\index.js:12734:17)
    at Parser.parseBlockOrModuleBlockBody (D:\Smmplan\node_modul
es\@babel\parser\lib\index.js:13306:36)
    at Parser.parseBlockBody (D:\Smmplan\node_modules\@babel\par
ser\lib\index.js:13299:10)
    at Parser.parseProgram (D:\Smmplan\node_modules\@babel\parse
r\lib\index.js:12612:10)
    at Parser.parseTopLevel (D:\Smmplan\node_modules\@babel\pars
er\lib\index.js:12602:25)
    at Parser.parse (D:\Smmplan\node_modules\@babel\parser\lib\i
ndex.js:14478:25)
    at parse (D:\Smmplan\node_modules\@babel\parser\lib\index.js
:14512:38)
Failed to collect coverage from D:\Smmplan\src\components\admin\
users\referral-network.tsx
ERROR: D:\Smmplan\src\components\admin\users\referral-network.ts
x: Support for the experimental syntax 'jsx' isn't currently ena
bled (14:13):

[0m [90m 12 |[39m [36mfunction[39m [33mReferralNetwork[39
m({ data }) {
 [90m 13 |[39m     [36mconst[39m { referrals[33m,[39m stat
s } [33m=[39m data[33m;[39m
[31m[1m>[22m[39m[90m 14 |[39m     [36mreturn[39m ([33m<
[39m[33mdiv[39m className[33m=[39m[32m"space-y-6"[39m[33
m>[39m
 [90m    |[39m             [31m[1m^[22m[39m
 [90m 15 |[39m       {[90m/* Network Stats */[39m}
 [90m 16 |[39m       [33m<[39m[33mdiv[39m className[33m=
[39m[32m"grid grid-cols-1 md:grid-cols-3 gap-4"[39m[33m>[39m
 [90m 17 |[39m         [33m<[39m[33mdiv[39m className[33m
=[39m[32m"bg-slate-50 p-4 rounded-2xl border border-slate-100 
flex items-center gap-4"[39m[33m>[39m[0m

Add @babel/preset-react (https://github.com/babel/babel/tree/mai
n/packages/babel-preset-react) to the 'presets' section of your 
Babel config to enable transformation.
If you want to leave it as-is, add @babel/plugin-syntax-jsx (htt
ps://github.com/babel/babel/tree/main/packages/babel-plugin-synt
ax-jsx) to the 'plugins' section to enable parsing.

If you already added the plugin for this syntax to your config, 
it's possible that your config isn't being loaded.
You can re-run Babel with the BABEL_SHOW_CONFIG_FOR environment 
variable to show the loaded configuration:
	npx cross-env BABEL_SHOW_CONFIG_FOR=D:\Smmplan\src\components\a
dmin\users\referral-network.tsx <your build command>
See https://babeljs.io/docs/configuration#print-effective-config
s for more info.

STACK: SyntaxError: D:\Smmplan\src\components\admin\users\referr
al-network.tsx: Support for the experimental syntax 'jsx' isn't 
currently enabled (14:13):

[0m [90m 12 |[39m [36mfunction[39m [33mReferralNetwork[39
m({ data }) {
 [90m 13 |[39m     [36mconst[39m { referrals[33m,[39m stat
s } [33m=[39m data[33m;[39m
[31m[1m>[22m[39m[90m 14 |[39m     [36mreturn[39m ([33m<
[39m[33mdiv[39m className[33m=[39m[32m"space-y-6"[39m[33
m>[39m
 [90m    |[39m             [31m[1m^[22m[39m
 [90m 15 |[39m       {[90m/* Network Stats */[39m}
 [90m 16 |[39m       [33m<[39m[33mdiv[39m className[33m=
[39m[32m"grid grid-cols-1 md:grid-cols-3 gap-4"[39m[33m>[39m
 [90m 17 |[39m         [33m<[39m[33mdiv[39m className[33m
=[39m[32m"bg-slate-50 p-4 rounded-2xl border border-slate-100 
flex items-center gap-4"[39m[33m>[39m[0m

Add @babel/preset-react (https://github.com/babel/babel/tree/mai
n/packages/babel-preset-react) to the 'presets' section of your 
Babel config to enable transformation.
If you want to leave it as-is, add @babel/plugin-syntax-jsx (htt
ps://github.com/babel/babel/tree/main/packages/babel-plugin-synt
ax-jsx) to the 'plugins' section to enable parsing.

If you already added the plugin for this syntax to your config, 
it's possible that your config isn't being loaded.
You can re-run Babel with the BABEL_SHOW_CONFIG_FOR environment 
variable to show the loaded configuration:
	npx cross-env BABEL_SHOW_CONFIG_FOR=D:\Smmplan\src\components\a
dmin\users\referral-network.tsx <your build command>
See https://babeljs.io/docs/configuration#print-effective-config
s for more info.

    at constructor (D:\Smmplan\node_modules\@babel\parser\lib\in
dex.js:365:19)
    at Parser.raise (D:\Smmplan\node_modules\@babel\parser\lib\i
ndex.js:6599:19)
    at Parser.expectOnePlugin (D:\Smmplan\node_modules\@babel\pa
rser\lib\index.js:6633:18)
    at Parser.parseExprAtom (D:\Smmplan\node_modules\@babel\pars
er\lib\index.js:11388:24)
    at Parser.parseExprSubscripts (D:\Smmplan\node_modules\@babe
l\parser\lib\index.js:11071:23)
    at Parser.parseUpdate (D:\Smmplan\node_modules\@babel\parser
\lib\index.js:11056:21)
    at Parser.parseMaybeUnary (D:\Smmplan\node_modules\@babel\pa
rser\lib\index.js:11036:23)
    at Parser.parseMaybeUnaryOrPrivate (D:\Smmplan\node_modules\
@babel\parser\lib\index.js:10889:61)
    at Parser.parseExprOps (D:\Smmplan\node_modules\@babel\parse
r\lib\index.js:10894:23)
    at Parser.parseMaybeConditional (D:\Smmplan\node_modules\@ba
bel\parser\lib\index.js:10871:23)
    at Parser.parseMaybeAssign (D:\Smmplan\node_modules\@babel\p
arser\lib\index.js:10821:21)
    at D:\Smmplan\node_modules\@babel\parser\lib\index.js:10790:
39
    at Parser.allowInAnd (D:\Smmplan\node_modules\@babel\parser\
lib\index.js:12416:12)
    at Parser.parseMaybeAssignAllowIn (D:\Smmplan\node_modules\@
babel\parser\lib\index.js:10790:17)
    at Parser.parseMaybeAssignAllowInOrVoidPattern (D:\Smmplan\n
ode_modules\@babel\parser\lib\index.js:12483:17)
    at Parser.parseParenAndDistinguishExpression (D:\Smmplan\nod
e_modules\@babel\parser\lib\index.js:11665:28)
    at Parser.parseExprAtom (D:\Smmplan\node_modules\@babel\pars
er\lib\index.js:11321:23)
    at Parser.parseExprSubscripts (D:\Smmplan\node_modules\@babe
l\parser\lib\index.js:11071:23)
    at Parser.parseUpdate (D:\Smmplan\node_modules\@babel\parser
\lib\index.js:11056:21)
    at Parser.parseMaybeUnary (D:\Smmplan\node_modules\@babel\pa
rser\lib\index.js:11036:23)
    at Parser.parseMaybeUnaryOrPrivate (D:\Smmplan\node_modules\
@babel\parser\lib\index.js:10889:61)
    at Parser.parseExprOps (D:\Smmplan\node_modules\@babel\parse
r\lib\index.js:10894:23)
    at Parser.parseMaybeConditional (D:\Smmplan\node_modules\@ba
bel\parser\lib\index.js:10871:23)
    at Parser.parseMaybeAssign (D:\Smmplan\node_modules\@babel\p
arser\lib\index.js:10821:21)
    at Parser.parseExpressionBase (D:\Smmplan\node_modules\@babe
l\parser\lib\index.js:10774:23)
    at D:\Smmplan\node_modules\@babel\parser\lib\index.js:10770:
39
    at Parser.allowInAnd (D:\Smmplan\node_modules\@babel\parser\
lib\index.js:12411:16)
    at Parser.parseExpression (D:\Smmplan\node_modules\@babel\pa
rser\lib\index.js:10770:17)
    at Parser.parseReturnStatement (D:\Smmplan\node_modules\@bab
el\parser\lib\index.js:13132:28)
    at Parser.parseStatementContent (D:\Smmplan\node_modules\@ba
bel\parser\lib\index.js:12788:21)
    at Parser.parseStatementLike (D:\Smmplan\node_modules\@babel
\parser\lib\index.js:12757:17)
    at Parser.parseStatementListItem (D:\Smmplan\node_modules\@b
abel\parser\lib\index.js:12737:17)
    at Parser.parseBlockOrModuleBlockBody (D:\Smmplan\node_modul
es\@babel\parser\lib\index.js:13306:61)
    at Parser.parseBlockBody (D:\Smmplan\node_modules\@babel\par
ser\lib\index.js:13299:10)
    at Parser.parseBlock (D:\Smmplan\node_modules\@babel\parser\
lib\index.js:13287:10)
    at Parser.parseFunctionBody (D:\Smmplan\node_modules\@babel\
parser\lib\index.js:12090:24)
    at Parser.parseFunctionBodyAndFinish (D:\Smmplan\node_module
s\@babel\parser\lib\index.js:12076:10)
    at D:\Smmplan\node_modules\@babel\parser\lib\index.js:13435:
12
    at Parser.withSmartMixTopicForbiddingContext (D:\Smmplan\nod
e_modules\@babel\parser\lib\index.js:12393:14)
    at Parser.parseFunction (D:\Smmplan\node_modules\@babel\pars
er\lib\index.js:13434:10)
    at Parser.parseFunctionStatement (D:\Smmplan\node_modules\@b
abel\parser\lib\index.js:13115:17)
    at Parser.parseStatementContent (D:\Smmplan\node_modules\@ba
bel\parser\lib\index.js:12781:21)
    at Parser.parseStatementLike (D:\Smmplan\node_modules\@babel
\parser\lib\index.js:12757:17)
    at Parser.parseModuleItem (D:\Smmplan\node_modules\@babel\pa
rser\lib\index.js:12734:17)
    at Parser.parseBlockOrModuleBlockBody (D:\Smmplan\node_modul
es\@babel\parser\lib\index.js:13306:36)
    at Parser.parseBlockBody (D:\Smmplan\node_modules\@babel\par
ser\lib\index.js:13299:10)
    at Parser.parseProgram (D:\Smmplan\node_modules\@babel\parse
r\lib\index.js:12612:10)
    at Parser.parseTopLevel (D:\Smmplan\node_modules\@babel\pars
er\lib\index.js:12602:25)
    at Parser.parse (D:\Smmplan\node_modules\@babel\parser\lib\i
ndex.js:14478:25)
    at parse (D:\Smmplan\node_modules\@babel\parser\lib\index.js
:14512:38)
Failed to collect coverage from D:\Smmplan\src\components\admin\
users\user-actions.tsx
ERROR: D:\Smmplan\src\components\admin\users\user-actions.tsx: S
upport for the experimental syntax 'jsx' isn't currently enabled
 (139:13):

[0m [90m 137 |[39m         }
 [90m 138 |[39m     }[33m;[39m
[31m[1m>[22m[39m[90m 139 |[39m     [36mreturn[39m ([33m
<[39m[33mdiv[39m className[33m=[39m[32m"flex gap-2"[39m[
33m>[39m
 [90m     |[39m             [31m[1m^[22m[39m
 [90m 140 |[39m       [33m<[39m[33mbutton[39m onClick[33m
=[39m{handleEditEmail} disabled[33m=[39m{isBusy} className[3
3m=[39m[32m"flex items-center gap-2 px-4 py-2 bg-white border 
border-slate-200 rounded-lg text-sm font-semibold text-slate-700
 hover:bg-slate-50 disabled:opacity-50 transition-all"[39m titl
e[33m=[39m[32m"Change User Email"[39m[33m>[39m
 [90m 141 |[39m         [33m<[39m[33mlucide_react_1[39m[3
3m.[39m[33mMail[39m size[33m=[39m{[35m16[39m}[33m/[39m
[33m>[39m
 [90m 142 |[39m       [33m<[39m[33m/[39m[33mbutton[39m[
33m>[39m[0m

Add @babel/preset-react (https://github.com/babel/babel/tree/mai
n/packages/babel-preset-react) to the 'presets' section of your 
Babel config to enable transformation.
If you want to leave it as-is, add @babel/plugin-syntax-jsx (htt
ps://github.com/babel/babel/tree/main/packages/babel-plugin-synt
ax-jsx) to the 'plugins' section to enable parsing.

If you already added the plugin for this syntax to your config, 
it's possible that your config isn't being loaded.
You can re-run Babel with the BABEL_SHOW_CONFIG_FOR environment 
variable to show the loaded configuration:
	npx cross-env BABEL_SHOW_CONFIG_FOR=D:\Smmplan\src\components\a
dmin\users\user-actions.tsx <your build command>
See https://babeljs.io/docs/configuration#print-effective-config
s for more info.

STACK: SyntaxError: D:\Smmplan\src\components\admin\users\user-a
ctions.tsx: Support for the experimental syntax 'jsx' isn't curr
ently enabled (139:13):

[0m [90m 137 |[39m         }
 [90m 138 |[39m     }[33m;[39m
[31m[1m>[22m[39m[90m 139 |[39m     [36mreturn[39m ([33m
<[39m[33mdiv[39m className[33m=[39m[32m"flex gap-2"[39m[
33m>[39m
 [90m     |[39m             [31m[1m^[22m[39m
 [90m 140 |[39m       [33m<[39m[33mbutton[39m onClick[33m
=[39m{handleEditEmail} disabled[33m=[39m{isBusy} className[3
3m=[39m[32m"flex items-center gap-2 px-4 py-2 bg-white border 
border-slate-200 rounded-lg text-sm font-semibold text-slate-700
 hover:bg-slate-50 disabled:opacity-50 transition-all"[39m titl
e[33m=[39m[32m"Change User Email"[39m[33m>[39m
 [90m 141 |[39m         [33m<[39m[33mlucide_react_1[39m[3
3m.[39m[33mMail[39m size[33m=[39m{[35m16[39m}[33m/[39m
[33m>[39m
 [90m 142 |[39m       [33m<[39m[33m/[39m[33mbutton[39m[
33m>[39m[0m

Add @babel/preset-react (https://github.com/babel/babel/tree/mai
n/packages/babel-preset-react) to the 'presets' section of your 
Babel config to enable transformation.
If you want to leave it as-is, add @babel/plugin-syntax-jsx (htt
ps://github.com/babel/babel/tree/main/packages/babel-plugin-synt
ax-jsx) to the 'plugins' section to enable parsing.

If you already added the plugin for this syntax to your config, 
it's possible that your config isn't being loaded.
You can re-run Babel with the BABEL_SHOW_CONFIG_FOR environment 
variable to show the loaded configuration:
	npx cross-env BABEL_SHOW_CONFIG_FOR=D:\Smmplan\src\components\a
dmin\users\user-actions.tsx <your build command>
See https://babeljs.io/docs/configuration#print-effective-config
s for more info.

    at constructor (D:\Smmplan\node_modules\@babel\parser\lib\in
dex.js:365:19)
    at Parser.raise (D:\Smmplan\node_modules\@babel\parser\lib\i
ndex.js:6599:19)
    at Parser.expectOnePlugin (D:\Smmplan\node_modules\@babel\pa
rser\lib\index.js:6633:18)
    at Parser.parseExprAtom (D:\Smmplan\node_modules\@babel\pars
er\lib\index.js:11388:24)
    at Parser.parseExprSubscripts (D:\Smmplan\node_modules\@babe
l\parser\lib\index.js:11071:23)
    at Parser.parseUpdate (D:\Smmplan\node_modules\@babel\parser
\lib\index.js:11056:21)
    at Parser.parseMaybeUnary (D:\Smmplan\node_modules\@babel\pa
rser\lib\index.js:11036:23)
    at Parser.parseMaybeUnaryOrPrivate (D:\Smmplan\node_modules\
@babel\parser\lib\index.js:10889:61)
    at Parser.parseExprOps (D:\Smmplan\node_modules\@babel\parse
r\lib\index.js:10894:23)
    at Parser.parseMaybeConditional (D:\Smmplan\node_modules\@ba
bel\parser\lib\index.js:10871:23)
    at Parser.parseMaybeAssign (D:\Smmplan\node_modules\@babel\p
arser\lib\index.js:10821:21)
    at D:\Smmplan\node_modules\@babel\parser\lib\index.js:10790:
39
    at Parser.allowInAnd (D:\Smmplan\node_modules\@babel\parser\
lib\index.js:12416:12)
    at Parser.parseMaybeAssignAllowIn (D:\Smmplan\node_modules\@
babel\parser\lib\index.js:10790:17)
    at Parser.parseMaybeAssignAllowInOrVoidPattern (D:\Smmplan\n
ode_modules\@babel\parser\lib\index.js:12483:17)
    at Parser.parseParenAndDistinguishExpression (D:\Smmplan\nod
e_modules\@babel\parser\lib\index.js:11665:28)
    at Parser.parseExprAtom (D:\Smmplan\node_modules\@babel\pars
er\lib\index.js:11321:23)
    at Parser.parseExprSubscripts (D:\Smmplan\node_modules\@babe
l\parser\lib\index.js:11071:23)
    at Parser.parseUpdate (D:\Smmplan\node_modules\@babel\parser
\lib\index.js:11056:21)
    at Parser.parseMaybeUnary (D:\Smmplan\node_modules\@babel\pa
rser\lib\index.js:11036:23)
    at Parser.parseMaybeUnaryOrPrivate (D:\Smmplan\node_modules\
@babel\parser\lib\index.js:10889:61)
    at Parser.parseExprOps (D:\Smmplan\node_modules\@babel\parse
r\lib\index.js:10894:23)
    at Parser.parseMaybeConditional (D:\Smmplan\node_modules\@ba
bel\parser\lib\index.js:10871:23)
    at Parser.parseMaybeAssign (D:\Smmplan\node_modules\@babel\p
arser\lib\index.js:10821:21)
    at Parser.parseExpressionBase (D:\Smmplan\node_modules\@babe
l\parser\lib\index.js:10774:23)
    at D:\Smmplan\node_modules\@babel\parser\lib\index.js:10770:
39
    at Parser.allowInAnd (D:\Smmplan\node_modules\@babel\parser\
lib\index.js:12411:16)
    at Parser.parseExpression (D:\Smmplan\node_modules\@babel\pa
rser\lib\index.js:10770:17)
    at Parser.parseReturnStatement (D:\Smmplan\node_modules\@bab
el\parser\lib\index.js:13132:28)
    at Parser.parseStatementContent (D:\Smmplan\node_modules\@ba
bel\parser\lib\index.js:12788:21)
    at Parser.parseStatementLike (D:\Smmplan\node_modules\@babel
\parser\lib\index.js:12757:17)
    at Parser.parseStatementListItem (D:\Smmplan\node_modules\@b
abel\parser\lib\index.js:12737:17)
    at Parser.parseBlockOrModuleBlockBody (D:\Smmplan\node_modul
es\@babel\parser\lib\index.js:13306:61)
    at Parser.parseBlockBody (D:\Smmplan\node_modules\@babel\par
ser\lib\index.js:13299:10)
    at Parser.parseBlock (D:\Smmplan\node_modules\@babel\parser\
lib\index.js:13287:10)
    at Parser.parseFunctionBody (D:\Smmplan\node_modules\@babel\
parser\lib\index.js:12090:24)
    at Parser.parseFunctionBodyAndFinish (D:\Smmplan\node_module
s\@babel\parser\lib\index.js:12076:10)
    at D:\Smmplan\node_modules\@babel\parser\lib\index.js:13435:
12
    at Parser.withSmartMixTopicForbiddingContext (D:\Smmplan\nod
e_modules\@babel\parser\lib\index.js:12393:14)
    at Parser.parseFunction (D:\Smmplan\node_modules\@babel\pars
er\lib\index.js:13434:10)
    at Parser.parseFunctionStatement (D:\Smmplan\node_modules\@b
abel\parser\lib\index.js:13115:17)
    at Parser.parseStatementContent (D:\Smmplan\node_modules\@ba
bel\parser\lib\index.js:12781:21)
    at Parser.parseStatementLike (D:\Smmplan\node_modules\@babel
\parser\lib\index.js:12757:17)
    at Parser.parseModuleItem (D:\Smmplan\node_modules\@babel\pa
rser\lib\index.js:12734:17)
    at Parser.parseBlockOrModuleBlockBody (D:\Smmplan\node_modul
es\@babel\parser\lib\index.js:13306:36)
    at Parser.parseBlockBody (D:\Smmplan\node_modules\@babel\par
ser\lib\index.js:13299:10)
    at Parser.parseProgram (D:\Smmplan\node_modules\@babel\parse
r\lib\index.js:12612:10)
    at Parser.parseTopLevel (D:\Smmplan\node_modules\@babel\pars
er\lib\index.js:12602:25)
    at Parser.parse (D:\Smmplan\node_modules\@babel\parser\lib\i
ndex.js:14478:25)
    at parse (D:\Smmplan\node_modules\@babel\parser\lib\index.js
:14512:38)
Failed to collect coverage from D:\Smmplan\src\components\admin\
users\loyalty-form.tsx
ERROR: D:\Smmplan\src\components\admin\users\loyalty-form.tsx: S
upport for the experimental syntax 'jsx' isn't currently enabled
 (62:13):

[0m [90m 60 |[39m         setRules(rules[33m.[39mfilter((_
[33m,[39m i) [33m=>[39m i [33m!==[39m index))[33m;[39m
 [90m 61 |[39m     }[33m;[39m
[31m[1m>[22m[39m[90m 62 |[39m     [36mreturn[39m ([33m<
[39m[33mform[39m action[33m=[39m{actions_1[33m.[39mupdate
LoyaltySettingsAction} className[33m=[39m[32m"space-y-8"[39m
[33m>[39m
 [90m    |[39m             [31m[1m^[22m[39m
 [90m 63 |[39m             {[90m/* SECTION: LOYALTY TIERS */
[39m}
 [90m 64 |[39m             [33m<[39m[33mdiv[39m className
[33m=[39m[32m"bg-white rounded-[2.5rem] border border-slate-20
0 shadow-sm overflow-hidden"[39m[33m>[39m
 [90m 65 |[39m                 [33m<[39m[33mdiv[39m classN
ame[33m=[39m[32m"p-8 border-b border-slate-100 flex items-cen
ter justify-between"[39m[33m>[39m[0m

Add @babel/preset-react (https://github.com/babel/babel/tree/mai
n/packages/babel-preset-react) to the 'presets' section of your 
Babel config to enable transformation.
If you want to leave it as-is, add @babel/plugin-syntax-jsx (htt
ps://github.com/babel/babel/tree/main/packages/babel-plugin-synt
ax-jsx) to the 'plugins' section to enable parsing.

If you already added the plugin for this syntax to your config, 
it's possible that your config isn't being loaded.
You can re-run Babel with the BABEL_SHOW_CONFIG_FOR environment 
variable to show the loaded configuration:
	npx cross-env BABEL_SHOW_CONFIG_FOR=D:\Smmplan\src\components\a
dmin\users\loyalty-form.tsx <your build command>
See https://babeljs.io/docs/configuration#print-effective-config
s for more info.

STACK: SyntaxError: D:\Smmplan\src\components\admin\users\loyalt
y-form.tsx: Support for the experimental syntax 'jsx' isn't curr
ently enabled (62:13):

[0m [90m 60 |[39m         setRules(rules[33m.[39mfilter((_
[33m,[39m i) [33m=>[39m i [33m!==[39m index))[33m;[39m
 [90m 61 |[39m     }[33m;[39m
[31m[1m>[22m[39m[90m 62 |[39m     [36mreturn[39m ([33m<
[39m[33mform[39m action[33m=[39m{actions_1[33m.[39mupdate
LoyaltySettingsAction} className[33m=[39m[32m"space-y-8"[39m
[33m>[39m
 [90m    |[39m             [31m[1m^[22m[39m
 [90m 63 |[39m             {[90m/* SECTION: LOYALTY TIERS */
[39m}
 [90m 64 |[39m             [33m<[39m[33mdiv[39m className
[33m=[39m[32m"bg-white rounded-[2.5rem] border border-slate-20
0 shadow-sm overflow-hidden"[39m[33m>[39m
 [90m 65 |[39m                 [33m<[39m[33mdiv[39m classN
ame[33m=[39m[32m"p-8 border-b border-slate-100 flex items-cen
ter justify-between"[39m[33m>[39m[0m

Add @babel/preset-react (https://github.com/babel/babel/tree/mai
n/packages/babel-preset-react) to the 'presets' section of your 
Babel config to enable transformation.
If you want to leave it as-is, add @babel/plugin-syntax-jsx (htt
ps://github.com/babel/babel/tree/main/packages/babel-plugin-synt
ax-jsx) to the 'plugins' section to enable parsing.

If you already added the plugin for this syntax to your config, 
it's possible that your config isn't being loaded.
You can re-run Babel with the BABEL_SHOW_CONFIG_FOR environment 
variable to show the loaded configuration:
	npx cross-env BABEL_SHOW_CONFIG_FOR=D:\Smmplan\src\components\a
dmin\users\loyalty-form.tsx <your build command>
See https://babeljs.io/docs/configuration#print-effective-config
s for more info.

    at constructor (D:\Smmplan\node_modules\@babel\parser\lib\in
dex.js:365:19)
    at Parser.raise (D:\Smmplan\node_modules\@babel\parser\lib\i
ndex.js:6599:19)
    at Parser.expectOnePlugin (D:\Smmplan\node_modules\@babel\pa
rser\lib\index.js:6633:18)
    at Parser.parseExprAtom (D:\Smmplan\node_modules\@babel\pars
er\lib\index.js:11388:24)
    at Parser.parseExprSubscripts (D:\Smmplan\node_modules\@babe
l\parser\lib\index.js:11071:23)
    at Parser.parseUpdate (D:\Smmplan\node_modules\@babel\parser
\lib\index.js:11056:21)
    at Parser.parseMaybeUnary (D:\Smmplan\node_modules\@babel\pa
rser\lib\index.js:11036:23)
    at Parser.parseMaybeUnaryOrPrivate (D:\Smmplan\node_modules\
@babel\parser\lib\index.js:10889:61)
    at Parser.parseExprOps (D:\Smmplan\node_modules\@babel\parse
r\lib\index.js:10894:23)
    at Parser.parseMaybeConditional (D:\Smmplan\node_modules\@ba
bel\parser\lib\index.js:10871:23)
    at Parser.parseMaybeAssign (D:\Smmplan\node_modules\@babel\p
arser\lib\index.js:10821:21)
    at D:\Smmplan\node_modules\@babel\parser\lib\index.js:10790:
39
    at Parser.allowInAnd (D:\Smmplan\node_modules\@babel\parser\
lib\index.js:12416:12)
    at Parser.parseMaybeAssignAllowIn (D:\Smmplan\node_modules\@
babel\parser\lib\index.js:10790:17)
    at Parser.parseMaybeAssignAllowInOrVoidPattern (D:\Smmplan\n
ode_modules\@babel\parser\lib\index.js:12483:17)
    at Parser.parseParenAndDistinguishExpression (D:\Smmplan\nod
e_modules\@babel\parser\lib\index.js:11665:28)
    at Parser.parseExprAtom (D:\Smmplan\node_modules\@babel\pars
er\lib\index.js:11321:23)
    at Parser.parseExprSubscripts (D:\Smmplan\node_modules\@babe
l\parser\lib\index.js:11071:23)
    at Parser.parseUpdate (D:\Smmplan\node_modules\@babel\parser
\lib\index.js:11056:21)
    at Parser.parseMaybeUnary (D:\Smmplan\node_modules\@babel\pa
rser\lib\index.js:11036:23)
    at Parser.parseMaybeUnaryOrPrivate (D:\Smmplan\node_modules\
@babel\parser\lib\index.js:10889:61)
    at Parser.parseExprOps (D:\Smmplan\node_modules\@babel\parse
r\lib\index.js:10894:23)
    at Parser.parseMaybeConditional (D:\Smmplan\node_modules\@ba
bel\parser\lib\index.js:10871:23)
    at Parser.parseMaybeAssign (D:\Smmplan\node_modules\@babel\p
arser\lib\index.js:10821:21)
    at Parser.parseExpressionBase (D:\Smmplan\node_modules\@babe
l\parser\lib\index.js:10774:23)
    at D:\Smmplan\node_modules\@babel\parser\lib\index.js:10770:
39
    at Parser.allowInAnd (D:\Smmplan\node_modules\@babel\parser\
lib\index.js:12411:16)
    at Parser.parseExpression (D:\Smmplan\node_modules\@babel\pa
rser\lib\index.js:10770:17)
    at Parser.parseReturnStatement (D:\Smmplan\node_modules\@bab
el\parser\lib\index.js:13132:28)
    at Parser.parseStatementContent (D:\Smmplan\node_modules\@ba
bel\parser\lib\index.js:12788:21)
    at Parser.parseStatementLike (D:\Smmplan\node_modules\@babel
\parser\lib\index.js:12757:17)
    at Parser.parseStatementListItem (D:\Smmplan\node_modules\@b
abel\parser\lib\index.js:12737:17)
    at Parser.parseBlockOrModuleBlockBody (D:\Smmplan\node_modul
es\@babel\parser\lib\index.js:13306:61)
    at Parser.parseBlockBody (D:\Smmplan\node_modules\@babel\par
ser\lib\index.js:13299:10)
    at Parser.parseBlock (D:\Smmplan\node_modules\@babel\parser\
lib\index.js:13287:10)
    at Parser.parseFunctionBody (D:\Smmplan\node_modules\@babel\
parser\lib\index.js:12090:24)
    at Parser.parseFunctionBodyAndFinish (D:\Smmplan\node_module
s\@babel\parser\lib\index.js:12076:10)
    at D:\Smmplan\node_modules\@babel\parser\lib\index.js:13435:
12
    at Parser.withSmartMixTopicForbiddingContext (D:\Smmplan\nod
e_modules\@babel\parser\lib\index.js:12393:14)
    at Parser.parseFunction (D:\Smmplan\node_modules\@babel\pars
er\lib\index.js:13434:10)
    at Parser.parseFunctionStatement (D:\Smmplan\node_modules\@b
abel\parser\lib\index.js:13115:17)
    at Parser.parseStatementContent (D:\Smmplan\node_modules\@ba
bel\parser\lib\index.js:12781:21)
    at Parser.parseStatementLike (D:\Smmplan\node_modules\@babel
\parser\lib\index.js:12757:17)
    at Parser.parseModuleItem (D:\Smmplan\node_modules\@babel\pa
rser\lib\index.js:12734:17)
    at Parser.parseBlockOrModuleBlockBody (D:\Smmplan\node_modul
es\@babel\parser\lib\index.js:13306:36)
    at Parser.parseBlockBody (D:\Smmplan\node_modules\@babel\par
ser\lib\index.js:13299:10)
    at Parser.parseProgram (D:\Smmplan\node_modules\@babel\parse
r\lib\index.js:12612:10)
    at Parser.parseTopLevel (D:\Smmplan\node_modules\@babel\pars
er\lib\index.js:12602:25)
    at Parser.parse (D:\Smmplan\node_modules\@babel\parser\lib\i
ndex.js:14478:25)
    at parse (D:\Smmplan\node_modules\@babel\parser\lib\index.js
:14512:38)
Failed to collect coverage from D:\Smmplan\src\components\admin\
users\user-filter.tsx
ERROR: D:\Smmplan\src\components\admin\users\user-filter.tsx: Su
pport for the experimental syntax 'jsx' isn't currently enabled 
(33:13):

[0m [90m 31 |[39m         router[33m.[39mpush([32m`/admin/
users?${params.toString()}`[39m)[33m;[39m
 [90m 32 |[39m     }[33m;[39m
[31m[1m>[22m[39m[90m 33 |[39m     [36mreturn[39m ([33m<
[39m[33mdiv[39m className[33m=[39m[32m"bg-white p-4 rounde
d-xl border border-slate-200 shadow-sm flex flex-wrap gap-4 item
s-center"[39m[33m>[39m
 [90m    |[39m             [31m[1m^[22m[39m
 [90m 34 |[39m       [33m<[39m[33mdiv[39m className[33m=
[39m[32m"relative flex-1 min-w-[300px]"[39m[33m>[39m
 [90m 35 |[39m         [33m<[39m[33mlucide_react_1[39m[33
m.[39m[33mSearch[39m className[33m=[39m[32m"absolute left-
3 top-1/2 -translate-y-1/2 text-slate-400"[39m size[33m=[39m{
[35m18[39m}[33m/[39m[33m>[39m
 [90m 36 |[39m         [33m<[39m[33mform[39m onSubmit[33m
=[39m{handleSearch}[33m>[39m[0m

Add @babel/preset-react (https://github.com/babel/babel/tree/mai
n/packages/babel-preset-react) to the 'presets' section of your 
Babel config to enable transformation.
If you want to leave it as-is, add @babel/plugin-syntax-jsx (htt
ps://github.com/babel/babel/tree/main/packages/babel-plugin-synt
ax-jsx) to the 'plugins' section to enable parsing.

If you already added the plugin for this syntax to your config, 
it's possible that your config isn't being loaded.
You can re-run Babel with the BABEL_SHOW_CONFIG_FOR environment 
variable to show the loaded configuration:
	npx cross-env BABEL_SHOW_CONFIG_FOR=D:\Smmplan\src\components\a
dmin\users\user-filter.tsx <your build command>
See https://babeljs.io/docs/configuration#print-effective-config
s for more info.

STACK: SyntaxError: D:\Smmplan\src\components\admin\users\user-f
ilter.tsx: Support for the experimental syntax 'jsx' isn't curre
ntly enabled (33:13):

[0m [90m 31 |[39m         router[33m.[39mpush([32m`/admin/
users?${params.toString()}`[39m)[33m;[39m
 [90m 32 |[39m     }[33m;[39m
[31m[1m>[22m[39m[90m 33 |[39m     [36mreturn[39m ([33m<
[39m[33mdiv[39m className[33m=[39m[32m"bg-white p-4 rounde
d-xl border border-slate-200 shadow-sm flex flex-wrap gap-4 item
s-center"[39m[33m>[39m
 [90m    |[39m             [31m[1m^[22m[39m
 [90m 34 |[39m       [33m<[39m[33mdiv[39m className[33m=
[39m[32m"relative flex-1 min-w-[300px]"[39m[33m>[39m
 [90m 35 |[39m         [33m<[39m[33mlucide_react_1[39m[33
m.[39m[33mSearch[39m className[33m=[39m[32m"absolute left-
3 top-1/2 -translate-y-1/2 text-slate-400"[39m size[33m=[39m{
[35m18[39m}[33m/[39m[33m>[39m
 [90m 36 |[39m         [33m<[39m[33mform[39m onSubmit[33m
=[39m{handleSearch}[33m>[39m[0m

Add @babel/preset-react (https://github.com/babel/babel/tree/mai
n/packages/babel-preset-react) to the 'presets' section of your 
Babel config to enable transformation.
If you want to leave it as-is, add @babel/plugin-syntax-jsx (htt
ps://github.com/babel/babel/tree/main/packages/babel-plugin-synt
ax-jsx) to the 'plugins' section to enable parsing.

If you already added the plugin for this syntax to your config, 
it's possible that your config isn't being loaded.
You can re-run Babel with the BABEL_SHOW_CONFIG_FOR environment 
variable to show the loaded configuration:
	npx cross-env BABEL_SHOW_CONFIG_FOR=D:\Smmplan\src\components\a
dmin\users\user-filter.tsx <your build command>
See https://babeljs.io/docs/configuration#print-effective-config
s for more info.

    at constructor (D:\Smmplan\node_modules\@babel\parser\lib\in
dex.js:365:19)
    at Parser.raise (D:\Smmplan\node_modules\@babel\parser\lib\i
ndex.js:6599:19)
    at Parser.expectOnePlugin (D:\Smmplan\node_modules\@babel\pa
rser\lib\index.js:6633:18)
    at Parser.parseExprAtom (D:\Smmplan\node_modules\@babel\pars
er\lib\index.js:11388:24)
    at Parser.parseExprSubscripts (D:\Smmplan\node_modules\@babe
l\parser\lib\index.js:11071:23)
    at Parser.parseUpdate (D:\Smmplan\node_modules\@babel\parser
\lib\index.js:11056:21)
    at Parser.parseMaybeUnary (D:\Smmplan\node_modules\@babel\pa
rser\lib\index.js:11036:23)
    at Parser.parseMaybeUnaryOrPrivate (D:\Smmplan\node_modules\
@babel\parser\lib\index.js:10889:61)
    at Parser.parseExprOps (D:\Smmplan\node_modules\@babel\parse
r\lib\index.js:10894:23)
    at Parser.parseMaybeConditional (D:\Smmplan\node_modules\@ba
bel\parser\lib\index.js:10871:23)
    at Parser.parseMaybeAssign (D:\Smmplan\node_modules\@babel\p
arser\lib\index.js:10821:21)
    at D:\Smmplan\node_modules\@babel\parser\lib\index.js:10790:
39
    at Parser.allowInAnd (D:\Smmplan\node_modules\@babel\parser\
lib\index.js:12416:12)
    at Parser.parseMaybeAssignAllowIn (D:\Smmplan\node_modules\@
babel\parser\lib\index.js:10790:17)
    at Parser.parseMaybeAssignAllowInOrVoidPattern (D:\Smmplan\n
ode_modules\@babel\parser\lib\index.js:12483:17)
    at Parser.parseParenAndDistinguishExpression (D:\Smmplan\nod
e_modules\@babel\parser\lib\index.js:11665:28)
    at Parser.parseExprAtom (D:\Smmplan\node_modules\@babel\pars
er\lib\index.js:11321:23)
    at Parser.parseExprSubscripts (D:\Smmplan\node_modules\@babe
l\parser\lib\index.js:11071:23)
    at Parser.parseUpdate (D:\Smmplan\node_modules\@babel\parser
\lib\index.js:11056:21)
    at Parser.parseMaybeUnary (D:\Smmplan\node_modules\@babel\pa
rser\lib\index.js:11036:23)
    at Parser.parseMaybeUnaryOrPrivate (D:\Smmplan\node_modules\
@babel\parser\lib\index.js:10889:61)
    at Parser.parseExprOps (D:\Smmplan\node_modules\@babel\parse
r\lib\index.js:10894:23)
    at Parser.parseMaybeConditional (D:\Smmplan\node_modules\@ba
bel\parser\lib\index.js:10871:23)
    at Parser.parseMaybeAssign (D:\Smmplan\node_modules\@babel\p
arser\lib\index.js:10821:21)
    at Parser.parseExpressionBase (D:\Smmplan\node_modules\@babe
l\parser\lib\index.js:10774:23)
    at D:\Smmplan\node_modules\@babel\parser\lib\index.js:10770:
39
    at Parser.allowInAnd (D:\Smmplan\node_modules\@babel\parser\
lib\index.js:12411:16)
    at Parser.parseExpression (D:\Smmplan\node_modules\@babel\pa
rser\lib\index.js:10770:17)
    at Parser.parseReturnStatement (D:\Smmplan\node_modules\@bab
el\parser\lib\index.js:13132:28)
    at Parser.parseStatementContent (D:\Smmplan\node_modules\@ba
bel\parser\lib\index.js:12788:21)
    at Parser.parseStatementLike (D:\Smmplan\node_modules\@babel
\parser\lib\index.js:12757:17)
    at Parser.parseStatementListItem (D:\Smmplan\node_modules\@b
abel\parser\lib\index.js:12737:17)
    at Parser.parseBlockOrModuleBlockBody (D:\Smmplan\node_modul
es\@babel\parser\lib\index.js:13306:61)
    at Parser.parseBlockBody (D:\Smmplan\node_modules\@babel\par
ser\lib\index.js:13299:10)
    at Parser.parseBlock (D:\Smmplan\node_modules\@babel\parser\
lib\index.js:13287:10)
    at Parser.parseFunctionBody (D:\Smmplan\node_modules\@babel\
parser\lib\index.js:12090:24)
    at Parser.parseFunctionBodyAndFinish (D:\Smmplan\node_module
s\@babel\parser\lib\index.js:12076:10)
    at D:\Smmplan\node_modules\@babel\parser\lib\index.js:13435:
12
    at Parser.withSmartMixTopicForbiddingContext (D:\Smmplan\nod
e_modules\@babel\parser\lib\index.js:12393:14)
    at Parser.parseFunction (D:\Smmplan\node_modules\@babel\pars
er\lib\index.js:13434:10)
    at Parser.parseFunctionStatement (D:\Smmplan\node_modules\@b
abel\parser\lib\index.js:13115:17)
    at Parser.parseStatementContent (D:\Smmplan\node_modules\@ba
bel\parser\lib\index.js:12781:21)
    at Parser.parseStatementLike (D:\Smmplan\node_modules\@babel
\parser\lib\index.js:12757:17)
    at Parser.parseModuleItem (D:\Smmplan\node_modules\@babel\pa
rser\lib\index.js:12734:17)
    at Parser.parseBlockOrModuleBlockBody (D:\Smmplan\node_modul
es\@babel\parser\lib\index.js:13306:36)
    at Parser.parseBlockBody (D:\Smmplan\node_modules\@babel\par
ser\lib\index.js:13299:10)
    at Parser.parseProgram (D:\Smmplan\node_modules\@babel\parse
r\lib\index.js:12612:10)
    at Parser.parseTopLevel (D:\Smmplan\node_modules\@babel\pars
er\lib\index.js:12602:25)
    at Parser.parse (D:\Smmplan\node_modules\@babel\parser\lib\i
ndex.js:14478:25)
    at parse (D:\Smmplan\node_modules\@babel\parser\lib\index.js
:14512:38)
Failed to collect coverage from D:\Smmplan\src\app\(client)\docs
\[slug]\page.tsx
ERROR: D:\Smmplan\src\app\(client)\docs\[slug]\page.tsx: Support
 for the experimental syntax 'jsx' isn't currently enabled (29:1
3):

[0m [90m 27 |[39m         select[33m:[39m { slug[33m:[39m
 [36mtrue[39m[33m,[39m title[33m:[39m [36mtrue[39m }
 [90m 28 |[39m     })[33m;[39m
[31m[1m>[22m[39m[90m 29 |[39m     [36mreturn[39m ([33m<
[39m[33mdiv[39m className[33m=[39m[32m"flex flex-col lg:fl
ex-row gap-12 py-8"[39m[33m>[39m
 [90m    |[39m             [31m[1m^[22m[39m
 [90m 30 |[39m             {[90m/* Sidebar Navigation */[39m
}
 [90m 31 |[39m             [33m<[39m[33maside[39m classNam
e[33m=[39m[32m"lg:w-1/4 space-y-6"[39m[33m>[39m
 [90m 32 |[39m                 [33m<[39m[33mdiv[39m classN
ame[33m=[39m[32m"sticky top-24"[39m[33m>[39m[0m

Add @babel/preset-react (https://github.com/babel/babel/tree/mai
n/packages/babel-preset-react) to the 'presets' section of your 
Babel config to enable transformation.
If you want to leave it as-is, add @babel/plugin-syntax-jsx (htt
ps://github.com/babel/babel/tree/main/packages/babel-plugin-synt
ax-jsx) to the 'plugins' section to enable parsing.

If you already added the plugin for this syntax to your config, 
it's possible that your config isn't being loaded.
You can re-run Babel with the BABEL_SHOW_CONFIG_FOR environment 
variable to show the loaded configuration:
	npx cross-env BABEL_SHOW_CONFIG_FOR=D:\Smmplan\src\app\(client)
\docs\[slug]\page.tsx <your build command>
See https://babeljs.io/docs/configuration#print-effective-config
s for more info.

STACK: SyntaxError: D:\Smmplan\src\app\(client)\docs\[slug]\page
.tsx: Support for the experimental syntax 'jsx' isn't currently 
enabled (29:13):

[0m [90m 27 |[39m         select[33m:[39m { slug[33m:[39m
 [36mtrue[39m[33m,[39m title[33m:[39m [36mtrue[39m }
 [90m 28 |[39m     })[33m;[39m
[31m[1m>[22m[39m[90m 29 |[39m     [36mreturn[39m ([33m<
[39m[33mdiv[39m className[33m=[39m[32m"flex flex-col lg:fl
ex-row gap-12 py-8"[39m[33m>[39m
 [90m    |[39m             [31m[1m^[22m[39m
 [90m 30 |[39m             {[90m/* Sidebar Navigation */[39m
}
 [90m 31 |[39m             [33m<[39m[33maside[39m classNam
e[33m=[39m[32m"lg:w-1/4 space-y-6"[39m[33m>[39m
 [90m 32 |[39m                 [33m<[39m[33mdiv[39m classN
ame[33m=[39m[32m"sticky top-24"[39m[33m>[39m[0m

Add @babel/preset-react (https://github.com/babel/babel/tree/mai
n/packages/babel-preset-react) to the 'presets' section of your 
Babel config to enable transformation.
If you want to leave it as-is, add @babel/plugin-syntax-jsx (htt
ps://github.com/babel/babel/tree/main/packages/babel-plugin-synt
ax-jsx) to the 'plugins' section to enable parsing.

If you already added the plugin for this syntax to your config, 
it's possible that your config isn't being loaded.
You can re-run Babel with the BABEL_SHOW_CONFIG_FOR environment 
variable to show the loaded configuration:
	npx cross-env BABEL_SHOW_CONFIG_FOR=D:\Smmplan\src\app\(client)
\docs\[slug]\page.tsx <your build command>
See https://babeljs.io/docs/configuration#print-effective-config
s for more info.

    at constructor (D:\Smmplan\node_modules\@babel\parser\lib\in
dex.js:365:19)
    at Parser.raise (D:\Smmplan\node_modules\@babel\parser\lib\i
ndex.js:6599:19)
    at Parser.expectOnePlugin (D:\Smmplan\node_modules\@babel\pa
rser\lib\index.js:6633:18)
    at Parser.parseExprAtom (D:\Smmplan\node_modules\@babel\pars
er\lib\index.js:11388:24)
    at Parser.parseExprSubscripts (D:\Smmplan\node_modules\@babe
l\parser\lib\index.js:11071:23)
    at Parser.parseUpdate (D:\Smmplan\node_modules\@babel\parser
\lib\index.js:11056:21)
    at Parser.parseMaybeUnary (D:\Smmplan\node_modules\@babel\pa
rser\lib\index.js:11036:23)
    at Parser.parseMaybeUnaryOrPrivate (D:\Smmplan\node_modules\
@babel\parser\lib\index.js:10889:61)
    at Parser.parseExprOps (D:\Smmplan\node_modules\@babel\parse
r\lib\index.js:10894:23)
    at Parser.parseMaybeConditional (D:\Smmplan\node_modules\@ba
bel\parser\lib\index.js:10871:23)
    at Parser.parseMaybeAssign (D:\Smmplan\node_modules\@babel\p
arser\lib\index.js:10821:21)
    at D:\Smmplan\node_modules\@babel\parser\lib\index.js:10790:
39
    at Parser.allowInAnd (D:\Smmplan\node_modules\@babel\parser\
lib\index.js:12416:12)
    at Parser.parseMaybeAssignAllowIn (D:\Smmplan\node_modules\@
babel\parser\lib\index.js:10790:17)
    at Parser.parseMaybeAssignAllowInOrVoidPattern (D:\Smmplan\n
ode_modules\@babel\parser\lib\index.js:12483:17)
    at Parser.parseParenAndDistinguishExpression (D:\Smmplan\nod
e_modules\@babel\parser\lib\index.js:11665:28)
    at Parser.parseExprAtom (D:\Smmplan\node_modules\@babel\pars
er\lib\index.js:11321:23)
    at Parser.parseExprSubscripts (D:\Smmplan\node_modules\@babe
l\parser\lib\index.js:11071:23)
    at Parser.parseUpdate (D:\Smmplan\node_modules\@babel\parser
\lib\index.js:11056:21)
    at Parser.parseMaybeUnary (D:\Smmplan\node_modules\@babel\pa
rser\lib\index.js:11036:23)
    at Parser.parseMaybeUnaryOrPrivate (D:\Smmplan\node_modules\
@babel\parser\lib\index.js:10889:61)
    at Parser.parseExprOps (D:\Smmplan\node_modules\@babel\parse
r\lib\index.js:10894:23)
    at Parser.parseMaybeConditional (D:\Smmplan\node_modules\@ba
bel\parser\lib\index.js:10871:23)
    at Parser.parseMaybeAssign (D:\Smmplan\node_modules\@babel\p
arser\lib\index.js:10821:21)
    at Parser.parseExpressionBase (D:\Smmplan\node_modules\@babe
l\parser\lib\index.js:10774:23)
    at D:\Smmplan\node_modules\@babel\parser\lib\index.js:10770:
39
    at Parser.allowInAnd (D:\Smmplan\node_modules\@babel\parser\
lib\index.js:12411:16)
    at Parser.parseExpression (D:\Smmplan\node_modules\@babel\pa
rser\lib\index.js:10770:17)
    at Parser.parseReturnStatement (D:\Smmplan\node_modules\@bab
el\parser\lib\index.js:13132:28)
    at Parser.parseStatementContent (D:\Smmplan\node_modules\@ba
bel\parser\lib\index.js:12788:21)
    at Parser.parseStatementLike (D:\Smmplan\node_modules\@babel
\parser\lib\index.js:12757:17)
    at Parser.parseStatementListItem (D:\Smmplan\node_modules\@b
abel\parser\lib\index.js:12737:17)
    at Parser.parseBlockOrModuleBlockBody (D:\Smmplan\node_modul
es\@babel\parser\lib\index.js:13306:61)
    at Parser.parseBlockBody (D:\Smmplan\node_modules\@babel\par
ser\lib\index.js:13299:10)
    at Parser.parseBlock (D:\Smmplan\node_modules\@babel\parser\
lib\index.js:13287:10)
    at Parser.parseFunctionBody (D:\Smmplan\node_modules\@babel\
parser\lib\index.js:12090:24)
    at Parser.parseFunctionBodyAndFinish (D:\Smmplan\node_module
s\@babel\parser\lib\index.js:12076:10)
    at D:\Smmplan\node_modules\@babel\parser\lib\index.js:13435:
12
    at Parser.withSmartMixTopicForbiddingContext (D:\Smmplan\nod
e_modules\@babel\parser\lib\index.js:12393:14)
    at Parser.parseFunction (D:\Smmplan\node_modules\@babel\pars
er\lib\index.js:13434:10)
    at Parser.parseFunctionStatement (D:\Smmplan\node_modules\@b
abel\parser\lib\index.js:13115:17)
    at Parser.parseStatementContent (D:\Smmplan\node_modules\@ba
bel\parser\lib\index.js:12880:25)
    at Parser.parseStatementLike (D:\Smmplan\node_modules\@babel
\parser\lib\index.js:12757:17)
    at Parser.parseModuleItem (D:\Smmplan\node_modules\@babel\pa
rser\lib\index.js:12734:17)
    at Parser.parseBlockOrModuleBlockBody (D:\Smmplan\node_modul
es\@babel\parser\lib\index.js:13306:36)
    at Parser.parseBlockBody (D:\Smmplan\node_modules\@babel\par
ser\lib\index.js:13299:10)
    at Parser.parseProgram (D:\Smmplan\node_modules\@babel\parse
r\lib\index.js:12612:10)
    at Parser.parseTopLevel (D:\Smmplan\node_modules\@babel\pars
er\lib\index.js:12602:25)
    at Parser.parse (D:\Smmplan\node_modules\@babel\parser\lib\i
ndex.js:14478:25)
    at parse (D:\Smmplan\node_modules\@babel\parser\lib\index.js
:14512:38)
Failed to collect coverage from D:\Smmplan\src\components\admin\
support\user-conversation-panel.tsx
ERROR: D:\Smmplan\src\components\admin\support\user-conversation
-panel.tsx: Support for the experimental syntax 'jsx' isn't curr
ently enabled (55:13):

[0m [90m 53 |[39m     }[33m;[39m
 [90m 54 |[39m     [36mconst[39m { icon[33m:[39m [33mIcon
[39m[33m,[39m color[33m,[39m label } [33m=[39m config[sta
tus] [33m||[39m config[33m.[39m[33mOPEN[39m[33m;[39m
[31m[1m>[22m[39m[90m 55 |[39m     [36mreturn[39m ([33m<
[39m[33mspan[39m className[33m=[39m{[32m`inline-flex items
-center gap-1 px-2 py-0.5 rounded text-[10px] font-bold uppercas
e border ${color}`[39m}[33m>[39m
 [90m    |[39m             [31m[1m^[22m[39m
 [90m 56 |[39m             [33m<[39m[33mIcon[39m size[33m
=[39m{[35m10[39m}[33m/[39m[33m>[39m
 [90m 57 |[39m             {label}
 [90m 58 |[39m         [33m<[39m[33m/[39m[33mspan[39m[3
3m>[39m)[33m;[39m[0m

Add @babel/preset-react (https://github.com/babel/babel/tree/mai
n/packages/babel-preset-react) to the 'presets' section of your 
Babel config to enable transformation.
If you want to leave it as-is, add @babel/plugin-syntax-jsx (htt
ps://github.com/babel/babel/tree/main/packages/babel-plugin-synt
ax-jsx) to the 'plugins' section to enable parsing.

If you already added the plugin for this syntax to your config, 
it's possible that your config isn't being loaded.
You can re-run Babel with the BABEL_SHOW_CONFIG_FOR environment 
variable to show the loaded configuration:
	npx cross-env BABEL_SHOW_CONFIG_FOR=D:\Smmplan\src\components\a
dmin\support\user-conversation-panel.tsx <your build command>
See https://babeljs.io/docs/configuration#print-effective-config
s for more info.

STACK: SyntaxError: D:\Smmplan\src\components\admin\support\user
-conversation-panel.tsx: Support for the experimental syntax 'js
x' isn't currently enabled (55:13):

[0m [90m 53 |[39m     }[33m;[39m
 [90m 54 |[39m     [36mconst[39m { icon[33m:[39m [33mIcon
[39m[33m,[39m color[33m,[39m label } [33m=[39m config[sta
tus] [33m||[39m config[33m.[39m[33mOPEN[39m[33m;[39m
[31m[1m>[22m[39m[90m 55 |[39m     [36mreturn[39m ([33m<
[39m[33mspan[39m className[33m=[39m{[32m`inline-flex items
-center gap-1 px-2 py-0.5 rounded text-[10px] font-bold uppercas
e border ${color}`[39m}[33m>[39m
 [90m    |[39m             [31m[1m^[22m[39m
 [90m 56 |[39m             [33m<[39m[33mIcon[39m size[33m
=[39m{[35m10[39m}[33m/[39m[33m>[39m
 [90m 57 |[39m             {label}
 [90m 58 |[39m         [33m<[39m[33m/[39m[33mspan[39m[3
3m>[39m)[33m;[39m[0m

Add @babel/preset-react (https://github.com/babel/babel/tree/mai
n/packages/babel-preset-react) to the 'presets' section of your 
Babel config to enable transformation.
If you want to leave it as-is, add @babel/plugin-syntax-jsx (htt
ps://github.com/babel/babel/tree/main/packages/babel-plugin-synt
ax-jsx) to the 'plugins' section to enable parsing.

If you already added the plugin for this syntax to your config, 
it's possible that your config isn't being loaded.
You can re-run Babel with the BABEL_SHOW_CONFIG_FOR environment 
variable to show the loaded configuration:
	npx cross-env BABEL_SHOW_CONFIG_FOR=D:\Smmplan\src\components\a
dmin\support\user-conversation-panel.tsx <your build command>
See https://babeljs.io/docs/configuration#print-effective-config
s for more info.

    at constructor (D:\Smmplan\node_modules\@babel\parser\lib\in
dex.js:365:19)
    at Parser.raise (D:\Smmplan\node_modules\@babel\parser\lib\i
ndex.js:6599:19)
    at Parser.expectOnePlugin (D:\Smmplan\node_modules\@babel\pa
rser\lib\index.js:6633:18)
    at Parser.parseExprAtom (D:\Smmplan\node_modules\@babel\pars
er\lib\index.js:11388:24)
    at Parser.parseExprSubscripts (D:\Smmplan\node_modules\@babe
l\parser\lib\index.js:11071:23)
    at Parser.parseUpdate (D:\Smmplan\node_modules\@babel\parser
\lib\index.js:11056:21)
    at Parser.parseMaybeUnary (D:\Smmplan\node_modules\@babel\pa
rser\lib\index.js:11036:23)
    at Parser.parseMaybeUnaryOrPrivate (D:\Smmplan\node_modules\
@babel\parser\lib\index.js:10889:61)
    at Parser.parseExprOps (D:\Smmplan\node_modules\@babel\parse
r\lib\index.js:10894:23)
    at Parser.parseMaybeConditional (D:\Smmplan\node_modules\@ba
bel\parser\lib\index.js:10871:23)
    at Parser.parseMaybeAssign (D:\Smmplan\node_modules\@babel\p
arser\lib\index.js:10821:21)
    at D:\Smmplan\node_modules\@babel\parser\lib\index.js:10790:
39
    at Parser.allowInAnd (D:\Smmplan\node_modules\@babel\parser\
lib\index.js:12416:12)
    at Parser.parseMaybeAssignAllowIn (D:\Smmplan\node_modules\@
babel\parser\lib\index.js:10790:17)
    at Parser.parseMaybeAssignAllowInOrVoidPattern (D:\Smmplan\n
ode_modules\@babel\parser\lib\index.js:12483:17)
    at Parser.parseParenAndDistinguishExpression (D:\Smmplan\nod
e_modules\@babel\parser\lib\index.js:11665:28)
    at Parser.parseExprAtom (D:\Smmplan\node_modules\@babel\pars
er\lib\index.js:11321:23)
    at Parser.parseExprSubscripts (D:\Smmplan\node_modules\@babe
l\parser\lib\index.js:11071:23)
    at Parser.parseUpdate (D:\Smmplan\node_modules\@babel\parser
\lib\index.js:11056:21)
    at Parser.parseMaybeUnary (D:\Smmplan\node_modules\@babel\pa
rser\lib\index.js:11036:23)
    at Parser.parseMaybeUnaryOrPrivate (D:\Smmplan\node_modules\
@babel\parser\lib\index.js:10889:61)
    at Parser.parseExprOps (D:\Smmplan\node_modules\@babel\parse
r\lib\index.js:10894:23)
    at Parser.parseMaybeConditional (D:\Smmplan\node_modules\@ba
bel\parser\lib\index.js:10871:23)
    at Parser.parseMaybeAssign (D:\Smmplan\node_modules\@babel\p
arser\lib\index.js:10821:21)
    at Parser.parseExpressionBase (D:\Smmplan\node_modules\@babe
l\parser\lib\index.js:10774:23)
    at D:\Smmplan\node_modules\@babel\parser\lib\index.js:10770:
39
    at Parser.allowInAnd (D:\Smmplan\node_modules\@babel\parser\
lib\index.js:12411:16)
    at Parser.parseExpression (D:\Smmplan\node_modules\@babel\pa
rser\lib\index.js:10770:17)
    at Parser.parseReturnStatement (D:\Smmplan\node_modules\@bab
el\parser\lib\index.js:13132:28)
    at Parser.parseStatementContent (D:\Smmplan\node_modules\@ba
bel\parser\lib\index.js:12788:21)
    at Parser.parseStatementLike (D:\Smmplan\node_modules\@babel
\parser\lib\index.js:12757:17)
    at Parser.parseStatementListItem (D:\Smmplan\node_modules\@b
abel\parser\lib\index.js:12737:17)
    at Parser.parseBlockOrModuleBlockBody (D:\Smmplan\node_modul
es\@babel\parser\lib\index.js:13306:61)
    at Parser.parseBlockBody (D:\Smmplan\node_modules\@babel\par
ser\lib\index.js:13299:10)
    at Parser.parseBlock (D:\Smmplan\node_modules\@babel\parser\
lib\index.js:13287:10)
    at Parser.parseFunctionBody (D:\Smmplan\node_modules\@babel\
parser\lib\index.js:12090:24)
    at Parser.parseFunctionBodyAndFinish (D:\Smmplan\node_module
s\@babel\parser\lib\index.js:12076:10)
    at D:\Smmplan\node_modules\@babel\parser\lib\index.js:13435:
12
    at Parser.withSmartMixTopicForbiddingContext (D:\Smmplan\nod
e_modules\@babel\parser\lib\index.js:12393:14)
    at Parser.parseFunction (D:\Smmplan\node_modules\@babel\pars
er\lib\index.js:13434:10)
    at Parser.parseFunctionStatement (D:\Smmplan\node_modules\@b
abel\parser\lib\index.js:13115:17)
    at Parser.parseStatementContent (D:\Smmplan\node_modules\@ba
bel\parser\lib\index.js:12781:21)
    at Parser.parseStatementLike (D:\Smmplan\node_modules\@babel
\parser\lib\index.js:12757:17)
    at Parser.parseModuleItem (D:\Smmplan\node_modules\@babel\pa
rser\lib\index.js:12734:17)
    at Parser.parseBlockOrModuleBlockBody (D:\Smmplan\node_modul
es\@babel\parser\lib\index.js:13306:36)
    at Parser.parseBlockBody (D:\Smmplan\node_modules\@babel\par
ser\lib\index.js:13299:10)
    at Parser.parseProgram (D:\Smmplan\node_modules\@babel\parse
r\lib\index.js:12612:10)
    at Parser.parseTopLevel (D:\Smmplan\node_modules\@babel\pars
er\lib\index.js:12602:25)
    at Parser.parse (D:\Smmplan\node_modules\@babel\parser\lib\i
ndex.js:14478:25)
    at parse (D:\Smmplan\node_modules\@babel\parser\lib\index.js
:14512:38)
Failed to collect coverage from D:\Smmplan\src\components\admin\
users\user-dialog-panel.tsx
ERROR: D:\Smmplan\src\components\admin\users\user-dialog-panel.t
sx: Support for the experimental syntax 'jsx' isn't currently en
abled (92:17):

[0m [90m 90 |[39m     [36mconst[39m closedTickets [33m=[3
9m tickets[33m.[39mfilter(t [33m=>[39m t[33m.[39mstatus [
33m===[39m [32m'CLOSED'[39m)[33m;[39m
 [90m 91 |[39m     [36mif[39m (isLoading) {
[31m[1m>[22m[39m[90m 92 |[39m         [36mreturn[39m ([
33m<[39m[33mdiv[39m className[33m=[39m[32m"flex-1 flex ite
ms-center justify-center bg-white rounded-[2.5rem] border border
-slate-200"[39m[33m>[39m
 [90m    |[39m                 [31m[1m^[22m[39m
 [90m 93 |[39m                 [33m<[39m[33mdiv[39m classN
ame[33m=[39m[32m"animate-pulse text-slate-400"[39m[33m>[39
m[33m╨Ч╨░╨│╤А╤Г╨╖╨║╨░[39m[33m...[39m[33m<[39m[33m/[39m[
33mdiv[39m[33m>[39m
 [90m 94 |[39m             [33m<[39m[33m/[39m[33mdiv[39m
[33m>[39m)[33m;[39m
 [90m 95 |[39m     }[0m

Add @babel/preset-react (https://github.com/babel/babel/tree/mai
n/packages/babel-preset-react) to the 'presets' section of your 
Babel config to enable transformation.
If you want to leave it as-is, add @babel/plugin-syntax-jsx (htt
ps://github.com/babel/babel/tree/main/packages/babel-plugin-synt
ax-jsx) to the 'plugins' section to enable parsing.

If you already added the plugin for this syntax to your config, 
it's possible that your config isn't being loaded.
You can re-run Babel with the BABEL_SHOW_CONFIG_FOR environment 
variable to show the loaded configuration:
	npx cross-env BABEL_SHOW_CONFIG_FOR=D:\Smmplan\src\components\a
dmin\users\user-dialog-panel.tsx <your build command>
See https://babeljs.io/docs/configuration#print-effective-config
s for more info.

STACK: SyntaxError: D:\Smmplan\src\components\admin\users\user-d
ialog-panel.tsx: Support for the experimental syntax 'jsx' isn't
 currently enabled (92:17):

[0m [90m 90 |[39m     [36mconst[39m closedTickets [33m=[3
9m tickets[33m.[39mfilter(t [33m=>[39m t[33m.[39mstatus [
33m===[39m [32m'CLOSED'[39m)[33m;[39m
 [90m 91 |[39m     [36mif[39m (isLoading) {
[31m[1m>[22m[39m[90m 92 |[39m         [36mreturn[39m ([
33m<[39m[33mdiv[39m className[33m=[39m[32m"flex-1 flex ite
ms-center justify-center bg-white rounded-[2.5rem] border border
-slate-200"[39m[33m>[39m
 [90m    |[39m                 [31m[1m^[22m[39m
 [90m 93 |[39m                 [33m<[39m[33mdiv[39m classN
ame[33m=[39m[32m"animate-pulse text-slate-400"[39m[33m>[39
m[33m╨Ч╨░╨│╤А╤Г╨╖╨║╨░[39m[33m...[39m[33m<[39m[33m/[39m[
33mdiv[39m[33m>[39m
 [90m 94 |[39m             [33m<[39m[33m/[39m[33mdiv[39m
[33m>[39m)[33m;[39m
 [90m 95 |[39m     }[0m

Add @babel/preset-react (https://github.com/babel/babel/tree/mai
n/packages/babel-preset-react) to the 'presets' section of your 
Babel config to enable transformation.
If you want to leave it as-is, add @babel/plugin-syntax-jsx (htt
ps://github.com/babel/babel/tree/main/packages/babel-plugin-synt
ax-jsx) to the 'plugins' section to enable parsing.

If you already added the plugin for this syntax to your config, 
it's possible that your config isn't being loaded.
You can re-run Babel with the BABEL_SHOW_CONFIG_FOR environment 
variable to show the loaded configuration:
	npx cross-env BABEL_SHOW_CONFIG_FOR=D:\Smmplan\src\components\a
dmin\users\user-dialog-panel.tsx <your build command>
See https://babeljs.io/docs/configuration#print-effective-config
s for more info.

    at constructor (D:\Smmplan\node_modules\@babel\parser\lib\in
dex.js:365:19)
    at Parser.raise (D:\Smmplan\node_modules\@babel\parser\lib\i
ndex.js:6599:19)
    at Parser.expectOnePlugin (D:\Smmplan\node_modules\@babel\pa
rser\lib\index.js:6633:18)
    at Parser.parseExprAtom (D:\Smmplan\node_modules\@babel\pars
er\lib\index.js:11388:24)
    at Parser.parseExprSubscripts (D:\Smmplan\node_modules\@babe
l\parser\lib\index.js:11071:23)
    at Parser.parseUpdate (D:\Smmplan\node_modules\@babel\parser
\lib\index.js:11056:21)
    at Parser.parseMaybeUnary (D:\Smmplan\node_modules\@babel\pa
rser\lib\index.js:11036:23)
    at Parser.parseMaybeUnaryOrPrivate (D:\Smmplan\node_modules\
@babel\parser\lib\index.js:10889:61)
    at Parser.parseExprOps (D:\Smmplan\node_modules\@babel\parse
r\lib\index.js:10894:23)
    at Parser.parseMaybeConditional (D:\Smmplan\node_modules\@ba
bel\parser\lib\index.js:10871:23)
    at Parser.parseMaybeAssign (D:\Smmplan\node_modules\@babel\p
arser\lib\index.js:10821:21)
    at D:\Smmplan\node_modules\@babel\parser\lib\index.js:10790:
39
    at Parser.allowInAnd (D:\Smmplan\node_modules\@babel\parser\
lib\index.js:12416:12)
    at Parser.parseMaybeAssignAllowIn (D:\Smmplan\node_modules\@
babel\parser\lib\index.js:10790:17)
    at Parser.parseMaybeAssignAllowInOrVoidPattern (D:\Smmplan\n
ode_modules\@babel\parser\lib\index.js:12483:17)
    at Parser.parseParenAndDistinguishExpression (D:\Smmplan\nod
e_modules\@babel\parser\lib\index.js:11665:28)
    at Parser.parseExprAtom (D:\Smmplan\node_modules\@babel\pars
er\lib\index.js:11321:23)
    at Parser.parseExprSubscripts (D:\Smmplan\node_modules\@babe
l\parser\lib\index.js:11071:23)
    at Parser.parseUpdate (D:\Smmplan\node_modules\@babel\parser
\lib\index.js:11056:21)
    at Parser.parseMaybeUnary (D:\Smmplan\node_modules\@babel\pa
rser\lib\index.js:11036:23)
    at Parser.parseMaybeUnaryOrPrivate (D:\Smmplan\node_modules\
@babel\parser\lib\index.js:10889:61)
    at Parser.parseExprOps (D:\Smmplan\node_modules\@babel\parse
r\lib\index.js:10894:23)
    at Parser.parseMaybeConditional (D:\Smmplan\node_modules\@ba
bel\parser\lib\index.js:10871:23)
    at Parser.parseMaybeAssign (D:\Smmplan\node_modules\@babel\p
arser\lib\index.js:10821:21)
    at Parser.parseExpressionBase (D:\Smmplan\node_modules\@babe
l\parser\lib\index.js:10774:23)
    at D:\Smmplan\node_modules\@babel\parser\lib\index.js:10770:
39
    at Parser.allowInAnd (D:\Smmplan\node_modules\@babel\parser\
lib\index.js:12411:16)
    at Parser.parseExpression (D:\Smmplan\node_modules\@babel\pa
rser\lib\index.js:10770:17)
    at Parser.parseReturnStatement (D:\Smmplan\node_modules\@bab
el\parser\lib\index.js:13132:28)
    at Parser.parseStatementContent (D:\Smmplan\node_modules\@ba
bel\parser\lib\index.js:12788:21)
    at Parser.parseStatementLike (D:\Smmplan\node_modules\@babel
\parser\lib\index.js:12757:17)
    at Parser.parseStatementListItem (D:\Smmplan\node_modules\@b
abel\parser\lib\index.js:12737:17)
    at Parser.parseBlockOrModuleBlockBody (D:\Smmplan\node_modul
es\@babel\parser\lib\index.js:13306:61)
    at Parser.parseBlockBody (D:\Smmplan\node_modules\@babel\par
ser\lib\index.js:13299:10)
    at Parser.parseBlock (D:\Smmplan\node_modules\@babel\parser\
lib\index.js:13287:10)
    at Parser.parseStatementContent (D:\Smmplan\node_modules\@ba
bel\parser\lib\index.js:12848:21)
    at Parser.parseStatementLike (D:\Smmplan\node_modules\@babel
\parser\lib\index.js:12757:17)
    at Parser.parseStatementOrSloppyAnnexBFunctionDeclaration (D
:\Smmplan\node_modules\@babel\parser\lib\index.js:12747:17)
    at Parser.parseIfStatement (D:\Smmplan\node_modules\@babel\p
arser\lib\index.js:13120:28)
    at Parser.parseStatementContent (D:\Smmplan\node_modules\@ba
bel\parser\lib\index.js:12786:21)
    at Parser.parseStatementLike (D:\Smmplan\node_modules\@babel
\parser\lib\index.js:12757:17)
    at Parser.parseStatementListItem (D:\Smmplan\node_modules\@b
abel\parser\lib\index.js:12737:17)
    at Parser.parseBlockOrModuleBlockBody (D:\Smmplan\node_modul
es\@babel\parser\lib\index.js:13306:61)
    at Parser.parseBlockBody (D:\Smmplan\node_modules\@babel\par
ser\lib\index.js:13299:10)
    at Parser.parseBlock (D:\Smmplan\node_modules\@babel\parser\
lib\index.js:13287:10)
    at Parser.parseFunctionBody (D:\Smmplan\node_modules\@babel\
parser\lib\index.js:12090:24)
    at Parser.parseFunctionBodyAndFinish (D:\Smmplan\node_module
s\@babel\parser\lib\index.js:12076:10)
    at D:\Smmplan\node_modules\@babel\parser\lib\index.js:13435:
12
    at Parser.withSmartMixTopicForbiddingContext (D:\Smmplan\nod
e_modules\@babel\parser\lib\index.js:12393:14)
    at Parser.parseFunction (D:\Smmplan\node_modules\@babel\pars
er\lib\index.js:13434:10)
Failed to collect coverage from D:\Smmplan\src\app\(client)\orde
rs\[id]\page.tsx
ERROR: D:\Smmplan\src\app\(client)\orders\[id]\page.tsx: Support
 for the experimental syntax 'jsx' isn't currently enabled (77:1
6):

[0m [90m 75 |[39m     }[33m,[39m [params[33m.[39mid[33m,
[39m router])[33m;[39m
 [90m 76 |[39m     [36mif[39m (loading)
[31m[1m>[22m[39m[90m 77 |[39m         [36mreturn[39m [3
3m<[39m[33mdiv[39m className[33m=[39m[32m"flex justify-cen
ter p-20"[39m[33m>[39m[33m<[39m[33mlucide_react_1[39m[33
m.[39m[33mLoader2[39m className[33m=[39m[32m"animate-spin 
text-primary"[39m[33m/[39m[33m>[39m[33m<[39m[33m/[39m[
33mdiv[39m[33m>[39m[33m;[39m
 [90m    |[39m                [31m[1m^[22m[39m
 [90m 78 |[39m     [36mif[39m ([33m![39morder)
 [90m 79 |[39m         [36mreturn[39m [36mnull[39m[33m;[
39m
 [90m 80 |[39m     [36mreturn[39m ([33m<[39m[33mdiv[39m 
className[33m=[39m[32m"max-w-2xl mx-auto space-y-6"[39m[33m
>[39m[0m

Add @babel/preset-react (https://github.com/babel/babel/tree/mai
n/packages/babel-preset-react) to the 'presets' section of your 
Babel config to enable transformation.
If you want to leave it as-is, add @babel/plugin-syntax-jsx (htt
ps://github.com/babel/babel/tree/main/packages/babel-plugin-synt
ax-jsx) to the 'plugins' section to enable parsing.

If you already added the plugin for this syntax to your config, 
it's possible that your config isn't being loaded.
You can re-run Babel with the BABEL_SHOW_CONFIG_FOR environment 
variable to show the loaded configuration:
	npx cross-env BABEL_SHOW_CONFIG_FOR=D:\Smmplan\src\app\(client)
\orders\[id]\page.tsx <your build command>
See https://babeljs.io/docs/configuration#print-effective-config
s for more info.

STACK: SyntaxError: D:\Smmplan\src\app\(client)\orders\[id]\page
.tsx: Support for the experimental syntax 'jsx' isn't currently 
enabled (77:16):

[0m [90m 75 |[39m     }[33m,[39m [params[33m.[39mid[33m,
[39m router])[33m;[39m
 [90m 76 |[39m     [36mif[39m (loading)
[31m[1m>[22m[39m[90m 77 |[39m         [36mreturn[39m [3
3m<[39m[33mdiv[39m className[33m=[39m[32m"flex justify-cen
ter p-20"[39m[33m>[39m[33m<[39m[33mlucide_react_1[39m[33
m.[39m[33mLoader2[39m className[33m=[39m[32m"animate-spin 
text-primary"[39m[33m/[39m[33m>[39m[33m<[39m[33m/[39m[
33mdiv[39m[33m>[39m[33m;[39m
 [90m    |[39m                [31m[1m^[22m[39m
 [90m 78 |[39m     [36mif[39m ([33m![39morder)
 [90m 79 |[39m         [36mreturn[39m [36mnull[39m[33m;[
39m
 [90m 80 |[39m     [36mreturn[39m ([33m<[39m[33mdiv[39m 
className[33m=[39m[32m"max-w-2xl mx-auto space-y-6"[39m[33m
>[39m[0m

Add @babel/preset-react (https://github.com/babel/babel/tree/mai
n/packages/babel-preset-react) to the 'presets' section of your 
Babel config to enable transformation.
If you want to leave it as-is, add @babel/plugin-syntax-jsx (htt
ps://github.com/babel/babel/tree/main/packages/babel-plugin-synt
ax-jsx) to the 'plugins' section to enable parsing.

If you already added the plugin for this syntax to your config, 
it's possible that your config isn't being loaded.
You can re-run Babel with the BABEL_SHOW_CONFIG_FOR environment 
variable to show the loaded configuration:
	npx cross-env BABEL_SHOW_CONFIG_FOR=D:\Smmplan\src\app\(client)
\orders\[id]\page.tsx <your build command>
See https://babeljs.io/docs/configuration#print-effective-config
s for more info.

    at constructor (D:\Smmplan\node_modules\@babel\parser\lib\in
dex.js:365:19)
    at Parser.raise (D:\Smmplan\node_modules\@babel\parser\lib\i
ndex.js:6599:19)
    at Parser.expectOnePlugin (D:\Smmplan\node_modules\@babel\pa
rser\lib\index.js:6633:18)
    at Parser.parseExprAtom (D:\Smmplan\node_modules\@babel\pars
er\lib\index.js:11388:24)
    at Parser.parseExprSubscripts (D:\Smmplan\node_modules\@babe
l\parser\lib\index.js:11071:23)
    at Parser.parseUpdate (D:\Smmplan\node_modules\@babel\parser
\lib\index.js:11056:21)
    at Parser.parseMaybeUnary (D:\Smmplan\node_modules\@babel\pa
rser\lib\index.js:11036:23)
    at Parser.parseMaybeUnaryOrPrivate (D:\Smmplan\node_modules\
@babel\parser\lib\index.js:10889:61)
    at Parser.parseExprOps (D:\Smmplan\node_modules\@babel\parse
r\lib\index.js:10894:23)
    at Parser.parseMaybeConditional (D:\Smmplan\node_modules\@ba
bel\parser\lib\index.js:10871:23)
    at Parser.parseMaybeAssign (D:\Smmplan\node_modules\@babel\p
arser\lib\index.js:10821:21)
    at Parser.parseExpressionBase (D:\Smmplan\node_modules\@babe
l\parser\lib\index.js:10774:23)
    at D:\Smmplan\node_modules\@babel\parser\lib\index.js:10770:
39
    at Parser.allowInAnd (D:\Smmplan\node_modules\@babel\parser\
lib\index.js:12411:16)
    at Parser.parseExpression (D:\Smmplan\node_modules\@babel\pa
rser\lib\index.js:10770:17)
    at Parser.parseReturnStatement (D:\Smmplan\node_modules\@bab
el\parser\lib\index.js:13132:28)
    at Parser.parseStatementContent (D:\Smmplan\node_modules\@ba
bel\parser\lib\index.js:12788:21)
    at Parser.parseStatementLike (D:\Smmplan\node_modules\@babel
\parser\lib\index.js:12757:17)
    at Parser.parseStatementOrSloppyAnnexBFunctionDeclaration (D
:\Smmplan\node_modules\@babel\parser\lib\index.js:12747:17)
    at Parser.parseIfStatement (D:\Smmplan\node_modules\@babel\p
arser\lib\index.js:13120:28)
    at Parser.parseStatementContent (D:\Smmplan\node_modules\@ba
bel\parser\lib\index.js:12786:21)
    at Parser.parseStatementLike (D:\Smmplan\node_modules\@babel
\parser\lib\index.js:12757:17)
    at Parser.parseStatementListItem (D:\Smmplan\node_modules\@b
abel\parser\lib\index.js:12737:17)
    at Parser.parseBlockOrModuleBlockBody (D:\Smmplan\node_modul
es\@babel\parser\lib\index.js:13306:61)
    at Parser.parseBlockBody (D:\Smmplan\node_modules\@babel\par
ser\lib\index.js:13299:10)
    at Parser.parseBlock (D:\Smmplan\node_modules\@babel\parser\
lib\index.js:13287:10)
    at Parser.parseFunctionBody (D:\Smmplan\node_modules\@babel\
parser\lib\index.js:12090:24)
    at Parser.parseFunctionBodyAndFinish (D:\Smmplan\node_module
s\@babel\parser\lib\index.js:12076:10)
    at D:\Smmplan\node_modules\@babel\parser\lib\index.js:13435:
12
    at Parser.withSmartMixTopicForbiddingContext (D:\Smmplan\nod
e_modules\@babel\parser\lib\index.js:12393:14)
    at Parser.parseFunction (D:\Smmplan\node_modules\@babel\pars
er\lib\index.js:13434:10)
    at Parser.parseFunctionStatement (D:\Smmplan\node_modules\@b
abel\parser\lib\index.js:13115:17)
    at Parser.parseStatementContent (D:\Smmplan\node_modules\@ba
bel\parser\lib\index.js:12781:21)
    at Parser.parseStatementLike (D:\Smmplan\node_modules\@babel
\parser\lib\index.js:12757:17)
    at Parser.parseModuleItem (D:\Smmplan\node_modules\@babel\pa
rser\lib\index.js:12734:17)
    at Parser.parseBlockOrModuleBlockBody (D:\Smmplan\node_modul
es\@babel\parser\lib\index.js:13306:36)
    at Parser.parseBlockBody (D:\Smmplan\node_modules\@babel\par
ser\lib\index.js:13299:10)
    at Parser.parseProgram (D:\Smmplan\node_modules\@babel\parse
r\lib\index.js:12612:10)
    at Parser.parseTopLevel (D:\Smmplan\node_modules\@babel\pars
er\lib\index.js:12602:25)
    at Parser.parse (D:\Smmplan\node_modules\@babel\parser\lib\i
ndex.js:14478:25)
    at parse (D:\Smmplan\node_modules\@babel\parser\lib\index.js
:14512:38)
    at parser (D:\Smmplan\node_modules\@babel\core\lib\parser\in
dex.js:41:34)
    at parser.next (<anonymous>)
    at normalizeFile (D:\Smmplan\node_modules\@babel\core\lib\tr
ansformation\normalize-file.js:64:37)
    at normalizeFile.next (<anonymous>)
    at run (D:\Smmplan\node_modules\@babel\core\lib\transformati
on\index.js:22:50)
    at run.next (<anonymous>)
    at transform (D:\Smmplan\node_modules\@babel\core\lib\transf
orm.js:22:33)
    at transform.next (<anonymous>)
    at evaluateSync (D:\Smmplan\node_modules\gensync\index.js:25
1:28)
Failed to collect coverage from D:\Smmplan\src\app\admin\analyti
cs\churn\page.tsx
ERROR: D:\Smmplan\src\app\admin\analytics\churn\page.tsx: Suppor
t for the experimental syntax 'jsx' isn't currently enabled (16:
13):

[0m [90m 14 |[39m [36masync[39m [36mfunction[39m [33mChu
rnAnalyticsPage[39m() {
 [90m 15 |[39m     [36mconst[39m data [33m=[39m [36mawait
[39m users_1[33m.[39m[33mAnalyticsService[39m[33m.[39mget
ChurnForecast([35m30[39m)[33m;[39m
[31m[1m>[22m[39m[90m 16 |[39m     [36mreturn[39m ([33m<
[39m[33mdiv[39m className[33m=[39m[32m"space-y-8 max-w-6xl
 pb-12"[39m[33m>[39m
 [90m    |[39m             [31m[1m^[22m[39m
 [90m 17 |[39m             [33m<[39m[33mdiv[39m className
[33m=[39m[32m"flex items-center justify-between"[39m[33m>[3
9m
 [90m 18 |[39m                 [33m<[39m[33mdiv[39m[33m>
[39m
 [90m 19 |[39m                     [33m<[39m[33mh2[39m cla
ssName[33m=[39m[32m"text-3xl font-black text-slate-800 flex i
tems-center gap-3 tracking-tight"[39m[33m>[39m[0m

Add @babel/preset-react (https://github.com/babel/babel/tree/mai
n/packages/babel-preset-react) to the 'presets' section of your 
Babel config to enable transformation.
If you want to leave it as-is, add @babel/plugin-syntax-jsx (htt
ps://github.com/babel/babel/tree/main/packages/babel-plugin-synt
ax-jsx) to the 'plugins' section to enable parsing.

If you already added the plugin for this syntax to your config, 
it's possible that your config isn't being loaded.
You can re-run Babel with the BABEL_SHOW_CONFIG_FOR environment 
variable to show the loaded configuration:
	npx cross-env BABEL_SHOW_CONFIG_FOR=D:\Smmplan\src\app\admin\an
alytics\churn\page.tsx <your build command>
See https://babeljs.io/docs/configuration#print-effective-config
s for more info.

STACK: SyntaxError: D:\Smmplan\src\app\admin\analytics\churn\pag
e.tsx: Support for the experimental syntax 'jsx' isn't currently
 enabled (16:13):

[0m [90m 14 |[39m [36masync[39m [36mfunction[39m [33mChu
rnAnalyticsPage[39m() {
 [90m 15 |[39m     [36mconst[39m data [33m=[39m [36mawait
[39m users_1[33m.[39m[33mAnalyticsService[39m[33m.[39mget
ChurnForecast([35m30[39m)[33m;[39m
[31m[1m>[22m[39m[90m 16 |[39m     [36mreturn[39m ([33m<
[39m[33mdiv[39m className[33m=[39m[32m"space-y-8 max-w-6xl
 pb-12"[39m[33m>[39m
 [90m    |[39m             [31m[1m^[22m[39m
 [90m 17 |[39m             [33m<[39m[33mdiv[39m className
[33m=[39m[32m"flex items-center justify-between"[39m[33m>[3
9m
 [90m 18 |[39m                 [33m<[39m[33mdiv[39m[33m>
[39m
 [90m 19 |[39m                     [33m<[39m[33mh2[39m cla
ssName[33m=[39m[32m"text-3xl font-black text-slate-800 flex i
tems-center gap-3 tracking-tight"[39m[33m>[39m[0m

Add @babel/preset-react (https://github.com/babel/babel/tree/mai
n/packages/babel-preset-react) to the 'presets' section of your 
Babel config to enable transformation.
If you want to leave it as-is, add @babel/plugin-syntax-jsx (htt
ps://github.com/babel/babel/tree/main/packages/babel-plugin-synt
ax-jsx) to the 'plugins' section to enable parsing.

If you already added the plugin for this syntax to your config, 
it's possible that your config isn't being loaded.
You can re-run Babel with the BABEL_SHOW_CONFIG_FOR environment 
variable to show the loaded configuration:
	npx cross-env BABEL_SHOW_CONFIG_FOR=D:\Smmplan\src\app\admin\an
alytics\churn\page.tsx <your build command>
See https://babeljs.io/docs/configuration#print-effective-config
s for more info.

    at constructor (D:\Smmplan\node_modules\@babel\parser\lib\in
dex.js:365:19)
    at Parser.raise (D:\Smmplan\node_modules\@babel\parser\lib\i
ndex.js:6599:19)
    at Parser.expectOnePlugin (D:\Smmplan\node_modules\@babel\pa
rser\lib\index.js:6633:18)
    at Parser.parseExprAtom (D:\Smmplan\node_modules\@babel\pars
er\lib\index.js:11388:24)
    at Parser.parseExprSubscripts (D:\Smmplan\node_modules\@babe
l\parser\lib\index.js:11071:23)
    at Parser.parseUpdate (D:\Smmplan\node_modules\@babel\parser
\lib\index.js:11056:21)
    at Parser.parseMaybeUnary (D:\Smmplan\node_modules\@babel\pa
rser\lib\index.js:11036:23)
    at Parser.parseMaybeUnaryOrPrivate (D:\Smmplan\node_modules\
@babel\parser\lib\index.js:10889:61)
    at Parser.parseExprOps (D:\Smmplan\node_modules\@babel\parse
r\lib\index.js:10894:23)
    at Parser.parseMaybeConditional (D:\Smmplan\node_modules\@ba
bel\parser\lib\index.js:10871:23)
    at Parser.parseMaybeAssign (D:\Smmplan\node_modules\@babel\p
arser\lib\index.js:10821:21)
    at D:\Smmplan\node_modules\@babel\parser\lib\index.js:10790:
39
    at Parser.allowInAnd (D:\Smmplan\node_modules\@babel\parser\
lib\index.js:12416:12)
    at Parser.parseMaybeAssignAllowIn (D:\Smmplan\node_modules\@
babel\parser\lib\index.js:10790:17)
    at Parser.parseMaybeAssignAllowInOrVoidPattern (D:\Smmplan\n
ode_modules\@babel\parser\lib\index.js:12483:17)
    at Parser.parseParenAndDistinguishExpression (D:\Smmplan\nod
e_modules\@babel\parser\lib\index.js:11665:28)
    at Parser.parseExprAtom (D:\Smmplan\node_modules\@babel\pars
er\lib\index.js:11321:23)
    at Parser.parseExprSubscripts (D:\Smmplan\node_modules\@babe
l\parser\lib\index.js:11071:23)
    at Parser.parseUpdate (D:\Smmplan\node_modules\@babel\parser
\lib\index.js:11056:21)
    at Parser.parseMaybeUnary (D:\Smmplan\node_modules\@babel\pa
rser\lib\index.js:11036:23)
    at Parser.parseMaybeUnaryOrPrivate (D:\Smmplan\node_modules\
@babel\parser\lib\index.js:10889:61)
    at Parser.parseExprOps (D:\Smmplan\node_modules\@babel\parse
r\lib\index.js:10894:23)
    at Parser.parseMaybeConditional (D:\Smmplan\node_modules\@ba
bel\parser\lib\index.js:10871:23)
    at Parser.parseMaybeAssign (D:\Smmplan\node_modules\@babel\p
arser\lib\index.js:10821:21)
    at Parser.parseExpressionBase (D:\Smmplan\node_modules\@babe
l\parser\lib\index.js:10774:23)
    at D:\Smmplan\node_modules\@babel\parser\lib\index.js:10770:
39
    at Parser.allowInAnd (D:\Smmplan\node_modules\@babel\parser\
lib\index.js:12411:16)
    at Parser.parseExpression (D:\Smmplan\node_modules\@babel\pa
rser\lib\index.js:10770:17)
    at Parser.parseReturnStatement (D:\Smmplan\node_modules\@bab
el\parser\lib\index.js:13132:28)
    at Parser.parseStatementContent (D:\Smmplan\node_modules\@ba
bel\parser\lib\index.js:12788:21)
    at Parser.parseStatementLike (D:\Smmplan\node_modules\@babel
\parser\lib\index.js:12757:17)
    at Parser.parseStatementListItem (D:\Smmplan\node_modules\@b
abel\parser\lib\index.js:12737:17)
    at Parser.parseBlockOrModuleBlockBody (D:\Smmplan\node_modul
es\@babel\parser\lib\index.js:13306:61)
    at Parser.parseBlockBody (D:\Smmplan\node_modules\@babel\par
ser\lib\index.js:13299:10)
    at Parser.parseBlock (D:\Smmplan\node_modules\@babel\parser\
lib\index.js:13287:10)
    at Parser.parseFunctionBody (D:\Smmplan\node_modules\@babel\
parser\lib\index.js:12090:24)
    at Parser.parseFunctionBodyAndFinish (D:\Smmplan\node_module
s\@babel\parser\lib\index.js:12076:10)
    at D:\Smmplan\node_modules\@babel\parser\lib\index.js:13435:
12
    at Parser.withSmartMixTopicForbiddingContext (D:\Smmplan\nod
e_modules\@babel\parser\lib\index.js:12393:14)
    at Parser.parseFunction (D:\Smmplan\node_modules\@babel\pars
er\lib\index.js:13434:10)
    at Parser.parseFunctionStatement (D:\Smmplan\node_modules\@b
abel\parser\lib\index.js:13115:17)
    at Parser.parseStatementContent (D:\Smmplan\node_modules\@ba
bel\parser\lib\index.js:12880:25)
    at Parser.parseStatementLike (D:\Smmplan\node_modules\@babel
\parser\lib\index.js:12757:17)
    at Parser.parseModuleItem (D:\Smmplan\node_modules\@babel\pa
rser\lib\index.js:12734:17)
    at Parser.parseBlockOrModuleBlockBody (D:\Smmplan\node_modul
es\@babel\parser\lib\index.js:13306:36)
    at Parser.parseBlockBody (D:\Smmplan\node_modules\@babel\par
ser\lib\index.js:13299:10)
    at Parser.parseProgram (D:\Smmplan\node_modules\@babel\parse
r\lib\index.js:12612:10)
    at Parser.parseTopLevel (D:\Smmplan\node_modules\@babel\pars
er\lib\index.js:12602:25)
    at Parser.parse (D:\Smmplan\node_modules\@babel\parser\lib\i
ndex.js:14478:25)
    at parse (D:\Smmplan\node_modules\@babel\parser\lib\index.js
:14512:38)
Failed to collect coverage from D:\Smmplan\src\app\admin\legal\c
omponents\LegalContentManager.tsx
ERROR: D:\Smmplan\src\app\admin\legal\components\LegalContentMan
ager.tsx: Support for the experimental syntax 'jsx' isn't curren
tly enabled (49:13):

[0m [90m 47 |[39m         setIsCreateModalOpen([36mfalse[39
m)[33m;[39m
 [90m 48 |[39m     }[33m;[39m
[31m[1m>[22m[39m[90m 49 |[39m     [36mreturn[39m ([33m<
[39m[33mdiv[39m className[33m=[39m[32m"space-y-6"[39m[33
m>[39m
 [90m    |[39m             [31m[1m^[22m[39m
 [90m 50 |[39m             {[90m/* HEADER WITH CREATE BUTTON 
*/[39m}
 [90m 51 |[39m             [33m<[39m[33mdiv[39m className
[33m=[39m[32m"flex items-center justify-between px-4"[39m[33
m>[39m
 [90m 52 |[39m                 [33m<[39m[33mh3[39m classNa
me[33m=[39m[32m"flex items-center gap-2 font-black uppercase 
text-xs tracking-widest text-slate-400"[39m[33m>[39m[0m

Add @babel/preset-react (https://github.com/babel/babel/tree/mai
n/packages/babel-preset-react) to the 'presets' section of your 
Babel config to enable transformation.
If you want to leave it as-is, add @babel/plugin-syntax-jsx (htt
ps://github.com/babel/babel/tree/main/packages/babel-plugin-synt
ax-jsx) to the 'plugins' section to enable parsing.

If you already added the plugin for this syntax to your config, 
it's possible that your config isn't being loaded.
You can re-run Babel with the BABEL_SHOW_CONFIG_FOR environment 
variable to show the loaded configuration:
	npx cross-env BABEL_SHOW_CONFIG_FOR=D:\Smmplan\src\app\admin\le
gal\components\LegalContentManager.tsx <your build command>
See https://babeljs.io/docs/configuration#print-effective-config
s for more info.

STACK: SyntaxError: D:\Smmplan\src\app\admin\legal\components\Le
galContentManager.tsx: Support for the experimental syntax 'jsx'
 isn't currently enabled (49:13):

[0m [90m 47 |[39m         setIsCreateModalOpen([36mfalse[39
m)[33m;[39m
 [90m 48 |[39m     }[33m;[39m
[31m[1m>[22m[39m[90m 49 |[39m     [36mreturn[39m ([33m<
[39m[33mdiv[39m className[33m=[39m[32m"space-y-6"[39m[33
m>[39m
 [90m    |[39m             [31m[1m^[22m[39m
 [90m 50 |[39m             {[90m/* HEADER WITH CREATE BUTTON 
*/[39m}
 [90m 51 |[39m             [33m<[39m[33mdiv[39m className
[33m=[39m[32m"flex items-center justify-between px-4"[39m[33
m>[39m
 [90m 52 |[39m                 [33m<[39m[33mh3[39m classNa
me[33m=[39m[32m"flex items-center gap-2 font-black uppercase 
text-xs tracking-widest text-slate-400"[39m[33m>[39m[0m

Add @babel/preset-react (https://github.com/babel/babel/tree/mai
n/packages/babel-preset-react) to the 'presets' section of your 
Babel config to enable transformation.
If you want to leave it as-is, add @babel/plugin-syntax-jsx (htt
ps://github.com/babel/babel/tree/main/packages/babel-plugin-synt
ax-jsx) to the 'plugins' section to enable parsing.

If you already added the plugin for this syntax to your config, 
it's possible that your config isn't being loaded.
You can re-run Babel with the BABEL_SHOW_CONFIG_FOR environment 
variable to show the loaded configuration:
	npx cross-env BABEL_SHOW_CONFIG_FOR=D:\Smmplan\src\app\admin\le
gal\components\LegalContentManager.tsx <your build command>
See https://babeljs.io/docs/configuration#print-effective-config
s for more info.

    at constructor (D:\Smmplan\node_modules\@babel\parser\lib\in
dex.js:365:19)
    at Parser.raise (D:\Smmplan\node_modules\@babel\parser\lib\i
ndex.js:6599:19)
    at Parser.expectOnePlugin (D:\Smmplan\node_modules\@babel\pa
rser\lib\index.js:6633:18)
    at Parser.parseExprAtom (D:\Smmplan\node_modules\@babel\pars
er\lib\index.js:11388:24)
    at Parser.parseExprSubscripts (D:\Smmplan\node_modules\@babe
l\parser\lib\index.js:11071:23)
    at Parser.parseUpdate (D:\Smmplan\node_modules\@babel\parser
\lib\index.js:11056:21)
    at Parser.parseMaybeUnary (D:\Smmplan\node_modules\@babel\pa
rser\lib\index.js:11036:23)
    at Parser.parseMaybeUnaryOrPrivate (D:\Smmplan\node_modules\
@babel\parser\lib\index.js:10889:61)
    at Parser.parseExprOps (D:\Smmplan\node_modules\@babel\parse
r\lib\index.js:10894:23)
    at Parser.parseMaybeConditional (D:\Smmplan\node_modules\@ba
bel\parser\lib\index.js:10871:23)
    at Parser.parseMaybeAssign (D:\Smmplan\node_modules\@babel\p
arser\lib\index.js:10821:21)
    at D:\Smmplan\node_modules\@babel\parser\lib\index.js:10790:
39
    at Parser.allowInAnd (D:\Smmplan\node_modules\@babel\parser\
lib\index.js:12416:12)
    at Parser.parseMaybeAssignAllowIn (D:\Smmplan\node_modules\@
babel\parser\lib\index.js:10790:17)
    at Parser.parseMaybeAssignAllowInOrVoidPattern (D:\Smmplan\n
ode_modules\@babel\parser\lib\index.js:12483:17)
    at Parser.parseParenAndDistinguishExpression (D:\Smmplan\nod
e_modules\@babel\parser\lib\index.js:11665:28)
    at Parser.parseExprAtom (D:\Smmplan\node_modules\@babel\pars
er\lib\index.js:11321:23)
    at Parser.parseExprSubscripts (D:\Smmplan\node_modules\@babe
l\parser\lib\index.js:11071:23)
    at Parser.parseUpdate (D:\Smmplan\node_modules\@babel\parser
\lib\index.js:11056:21)
    at Parser.parseMaybeUnary (D:\Smmplan\node_modules\@babel\pa
rser\lib\index.js:11036:23)
    at Parser.parseMaybeUnaryOrPrivate (D:\Smmplan\node_modules\
@babel\parser\lib\index.js:10889:61)
    at Parser.parseExprOps (D:\Smmplan\node_modules\@babel\parse
r\lib\index.js:10894:23)
    at Parser.parseMaybeConditional (D:\Smmplan\node_modules\@ba
bel\parser\lib\index.js:10871:23)
    at Parser.parseMaybeAssign (D:\Smmplan\node_modules\@babel\p
arser\lib\index.js:10821:21)
    at Parser.parseExpressionBase (D:\Smmplan\node_modules\@babe
l\parser\lib\index.js:10774:23)
    at D:\Smmplan\node_modules\@babel\parser\lib\index.js:10770:
39
    at Parser.allowInAnd (D:\Smmplan\node_modules\@babel\parser\
lib\index.js:12411:16)
    at Parser.parseExpression (D:\Smmplan\node_modules\@babel\pa
rser\lib\index.js:10770:17)
    at Parser.parseReturnStatement (D:\Smmplan\node_modules\@bab
el\parser\lib\index.js:13132:28)
    at Parser.parseStatementContent (D:\Smmplan\node_modules\@ba
bel\parser\lib\index.js:12788:21)
    at Parser.parseStatementLike (D:\Smmplan\node_modules\@babel
\parser\lib\index.js:12757:17)
    at Parser.parseStatementListItem (D:\Smmplan\node_modules\@b
abel\parser\lib\index.js:12737:17)
    at Parser.parseBlockOrModuleBlockBody (D:\Smmplan\node_modul
es\@babel\parser\lib\index.js:13306:61)
    at Parser.parseBlockBody (D:\Smmplan\node_modules\@babel\par
ser\lib\index.js:13299:10)
    at Parser.parseBlock (D:\Smmplan\node_modules\@babel\parser\
lib\index.js:13287:10)
    at Parser.parseFunctionBody (D:\Smmplan\node_modules\@babel\
parser\lib\index.js:12090:24)
    at Parser.parseFunctionBodyAndFinish (D:\Smmplan\node_module
s\@babel\parser\lib\index.js:12076:10)
    at D:\Smmplan\node_modules\@babel\parser\lib\index.js:13435:
12
    at Parser.withSmartMixTopicForbiddingContext (D:\Smmplan\nod
e_modules\@babel\parser\lib\index.js:12393:14)
    at Parser.parseFunction (D:\Smmplan\node_modules\@babel\pars
er\lib\index.js:13434:10)
    at Parser.parseFunctionStatement (D:\Smmplan\node_modules\@b
abel\parser\lib\index.js:13115:17)
    at Parser.parseStatementContent (D:\Smmplan\node_modules\@ba
bel\parser\lib\index.js:12781:21)
    at Parser.parseStatementLike (D:\Smmplan\node_modules\@babel
\parser\lib\index.js:12757:17)
    at Parser.parseModuleItem (D:\Smmplan\node_modules\@babel\pa
rser\lib\index.js:12734:17)
    at Parser.parseBlockOrModuleBlockBody (D:\Smmplan\node_modul
es\@babel\parser\lib\index.js:13306:36)
    at Parser.parseBlockBody (D:\Smmplan\node_modules\@babel\par
ser\lib\index.js:13299:10)
    at Parser.parseProgram (D:\Smmplan\node_modules\@babel\parse
r\lib\index.js:12612:10)
    at Parser.parseTopLevel (D:\Smmplan\node_modules\@babel\pars
er\lib\index.js:12602:25)
    at Parser.parse (D:\Smmplan\node_modules\@babel\parser\lib\i
ndex.js:14478:25)
    at parse (D:\Smmplan\node_modules\@babel\parser\lib\index.js
:14512:38)
Failed to collect coverage from D:\Smmplan\src\app\admin\legal\c
omponents\DeleteDocumentButton.tsx
ERROR: D:\Smmplan\src\app\admin\legal\components\DeleteDocumentB
utton.tsx: Support for the experimental syntax 'jsx' isn't curre
ntly enabled (63:13):

[0m [90m 61 |[39m         }
 [90m 62 |[39m     }
[31m[1m>[22m[39m[90m 63 |[39m     [36mreturn[39m ([33m<
[39m[33mbutton[39m onClick[33m=[39m{handleDelete} disabled
[33m=[39m{loading} className[33m=[39m[32m"p-2 text-slate-400
 hover:text-red-500 hover:bg-red-50 rounded-lg transition-all di
sabled:opacity-50"[39m[33m>[39m
 [90m    |[39m             [31m[1m^[22m[39m
 [90m 64 |[39m             {loading [33m?[39m [33m<[39m[3
3mlucide_react_1[39m[33m.[39m[33mLoader2[39m size[33m=[39
m{[35m18[39m} className[33m=[39m[32m"animate-spin"[39m[35
m/> : <lucide_react_1.Trash2 size={18}/[39m[33m>[39m}
 [90m 65 |[39m         [33m<[39m[33m/[39m[33mbutton[39m
[33m>[39m)[33m;[39m
 [90m 66 |[39m }[0m

Add @babel/preset-react (https://github.com/babel/babel/tree/mai
n/packages/babel-preset-react) to the 'presets' section of your 
Babel config to enable transformation.
If you want to leave it as-is, add @babel/plugin-syntax-jsx (htt
ps://github.com/babel/babel/tree/main/packages/babel-plugin-synt
ax-jsx) to the 'plugins' section to enable parsing.

If you already added the plugin for this syntax to your config, 
it's possible that your config isn't being loaded.
You can re-run Babel with the BABEL_SHOW_CONFIG_FOR environment 
variable to show the loaded configuration:
	npx cross-env BABEL_SHOW_CONFIG_FOR=D:\Smmplan\src\app\admin\le
gal\components\DeleteDocumentButton.tsx <your build command>
See https://babeljs.io/docs/configuration#print-effective-config
s for more info.

STACK: SyntaxError: D:\Smmplan\src\app\admin\legal\components\De
leteDocumentButton.tsx: Support for the experimental syntax 'jsx
' isn't currently enabled (63:13):

[0m [90m 61 |[39m         }
 [90m 62 |[39m     }
[31m[1m>[22m[39m[90m 63 |[39m     [36mreturn[39m ([33m<
[39m[33mbutton[39m onClick[33m=[39m{handleDelete} disabled
[33m=[39m{loading} className[33m=[39m[32m"p-2 text-slate-400
 hover:text-red-500 hover:bg-red-50 rounded-lg transition-all di
sabled:opacity-50"[39m[33m>[39m
 [90m    |[39m             [31m[1m^[22m[39m
 [90m 64 |[39m             {loading [33m?[39m [33m<[39m[3
3mlucide_react_1[39m[33m.[39m[33mLoader2[39m size[33m=[39
m{[35m18[39m} className[33m=[39m[32m"animate-spin"[39m[35
m/> : <lucide_react_1.Trash2 size={18}/[39m[33m>[39m}
 [90m 65 |[39m         [33m<[39m[33m/[39m[33mbutton[39m
[33m>[39m)[33m;[39m
 [90m 66 |[39m }[0m

Add @babel/preset-react (https://github.com/babel/babel/tree/mai
n/packages/babel-preset-react) to the 'presets' section of your 
Babel config to enable transformation.
If you want to leave it as-is, add @babel/plugin-syntax-jsx (htt
ps://github.com/babel/babel/tree/main/packages/babel-plugin-synt
ax-jsx) to the 'plugins' section to enable parsing.

If you already added the plugin for this syntax to your config, 
it's possible that your config isn't being loaded.
You can re-run Babel with the BABEL_SHOW_CONFIG_FOR environment 
variable to show the loaded configuration:
	npx cross-env BABEL_SHOW_CONFIG_FOR=D:\Smmplan\src\app\admin\le
gal\components\DeleteDocumentButton.tsx <your build command>
See https://babeljs.io/docs/configuration#print-effective-config
s for more info.

    at constructor (D:\Smmplan\node_modules\@babel\parser\lib\in
dex.js:365:19)
    at Parser.raise (D:\Smmplan\node_modules\@babel\parser\lib\i
ndex.js:6599:19)
    at Parser.expectOnePlugin (D:\Smmplan\node_modules\@babel\pa
rser\lib\index.js:6633:18)
    at Parser.parseExprAtom (D:\Smmplan\node_modules\@babel\pars
er\lib\index.js:11388:24)
    at Parser.parseExprSubscripts (D:\Smmplan\node_modules\@babe
l\parser\lib\index.js:11071:23)
    at Parser.parseUpdate (D:\Smmplan\node_modules\@babel\parser
\lib\index.js:11056:21)
    at Parser.parseMaybeUnary (D:\Smmplan\node_modules\@babel\pa
rser\lib\index.js:11036:23)
    at Parser.parseMaybeUnaryOrPrivate (D:\Smmplan\node_modules\
@babel\parser\lib\index.js:10889:61)
    at Parser.parseExprOps (D:\Smmplan\node_modules\@babel\parse
r\lib\index.js:10894:23)
    at Parser.parseMaybeConditional (D:\Smmplan\node_modules\@ba
bel\parser\lib\index.js:10871:23)
    at Parser.parseMaybeAssign (D:\Smmplan\node_modules\@babel\p
arser\lib\index.js:10821:21)
    at D:\Smmplan\node_modules\@babel\parser\lib\index.js:10790:
39
    at Parser.allowInAnd (D:\Smmplan\node_modules\@babel\parser\
lib\index.js:12416:12)
    at Parser.parseMaybeAssignAllowIn (D:\Smmplan\node_modules\@
babel\parser\lib\index.js:10790:17)
    at Parser.parseMaybeAssignAllowInOrVoidPattern (D:\Smmplan\n
ode_modules\@babel\parser\lib\index.js:12483:17)
    at Parser.parseParenAndDistinguishExpression (D:\Smmplan\nod
e_modules\@babel\parser\lib\index.js:11665:28)
    at Parser.parseExprAtom (D:\Smmplan\node_modules\@babel\pars
er\lib\index.js:11321:23)
    at Parser.parseExprSubscripts (D:\Smmplan\node_modules\@babe
l\parser\lib\index.js:11071:23)
    at Parser.parseUpdate (D:\Smmplan\node_modules\@babel\parser
\lib\index.js:11056:21)
    at Parser.parseMaybeUnary (D:\Smmplan\node_modules\@babel\pa
rser\lib\index.js:11036:23)
    at Parser.parseMaybeUnaryOrPrivate (D:\Smmplan\node_modules\
@babel\parser\lib\index.js:10889:61)
    at Parser.parseExprOps (D:\Smmplan\node_modules\@babel\parse
r\lib\index.js:10894:23)
    at Parser.parseMaybeConditional (D:\Smmplan\node_modules\@ba
bel\parser\lib\index.js:10871:23)
    at Parser.parseMaybeAssign (D:\Smmplan\node_modules\@babel\p
arser\lib\index.js:10821:21)
    at Parser.parseExpressionBase (D:\Smmplan\node_modules\@babe
l\parser\lib\index.js:10774:23)
    at D:\Smmplan\node_modules\@babel\parser\lib\index.js:10770:
39
    at Parser.allowInAnd (D:\Smmplan\node_modules\@babel\parser\
lib\index.js:12411:16)
    at Parser.parseExpression (D:\Smmplan\node_modules\@babel\pa
rser\lib\index.js:10770:17)
    at Parser.parseReturnStatement (D:\Smmplan\node_modules\@bab
el\parser\lib\index.js:13132:28)
    at Parser.parseStatementContent (D:\Smmplan\node_modules\@ba
bel\parser\lib\index.js:12788:21)
    at Parser.parseStatementLike (D:\Smmplan\node_modules\@babel
\parser\lib\index.js:12757:17)
    at Parser.parseStatementListItem (D:\Smmplan\node_modules\@b
abel\parser\lib\index.js:12737:17)
    at Parser.parseBlockOrModuleBlockBody (D:\Smmplan\node_modul
es\@babel\parser\lib\index.js:13306:61)
    at Parser.parseBlockBody (D:\Smmplan\node_modules\@babel\par
ser\lib\index.js:13299:10)
    at Parser.parseBlock (D:\Smmplan\node_modules\@babel\parser\
lib\index.js:13287:10)
    at Parser.parseFunctionBody (D:\Smmplan\node_modules\@babel\
parser\lib\index.js:12090:24)
    at Parser.parseFunctionBodyAndFinish (D:\Smmplan\node_module
s\@babel\parser\lib\index.js:12076:10)
    at D:\Smmplan\node_modules\@babel\parser\lib\index.js:13435:
12
    at Parser.withSmartMixTopicForbiddingContext (D:\Smmplan\nod
e_modules\@babel\parser\lib\index.js:12393:14)
    at Parser.parseFunction (D:\Smmplan\node_modules\@babel\pars
er\lib\index.js:13434:10)
    at Parser.parseFunctionStatement (D:\Smmplan\node_modules\@b
abel\parser\lib\index.js:13115:17)
    at Parser.parseStatementContent (D:\Smmplan\node_modules\@ba
bel\parser\lib\index.js:12781:21)
    at Parser.parseStatementLike (D:\Smmplan\node_modules\@babel
\parser\lib\index.js:12757:17)
    at Parser.parseModuleItem (D:\Smmplan\node_modules\@babel\pa
rser\lib\index.js:12734:17)
    at Parser.parseBlockOrModuleBlockBody (D:\Smmplan\node_modul
es\@babel\parser\lib\index.js:13306:36)
    at Parser.parseBlockBody (D:\Smmplan\node_modules\@babel\par
ser\lib\index.js:13299:10)
    at Parser.parseProgram (D:\Smmplan\node_modules\@babel\parse
r\lib\index.js:12612:10)
    at Parser.parseTopLevel (D:\Smmplan\node_modules\@babel\pars
er\lib\index.js:12602:25)
    at Parser.parse (D:\Smmplan\node_modules\@babel\parser\lib\i
ndex.js:14478:25)
    at parse (D:\Smmplan\node_modules\@babel\parser\lib\index.js
:14512:38)
Failed to collect coverage from D:\Smmplan\src\app\admin\news\ne
w\page.tsx
ERROR: D:\Smmplan\src\app\admin\news\new\page.tsx: Support for t
he experimental syntax 'jsx' isn't currently enabled (12:13):

[0m [90m 10 |[39m [36mconst[39m actions_1 [33m=[39m requi
re([32m"../actions"[39m)[33m;[39m
 [90m 11 |[39m [36mfunction[39m [33mNewNewsPage[39m() {
[31m[1m>[22m[39m[90m 12 |[39m     [36mreturn[39m ([33m<
[39m[33mdiv[39m className[33m=[39m[32m"space-y-6 max-w-3xl
"[39m[33m>[39m
 [90m    |[39m             [31m[1m^[22m[39m
 [90m 13 |[39m       [33m<[39m[33mdiv[39m className[33m=
[39m[32m"flex items-center gap-4"[39m[33m>[39m
 [90m 14 |[39m         [33m<[39m[33mlink_1[39m[33m.[39m
[36mdefault[39m href[33m=[39m[32m"/admin/news"[39m classNam
e[33m=[39m[32m"p-2 bg-white border border-slate-200 rounded-l
g hover:bg-slate-50 transition-colors"[39m[33m>[39m
 [90m 15 |[39m           [33m<[39m[33mlucide_react_1[39m[
33m.[39m[33mArrowLeft[39m size[33m=[39m{[35m20[39m} class
Name[33m=[39m[32m"text-slate-600"[39m[33m/[39m[33m>[39m
[0m

Add @babel/preset-react (https://github.com/babel/babel/tree/mai
n/packages/babel-preset-react) to the 'presets' section of your 
Babel config to enable transformation.
If you want to leave it as-is, add @babel/plugin-syntax-jsx (htt
ps://github.com/babel/babel/tree/main/packages/babel-plugin-synt
ax-jsx) to the 'plugins' section to enable parsing.

If you already added the plugin for this syntax to your config, 
it's possible that your config isn't being loaded.
You can re-run Babel with the BABEL_SHOW_CONFIG_FOR environment 
variable to show the loaded configuration:
	npx cross-env BABEL_SHOW_CONFIG_FOR=D:\Smmplan\src\app\admin\ne
ws\new\page.tsx <your build command>
See https://babeljs.io/docs/configuration#print-effective-config
s for more info.

STACK: SyntaxError: D:\Smmplan\src\app\admin\news\new\page.tsx: 
Support for the experimental syntax 'jsx' isn't currently enable
d (12:13):

[0m [90m 10 |[39m [36mconst[39m actions_1 [33m=[39m requi
re([32m"../actions"[39m)[33m;[39m
 [90m 11 |[39m [36mfunction[39m [33mNewNewsPage[39m() {
[31m[1m>[22m[39m[90m 12 |[39m     [36mreturn[39m ([33m<
[39m[33mdiv[39m className[33m=[39m[32m"space-y-6 max-w-3xl
"[39m[33m>[39m
 [90m    |[39m             [31m[1m^[22m[39m
 [90m 13 |[39m       [33m<[39m[33mdiv[39m className[33m=
[39m[32m"flex items-center gap-4"[39m[33m>[39m
 [90m 14 |[39m         [33m<[39m[33mlink_1[39m[33m.[39m
[36mdefault[39m href[33m=[39m[32m"/admin/news"[39m classNam
e[33m=[39m[32m"p-2 bg-white border border-slate-200 rounded-l
g hover:bg-slate-50 transition-colors"[39m[33m>[39m
 [90m 15 |[39m           [33m<[39m[33mlucide_react_1[39m[
33m.[39m[33mArrowLeft[39m size[33m=[39m{[35m20[39m} class
Name[33m=[39m[32m"text-slate-600"[39m[33m/[39m[33m>[39m
[0m

Add @babel/preset-react (https://github.com/babel/babel/tree/mai
n/packages/babel-preset-react) to the 'presets' section of your 
Babel config to enable transformation.
If you want to leave it as-is, add @babel/plugin-syntax-jsx (htt
ps://github.com/babel/babel/tree/main/packages/babel-plugin-synt
ax-jsx) to the 'plugins' section to enable parsing.

If you already added the plugin for this syntax to your config, 
it's possible that your config isn't being loaded.
You can re-run Babel with the BABEL_SHOW_CONFIG_FOR environment 
variable to show the loaded configuration:
	npx cross-env BABEL_SHOW_CONFIG_FOR=D:\Smmplan\src\app\admin\ne
ws\new\page.tsx <your build command>
See https://babeljs.io/docs/configuration#print-effective-config
s for more info.

    at constructor (D:\Smmplan\node_modules\@babel\parser\lib\in
dex.js:365:19)
    at Parser.raise (D:\Smmplan\node_modules\@babel\parser\lib\i
ndex.js:6599:19)
    at Parser.expectOnePlugin (D:\Smmplan\node_modules\@babel\pa
rser\lib\index.js:6633:18)
    at Parser.parseExprAtom (D:\Smmplan\node_modules\@babel\pars
er\lib\index.js:11388:24)
    at Parser.parseExprSubscripts (D:\Smmplan\node_modules\@babe
l\parser\lib\index.js:11071:23)
    at Parser.parseUpdate (D:\Smmplan\node_modules\@babel\parser
\lib\index.js:11056:21)
    at Parser.parseMaybeUnary (D:\Smmplan\node_modules\@babel\pa
rser\lib\index.js:11036:23)
    at Parser.parseMaybeUnaryOrPrivate (D:\Smmplan\node_modules\
@babel\parser\lib\index.js:10889:61)
    at Parser.parseExprOps (D:\Smmplan\node_modules\@babel\parse
r\lib\index.js:10894:23)
    at Parser.parseMaybeConditional (D:\Smmplan\node_modules\@ba
bel\parser\lib\index.js:10871:23)
    at Parser.parseMaybeAssign (D:\Smmplan\node_modules\@babel\p
arser\lib\index.js:10821:21)
    at D:\Smmplan\node_modules\@babel\parser\lib\index.js:10790:
39
    at Parser.allowInAnd (D:\Smmplan\node_modules\@babel\parser\
lib\index.js:12416:12)
    at Parser.parseMaybeAssignAllowIn (D:\Smmplan\node_modules\@
babel\parser\lib\index.js:10790:17)
    at Parser.parseMaybeAssignAllowInOrVoidPattern (D:\Smmplan\n
ode_modules\@babel\parser\lib\index.js:12483:17)
    at Parser.parseParenAndDistinguishExpression (D:\Smmplan\nod
e_modules\@babel\parser\lib\index.js:11665:28)
    at Parser.parseExprAtom (D:\Smmplan\node_modules\@babel\pars
er\lib\index.js:11321:23)
    at Parser.parseExprSubscripts (D:\Smmplan\node_modules\@babe
l\parser\lib\index.js:11071:23)
    at Parser.parseUpdate (D:\Smmplan\node_modules\@babel\parser
\lib\index.js:11056:21)
    at Parser.parseMaybeUnary (D:\Smmplan\node_modules\@babel\pa
rser\lib\index.js:11036:23)
    at Parser.parseMaybeUnaryOrPrivate (D:\Smmplan\node_modules\
@babel\parser\lib\index.js:10889:61)
    at Parser.parseExprOps (D:\Smmplan\node_modules\@babel\parse
r\lib\index.js:10894:23)
    at Parser.parseMaybeConditional (D:\Smmplan\node_modules\@ba
bel\parser\lib\index.js:10871:23)
    at Parser.parseMaybeAssign (D:\Smmplan\node_modules\@babel\p
arser\lib\index.js:10821:21)
    at Parser.parseExpressionBase (D:\Smmplan\node_modules\@babe
l\parser\lib\index.js:10774:23)
    at D:\Smmplan\node_modules\@babel\parser\lib\index.js:10770:
39
    at Parser.allowInAnd (D:\Smmplan\node_modules\@babel\parser\
lib\index.js:12411:16)
    at Parser.parseExpression (D:\Smmplan\node_modules\@babel\pa
rser\lib\index.js:10770:17)
    at Parser.parseReturnStatement (D:\Smmplan\node_modules\@bab
el\parser\lib\index.js:13132:28)
    at Parser.parseStatementContent (D:\Smmplan\node_modules\@ba
bel\parser\lib\index.js:12788:21)
    at Parser.parseStatementLike (D:\Smmplan\node_modules\@babel
\parser\lib\index.js:12757:17)
    at Parser.parseStatementListItem (D:\Smmplan\node_modules\@b
abel\parser\lib\index.js:12737:17)
    at Parser.parseBlockOrModuleBlockBody (D:\Smmplan\node_modul
es\@babel\parser\lib\index.js:13306:61)
    at Parser.parseBlockBody (D:\Smmplan\node_modules\@babel\par
ser\lib\index.js:13299:10)
    at Parser.parseBlock (D:\Smmplan\node_modules\@babel\parser\
lib\index.js:13287:10)
    at Parser.parseFunctionBody (D:\Smmplan\node_modules\@babel\
parser\lib\index.js:12090:24)
    at Parser.parseFunctionBodyAndFinish (D:\Smmplan\node_module
s\@babel\parser\lib\index.js:12076:10)
    at D:\Smmplan\node_modules\@babel\parser\lib\index.js:13435:
12
    at Parser.withSmartMixTopicForbiddingContext (D:\Smmplan\nod
e_modules\@babel\parser\lib\index.js:12393:14)
    at Parser.parseFunction (D:\Smmplan\node_modules\@babel\pars
er\lib\index.js:13434:10)
    at Parser.parseFunctionStatement (D:\Smmplan\node_modules\@b
abel\parser\lib\index.js:13115:17)
    at Parser.parseStatementContent (D:\Smmplan\node_modules\@ba
bel\parser\lib\index.js:12781:21)
    at Parser.parseStatementLike (D:\Smmplan\node_modules\@babel
\parser\lib\index.js:12757:17)
    at Parser.parseModuleItem (D:\Smmplan\node_modules\@babel\pa
rser\lib\index.js:12734:17)
    at Parser.parseBlockOrModuleBlockBody (D:\Smmplan\node_modul
es\@babel\parser\lib\index.js:13306:36)
    at Parser.parseBlockBody (D:\Smmplan\node_modules\@babel\par
ser\lib\index.js:13299:10)
    at Parser.parseProgram (D:\Smmplan\node_modules\@babel\parse
r\lib\index.js:12612:10)
    at Parser.parseTopLevel (D:\Smmplan\node_modules\@babel\pars
er\lib\index.js:12602:25)
    at Parser.parse (D:\Smmplan\node_modules\@babel\parser\lib\i
ndex.js:14478:25)
    at parse (D:\Smmplan\node_modules\@babel\parser\lib\index.js
:14512:38)
Failed to collect coverage from D:\Smmplan\src\app\admin\provide
rs\new\page.tsx
ERROR: D:\Smmplan\src\app\admin\providers\new\page.tsx: Support 
for the experimental syntax 'jsx' isn't currently enabled (13:13
):

[0m [90m 11 |[39m [36mconst[39m info_tooltip_1 [33m=[39m 
require([32m"@/components/admin/core/info-tooltip"[39m)[33m;
[39m
 [90m 12 |[39m [36mfunction[39m [33mNewProviderPage[39m() 
{
[31m[1m>[22m[39m[90m 13 |[39m     [36mreturn[39m ([33m<
[39m[33mdiv[39m className[33m=[39m[32m"space-y-6 max-w-4xl
 mx-auto pb-20"[39m[33m>[39m
 [90m    |[39m             [31m[1m^[22m[39m
 [90m 14 |[39m       [33m<[39m[33mdiv[39m className[33m=
[39m[32m"flex items-center gap-4"[39m[33m>[39m
 [90m 15 |[39m         [33m<[39m[33mlink_1[39m[33m.[39m
[36mdefault[39m href[33m=[39m[32m"/admin/providers"[39m cla
ssName[33m=[39m[32m"p-2 bg-white border border-slate-200 roun
ded-lg hover:bg-slate-50 transition-colors"[39m[33m>[39m
 [90m 16 |[39m           [33m<[39m[33mlucide_react_1[39m[
33m.[39m[33mArrowLeft[39m size[33m=[39m{[35m20[39m} class
Name[33m=[39m[32m"text-slate-600"[39m[33m/[39m[33m>[39m
[0m

Add @babel/preset-react (https://github.com/babel/babel/tree/mai
n/packages/babel-preset-react) to the 'presets' section of your 
Babel config to enable transformation.
If you want to leave it as-is, add @babel/plugin-syntax-jsx (htt
ps://github.com/babel/babel/tree/main/packages/babel-plugin-synt
ax-jsx) to the 'plugins' section to enable parsing.

If you already added the plugin for this syntax to your config, 
it's possible that your config isn't being loaded.
You can re-run Babel with the BABEL_SHOW_CONFIG_FOR environment 
variable to show the loaded configuration:
	npx cross-env BABEL_SHOW_CONFIG_FOR=D:\Smmplan\src\app\admin\pr
oviders\new\page.tsx <your build command>
See https://babeljs.io/docs/configuration#print-effective-config
s for more info.

STACK: SyntaxError: D:\Smmplan\src\app\admin\providers\new\page.
tsx: Support for the experimental syntax 'jsx' isn't currently e
nabled (13:13):

[0m [90m 11 |[39m [36mconst[39m info_tooltip_1 [33m=[39m 
require([32m"@/components/admin/core/info-tooltip"[39m)[33m;
[39m
 [90m 12 |[39m [36mfunction[39m [33mNewProviderPage[39m() 
{
[31m[1m>[22m[39m[90m 13 |[39m     [36mreturn[39m ([33m<
[39m[33mdiv[39m className[33m=[39m[32m"space-y-6 max-w-4xl
 mx-auto pb-20"[39m[33m>[39m
 [90m    |[39m             [31m[1m^[22m[39m
 [90m 14 |[39m       [33m<[39m[33mdiv[39m className[33m=
[39m[32m"flex items-center gap-4"[39m[33m>[39m
 [90m 15 |[39m         [33m<[39m[33mlink_1[39m[33m.[39m
[36mdefault[39m href[33m=[39m[32m"/admin/providers"[39m cla
ssName[33m=[39m[32m"p-2 bg-white border border-slate-200 roun
ded-lg hover:bg-slate-50 transition-colors"[39m[33m>[39m
 [90m 16 |[39m           [33m<[39m[33mlucide_react_1[39m[
33m.[39m[33mArrowLeft[39m size[33m=[39m{[35m20[39m} class
Name[33m=[39m[32m"text-slate-600"[39m[33m/[39m[33m>[39m
[0m

Add @babel/preset-react (https://github.com/babel/babel/tree/mai
n/packages/babel-preset-react) to the 'presets' section of your 
Babel config to enable transformation.
If you want to leave it as-is, add @babel/plugin-syntax-jsx (htt
ps://github.com/babel/babel/tree/main/packages/babel-plugin-synt
ax-jsx) to the 'plugins' section to enable parsing.

If you already added the plugin for this syntax to your config, 
it's possible that your config isn't being loaded.
You can re-run Babel with the BABEL_SHOW_CONFIG_FOR environment 
variable to show the loaded configuration:
	npx cross-env BABEL_SHOW_CONFIG_FOR=D:\Smmplan\src\app\admin\pr
oviders\new\page.tsx <your build command>
See https://babeljs.io/docs/configuration#print-effective-config
s for more info.

    at constructor (D:\Smmplan\node_modules\@babel\parser\lib\in
dex.js:365:19)
    at Parser.raise (D:\Smmplan\node_modules\@babel\parser\lib\i
ndex.js:6599:19)
    at Parser.expectOnePlugin (D:\Smmplan\node_modules\@babel\pa
rser\lib\index.js:6633:18)
    at Parser.parseExprAtom (D:\Smmplan\node_modules\@babel\pars
er\lib\index.js:11388:24)
    at Parser.parseExprSubscripts (D:\Smmplan\node_modules\@babe
l\parser\lib\index.js:11071:23)
    at Parser.parseUpdate (D:\Smmplan\node_modules\@babel\parser
\lib\index.js:11056:21)
    at Parser.parseMaybeUnary (D:\Smmplan\node_modules\@babel\pa
rser\lib\index.js:11036:23)
    at Parser.parseMaybeUnaryOrPrivate (D:\Smmplan\node_modules\
@babel\parser\lib\index.js:10889:61)
    at Parser.parseExprOps (D:\Smmplan\node_modules\@babel\parse
r\lib\index.js:10894:23)
    at Parser.parseMaybeConditional (D:\Smmplan\node_modules\@ba
bel\parser\lib\index.js:10871:23)
    at Parser.parseMaybeAssign (D:\Smmplan\node_modules\@babel\p
arser\lib\index.js:10821:21)
    at D:\Smmplan\node_modules\@babel\parser\lib\index.js:10790:
39
    at Parser.allowInAnd (D:\Smmplan\node_modules\@babel\parser\
lib\index.js:12416:12)
    at Parser.parseMaybeAssignAllowIn (D:\Smmplan\node_modules\@
babel\parser\lib\index.js:10790:17)
    at Parser.parseMaybeAssignAllowInOrVoidPattern (D:\Smmplan\n
ode_modules\@babel\parser\lib\index.js:12483:17)
    at Parser.parseParenAndDistinguishExpression (D:\Smmplan\nod
e_modules\@babel\parser\lib\index.js:11665:28)
    at Parser.parseExprAtom (D:\Smmplan\node_modules\@babel\pars
er\lib\index.js:11321:23)
    at Parser.parseExprSubscripts (D:\Smmplan\node_modules\@babe
l\parser\lib\index.js:11071:23)
    at Parser.parseUpdate (D:\Smmplan\node_modules\@babel\parser
\lib\index.js:11056:21)
    at Parser.parseMaybeUnary (D:\Smmplan\node_modules\@babel\pa
rser\lib\index.js:11036:23)
    at Parser.parseMaybeUnaryOrPrivate (D:\Smmplan\node_modules\
@babel\parser\lib\index.js:10889:61)
    at Parser.parseExprOps (D:\Smmplan\node_modules\@babel\parse
r\lib\index.js:10894:23)
    at Parser.parseMaybeConditional (D:\Smmplan\node_modules\@ba
bel\parser\lib\index.js:10871:23)
    at Parser.parseMaybeAssign (D:\Smmplan\node_modules\@babel\p
arser\lib\index.js:10821:21)
    at Parser.parseExpressionBase (D:\Smmplan\node_modules\@babe
l\parser\lib\index.js:10774:23)
    at D:\Smmplan\node_modules\@babel\parser\lib\index.js:10770:
39
    at Parser.allowInAnd (D:\Smmplan\node_modules\@babel\parser\
lib\index.js:12411:16)
    at Parser.parseExpression (D:\Smmplan\node_modules\@babel\pa
rser\lib\index.js:10770:17)
    at Parser.parseReturnStatement (D:\Smmplan\node_modules\@bab
el\parser\lib\index.js:13132:28)
    at Parser.parseStatementContent (D:\Smmplan\node_modules\@ba
bel\parser\lib\index.js:12788:21)
    at Parser.parseStatementLike (D:\Smmplan\node_modules\@babel
\parser\lib\index.js:12757:17)
    at Parser.parseStatementListItem (D:\Smmplan\node_modules\@b
abel\parser\lib\index.js:12737:17)
    at Parser.parseBlockOrModuleBlockBody (D:\Smmplan\node_modul
es\@babel\parser\lib\index.js:13306:61)
    at Parser.parseBlockBody (D:\Smmplan\node_modules\@babel\par
ser\lib\index.js:13299:10)
    at Parser.parseBlock (D:\Smmplan\node_modules\@babel\parser\
lib\index.js:13287:10)
    at Parser.parseFunctionBody (D:\Smmplan\node_modules\@babel\
parser\lib\index.js:12090:24)
    at Parser.parseFunctionBodyAndFinish (D:\Smmplan\node_module
s\@babel\parser\lib\index.js:12076:10)
    at D:\Smmplan\node_modules\@babel\parser\lib\index.js:13435:
12
    at Parser.withSmartMixTopicForbiddingContext (D:\Smmplan\nod
e_modules\@babel\parser\lib\index.js:12393:14)
    at Parser.parseFunction (D:\Smmplan\node_modules\@babel\pars
er\lib\index.js:13434:10)
    at Parser.parseFunctionStatement (D:\Smmplan\node_modules\@b
abel\parser\lib\index.js:13115:17)
    at Parser.parseStatementContent (D:\Smmplan\node_modules\@ba
bel\parser\lib\index.js:12781:21)
    at Parser.parseStatementLike (D:\Smmplan\node_modules\@babel
\parser\lib\index.js:12757:17)
    at Parser.parseModuleItem (D:\Smmplan\node_modules\@babel\pa
rser\lib\index.js:12734:17)
    at Parser.parseBlockOrModuleBlockBody (D:\Smmplan\node_modul
es\@babel\parser\lib\index.js:13306:36)
    at Parser.parseBlockBody (D:\Smmplan\node_modules\@babel\par
ser\lib\index.js:13299:10)
    at Parser.parseProgram (D:\Smmplan\node_modules\@babel\parse
r\lib\index.js:12612:10)
    at Parser.parseTopLevel (D:\Smmplan\node_modules\@babel\pars
er\lib\index.js:12602:25)
    at Parser.parse (D:\Smmplan\node_modules\@babel\parser\lib\i
ndex.js:14478:25)
    at parse (D:\Smmplan\node_modules\@babel\parser\lib\index.js
:14512:38)
Failed to collect coverage from D:\Smmplan\src\app\admin\legal\c
omponents\LegalDocumentForm.tsx
ERROR: D:\Smmplan\src\app\admin\legal\components\LegalDocumentFo
rm.tsx: Support for the experimental syntax 'jsx' isn't currentl
y enabled (119:13):

[0m [90m 117 |[39m         }
 [90m 118 |[39m     }
[31m[1m>[22m[39m[90m 119 |[39m     [36mreturn[39m ([33m
<[39m[33mform[39m onSubmit[33m=[39m{handleSubmit} className
[33m=[39m[32m"space-y-6"[39m[33m>[39m
 [90m     |[39m             [31m[1m^[22m[39m
 [90m 120 |[39m             {[90m/* ╨Я╨а╨Х╨б╨Х╨в╨л */[39m}
 [90m 121 |[39m             [33m<[39m[33mdiv[39m className
[33m=[39m[32m"space-y-2"[39m[33m>[39m
 [90m 122 |[39m                 [33m<[39m[33mlabel[39m cla
ssName[33m=[39m[32m"text-[10px] font-black text-slate-400 upp
ercase tracking-widest ml-1"[39m[33m>[39m[33m╨С╤Л╤Б╤В╤А╤Л╨╡
[39m ╨┐╤А╨╡╤Б╨╡╤В╤Л ╤В╨╡╨║╤Б╤В╨░[33m<[39m[33m/[39m[33mlabel
[39m[33m>[39m[0m

Add @babel/preset-react (https://github.com/babel/babel/tree/mai
n/packages/babel-preset-react) to the 'presets' section of your 
Babel config to enable transformation.
If you want to leave it as-is, add @babel/plugin-syntax-jsx (htt
ps://github.com/babel/babel/tree/main/packages/babel-plugin-synt
ax-jsx) to the 'plugins' section to enable parsing.

If you already added the plugin for this syntax to your config, 
it's possible that your config isn't being loaded.
You can re-run Babel with the BABEL_SHOW_CONFIG_FOR environment 
variable to show the loaded configuration:
	npx cross-env BABEL_SHOW_CONFIG_FOR=D:\Smmplan\src\app\admin\le
gal\components\LegalDocumentForm.tsx <your build command>
See https://babeljs.io/docs/configuration#print-effective-config
s for more info.

STACK: SyntaxError: D:\Smmplan\src\app\admin\legal\components\Le
galDocumentForm.tsx: Support for the experimental syntax 'jsx' i
sn't currently enabled (119:13):

[0m [90m 117 |[39m         }
 [90m 118 |[39m     }
[31m[1m>[22m[39m[90m 119 |[39m     [36mreturn[39m ([33m
<[39m[33mform[39m onSubmit[33m=[39m{handleSubmit} className
[33m=[39m[32m"space-y-6"[39m[33m>[39m
 [90m     |[39m             [31m[1m^[22m[39m
 [90m 120 |[39m             {[90m/* ╨Я╨а╨Х╨б╨Х╨в╨л */[39m}
 [90m 121 |[39m             [33m<[39m[33mdiv[39m className
[33m=[39m[32m"space-y-2"[39m[33m>[39m
 [90m 122 |[39m                 [33m<[39m[33mlabel[39m cla
ssName[33m=[39m[32m"text-[10px] font-black text-slate-400 upp
ercase tracking-widest ml-1"[39m[33m>[39m[33m╨С╤Л╤Б╤В╤А╤Л╨╡
[39m ╨┐╤А╨╡╤Б╨╡╤В╤Л ╤В╨╡╨║╤Б╤В╨░[33m<[39m[33m/[39m[33mlabel
[39m[33m>[39m[0m

Add @babel/preset-react (https://github.com/babel/babel/tree/mai
n/packages/babel-preset-react) to the 'presets' section of your 
Babel config to enable transformation.
If you want to leave it as-is, add @babel/plugin-syntax-jsx (htt
ps://github.com/babel/babel/tree/main/packages/babel-plugin-synt
ax-jsx) to the 'plugins' section to enable parsing.

If you already added the plugin for this syntax to your config, 
it's possible that your config isn't being loaded.
You can re-run Babel with the BABEL_SHOW_CONFIG_FOR environment 
variable to show the loaded configuration:
	npx cross-env BABEL_SHOW_CONFIG_FOR=D:\Smmplan\src\app\admin\le
gal\components\LegalDocumentForm.tsx <your build command>
See https://babeljs.io/docs/configuration#print-effective-config
s for more info.

    at constructor (D:\Smmplan\node_modules\@babel\parser\lib\in
dex.js:365:19)
    at Parser.raise (D:\Smmplan\node_modules\@babel\parser\lib\i
ndex.js:6599:19)
    at Parser.expectOnePlugin (D:\Smmplan\node_modules\@babel\pa
rser\lib\index.js:6633:18)
    at Parser.parseExprAtom (D:\Smmplan\node_modules\@babel\pars
er\lib\index.js:11388:24)
    at Parser.parseExprSubscripts (D:\Smmplan\node_modules\@babe
l\parser\lib\index.js:11071:23)
    at Parser.parseUpdate (D:\Smmplan\node_modules\@babel\parser
\lib\index.js:11056:21)
    at Parser.parseMaybeUnary (D:\Smmplan\node_modules\@babel\pa
rser\lib\index.js:11036:23)
    at Parser.parseMaybeUnaryOrPrivate (D:\Smmplan\node_modules\
@babel\parser\lib\index.js:10889:61)
    at Parser.parseExprOps (D:\Smmplan\node_modules\@babel\parse
r\lib\index.js:10894:23)
    at Parser.parseMaybeConditional (D:\Smmplan\node_modules\@ba
bel\parser\lib\index.js:10871:23)
    at Parser.parseMaybeAssign (D:\Smmplan\node_modules\@babel\p
arser\lib\index.js:10821:21)
    at D:\Smmplan\node_modules\@babel\parser\lib\index.js:10790:
39
    at Parser.allowInAnd (D:\Smmplan\node_modules\@babel\parser\
lib\index.js:12416:12)
    at Parser.parseMaybeAssignAllowIn (D:\Smmplan\node_modules\@
babel\parser\lib\index.js:10790:17)
    at Parser.parseMaybeAssignAllowInOrVoidPattern (D:\Smmplan\n
ode_modules\@babel\parser\lib\index.js:12483:17)
    at Parser.parseParenAndDistinguishExpression (D:\Smmplan\nod
e_modules\@babel\parser\lib\index.js:11665:28)
    at Parser.parseExprAtom (D:\Smmplan\node_modules\@babel\pars
er\lib\index.js:11321:23)
    at Parser.parseExprSubscripts (D:\Smmplan\node_modules\@babe
l\parser\lib\index.js:11071:23)
    at Parser.parseUpdate (D:\Smmplan\node_modules\@babel\parser
\lib\index.js:11056:21)
    at Parser.parseMaybeUnary (D:\Smmplan\node_modules\@babel\pa
rser\lib\index.js:11036:23)
    at Parser.parseMaybeUnaryOrPrivate (D:\Smmplan\node_modules\
@babel\parser\lib\index.js:10889:61)
    at Parser.parseExprOps (D:\Smmplan\node_modules\@babel\parse
r\lib\index.js:10894:23)
    at Parser.parseMaybeConditional (D:\Smmplan\node_modules\@ba
bel\parser\lib\index.js:10871:23)
    at Parser.parseMaybeAssign (D:\Smmplan\node_modules\@babel\p
arser\lib\index.js:10821:21)
    at Parser.parseExpressionBase (D:\Smmplan\node_modules\@babe
l\parser\lib\index.js:10774:23)
    at D:\Smmplan\node_modules\@babel\parser\lib\index.js:10770:
39
    at Parser.allowInAnd (D:\Smmplan\node_modules\@babel\parser\
lib\index.js:12411:16)
    at Parser.parseExpression (D:\Smmplan\node_modules\@babel\pa
rser\lib\index.js:10770:17)
    at Parser.parseReturnStatement (D:\Smmplan\node_modules\@bab
el\parser\lib\index.js:13132:28)
    at Parser.parseStatementContent (D:\Smmplan\node_modules\@ba
bel\parser\lib\index.js:12788:21)
    at Parser.parseStatementLike (D:\Smmplan\node_modules\@babel
\parser\lib\index.js:12757:17)
    at Parser.parseStatementListItem (D:\Smmplan\node_modules\@b
abel\parser\lib\index.js:12737:17)
    at Parser.parseBlockOrModuleBlockBody (D:\Smmplan\node_modul
es\@babel\parser\lib\index.js:13306:61)
    at Parser.parseBlockBody (D:\Smmplan\node_modules\@babel\par
ser\lib\index.js:13299:10)
    at Parser.parseBlock (D:\Smmplan\node_modules\@babel\parser\
lib\index.js:13287:10)
    at Parser.parseFunctionBody (D:\Smmplan\node_modules\@babel\
parser\lib\index.js:12090:24)
    at Parser.parseFunctionBodyAndFinish (D:\Smmplan\node_module
s\@babel\parser\lib\index.js:12076:10)
    at D:\Smmplan\node_modules\@babel\parser\lib\index.js:13435:
12
    at Parser.withSmartMixTopicForbiddingContext (D:\Smmplan\nod
e_modules\@babel\parser\lib\index.js:12393:14)
    at Parser.parseFunction (D:\Smmplan\node_modules\@babel\pars
er\lib\index.js:13434:10)
    at Parser.parseFunctionStatement (D:\Smmplan\node_modules\@b
abel\parser\lib\index.js:13115:17)
    at Parser.parseStatementContent (D:\Smmplan\node_modules\@ba
bel\parser\lib\index.js:12781:21)
    at Parser.parseStatementLike (D:\Smmplan\node_modules\@babel
\parser\lib\index.js:12757:17)
    at Parser.parseModuleItem (D:\Smmplan\node_modules\@babel\pa
rser\lib\index.js:12734:17)
    at Parser.parseBlockOrModuleBlockBody (D:\Smmplan\node_modul
es\@babel\parser\lib\index.js:13306:36)
    at Parser.parseBlockBody (D:\Smmplan\node_modules\@babel\par
ser\lib\index.js:13299:10)
    at Parser.parseProgram (D:\Smmplan\node_modules\@babel\parse
r\lib\index.js:12612:10)
    at Parser.parseTopLevel (D:\Smmplan\node_modules\@babel\pars
er\lib\index.js:12602:25)
    at Parser.parse (D:\Smmplan\node_modules\@babel\parser\lib\i
ndex.js:14478:25)
    at parse (D:\Smmplan\node_modules\@babel\parser\lib\index.js
:14512:38)
Failed to collect coverage from D:\Smmplan\src\app\admin\project
s\[id]\page.tsx
ERROR: D:\Smmplan\src\app\admin\projects\[id]\page.tsx: Support 
for the experimental syntax 'jsx' isn't currently enabled (29:17
):

[0m [90m 27 |[39m     [90m// ╨Я╨а╨Ю╨Т╨Х╨а╨Ъ╨Р ╨Ф╨Ю╨б╨в╨г╨Я╨Р
: ╨Х╤Б╨╗╨╕ ╨╜╨╡ ╨│╨╗╨╛╨▒╨░╨╗╤М╨╜╤Л╨╣ ╨░╨┤╨╝╨╕╨╜ ╨╕ ╨┐╤А╨╛╨╡╨║╤В 
╨╜╨╡ ╨▓ ╤Б╨┐╨╕╤Б╨║╨╡ ╤А╨░╨╖╤А╨╡╤И╨╡╨╜╨╜╤Л╤Е[39m
 [90m 28 |[39m     [36mif[39m ([33m![39msession[33m.[39m
isGlobalAdmin [33m&&[39m [33m![39msession[33m.[39mallowedP
rojects[33m?[39m[33m.[39mincludes(id)) {
[31m[1m>[22m[39m[90m 29 |[39m         [36mreturn[39m ([
33m<[39m[33mdiv[39m className[33m=[39m[32m"flex flex-col i
tems-center justify-center min-h-[60vh] space-y-4"[39m[33m>[3
9m
 [90m    |[39m                 [31m[1m^[22m[39m
 [90m 30 |[39m                 [33m<[39m[33mdiv[39m classN
ame[33m=[39m[32m"p-4 bg-rose-50 text-rose-600 rounded-2xl fon
t-black uppercase text-xs"[39m[33m>[39m[33m╨Ф╨╛╤Б╤В╤Г╨┐[39m
 ╨╖╨░╨┐╤А╨╡╤Й╨╡╨╜[33m<[39m[33m/[39m[33mdiv[39m[33m>[39m
 [90m 31 |[39m                 [33m<[39m[33mp[39m classNam
e[33m=[39m[32m"text-slate-500 text-sm"[39m[33m>[39m[33m╨г
[39m ╨▓╨░╤Б ╨╜╨╡╤В ╨┐╤А╨░╨▓ ╨╜╨░ ╤Г╨┐╤А╨░╨▓╨╗╨╡╨╜╨╕╨╡ ╤Н╤В╨╕╨╝ 
╨┐╤А╨╛╨╡╨║╤В╨╛╨╝[33m.[39m[33m<[39m[33m/[39m[33mp[39m[33
m>[39m
 [90m 32 |[39m                 [33m<[39m[33mlink_1[39m[33
m.[39m[36mdefault[39m href[33m=[39m[32m"/admin/projects"[
39m className[33m=[39m[32m"text-blue-600 font-bold text-sm un
derline"[39m[33m>[39m[33m╨Т╨╡╤А╨╜╤Г╤В╤М╤Б╤П[39m ╨║ ╤Б╨┐╨╕╤Б
╨║╤Г[33m<[39m[33m/[39m[33mlink_1[39m[33m.[39m[36mdefaul
t[39m[33m>[39m[0m

Add @babel/preset-react (https://github.com/babel/babel/tree/mai
n/packages/babel-preset-react) to the 'presets' section of your 
Babel config to enable transformation.
If you want to leave it as-is, add @babel/plugin-syntax-jsx (htt
ps://github.com/babel/babel/tree/main/packages/babel-plugin-synt
ax-jsx) to the 'plugins' section to enable parsing.

If you already added the plugin for this syntax to your config, 
it's possible that your config isn't being loaded.
You can re-run Babel with the BABEL_SHOW_CONFIG_FOR environment 
variable to show the loaded configuration:
	npx cross-env BABEL_SHOW_CONFIG_FOR=D:\Smmplan\src\app\admin\pr
ojects\[id]\page.tsx <your build command>
See https://babeljs.io/docs/configuration#print-effective-config
s for more info.

STACK: SyntaxError: D:\Smmplan\src\app\admin\projects\[id]\page.
tsx: Support for the experimental syntax 'jsx' isn't currently e
nabled (29:17):

[0m [90m 27 |[39m     [90m// ╨Я╨а╨Ю╨Т╨Х╨а╨Ъ╨Р ╨Ф╨Ю╨б╨в╨г╨Я╨Р
: ╨Х╤Б╨╗╨╕ ╨╜╨╡ ╨│╨╗╨╛╨▒╨░╨╗╤М╨╜╤Л╨╣ ╨░╨┤╨╝╨╕╨╜ ╨╕ ╨┐╤А╨╛╨╡╨║╤В 
╨╜╨╡ ╨▓ ╤Б╨┐╨╕╤Б╨║╨╡ ╤А╨░╨╖╤А╨╡╤И╨╡╨╜╨╜╤Л╤Е[39m
 [90m 28 |[39m     [36mif[39m ([33m![39msession[33m.[39m
isGlobalAdmin [33m&&[39m [33m![39msession[33m.[39mallowedP
rojects[33m?[39m[33m.[39mincludes(id)) {
[31m[1m>[22m[39m[90m 29 |[39m         [36mreturn[39m ([
33m<[39m[33mdiv[39m className[33m=[39m[32m"flex flex-col i
tems-center justify-center min-h-[60vh] space-y-4"[39m[33m>[3
9m
 [90m    |[39m                 [31m[1m^[22m[39m
 [90m 30 |[39m                 [33m<[39m[33mdiv[39m classN
ame[33m=[39m[32m"p-4 bg-rose-50 text-rose-600 rounded-2xl fon
t-black uppercase text-xs"[39m[33m>[39m[33m╨Ф╨╛╤Б╤В╤Г╨┐[39m
 ╨╖╨░╨┐╤А╨╡╤Й╨╡╨╜[33m<[39m[33m/[39m[33mdiv[39m[33m>[39m
 [90m 31 |[39m                 [33m<[39m[33mp[39m classNam
e[33m=[39m[32m"text-slate-500 text-sm"[39m[33m>[39m[33m╨г
[39m ╨▓╨░╤Б ╨╜╨╡╤В ╨┐╤А╨░╨▓ ╨╜╨░ ╤Г╨┐╤А╨░╨▓╨╗╨╡╨╜╨╕╨╡ ╤Н╤В╨╕╨╝ 
╨┐╤А╨╛╨╡╨║╤В╨╛╨╝[33m.[39m[33m<[39m[33m/[39m[33mp[39m[33
m>[39m
 [90m 32 |[39m                 [33m<[39m[33mlink_1[39m[33
m.[39m[36mdefault[39m href[33m=[39m[32m"/admin/projects"[
39m className[33m=[39m[32m"text-blue-600 font-bold text-sm un
derline"[39m[33m>[39m[33m╨Т╨╡╤А╨╜╤Г╤В╤М╤Б╤П[39m ╨║ ╤Б╨┐╨╕╤Б
╨║╤Г[33m<[39m[33m/[39m[33mlink_1[39m[33m.[39m[36mdefaul
t[39m[33m>[39m[0m

Add @babel/preset-react (https://github.com/babel/babel/tree/mai
n/packages/babel-preset-react) to the 'presets' section of your 
Babel config to enable transformation.
If you want to leave it as-is, add @babel/plugin-syntax-jsx (htt
ps://github.com/babel/babel/tree/main/packages/babel-plugin-synt
ax-jsx) to the 'plugins' section to enable parsing.

If you already added the plugin for this syntax to your config, 
it's possible that your config isn't being loaded.
You can re-run Babel with the BABEL_SHOW_CONFIG_FOR environment 
variable to show the loaded configuration:
	npx cross-env BABEL_SHOW_CONFIG_FOR=D:\Smmplan\src\app\admin\pr
ojects\[id]\page.tsx <your build command>
See https://babeljs.io/docs/configuration#print-effective-config
s for more info.

    at constructor (D:\Smmplan\node_modules\@babel\parser\lib\in
dex.js:365:19)
    at Parser.raise (D:\Smmplan\node_modules\@babel\parser\lib\i
ndex.js:6599:19)
    at Parser.expectOnePlugin (D:\Smmplan\node_modules\@babel\pa
rser\lib\index.js:6633:18)
    at Parser.parseExprAtom (D:\Smmplan\node_modules\@babel\pars
er\lib\index.js:11388:24)
    at Parser.parseExprSubscripts (D:\Smmplan\node_modules\@babe
l\parser\lib\index.js:11071:23)
    at Parser.parseUpdate (D:\Smmplan\node_modules\@babel\parser
\lib\index.js:11056:21)
    at Parser.parseMaybeUnary (D:\Smmplan\node_modules\@babel\pa
rser\lib\index.js:11036:23)
    at Parser.parseMaybeUnaryOrPrivate (D:\Smmplan\node_modules\
@babel\parser\lib\index.js:10889:61)
    at Parser.parseExprOps (D:\Smmplan\node_modules\@babel\parse
r\lib\index.js:10894:23)
    at Parser.parseMaybeConditional (D:\Smmplan\node_modules\@ba
bel\parser\lib\index.js:10871:23)
    at Parser.parseMaybeAssign (D:\Smmplan\node_modules\@babel\p
arser\lib\index.js:10821:21)
    at D:\Smmplan\node_modules\@babel\parser\lib\index.js:10790:
39
    at Parser.allowInAnd (D:\Smmplan\node_modules\@babel\parser\
lib\index.js:12416:12)
    at Parser.parseMaybeAssignAllowIn (D:\Smmplan\node_modules\@
babel\parser\lib\index.js:10790:17)
    at Parser.parseMaybeAssignAllowInOrVoidPattern (D:\Smmplan\n
ode_modules\@babel\parser\lib\index.js:12483:17)
    at Parser.parseParenAndDistinguishExpression (D:\Smmplan\nod
e_modules\@babel\parser\lib\index.js:11665:28)
    at Parser.parseExprAtom (D:\Smmplan\node_modules\@babel\pars
er\lib\index.js:11321:23)
    at Parser.parseExprSubscripts (D:\Smmplan\node_modules\@babe
l\parser\lib\index.js:11071:23)
    at Parser.parseUpdate (D:\Smmplan\node_modules\@babel\parser
\lib\index.js:11056:21)
    at Parser.parseMaybeUnary (D:\Smmplan\node_modules\@babel\pa
rser\lib\index.js:11036:23)
    at Parser.parseMaybeUnaryOrPrivate (D:\Smmplan\node_modules\
@babel\parser\lib\index.js:10889:61)
    at Parser.parseExprOps (D:\Smmplan\node_modules\@babel\parse
r\lib\index.js:10894:23)
    at Parser.parseMaybeConditional (D:\Smmplan\node_modules\@ba
bel\parser\lib\index.js:10871:23)
    at Parser.parseMaybeAssign (D:\Smmplan\node_modules\@babel\p
arser\lib\index.js:10821:21)
    at Parser.parseExpressionBase (D:\Smmplan\node_modules\@babe
l\parser\lib\index.js:10774:23)
    at D:\Smmplan\node_modules\@babel\parser\lib\index.js:10770:
39
    at Parser.allowInAnd (D:\Smmplan\node_modules\@babel\parser\
lib\index.js:12411:16)
    at Parser.parseExpression (D:\Smmplan\node_modules\@babel\pa
rser\lib\index.js:10770:17)
    at Parser.parseReturnStatement (D:\Smmplan\node_modules\@bab
el\parser\lib\index.js:13132:28)
    at Parser.parseStatementContent (D:\Smmplan\node_modules\@ba
bel\parser\lib\index.js:12788:21)
    at Parser.parseStatementLike (D:\Smmplan\node_modules\@babel
\parser\lib\index.js:12757:17)
    at Parser.parseStatementListItem (D:\Smmplan\node_modules\@b
abel\parser\lib\index.js:12737:17)
    at Parser.parseBlockOrModuleBlockBody (D:\Smmplan\node_modul
es\@babel\parser\lib\index.js:13306:61)
    at Parser.parseBlockBody (D:\Smmplan\node_modules\@babel\par
ser\lib\index.js:13299:10)
    at Parser.parseBlock (D:\Smmplan\node_modules\@babel\parser\
lib\index.js:13287:10)
    at Parser.parseStatementContent (D:\Smmplan\node_modules\@ba
bel\parser\lib\index.js:12848:21)
    at Parser.parseStatementLike (D:\Smmplan\node_modules\@babel
\parser\lib\index.js:12757:17)
    at Parser.parseStatementOrSloppyAnnexBFunctionDeclaration (D
:\Smmplan\node_modules\@babel\parser\lib\index.js:12747:17)
    at Parser.parseIfStatement (D:\Smmplan\node_modules\@babel\p
arser\lib\index.js:13120:28)
    at Parser.parseStatementContent (D:\Smmplan\node_modules\@ba
bel\parser\lib\index.js:12786:21)
    at Parser.parseStatementLike (D:\Smmplan\node_modules\@babel
\parser\lib\index.js:12757:17)
    at Parser.parseStatementListItem (D:\Smmplan\node_modules\@b
abel\parser\lib\index.js:12737:17)
    at Parser.parseBlockOrModuleBlockBody (D:\Smmplan\node_modul
es\@babel\parser\lib\index.js:13306:61)
    at Parser.parseBlockBody (D:\Smmplan\node_modules\@babel\par
ser\lib\index.js:13299:10)
    at Parser.parseBlock (D:\Smmplan\node_modules\@babel\parser\
lib\index.js:13287:10)
    at Parser.parseFunctionBody (D:\Smmplan\node_modules\@babel\
parser\lib\index.js:12090:24)
    at Parser.parseFunctionBodyAndFinish (D:\Smmplan\node_module
s\@babel\parser\lib\index.js:12076:10)
    at D:\Smmplan\node_modules\@babel\parser\lib\index.js:13435:
12
    at Parser.withSmartMixTopicForbiddingContext (D:\Smmplan\nod
e_modules\@babel\parser\lib\index.js:12393:14)
    at Parser.parseFunction (D:\Smmplan\node_modules\@babel\pars
er\lib\index.js:13434:10)
Failed to collect coverage from D:\Smmplan\src\app\admin\provide
rs\[id]\page.tsx
ERROR: D:\Smmplan\src\app\admin\providers\[id]\page.tsx: Support
 for the experimental syntax 'jsx' isn't currently enabled (30:1
3):

[0m [90m 28 |[39m     [36mconst[39m updateProviderWithId [
33m=[39m actions_1[33m.[39mupdateProvider[33m.[39mbind([36
mnull[39m[33m,[39m id)[33m;[39m
 [90m 29 |[39m     [36mconst[39m deleteProviderWithId [33m=
[39m actions_1[33m.[39mdeleteProvider[33m.[39mbind([36mnul
l[39m[33m,[39m id)[33m;[39m
[31m[1m>[22m[39m[90m 30 |[39m     [36mreturn[39m ([33m<
[39m[33mdiv[39m className[33m=[39m[32m"space-y-6 max-w-2xl
"[39m[33m>[39m
 [90m    |[39m             [31m[1m^[22m[39m
 [90m 31 |[39m       [33m<[39m[33mdiv[39m className[33m=
[39m[32m"flex items-center justify-between"[39m[33m>[39m
 [90m 32 |[39m         [33m<[39m[33mdiv[39m className[33m
=[39m[32m"flex items-center gap-4"[39m[33m>[39m
 [90m 33 |[39m           [33m<[39m[33mlink_1[39m[33m.[39
m[36mdefault[39m href[33m=[39m[32m"/admin/providers"[39m c
lassName[33m=[39m[32m"p-2 bg-white border border-slate-200 ro
unded-lg hover:bg-slate-50 transition-colors"[39m[33m>[39m[0
m

Add @babel/preset-react (https://github.com/babel/babel/tree/mai
n/packages/babel-preset-react) to the 'presets' section of your 
Babel config to enable transformation.
If you want to leave it as-is, add @babel/plugin-syntax-jsx (htt
ps://github.com/babel/babel/tree/main/packages/babel-plugin-synt
ax-jsx) to the 'plugins' section to enable parsing.

If you already added the plugin for this syntax to your config, 
it's possible that your config isn't being loaded.
You can re-run Babel with the BABEL_SHOW_CONFIG_FOR environment 
variable to show the loaded configuration:
	npx cross-env BABEL_SHOW_CONFIG_FOR=D:\Smmplan\src\app\admin\pr
oviders\[id]\page.tsx <your build command>
See https://babeljs.io/docs/configuration#print-effective-config
s for more info.

STACK: SyntaxError: D:\Smmplan\src\app\admin\providers\[id]\page
.tsx: Support for the experimental syntax 'jsx' isn't currently 
enabled (30:13):

[0m [90m 28 |[39m     [36mconst[39m updateProviderWithId [
33m=[39m actions_1[33m.[39mupdateProvider[33m.[39mbind([36
mnull[39m[33m,[39m id)[33m;[39m
 [90m 29 |[39m     [36mconst[39m deleteProviderWithId [33m=
[39m actions_1[33m.[39mdeleteProvider[33m.[39mbind([36mnul
l[39m[33m,[39m id)[33m;[39m
[31m[1m>[22m[39m[90m 30 |[39m     [36mreturn[39m ([33m<
[39m[33mdiv[39m className[33m=[39m[32m"space-y-6 max-w-2xl
"[39m[33m>[39m
 [90m    |[39m             [31m[1m^[22m[39m
 [90m 31 |[39m       [33m<[39m[33mdiv[39m className[33m=
[39m[32m"flex items-center justify-between"[39m[33m>[39m
 [90m 32 |[39m         [33m<[39m[33mdiv[39m className[33m
=[39m[32m"flex items-center gap-4"[39m[33m>[39m
 [90m 33 |[39m           [33m<[39m[33mlink_1[39m[33m.[39
m[36mdefault[39m href[33m=[39m[32m"/admin/providers"[39m c
lassName[33m=[39m[32m"p-2 bg-white border border-slate-200 ro
unded-lg hover:bg-slate-50 transition-colors"[39m[33m>[39m[0
m

Add @babel/preset-react (https://github.com/babel/babel/tree/mai
n/packages/babel-preset-react) to the 'presets' section of your 
Babel config to enable transformation.
If you want to leave it as-is, add @babel/plugin-syntax-jsx (htt
ps://github.com/babel/babel/tree/main/packages/babel-plugin-synt
ax-jsx) to the 'plugins' section to enable parsing.

If you already added the plugin for this syntax to your config, 
it's possible that your config isn't being loaded.
You can re-run Babel with the BABEL_SHOW_CONFIG_FOR environment 
variable to show the loaded configuration:
	npx cross-env BABEL_SHOW_CONFIG_FOR=D:\Smmplan\src\app\admin\pr
oviders\[id]\page.tsx <your build command>
See https://babeljs.io/docs/configuration#print-effective-config
s for more info.

    at constructor (D:\Smmplan\node_modules\@babel\parser\lib\in
dex.js:365:19)
    at Parser.raise (D:\Smmplan\node_modules\@babel\parser\lib\i
ndex.js:6599:19)
    at Parser.expectOnePlugin (D:\Smmplan\node_modules\@babel\pa
rser\lib\index.js:6633:18)
    at Parser.parseExprAtom (D:\Smmplan\node_modules\@babel\pars
er\lib\index.js:11388:24)
    at Parser.parseExprSubscripts (D:\Smmplan\node_modules\@babe
l\parser\lib\index.js:11071:23)
    at Parser.parseUpdate (D:\Smmplan\node_modules\@babel\parser
\lib\index.js:11056:21)
    at Parser.parseMaybeUnary (D:\Smmplan\node_modules\@babel\pa
rser\lib\index.js:11036:23)
    at Parser.parseMaybeUnaryOrPrivate (D:\Smmplan\node_modules\
@babel\parser\lib\index.js:10889:61)
    at Parser.parseExprOps (D:\Smmplan\node_modules\@babel\parse
r\lib\index.js:10894:23)
    at Parser.parseMaybeConditional (D:\Smmplan\node_modules\@ba
bel\parser\lib\index.js:10871:23)
    at Parser.parseMaybeAssign (D:\Smmplan\node_modules\@babel\p
arser\lib\index.js:10821:21)
    at D:\Smmplan\node_modules\@babel\parser\lib\index.js:10790:
39
    at Parser.allowInAnd (D:\Smmplan\node_modules\@babel\parser\
lib\index.js:12416:12)
    at Parser.parseMaybeAssignAllowIn (D:\Smmplan\node_modules\@
babel\parser\lib\index.js:10790:17)
    at Parser.parseMaybeAssignAllowInOrVoidPattern (D:\Smmplan\n
ode_modules\@babel\parser\lib\index.js:12483:17)
    at Parser.parseParenAndDistinguishExpression (D:\Smmplan\nod
e_modules\@babel\parser\lib\index.js:11665:28)
    at Parser.parseExprAtom (D:\Smmplan\node_modules\@babel\pars
er\lib\index.js:11321:23)
    at Parser.parseExprSubscripts (D:\Smmplan\node_modules\@babe
l\parser\lib\index.js:11071:23)
    at Parser.parseUpdate (D:\Smmplan\node_modules\@babel\parser
\lib\index.js:11056:21)
    at Parser.parseMaybeUnary (D:\Smmplan\node_modules\@babel\pa
rser\lib\index.js:11036:23)
    at Parser.parseMaybeUnaryOrPrivate (D:\Smmplan\node_modules\
@babel\parser\lib\index.js:10889:61)
    at Parser.parseExprOps (D:\Smmplan\node_modules\@babel\parse
r\lib\index.js:10894:23)
    at Parser.parseMaybeConditional (D:\Smmplan\node_modules\@ba
bel\parser\lib\index.js:10871:23)
    at Parser.parseMaybeAssign (D:\Smmplan\node_modules\@babel\p
arser\lib\index.js:10821:21)
    at Parser.parseExpressionBase (D:\Smmplan\node_modules\@babe
l\parser\lib\index.js:10774:23)
    at D:\Smmplan\node_modules\@babel\parser\lib\index.js:10770:
39
    at Parser.allowInAnd (D:\Smmplan\node_modules\@babel\parser\
lib\index.js:12411:16)
    at Parser.parseExpression (D:\Smmplan\node_modules\@babel\pa
rser\lib\index.js:10770:17)
    at Parser.parseReturnStatement (D:\Smmplan\node_modules\@bab
el\parser\lib\index.js:13132:28)
    at Parser.parseStatementContent (D:\Smmplan\node_modules\@ba
bel\parser\lib\index.js:12788:21)
    at Parser.parseStatementLike (D:\Smmplan\node_modules\@babel
\parser\lib\index.js:12757:17)
    at Parser.parseStatementListItem (D:\Smmplan\node_modules\@b
abel\parser\lib\index.js:12737:17)
    at Parser.parseBlockOrModuleBlockBody (D:\Smmplan\node_modul
es\@babel\parser\lib\index.js:13306:61)
    at Parser.parseBlockBody (D:\Smmplan\node_modules\@babel\par
ser\lib\index.js:13299:10)
    at Parser.parseBlock (D:\Smmplan\node_modules\@babel\parser\
lib\index.js:13287:10)
    at Parser.parseFunctionBody (D:\Smmplan\node_modules\@babel\
parser\lib\index.js:12090:24)
    at Parser.parseFunctionBodyAndFinish (D:\Smmplan\node_module
s\@babel\parser\lib\index.js:12076:10)
    at D:\Smmplan\node_modules\@babel\parser\lib\index.js:13435:
12
    at Parser.withSmartMixTopicForbiddingContext (D:\Smmplan\nod
e_modules\@babel\parser\lib\index.js:12393:14)
    at Parser.parseFunction (D:\Smmplan\node_modules\@babel\pars
er\lib\index.js:13434:10)
    at Parser.parseFunctionStatement (D:\Smmplan\node_modules\@b
abel\parser\lib\index.js:13115:17)
    at Parser.parseStatementContent (D:\Smmplan\node_modules\@ba
bel\parser\lib\index.js:12880:25)
    at Parser.parseStatementLike (D:\Smmplan\node_modules\@babel
\parser\lib\index.js:12757:17)
    at Parser.parseModuleItem (D:\Smmplan\node_modules\@babel\pa
rser\lib\index.js:12734:17)
    at Parser.parseBlockOrModuleBlockBody (D:\Smmplan\node_modul
es\@babel\parser\lib\index.js:13306:36)
    at Parser.parseBlockBody (D:\Smmplan\node_modules\@babel\par
ser\lib\index.js:13299:10)
    at Parser.parseProgram (D:\Smmplan\node_modules\@babel\parse
r\lib\index.js:12612:10)
    at Parser.parseTopLevel (D:\Smmplan\node_modules\@babel\pars
er\lib\index.js:12602:25)
    at Parser.parse (D:\Smmplan\node_modules\@babel\parser\lib\i
ndex.js:14478:25)
    at parse (D:\Smmplan\node_modules\@babel\parser\lib\index.js
:14512:38)
Failed to collect coverage from D:\Smmplan\src\app\admin\orders\
[id]\page.tsx
ERROR: D:\Smmplan\src\app\admin\orders\[id]\page.tsx: Support fo
r the experimental syntax 'jsx' isn't currently enabled (35:13):

[0m [90m 33 |[39m     [36mconst[39m statusLabel [33m=[39m
 ([35m0[39m[33m,[39m order_utils_1[33m.[39mgetOrderStatusL
abel)(order[33m.[39mstatus)[33m;[39m
 [90m 34 |[39m     [36mconst[39m statusColor [33m=[39m ([
35m0[39m[33m,[39m order_utils_1[33m.[39mgetOrderStatusColor
)(order[33m.[39mstatus)[33m;[39m
[31m[1m>[22m[39m[90m 35 |[39m     [36mreturn[39m ([33m<
[39m[33mdiv[39m className[33m=[39m[32m"space-y-6 max-w-6xl
"[39m[33m>[39m
 [90m    |[39m             [31m[1m^[22m[39m
 [90m 36 |[39m       {[90m/* Header */[39m}
 [90m 37 |[39m       [33m<[39m[33mdiv[39m className[33m=
[39m[32m"flex items-center justify-between"[39m[33m>[39m
 [90m 38 |[39m         [33m<[39m[33mdiv[39m className[33m
=[39m[32m"flex items-center gap-4"[39m[33m>[39m[0m

Add @babel/preset-react (https://github.com/babel/babel/tree/mai
n/packages/babel-preset-react) to the 'presets' section of your 
Babel config to enable transformation.
If you want to leave it as-is, add @babel/plugin-syntax-jsx (htt
ps://github.com/babel/babel/tree/main/packages/babel-plugin-synt
ax-jsx) to the 'plugins' section to enable parsing.

If you already added the plugin for this syntax to your config, 
it's possible that your config isn't being loaded.
You can re-run Babel with the BABEL_SHOW_CONFIG_FOR environment 
variable to show the loaded configuration:
	npx cross-env BABEL_SHOW_CONFIG_FOR=D:\Smmplan\src\app\admin\or
ders\[id]\page.tsx <your build command>
See https://babeljs.io/docs/configuration#print-effective-config
s for more info.

STACK: SyntaxError: D:\Smmplan\src\app\admin\orders\[id]\page.ts
x: Support for the experimental syntax 'jsx' isn't currently ena
bled (35:13):

[0m [90m 33 |[39m     [36mconst[39m statusLabel [33m=[39m
 ([35m0[39m[33m,[39m order_utils_1[33m.[39mgetOrderStatusL
abel)(order[33m.[39mstatus)[33m;[39m
 [90m 34 |[39m     [36mconst[39m statusColor [33m=[39m ([
35m0[39m[33m,[39m order_utils_1[33m.[39mgetOrderStatusColor
)(order[33m.[39mstatus)[33m;[39m
[31m[1m>[22m[39m[90m 35 |[39m     [36mreturn[39m ([33m<
[39m[33mdiv[39m className[33m=[39m[32m"space-y-6 max-w-6xl
"[39m[33m>[39m
 [90m    |[39m             [31m[1m^[22m[39m
 [90m 36 |[39m       {[90m/* Header */[39m}
 [90m 37 |[39m       [33m<[39m[33mdiv[39m className[33m=
[39m[32m"flex items-center justify-between"[39m[33m>[39m
 [90m 38 |[39m         [33m<[39m[33mdiv[39m className[33m
=[39m[32m"flex items-center gap-4"[39m[33m>[39m[0m

Add @babel/preset-react (https://github.com/babel/babel/tree/mai
n/packages/babel-preset-react) to the 'presets' section of your 
Babel config to enable transformation.
If you want to leave it as-is, add @babel/plugin-syntax-jsx (htt
ps://github.com/babel/babel/tree/main/packages/babel-plugin-synt
ax-jsx) to the 'plugins' section to enable parsing.

If you already added the plugin for this syntax to your config, 
it's possible that your config isn't being loaded.
You can re-run Babel with the BABEL_SHOW_CONFIG_FOR environment 
variable to show the loaded configuration:
	npx cross-env BABEL_SHOW_CONFIG_FOR=D:\Smmplan\src\app\admin\or
ders\[id]\page.tsx <your build command>
See https://babeljs.io/docs/configuration#print-effective-config
s for more info.

    at constructor (D:\Smmplan\node_modules\@babel\parser\lib\in
dex.js:365:19)
    at Parser.raise (D:\Smmplan\node_modules\@babel\parser\lib\i
ndex.js:6599:19)
    at Parser.expectOnePlugin (D:\Smmplan\node_modules\@babel\pa
rser\lib\index.js:6633:18)
    at Parser.parseExprAtom (D:\Smmplan\node_modules\@babel\pars
er\lib\index.js:11388:24)
    at Parser.parseExprSubscripts (D:\Smmplan\node_modules\@babe
l\parser\lib\index.js:11071:23)
    at Parser.parseUpdate (D:\Smmplan\node_modules\@babel\parser
\lib\index.js:11056:21)
    at Parser.parseMaybeUnary (D:\Smmplan\node_modules\@babel\pa
rser\lib\index.js:11036:23)
    at Parser.parseMaybeUnaryOrPrivate (D:\Smmplan\node_modules\
@babel\parser\lib\index.js:10889:61)
    at Parser.parseExprOps (D:\Smmplan\node_modules\@babel\parse
r\lib\index.js:10894:23)
    at Parser.parseMaybeConditional (D:\Smmplan\node_modules\@ba
bel\parser\lib\index.js:10871:23)
    at Parser.parseMaybeAssign (D:\Smmplan\node_modules\@babel\p
arser\lib\index.js:10821:21)
    at D:\Smmplan\node_modules\@babel\parser\lib\index.js:10790:
39
    at Parser.allowInAnd (D:\Smmplan\node_modules\@babel\parser\
lib\index.js:12416:12)
    at Parser.parseMaybeAssignAllowIn (D:\Smmplan\node_modules\@
babel\parser\lib\index.js:10790:17)
    at Parser.parseMaybeAssignAllowInOrVoidPattern (D:\Smmplan\n
ode_modules\@babel\parser\lib\index.js:12483:17)
    at Parser.parseParenAndDistinguishExpression (D:\Smmplan\nod
e_modules\@babel\parser\lib\index.js:11665:28)
    at Parser.parseExprAtom (D:\Smmplan\node_modules\@babel\pars
er\lib\index.js:11321:23)
    at Parser.parseExprSubscripts (D:\Smmplan\node_modules\@babe
l\parser\lib\index.js:11071:23)
    at Parser.parseUpdate (D:\Smmplan\node_modules\@babel\parser
\lib\index.js:11056:21)
    at Parser.parseMaybeUnary (D:\Smmplan\node_modules\@babel\pa
rser\lib\index.js:11036:23)
    at Parser.parseMaybeUnaryOrPrivate (D:\Smmplan\node_modules\
@babel\parser\lib\index.js:10889:61)
    at Parser.parseExprOps (D:\Smmplan\node_modules\@babel\parse
r\lib\index.js:10894:23)
    at Parser.parseMaybeConditional (D:\Smmplan\node_modules\@ba
bel\parser\lib\index.js:10871:23)
    at Parser.parseMaybeAssign (D:\Smmplan\node_modules\@babel\p
arser\lib\index.js:10821:21)
    at Parser.parseExpressionBase (D:\Smmplan\node_modules\@babe
l\parser\lib\index.js:10774:23)
    at D:\Smmplan\node_modules\@babel\parser\lib\index.js:10770:
39
    at Parser.allowInAnd (D:\Smmplan\node_modules\@babel\parser\
lib\index.js:12411:16)
    at Parser.parseExpression (D:\Smmplan\node_modules\@babel\pa
rser\lib\index.js:10770:17)
    at Parser.parseReturnStatement (D:\Smmplan\node_modules\@bab
el\parser\lib\index.js:13132:28)
    at Parser.parseStatementContent (D:\Smmplan\node_modules\@ba
bel\parser\lib\index.js:12788:21)
    at Parser.parseStatementLike (D:\Smmplan\node_modules\@babel
\parser\lib\index.js:12757:17)
    at Parser.parseStatementListItem (D:\Smmplan\node_modules\@b
abel\parser\lib\index.js:12737:17)
    at Parser.parseBlockOrModuleBlockBody (D:\Smmplan\node_modul
es\@babel\parser\lib\index.js:13306:61)
    at Parser.parseBlockBody (D:\Smmplan\node_modules\@babel\par
ser\lib\index.js:13299:10)
    at Parser.parseBlock (D:\Smmplan\node_modules\@babel\parser\
lib\index.js:13287:10)
    at Parser.parseFunctionBody (D:\Smmplan\node_modules\@babel\
parser\lib\index.js:12090:24)
    at Parser.parseFunctionBodyAndFinish (D:\Smmplan\node_module
s\@babel\parser\lib\index.js:12076:10)
    at D:\Smmplan\node_modules\@babel\parser\lib\index.js:13435:
12
    at Parser.withSmartMixTopicForbiddingContext (D:\Smmplan\nod
e_modules\@babel\parser\lib\index.js:12393:14)
    at Parser.parseFunction (D:\Smmplan\node_modules\@babel\pars
er\lib\index.js:13434:10)
    at Parser.parseFunctionStatement (D:\Smmplan\node_modules\@b
abel\parser\lib\index.js:13115:17)
    at Parser.parseStatementContent (D:\Smmplan\node_modules\@ba
bel\parser\lib\index.js:12880:25)
    at Parser.parseStatementLike (D:\Smmplan\node_modules\@babel
\parser\lib\index.js:12757:17)
    at Parser.parseModuleItem (D:\Smmplan\node_modules\@babel\pa
rser\lib\index.js:12734:17)
    at Parser.parseBlockOrModuleBlockBody (D:\Smmplan\node_modul
es\@babel\parser\lib\index.js:13306:36)
    at Parser.parseBlockBody (D:\Smmplan\node_modules\@babel\par
ser\lib\index.js:13299:10)
    at Parser.parseProgram (D:\Smmplan\node_modules\@babel\parse
r\lib\index.js:12612:10)
    at Parser.parseTopLevel (D:\Smmplan\node_modules\@babel\pars
er\lib\index.js:12602:25)
    at Parser.parse (D:\Smmplan\node_modules\@babel\parser\lib\i
ndex.js:14478:25)
    at parse (D:\Smmplan\node_modules\@babel\parser\lib\index.js
:14512:38)
Failed to collect coverage from D:\Smmplan\src\app\admin\service
s\health\page.tsx
ERROR: D:\Smmplan\src\app\admin\services\health\page.tsx: Suppor
t for the experimental syntax 'jsx' isn't currently enabled (17:
17):

[0m [90m 15 |[39m     [36mconst[39m { data[33m,[39m isLoa
ding } [33m=[39m ([35m0[39m[33m,[39m swr_1[33m.[39m[36m
default[39m)([32m'/api/admin/services/health'[39m[33m,[39m 
fetcher)[33m;[39m
 [90m 16 |[39m     [36mif[39m (isLoading)
[31m[1m>[22m[39m[90m 17 |[39m         [36mreturn[39m ([
33m<[39m[33mdiv[39m className[33m=[39m[32m"min-h-[60vh] fl
ex flex-col items-center justify-center space-y-4"[39m[33m>[3
9m
 [90m    |[39m                 [31m[1m^[22m[39m
 [90m 18 |[39m             [33m<[39m[33mlucide_react_1[39m
[33m.[39m[33mLoader2[39m className[33m=[39m[32m"animate-s
pin text-blue-600"[39m size[33m=[39m{[35m48[39m}[33m/[39m
[33m>[39m
 [90m 19 |[39m             [33m<[39m[33mp[39m className[3
3m=[39m[32m"text-slate-400 font-bold uppercase tracking-widest
 text-[10px]"[39m[33m>[39m[33m╨Р╨╜╨░╨╗╨╕╨╖[39m ╤Б╤В╨░╨▒╨╕╨╗
╤М╨╜╨╛╤Б╤В╨╕ ╨┐╤А╨╛╨▓╨░╨╣╨┤╨╡╤А╨╛╨▓[33m...[39m[33m<[39m[33m
/[39m[33mp[39m[33m>[39m
 [90m 20 |[39m         [33m<[39m[33m/[39m[33mdiv[39m[33
m>[39m)[33m;[39m[0m

Add @babel/preset-react (https://github.com/babel/babel/tree/mai
n/packages/babel-preset-react) to the 'presets' section of your 
Babel config to enable transformation.
If you want to leave it as-is, add @babel/plugin-syntax-jsx (htt
ps://github.com/babel/babel/tree/main/packages/babel-plugin-synt
ax-jsx) to the 'plugins' section to enable parsing.

If you already added the plugin for this syntax to your config, 
it's possible that your config isn't being loaded.
You can re-run Babel with the BABEL_SHOW_CONFIG_FOR environment 
variable to show the loaded configuration:
	npx cross-env BABEL_SHOW_CONFIG_FOR=D:\Smmplan\src\app\admin\se
rvices\health\page.tsx <your build command>
See https://babeljs.io/docs/configuration#print-effective-config
s for more info.

STACK: SyntaxError: D:\Smmplan\src\app\admin\services\health\pag
e.tsx: Support for the experimental syntax 'jsx' isn't currently
 enabled (17:17):

[0m [90m 15 |[39m     [36mconst[39m { data[33m,[39m isLoa
ding } [33m=[39m ([35m0[39m[33m,[39m swr_1[33m.[39m[36m
default[39m)([32m'/api/admin/services/health'[39m[33m,[39m 
fetcher)[33m;[39m
 [90m 16 |[39m     [36mif[39m (isLoading)
[31m[1m>[22m[39m[90m 17 |[39m         [36mreturn[39m ([
33m<[39m[33mdiv[39m className[33m=[39m[32m"min-h-[60vh] fl
ex flex-col items-center justify-center space-y-4"[39m[33m>[3
9m
 [90m    |[39m                 [31m[1m^[22m[39m
 [90m 18 |[39m             [33m<[39m[33mlucide_react_1[39m
[33m.[39m[33mLoader2[39m className[33m=[39m[32m"animate-s
pin text-blue-600"[39m size[33m=[39m{[35m48[39m}[33m/[39m
[33m>[39m
 [90m 19 |[39m             [33m<[39m[33mp[39m className[3
3m=[39m[32m"text-slate-400 font-bold uppercase tracking-widest
 text-[10px]"[39m[33m>[39m[33m╨Р╨╜╨░╨╗╨╕╨╖[39m ╤Б╤В╨░╨▒╨╕╨╗
╤М╨╜╨╛╤Б╤В╨╕ ╨┐╤А╨╛╨▓╨░╨╣╨┤╨╡╤А╨╛╨▓[33m...[39m[33m<[39m[33m
/[39m[33mp[39m[33m>[39m
 [90m 20 |[39m         [33m<[39m[33m/[39m[33mdiv[39m[33
m>[39m)[33m;[39m[0m

Add @babel/preset-react (https://github.com/babel/babel/tree/mai
n/packages/babel-preset-react) to the 'presets' section of your 
Babel config to enable transformation.
If you want to leave it as-is, add @babel/plugin-syntax-jsx (htt
ps://github.com/babel/babel/tree/main/packages/babel-plugin-synt
ax-jsx) to the 'plugins' section to enable parsing.

If you already added the plugin for this syntax to your config, 
it's possible that your config isn't being loaded.
You can re-run Babel with the BABEL_SHOW_CONFIG_FOR environment 
variable to show the loaded configuration:
	npx cross-env BABEL_SHOW_CONFIG_FOR=D:\Smmplan\src\app\admin\se
rvices\health\page.tsx <your build command>
See https://babeljs.io/docs/configuration#print-effective-config
s for more info.

    at constructor (D:\Smmplan\node_modules\@babel\parser\lib\in
dex.js:365:19)
    at Parser.raise (D:\Smmplan\node_modules\@babel\parser\lib\i
ndex.js:6599:19)
    at Parser.expectOnePlugin (D:\Smmplan\node_modules\@babel\pa
rser\lib\index.js:6633:18)
    at Parser.parseExprAtom (D:\Smmplan\node_modules\@babel\pars
er\lib\index.js:11388:24)
    at Parser.parseExprSubscripts (D:\Smmplan\node_modules\@babe
l\parser\lib\index.js:11071:23)
    at Parser.parseUpdate (D:\Smmplan\node_modules\@babel\parser
\lib\index.js:11056:21)
    at Parser.parseMaybeUnary (D:\Smmplan\node_modules\@babel\pa
rser\lib\index.js:11036:23)
    at Parser.parseMaybeUnaryOrPrivate (D:\Smmplan\node_modules\
@babel\parser\lib\index.js:10889:61)
    at Parser.parseExprOps (D:\Smmplan\node_modules\@babel\parse
r\lib\index.js:10894:23)
    at Parser.parseMaybeConditional (D:\Smmplan\node_modules\@ba
bel\parser\lib\index.js:10871:23)
    at Parser.parseMaybeAssign (D:\Smmplan\node_modules\@babel\p
arser\lib\index.js:10821:21)
    at D:\Smmplan\node_modules\@babel\parser\lib\index.js:10790:
39
    at Parser.allowInAnd (D:\Smmplan\node_modules\@babel\parser\
lib\index.js:12416:12)
    at Parser.parseMaybeAssignAllowIn (D:\Smmplan\node_modules\@
babel\parser\lib\index.js:10790:17)
    at Parser.parseMaybeAssignAllowInOrVoidPattern (D:\Smmplan\n
ode_modules\@babel\parser\lib\index.js:12483:17)
    at Parser.parseParenAndDistinguishExpression (D:\Smmplan\nod
e_modules\@babel\parser\lib\index.js:11665:28)
    at Parser.parseExprAtom (D:\Smmplan\node_modules\@babel\pars
er\lib\index.js:11321:23)
    at Parser.parseExprSubscripts (D:\Smmplan\node_modules\@babe
l\parser\lib\index.js:11071:23)
    at Parser.parseUpdate (D:\Smmplan\node_modules\@babel\parser
\lib\index.js:11056:21)
    at Parser.parseMaybeUnary (D:\Smmplan\node_modules\@babel\pa
rser\lib\index.js:11036:23)
    at Parser.parseMaybeUnaryOrPrivate (D:\Smmplan\node_modules\
@babel\parser\lib\index.js:10889:61)
    at Parser.parseExprOps (D:\Smmplan\node_modules\@babel\parse
r\lib\index.js:10894:23)
    at Parser.parseMaybeConditional (D:\Smmplan\node_modules\@ba
bel\parser\lib\index.js:10871:23)
    at Parser.parseMaybeAssign (D:\Smmplan\node_modules\@babel\p
arser\lib\index.js:10821:21)
    at Parser.parseExpressionBase (D:\Smmplan\node_modules\@babe
l\parser\lib\index.js:10774:23)
    at D:\Smmplan\node_modules\@babel\parser\lib\index.js:10770:
39
    at Parser.allowInAnd (D:\Smmplan\node_modules\@babel\parser\
lib\index.js:12411:16)
    at Parser.parseExpression (D:\Smmplan\node_modules\@babel\pa
rser\lib\index.js:10770:17)
    at Parser.parseReturnStatement (D:\Smmplan\node_modules\@bab
el\parser\lib\index.js:13132:28)
    at Parser.parseStatementContent (D:\Smmplan\node_modules\@ba
bel\parser\lib\index.js:12788:21)
    at Parser.parseStatementLike (D:\Smmplan\node_modules\@babel
\parser\lib\index.js:12757:17)
    at Parser.parseStatementOrSloppyAnnexBFunctionDeclaration (D
:\Smmplan\node_modules\@babel\parser\lib\index.js:12747:17)
    at Parser.parseIfStatement (D:\Smmplan\node_modules\@babel\p
arser\lib\index.js:13120:28)
    at Parser.parseStatementContent (D:\Smmplan\node_modules\@ba
bel\parser\lib\index.js:12786:21)
    at Parser.parseStatementLike (D:\Smmplan\node_modules\@babel
\parser\lib\index.js:12757:17)
    at Parser.parseStatementListItem (D:\Smmplan\node_modules\@b
abel\parser\lib\index.js:12737:17)
    at Parser.parseBlockOrModuleBlockBody (D:\Smmplan\node_modul
es\@babel\parser\lib\index.js:13306:61)
    at Parser.parseBlockBody (D:\Smmplan\node_modules\@babel\par
ser\lib\index.js:13299:10)
    at Parser.parseBlock (D:\Smmplan\node_modules\@babel\parser\
lib\index.js:13287:10)
    at Parser.parseFunctionBody (D:\Smmplan\node_modules\@babel\
parser\lib\index.js:12090:24)
    at Parser.parseFunctionBodyAndFinish (D:\Smmplan\node_module
s\@babel\parser\lib\index.js:12076:10)
    at D:\Smmplan\node_modules\@babel\parser\lib\index.js:13435:
12
    at Parser.withSmartMixTopicForbiddingContext (D:\Smmplan\nod
e_modules\@babel\parser\lib\index.js:12393:14)
    at Parser.parseFunction (D:\Smmplan\node_modules\@babel\pars
er\lib\index.js:13434:10)
    at Parser.parseFunctionStatement (D:\Smmplan\node_modules\@b
abel\parser\lib\index.js:13115:17)
    at Parser.parseStatementContent (D:\Smmplan\node_modules\@ba
bel\parser\lib\index.js:12781:21)
    at Parser.parseStatementLike (D:\Smmplan\node_modules\@babel
\parser\lib\index.js:12757:17)
    at Parser.parseModuleItem (D:\Smmplan\node_modules\@babel\pa
rser\lib\index.js:12734:17)
    at Parser.parseBlockOrModuleBlockBody (D:\Smmplan\node_modul
es\@babel\parser\lib\index.js:13306:36)
    at Parser.parseBlockBody (D:\Smmplan\node_modules\@babel\par
ser\lib\index.js:13299:10)
Failed to collect coverage from D:\Smmplan\src\app\admin\service
s\new\page.tsx
ERROR: D:\Smmplan\src\app\admin\services\new\page.tsx: Support f
or the experimental syntax 'jsx' isn't currently enabled (34:13)
:

[0m [90m 32 |[39m         providerName[33m:[39m s[33m.[39
mprovider[33m.[39mname
 [90m 33 |[39m     }))[33m;[39m
[31m[1m>[22m[39m[90m 34 |[39m     [36mreturn[39m ([33m<
[39m[33mdiv[39m className[33m=[39m[32m"space-y-6 max-w-5xl
 mx-auto pb-20 text-[13px]"[39m[33m>[39m
 [90m    |[39m             [31m[1m^[22m[39m
 [90m 35 |[39m       [33m<[39m[33mdiv[39m className[33m=
[39m[32m"flex items-center gap-4"[39m[33m>[39m
 [90m 36 |[39m         [33m<[39m[33mlink_1[39m[33m.[39m
[36mdefault[39m href[33m=[39m[32m"/admin/services"[39m clas
sName[33m=[39m[32m"p-2 bg-white border border-slate-200 round
ed-lg hover:bg-slate-50 transition-colors"[39m[33m>[39m
 [90m 37 |[39m           [33m<[39m[33mlucide_react_1[39m[
33m.[39m[33mArrowLeft[39m size[33m=[39m{[35m20[39m} class
Name[33m=[39m[32m"text-slate-600"[39m[33m/[39m[33m>[39m
[0m

Add @babel/preset-react (https://github.com/babel/babel/tree/mai
n/packages/babel-preset-react) to the 'presets' section of your 
Babel config to enable transformation.
If you want to leave it as-is, add @babel/plugin-syntax-jsx (htt
ps://github.com/babel/babel/tree/main/packages/babel-plugin-synt
ax-jsx) to the 'plugins' section to enable parsing.

If you already added the plugin for this syntax to your config, 
it's possible that your config isn't being loaded.
You can re-run Babel with the BABEL_SHOW_CONFIG_FOR environment 
variable to show the loaded configuration:
	npx cross-env BABEL_SHOW_CONFIG_FOR=D:\Smmplan\src\app\admin\se
rvices\new\page.tsx <your build command>
See https://babeljs.io/docs/configuration#print-effective-config
s for more info.

STACK: SyntaxError: D:\Smmplan\src\app\admin\services\new\page.t
sx: Support for the experimental syntax 'jsx' isn't currently en
abled (34:13):

[0m [90m 32 |[39m         providerName[33m:[39m s[33m.[39
mprovider[33m.[39mname
 [90m 33 |[39m     }))[33m;[39m
[31m[1m>[22m[39m[90m 34 |[39m     [36mreturn[39m ([33m<
[39m[33mdiv[39m className[33m=[39m[32m"space-y-6 max-w-5xl
 mx-auto pb-20 text-[13px]"[39m[33m>[39m
 [90m    |[39m             [31m[1m^[22m[39m
 [90m 35 |[39m       [33m<[39m[33mdiv[39m className[33m=
[39m[32m"flex items-center gap-4"[39m[33m>[39m
 [90m 36 |[39m         [33m<[39m[33mlink_1[39m[33m.[39m
[36mdefault[39m href[33m=[39m[32m"/admin/services"[39m clas
sName[33m=[39m[32m"p-2 bg-white border border-slate-200 round
ed-lg hover:bg-slate-50 transition-colors"[39m[33m>[39m
 [90m 37 |[39m           [33m<[39m[33mlucide_react_1[39m[
33m.[39m[33mArrowLeft[39m size[33m=[39m{[35m20[39m} class
Name[33m=[39m[32m"text-slate-600"[39m[33m/[39m[33m>[39m
[0m

Add @babel/preset-react (https://github.com/babel/babel/tree/mai
n/packages/babel-preset-react) to the 'presets' section of your 
Babel config to enable transformation.
If you want to leave it as-is, add @babel/plugin-syntax-jsx (htt
ps://github.com/babel/babel/tree/main/packages/babel-plugin-synt
ax-jsx) to the 'plugins' section to enable parsing.

If you already added the plugin for this syntax to your config, 
it's possible that your config isn't being loaded.
You can re-run Babel with the BABEL_SHOW_CONFIG_FOR environment 
variable to show the loaded configuration:
	npx cross-env BABEL_SHOW_CONFIG_FOR=D:\Smmplan\src\app\admin\se
rvices\new\page.tsx <your build command>
See https://babeljs.io/docs/configuration#print-effective-config
s for more info.

    at constructor (D:\Smmplan\node_modules\@babel\parser\lib\in
dex.js:365:19)
    at Parser.raise (D:\Smmplan\node_modules\@babel\parser\lib\i
ndex.js:6599:19)
    at Parser.expectOnePlugin (D:\Smmplan\node_modules\@babel\pa
rser\lib\index.js:6633:18)
    at Parser.parseExprAtom (D:\Smmplan\node_modules\@babel\pars
er\lib\index.js:11388:24)
    at Parser.parseExprSubscripts (D:\Smmplan\node_modules\@babe
l\parser\lib\index.js:11071:23)
    at Parser.parseUpdate (D:\Smmplan\node_modules\@babel\parser
\lib\index.js:11056:21)
    at Parser.parseMaybeUnary (D:\Smmplan\node_modules\@babel\pa
rser\lib\index.js:11036:23)
    at Parser.parseMaybeUnaryOrPrivate (D:\Smmplan\node_modules\
@babel\parser\lib\index.js:10889:61)
    at Parser.parseExprOps (D:\Smmplan\node_modules\@babel\parse
r\lib\index.js:10894:23)
    at Parser.parseMaybeConditional (D:\Smmplan\node_modules\@ba
bel\parser\lib\index.js:10871:23)
    at Parser.parseMaybeAssign (D:\Smmplan\node_modules\@babel\p
arser\lib\index.js:10821:21)
    at D:\Smmplan\node_modules\@babel\parser\lib\index.js:10790:
39
    at Parser.allowInAnd (D:\Smmplan\node_modules\@babel\parser\
lib\index.js:12416:12)
    at Parser.parseMaybeAssignAllowIn (D:\Smmplan\node_modules\@
babel\parser\lib\index.js:10790:17)
    at Parser.parseMaybeAssignAllowInOrVoidPattern (D:\Smmplan\n
ode_modules\@babel\parser\lib\index.js:12483:17)
    at Parser.parseParenAndDistinguishExpression (D:\Smmplan\nod
e_modules\@babel\parser\lib\index.js:11665:28)
    at Parser.parseExprAtom (D:\Smmplan\node_modules\@babel\pars
er\lib\index.js:11321:23)
    at Parser.parseExprSubscripts (D:\Smmplan\node_modules\@babe
l\parser\lib\index.js:11071:23)
    at Parser.parseUpdate (D:\Smmplan\node_modules\@babel\parser
\lib\index.js:11056:21)
    at Parser.parseMaybeUnary (D:\Smmplan\node_modules\@babel\pa
rser\lib\index.js:11036:23)
    at Parser.parseMaybeUnaryOrPrivate (D:\Smmplan\node_modules\
@babel\parser\lib\index.js:10889:61)
    at Parser.parseExprOps (D:\Smmplan\node_modules\@babel\parse
r\lib\index.js:10894:23)
    at Parser.parseMaybeConditional (D:\Smmplan\node_modules\@ba
bel\parser\lib\index.js:10871:23)
    at Parser.parseMaybeAssign (D:\Smmplan\node_modules\@babel\p
arser\lib\index.js:10821:21)
    at Parser.parseExpressionBase (D:\Smmplan\node_modules\@babe
l\parser\lib\index.js:10774:23)
    at D:\Smmplan\node_modules\@babel\parser\lib\index.js:10770:
39
    at Parser.allowInAnd (D:\Smmplan\node_modules\@babel\parser\
lib\index.js:12411:16)
    at Parser.parseExpression (D:\Smmplan\node_modules\@babel\pa
rser\lib\index.js:10770:17)
    at Parser.parseReturnStatement (D:\Smmplan\node_modules\@bab
el\parser\lib\index.js:13132:28)
    at Parser.parseStatementContent (D:\Smmplan\node_modules\@ba
bel\parser\lib\index.js:12788:21)
    at Parser.parseStatementLike (D:\Smmplan\node_modules\@babel
\parser\lib\index.js:12757:17)
    at Parser.parseStatementListItem (D:\Smmplan\node_modules\@b
abel\parser\lib\index.js:12737:17)
    at Parser.parseBlockOrModuleBlockBody (D:\Smmplan\node_modul
es\@babel\parser\lib\index.js:13306:61)
    at Parser.parseBlockBody (D:\Smmplan\node_modules\@babel\par
ser\lib\index.js:13299:10)
    at Parser.parseBlock (D:\Smmplan\node_modules\@babel\parser\
lib\index.js:13287:10)
    at Parser.parseFunctionBody (D:\Smmplan\node_modules\@babel\
parser\lib\index.js:12090:24)
    at Parser.parseFunctionBodyAndFinish (D:\Smmplan\node_module
s\@babel\parser\lib\index.js:12076:10)
    at D:\Smmplan\node_modules\@babel\parser\lib\index.js:13435:
12
    at Parser.withSmartMixTopicForbiddingContext (D:\Smmplan\nod
e_modules\@babel\parser\lib\index.js:12393:14)
    at Parser.parseFunction (D:\Smmplan\node_modules\@babel\pars
er\lib\index.js:13434:10)
    at Parser.parseFunctionStatement (D:\Smmplan\node_modules\@b
abel\parser\lib\index.js:13115:17)
    at Parser.parseStatementContent (D:\Smmplan\node_modules\@ba
bel\parser\lib\index.js:12880:25)
    at Parser.parseStatementLike (D:\Smmplan\node_modules\@babel
\parser\lib\index.js:12757:17)
    at Parser.parseModuleItem (D:\Smmplan\node_modules\@babel\pa
rser\lib\index.js:12734:17)
    at Parser.parseBlockOrModuleBlockBody (D:\Smmplan\node_modul
es\@babel\parser\lib\index.js:13306:36)
    at Parser.parseBlockBody (D:\Smmplan\node_modules\@babel\par
ser\lib\index.js:13299:10)
    at Parser.parseProgram (D:\Smmplan\node_modules\@babel\parse
r\lib\index.js:12612:10)
    at Parser.parseTopLevel (D:\Smmplan\node_modules\@babel\pars
er\lib\index.js:12602:25)
    at Parser.parse (D:\Smmplan\node_modules\@babel\parser\lib\i
ndex.js:14478:25)
    at parse (D:\Smmplan\node_modules\@babel\parser\lib\index.js
:14512:38)
Failed to collect coverage from D:\Smmplan\src\app\admin\service
s\markup\page.tsx
ERROR: D:\Smmplan\src\app\admin\services\markup\page.tsx: Suppor
t for the experimental syntax 'jsx' isn't currently enabled (85:
13):

[0m [90m 83 |[39m         }
 [90m 84 |[39m     }[33m;[39m
[31m[1m>[22m[39m[90m 85 |[39m     [36mreturn[39m ([33m<
[39m[33mdiv[39m className[33m=[39m[32m"space-y-8 max-w-4xl
 mx-auto"[39m[33m>[39m
 [90m    |[39m             [31m[1m^[22m[39m
 [90m 86 |[39m             [33m<[39m[33mdiv[39m[33m>[39m
 [90m 87 |[39m                 [33m<[39m[33mh2[39m classNa
me[33m=[39m[32m"text-2xl font-bold text-slate-800 tracking-ti
ght italic uppercase"[39m[33m>[39m[33m╨ж╨╡╨╜╤В╤А[39m ╤Г╨┐╤А
╨░╨▓╨╗╨╡╨╜╨╕╤П ╨╜╨░╤Ж╨╡╨╜╨║╨╛╨╣[33m<[39m[33m/[39m[33mh2[39
m[33m>[39m
 [90m 88 |[39m                 [33m<[39m[33mp[39m classNam
e[33m=[39m[32m"text-sm text-slate-500 font-medium"[39m[33m>
[39m[33m╨Ь╨░╤Б╤Б╨╛╨▓╨╛╨╡[39m ╤Г╨┐╤А╨░╨▓╨╗╨╡╨╜╨╕╨╡ ╨┐╤А╨╕╨▒╤Л╨
╗╤М╤О ╨╕ ╤Ж╨╡╨╜╨╛╨▓╨╛╨╣ ╨┐╨╛╨╗╨╕╤В╨╕╨║╨╛╨╣[33m.[39m[33m<[39m
[33m/[39m[33mp[39m[33m>[39m[0m

Add @babel/preset-react (https://github.com/babel/babel/tree/mai
n/packages/babel-preset-react) to the 'presets' section of your 
Babel config to enable transformation.
If you want to leave it as-is, add @babel/plugin-syntax-jsx (htt
ps://github.com/babel/babel/tree/main/packages/babel-plugin-synt
ax-jsx) to the 'plugins' section to enable parsing.

If you already added the plugin for this syntax to your config, 
it's possible that your config isn't being loaded.
You can re-run Babel with the BABEL_SHOW_CONFIG_FOR environment 
variable to show the loaded configuration:
	npx cross-env BABEL_SHOW_CONFIG_FOR=D:\Smmplan\src\app\admin\se
rvices\markup\page.tsx <your build command>
See https://babeljs.io/docs/configuration#print-effective-config
s for more info.

STACK: SyntaxError: D:\Smmplan\src\app\admin\services\markup\pag
e.tsx: Support for the experimental syntax 'jsx' isn't currently
 enabled (85:13):

[0m [90m 83 |[39m         }
 [90m 84 |[39m     }[33m;[39m
[31m[1m>[22m[39m[90m 85 |[39m     [36mreturn[39m ([33m<
[39m[33mdiv[39m className[33m=[39m[32m"space-y-8 max-w-4xl
 mx-auto"[39m[33m>[39m
 [90m    |[39m             [31m[1m^[22m[39m
 [90m 86 |[39m             [33m<[39m[33mdiv[39m[33m>[39m
 [90m 87 |[39m                 [33m<[39m[33mh2[39m classNa
me[33m=[39m[32m"text-2xl font-bold text-slate-800 tracking-ti
ght italic uppercase"[39m[33m>[39m[33m╨ж╨╡╨╜╤В╤А[39m ╤Г╨┐╤А
╨░╨▓╨╗╨╡╨╜╨╕╤П ╨╜╨░╤Ж╨╡╨╜╨║╨╛╨╣[33m<[39m[33m/[39m[33mh2[39
m[33m>[39m
 [90m 88 |[39m                 [33m<[39m[33mp[39m classNam
e[33m=[39m[32m"text-sm text-slate-500 font-medium"[39m[33m>
[39m[33m╨Ь╨░╤Б╤Б╨╛╨▓╨╛╨╡[39m ╤Г╨┐╤А╨░╨▓╨╗╨╡╨╜╨╕╨╡ ╨┐╤А╨╕╨▒╤Л╨
╗╤М╤О ╨╕ ╤Ж╨╡╨╜╨╛╨▓╨╛╨╣ ╨┐╨╛╨╗╨╕╤В╨╕╨║╨╛╨╣[33m.[39m[33m<[39m
[33m/[39m[33mp[39m[33m>[39m[0m

Add @babel/preset-react (https://github.com/babel/babel/tree/mai
n/packages/babel-preset-react) to the 'presets' section of your 
Babel config to enable transformation.
If you want to leave it as-is, add @babel/plugin-syntax-jsx (htt
ps://github.com/babel/babel/tree/main/packages/babel-plugin-synt
ax-jsx) to the 'plugins' section to enable parsing.

If you already added the plugin for this syntax to your config, 
it's possible that your config isn't being loaded.
You can re-run Babel with the BABEL_SHOW_CONFIG_FOR environment 
variable to show the loaded configuration:
	npx cross-env BABEL_SHOW_CONFIG_FOR=D:\Smmplan\src\app\admin\se
rvices\markup\page.tsx <your build command>
See https://babeljs.io/docs/configuration#print-effective-config
s for more info.

    at constructor (D:\Smmplan\node_modules\@babel\parser\lib\in
dex.js:365:19)
    at Parser.raise (D:\Smmplan\node_modules\@babel\parser\lib\i
ndex.js:6599:19)
    at Parser.expectOnePlugin (D:\Smmplan\node_modules\@babel\pa
rser\lib\index.js:6633:18)
    at Parser.parseExprAtom (D:\Smmplan\node_modules\@babel\pars
er\lib\index.js:11388:24)
    at Parser.parseExprSubscripts (D:\Smmplan\node_modules\@babe
l\parser\lib\index.js:11071:23)
    at Parser.parseUpdate (D:\Smmplan\node_modules\@babel\parser
\lib\index.js:11056:21)
    at Parser.parseMaybeUnary (D:\Smmplan\node_modules\@babel\pa
rser\lib\index.js:11036:23)
    at Parser.parseMaybeUnaryOrPrivate (D:\Smmplan\node_modules\
@babel\parser\lib\index.js:10889:61)
    at Parser.parseExprOps (D:\Smmplan\node_modules\@babel\parse
r\lib\index.js:10894:23)
    at Parser.parseMaybeConditional (D:\Smmplan\node_modules\@ba
bel\parser\lib\index.js:10871:23)
    at Parser.parseMaybeAssign (D:\Smmplan\node_modules\@babel\p
arser\lib\index.js:10821:21)
    at D:\Smmplan\node_modules\@babel\parser\lib\index.js:10790:
39
    at Parser.allowInAnd (D:\Smmplan\node_modules\@babel\parser\
lib\index.js:12416:12)
    at Parser.parseMaybeAssignAllowIn (D:\Smmplan\node_modules\@
babel\parser\lib\index.js:10790:17)
    at Parser.parseMaybeAssignAllowInOrVoidPattern (D:\Smmplan\n
ode_modules\@babel\parser\lib\index.js:12483:17)
    at Parser.parseParenAndDistinguishExpression (D:\Smmplan\nod
e_modules\@babel\parser\lib\index.js:11665:28)
    at Parser.parseExprAtom (D:\Smmplan\node_modules\@babel\pars
er\lib\index.js:11321:23)
    at Parser.parseExprSubscripts (D:\Smmplan\node_modules\@babe
l\parser\lib\index.js:11071:23)
    at Parser.parseUpdate (D:\Smmplan\node_modules\@babel\parser
\lib\index.js:11056:21)
    at Parser.parseMaybeUnary (D:\Smmplan\node_modules\@babel\pa
rser\lib\index.js:11036:23)
    at Parser.parseMaybeUnaryOrPrivate (D:\Smmplan\node_modules\
@babel\parser\lib\index.js:10889:61)
    at Parser.parseExprOps (D:\Smmplan\node_modules\@babel\parse
r\lib\index.js:10894:23)
    at Parser.parseMaybeConditional (D:\Smmplan\node_modules\@ba
bel\parser\lib\index.js:10871:23)
    at Parser.parseMaybeAssign (D:\Smmplan\node_modules\@babel\p
arser\lib\index.js:10821:21)
    at Parser.parseExpressionBase (D:\Smmplan\node_modules\@babe
l\parser\lib\index.js:10774:23)
    at D:\Smmplan\node_modules\@babel\parser\lib\index.js:10770:
39
    at Parser.allowInAnd (D:\Smmplan\node_modules\@babel\parser\
lib\index.js:12411:16)
    at Parser.parseExpression (D:\Smmplan\node_modules\@babel\pa
rser\lib\index.js:10770:17)
    at Parser.parseReturnStatement (D:\Smmplan\node_modules\@bab
el\parser\lib\index.js:13132:28)
    at Parser.parseStatementContent (D:\Smmplan\node_modules\@ba
bel\parser\lib\index.js:12788:21)
    at Parser.parseStatementLike (D:\Smmplan\node_modules\@babel
\parser\lib\index.js:12757:17)
    at Parser.parseStatementListItem (D:\Smmplan\node_modules\@b
abel\parser\lib\index.js:12737:17)
    at Parser.parseBlockOrModuleBlockBody (D:\Smmplan\node_modul
es\@babel\parser\lib\index.js:13306:61)
    at Parser.parseBlockBody (D:\Smmplan\node_modules\@babel\par
ser\lib\index.js:13299:10)
    at Parser.parseBlock (D:\Smmplan\node_modules\@babel\parser\
lib\index.js:13287:10)
    at Parser.parseFunctionBody (D:\Smmplan\node_modules\@babel\
parser\lib\index.js:12090:24)
    at Parser.parseFunctionBodyAndFinish (D:\Smmplan\node_module
s\@babel\parser\lib\index.js:12076:10)
    at D:\Smmplan\node_modules\@babel\parser\lib\index.js:13435:
12
    at Parser.withSmartMixTopicForbiddingContext (D:\Smmplan\nod
e_modules\@babel\parser\lib\index.js:12393:14)
    at Parser.parseFunction (D:\Smmplan\node_modules\@babel\pars
er\lib\index.js:13434:10)
    at Parser.parseFunctionStatement (D:\Smmplan\node_modules\@b
abel\parser\lib\index.js:13115:17)
    at Parser.parseStatementContent (D:\Smmplan\node_modules\@ba
bel\parser\lib\index.js:12781:21)
    at Parser.parseStatementLike (D:\Smmplan\node_modules\@babel
\parser\lib\index.js:12757:17)
    at Parser.parseModuleItem (D:\Smmplan\node_modules\@babel\pa
rser\lib\index.js:12734:17)
    at Parser.parseBlockOrModuleBlockBody (D:\Smmplan\node_modul
es\@babel\parser\lib\index.js:13306:36)
    at Parser.parseBlockBody (D:\Smmplan\node_modules\@babel\par
ser\lib\index.js:13299:10)
    at Parser.parseProgram (D:\Smmplan\node_modules\@babel\parse
r\lib\index.js:12612:10)
    at Parser.parseTopLevel (D:\Smmplan\node_modules\@babel\pars
er\lib\index.js:12602:25)
    at Parser.parse (D:\Smmplan\node_modules\@babel\parser\lib\i
ndex.js:14478:25)
    at parse (D:\Smmplan\node_modules\@babel\parser\lib\index.js
:14512:38)
Failed to collect coverage from D:\Smmplan\src\app\admin\service
s\curator\page.tsx
ERROR: D:\Smmplan\src\app\admin\services\curator\page.tsx: Suppo
rt for the experimental syntax 'jsx' isn't currently enabled (99
:17):

[0m [90m  97 |[39m     }[33m;[39m
 [90m  98 |[39m     [36mif[39m (loading) {
[31m[1m>[22m[39m[90m  99 |[39m         [36mreturn[39m (
[33m<[39m[33mdiv[39m className[33m=[39m[32m"flex items-cen
ter justify-center min-h-screen bg-[#02040a]"[39m[33m>[39m
 [90m     |[39m                 [31m[1m^[22m[39m
 [90m 100 |[39m                 [33m<[39m[33mdiv[39m class
Name[33m=[39m[32m"flex flex-col items-center gap-4"[39m[33m
>[39m
 [90m 101 |[39m                     [33m<[39m[33mlucide_rea
ct_1[39m[33m.[39m[33mLoader2[39m className[33m=[39m[32m"
animate-spin text-primary"[39m size[33m=[39m{[35m48[39m}[3
3m/[39m[33m>[39m
 [90m 102 |[39m                     [33m<[39m[33mdiv[39m c
lassName[33m=[39m[32m"text-[10px] font-black uppercase tracki
ng-[0.3em] text-primary/40 animate-pulse"[39m[33m>[39m[33mIN
IT_CURATOR_PROTOCOL[39m[33m...[39m[33m<[39m[33m/[39m[33m
div[39m[33m>[39m[0m

Add @babel/preset-react (https://github.com/babel/babel/tree/mai
n/packages/babel-preset-react) to the 'presets' section of your 
Babel config to enable transformation.
If you want to leave it as-is, add @babel/plugin-syntax-jsx (htt
ps://github.com/babel/babel/tree/main/packages/babel-plugin-synt
ax-jsx) to the 'plugins' section to enable parsing.

If you already added the plugin for this syntax to your config, 
it's possible that your config isn't being loaded.
You can re-run Babel with the BABEL_SHOW_CONFIG_FOR environment 
variable to show the loaded configuration:
	npx cross-env BABEL_SHOW_CONFIG_FOR=D:\Smmplan\src\app\admin\se
rvices\curator\page.tsx <your build command>
See https://babeljs.io/docs/configuration#print-effective-config
s for more info.

STACK: SyntaxError: D:\Smmplan\src\app\admin\services\curator\pa
ge.tsx: Support for the experimental syntax 'jsx' isn't currentl
y enabled (99:17):

[0m [90m  97 |[39m     }[33m;[39m
 [90m  98 |[39m     [36mif[39m (loading) {
[31m[1m>[22m[39m[90m  99 |[39m         [36mreturn[39m (
[33m<[39m[33mdiv[39m className[33m=[39m[32m"flex items-cen
ter justify-center min-h-screen bg-[#02040a]"[39m[33m>[39m
 [90m     |[39m                 [31m[1m^[22m[39m
 [90m 100 |[39m                 [33m<[39m[33mdiv[39m class
Name[33m=[39m[32m"flex flex-col items-center gap-4"[39m[33m
>[39m
 [90m 101 |[39m                     [33m<[39m[33mlucide_rea
ct_1[39m[33m.[39m[33mLoader2[39m className[33m=[39m[32m"
animate-spin text-primary"[39m size[33m=[39m{[35m48[39m}[3
3m/[39m[33m>[39m
 [90m 102 |[39m                     [33m<[39m[33mdiv[39m c
lassName[33m=[39m[32m"text-[10px] font-black uppercase tracki
ng-[0.3em] text-primary/40 animate-pulse"[39m[33m>[39m[33mIN
IT_CURATOR_PROTOCOL[39m[33m...[39m[33m<[39m[33m/[39m[33m
div[39m[33m>[39m[0m

Add @babel/preset-react (https://github.com/babel/babel/tree/mai
n/packages/babel-preset-react) to the 'presets' section of your 
Babel config to enable transformation.
If you want to leave it as-is, add @babel/plugin-syntax-jsx (htt
ps://github.com/babel/babel/tree/main/packages/babel-plugin-synt
ax-jsx) to the 'plugins' section to enable parsing.

If you already added the plugin for this syntax to your config, 
it's possible that your config isn't being loaded.
You can re-run Babel with the BABEL_SHOW_CONFIG_FOR environment 
variable to show the loaded configuration:
	npx cross-env BABEL_SHOW_CONFIG_FOR=D:\Smmplan\src\app\admin\se
rvices\curator\page.tsx <your build command>
See https://babeljs.io/docs/configuration#print-effective-config
s for more info.

    at constructor (D:\Smmplan\node_modules\@babel\parser\lib\in
dex.js:365:19)
    at Parser.raise (D:\Smmplan\node_modules\@babel\parser\lib\i
ndex.js:6599:19)
    at Parser.expectOnePlugin (D:\Smmplan\node_modules\@babel\pa
rser\lib\index.js:6633:18)
    at Parser.parseExprAtom (D:\Smmplan\node_modules\@babel\pars
er\lib\index.js:11388:24)
    at Parser.parseExprSubscripts (D:\Smmplan\node_modules\@babe
l\parser\lib\index.js:11071:23)
    at Parser.parseUpdate (D:\Smmplan\node_modules\@babel\parser
\lib\index.js:11056:21)
    at Parser.parseMaybeUnary (D:\Smmplan\node_modules\@babel\pa
rser\lib\index.js:11036:23)
    at Parser.parseMaybeUnaryOrPrivate (D:\Smmplan\node_modules\
@babel\parser\lib\index.js:10889:61)
    at Parser.parseExprOps (D:\Smmplan\node_modules\@babel\parse
r\lib\index.js:10894:23)
    at Parser.parseMaybeConditional (D:\Smmplan\node_modules\@ba
bel\parser\lib\index.js:10871:23)
    at Parser.parseMaybeAssign (D:\Smmplan\node_modules\@babel\p
arser\lib\index.js:10821:21)
    at D:\Smmplan\node_modules\@babel\parser\lib\index.js:10790:
39
    at Parser.allowInAnd (D:\Smmplan\node_modules\@babel\parser\
lib\index.js:12416:12)
    at Parser.parseMaybeAssignAllowIn (D:\Smmplan\node_modules\@
babel\parser\lib\index.js:10790:17)
    at Parser.parseMaybeAssignAllowInOrVoidPattern (D:\Smmplan\n
ode_modules\@babel\parser\lib\index.js:12483:17)
    at Parser.parseParenAndDistinguishExpression (D:\Smmplan\nod
e_modules\@babel\parser\lib\index.js:11665:28)
    at Parser.parseExprAtom (D:\Smmplan\node_modules\@babel\pars
er\lib\index.js:11321:23)
    at Parser.parseExprSubscripts (D:\Smmplan\node_modules\@babe
l\parser\lib\index.js:11071:23)
    at Parser.parseUpdate (D:\Smmplan\node_modules\@babel\parser
\lib\index.js:11056:21)
    at Parser.parseMaybeUnary (D:\Smmplan\node_modules\@babel\pa
rser\lib\index.js:11036:23)
    at Parser.parseMaybeUnaryOrPrivate (D:\Smmplan\node_modules\
@babel\parser\lib\index.js:10889:61)
    at Parser.parseExprOps (D:\Smmplan\node_modules\@babel\parse
r\lib\index.js:10894:23)
    at Parser.parseMaybeConditional (D:\Smmplan\node_modules\@ba
bel\parser\lib\index.js:10871:23)
    at Parser.parseMaybeAssign (D:\Smmplan\node_modules\@babel\p
arser\lib\index.js:10821:21)
    at Parser.parseExpressionBase (D:\Smmplan\node_modules\@babe
l\parser\lib\index.js:10774:23)
    at D:\Smmplan\node_modules\@babel\parser\lib\index.js:10770:
39
    at Parser.allowInAnd (D:\Smmplan\node_modules\@babel\parser\
lib\index.js:12411:16)
    at Parser.parseExpression (D:\Smmplan\node_modules\@babel\pa
rser\lib\index.js:10770:17)
    at Parser.parseReturnStatement (D:\Smmplan\node_modules\@bab
el\parser\lib\index.js:13132:28)
    at Parser.parseStatementContent (D:\Smmplan\node_modules\@ba
bel\parser\lib\index.js:12788:21)
    at Parser.parseStatementLike (D:\Smmplan\node_modules\@babel
\parser\lib\index.js:12757:17)
    at Parser.parseStatementListItem (D:\Smmplan\node_modules\@b
abel\parser\lib\index.js:12737:17)
    at Parser.parseBlockOrModuleBlockBody (D:\Smmplan\node_modul
es\@babel\parser\lib\index.js:13306:61)
    at Parser.parseBlockBody (D:\Smmplan\node_modules\@babel\par
ser\lib\index.js:13299:10)
    at Parser.parseBlock (D:\Smmplan\node_modules\@babel\parser\
lib\index.js:13287:10)
    at Parser.parseStatementContent (D:\Smmplan\node_modules\@ba
bel\parser\lib\index.js:12848:21)
    at Parser.parseStatementLike (D:\Smmplan\node_modules\@babel
\parser\lib\index.js:12757:17)
    at Parser.parseStatementOrSloppyAnnexBFunctionDeclaration (D
:\Smmplan\node_modules\@babel\parser\lib\index.js:12747:17)
    at Parser.parseIfStatement (D:\Smmplan\node_modules\@babel\p
arser\lib\index.js:13120:28)
    at Parser.parseStatementContent (D:\Smmplan\node_modules\@ba
bel\parser\lib\index.js:12786:21)
    at Parser.parseStatementLike (D:\Smmplan\node_modules\@babel
\parser\lib\index.js:12757:17)
    at Parser.parseStatementListItem (D:\Smmplan\node_modules\@b
abel\parser\lib\index.js:12737:17)
    at Parser.parseBlockOrModuleBlockBody (D:\Smmplan\node_modul
es\@babel\parser\lib\index.js:13306:61)
    at Parser.parseBlockBody (D:\Smmplan\node_modules\@babel\par
ser\lib\index.js:13299:10)
    at Parser.parseBlock (D:\Smmplan\node_modules\@babel\parser\
lib\index.js:13287:10)
    at Parser.parseFunctionBody (D:\Smmplan\node_modules\@babel\
parser\lib\index.js:12090:24)
    at Parser.parseFunctionBodyAndFinish (D:\Smmplan\node_module
s\@babel\parser\lib\index.js:12076:10)
    at D:\Smmplan\node_modules\@babel\parser\lib\index.js:13435:
12
    at Parser.withSmartMixTopicForbiddingContext (D:\Smmplan\nod
e_modules\@babel\parser\lib\index.js:12393:14)
    at Parser.parseFunction (D:\Smmplan\node_modules\@babel\pars
er\lib\index.js:13434:10)
Failed to collect coverage from D:\Smmplan\src\app\admin\service
s\[id]\page.tsx
ERROR: D:\Smmplan\src\app\admin\services\[id]\page.tsx: Support 
for the experimental syntax 'jsx' isn't currently enabled (90:13
):

[0m [90m 88 |[39m     [36mconst[39m markup [33m=[39m cost
 [33m>[39m [35m0[39m [33m?[39m ((price [33m-[39m cost) 
[33m/[39m cost) [33m*[39m [35m100[39m [33m:[39m [35m0[3
9m[33m;[39m
 [90m 89 |[39m     [36mconst[39m isLowMargin [33m=[39m mar
kup [33m<[39m [35m500[39m [33m&&[39m cost [33m>[39m [35
m0[39m[33m;[39m
[31m[1m>[22m[39m[90m 90 |[39m     [36mreturn[39m ([33m<
[39m[33mdiv[39m className[33m=[39m[32m"space-y-6 max-w-6xl
"[39m[33m>[39m
 [90m    |[39m             [31m[1m^[22m[39m
 [90m 91 |[39m       {[90m/* Header */[39m}
 [90m 92 |[39m       [33m<[39m[33mdiv[39m className[33m=
[39m[32m"flex items-center gap-4 mb-6"[39m[33m>[39m
 [90m 93 |[39m         [33m<[39m[33mlink_1[39m[33m.[39m
[36mdefault[39m href[33m=[39m[32m"/admin/services"[39m clas
sName[33m=[39m[32m"p-2 bg-white border border-slate-200 round
ed-lg hover:bg-slate-50 transition-colors shadow-sm"[39m[33m>
[39m[0m

Add @babel/preset-react (https://github.com/babel/babel/tree/mai
n/packages/babel-preset-react) to the 'presets' section of your 
Babel config to enable transformation.
If you want to leave it as-is, add @babel/plugin-syntax-jsx (htt
ps://github.com/babel/babel/tree/main/packages/babel-plugin-synt
ax-jsx) to the 'plugins' section to enable parsing.

If you already added the plugin for this syntax to your config, 
it's possible that your config isn't being loaded.
You can re-run Babel with the BABEL_SHOW_CONFIG_FOR environment 
variable to show the loaded configuration:
	npx cross-env BABEL_SHOW_CONFIG_FOR=D:\Smmplan\src\app\admin\se
rvices\[id]\page.tsx <your build command>
See https://babeljs.io/docs/configuration#print-effective-config
s for more info.

STACK: SyntaxError: D:\Smmplan\src\app\admin\services\[id]\page.
tsx: Support for the experimental syntax 'jsx' isn't currently e
nabled (90:13):

[0m [90m 88 |[39m     [36mconst[39m markup [33m=[39m cost
 [33m>[39m [35m0[39m [33m?[39m ((price [33m-[39m cost) 
[33m/[39m cost) [33m*[39m [35m100[39m [33m:[39m [35m0[3
9m[33m;[39m
 [90m 89 |[39m     [36mconst[39m isLowMargin [33m=[39m mar
kup [33m<[39m [35m500[39m [33m&&[39m cost [33m>[39m [35
m0[39m[33m;[39m
[31m[1m>[22m[39m[90m 90 |[39m     [36mreturn[39m ([33m<
[39m[33mdiv[39m className[33m=[39m[32m"space-y-6 max-w-6xl
"[39m[33m>[39m
 [90m    |[39m             [31m[1m^[22m[39m
 [90m 91 |[39m       {[90m/* Header */[39m}
 [90m 92 |[39m       [33m<[39m[33mdiv[39m className[33m=
[39m[32m"flex items-center gap-4 mb-6"[39m[33m>[39m
 [90m 93 |[39m         [33m<[39m[33mlink_1[39m[33m.[39m
[36mdefault[39m href[33m=[39m[32m"/admin/services"[39m clas
sName[33m=[39m[32m"p-2 bg-white border border-slate-200 round
ed-lg hover:bg-slate-50 transition-colors shadow-sm"[39m[33m>
[39m[0m

Add @babel/preset-react (https://github.com/babel/babel/tree/mai
n/packages/babel-preset-react) to the 'presets' section of your 
Babel config to enable transformation.
If you want to leave it as-is, add @babel/plugin-syntax-jsx (htt
ps://github.com/babel/babel/tree/main/packages/babel-plugin-synt
ax-jsx) to the 'plugins' section to enable parsing.

If you already added the plugin for this syntax to your config, 
it's possible that your config isn't being loaded.
You can re-run Babel with the BABEL_SHOW_CONFIG_FOR environment 
variable to show the loaded configuration:
	npx cross-env BABEL_SHOW_CONFIG_FOR=D:\Smmplan\src\app\admin\se
rvices\[id]\page.tsx <your build command>
See https://babeljs.io/docs/configuration#print-effective-config
s for more info.

    at constructor (D:\Smmplan\node_modules\@babel\parser\lib\in
dex.js:365:19)
    at Parser.raise (D:\Smmplan\node_modules\@babel\parser\lib\i
ndex.js:6599:19)
    at Parser.expectOnePlugin (D:\Smmplan\node_modules\@babel\pa
rser\lib\index.js:6633:18)
    at Parser.parseExprAtom (D:\Smmplan\node_modules\@babel\pars
er\lib\index.js:11388:24)
    at Parser.parseExprSubscripts (D:\Smmplan\node_modules\@babe
l\parser\lib\index.js:11071:23)
    at Parser.parseUpdate (D:\Smmplan\node_modules\@babel\parser
\lib\index.js:11056:21)
    at Parser.parseMaybeUnary (D:\Smmplan\node_modules\@babel\pa
rser\lib\index.js:11036:23)
    at Parser.parseMaybeUnaryOrPrivate (D:\Smmplan\node_modules\
@babel\parser\lib\index.js:10889:61)
    at Parser.parseExprOps (D:\Smmplan\node_modules\@babel\parse
r\lib\index.js:10894:23)
    at Parser.parseMaybeConditional (D:\Smmplan\node_modules\@ba
bel\parser\lib\index.js:10871:23)
    at Parser.parseMaybeAssign (D:\Smmplan\node_modules\@babel\p
arser\lib\index.js:10821:21)
    at D:\Smmplan\node_modules\@babel\parser\lib\index.js:10790:
39
    at Parser.allowInAnd (D:\Smmplan\node_modules\@babel\parser\
lib\index.js:12416:12)
    at Parser.parseMaybeAssignAllowIn (D:\Smmplan\node_modules\@
babel\parser\lib\index.js:10790:17)
    at Parser.parseMaybeAssignAllowInOrVoidPattern (D:\Smmplan\n
ode_modules\@babel\parser\lib\index.js:12483:17)
    at Parser.parseParenAndDistinguishExpression (D:\Smmplan\nod
e_modules\@babel\parser\lib\index.js:11665:28)
    at Parser.parseExprAtom (D:\Smmplan\node_modules\@babel\pars
er\lib\index.js:11321:23)
    at Parser.parseExprSubscripts (D:\Smmplan\node_modules\@babe
l\parser\lib\index.js:11071:23)
    at Parser.parseUpdate (D:\Smmplan\node_modules\@babel\parser
\lib\index.js:11056:21)
    at Parser.parseMaybeUnary (D:\Smmplan\node_modules\@babel\pa
rser\lib\index.js:11036:23)
    at Parser.parseMaybeUnaryOrPrivate (D:\Smmplan\node_modules\
@babel\parser\lib\index.js:10889:61)
    at Parser.parseExprOps (D:\Smmplan\node_modules\@babel\parse
r\lib\index.js:10894:23)
    at Parser.parseMaybeConditional (D:\Smmplan\node_modules\@ba
bel\parser\lib\index.js:10871:23)
    at Parser.parseMaybeAssign (D:\Smmplan\node_modules\@babel\p
arser\lib\index.js:10821:21)
    at Parser.parseExpressionBase (D:\Smmplan\node_modules\@babe
l\parser\lib\index.js:10774:23)
    at D:\Smmplan\node_modules\@babel\parser\lib\index.js:10770:
39
    at Parser.allowInAnd (D:\Smmplan\node_modules\@babel\parser\
lib\index.js:12411:16)
    at Parser.parseExpression (D:\Smmplan\node_modules\@babel\pa
rser\lib\index.js:10770:17)
    at Parser.parseReturnStatement (D:\Smmplan\node_modules\@bab
el\parser\lib\index.js:13132:28)
    at Parser.parseStatementContent (D:\Smmplan\node_modules\@ba
bel\parser\lib\index.js:12788:21)
    at Parser.parseStatementLike (D:\Smmplan\node_modules\@babel
\parser\lib\index.js:12757:17)
    at Parser.parseStatementListItem (D:\Smmplan\node_modules\@b
abel\parser\lib\index.js:12737:17)
    at Parser.parseBlockOrModuleBlockBody (D:\Smmplan\node_modul
es\@babel\parser\lib\index.js:13306:61)
    at Parser.parseBlockBody (D:\Smmplan\node_modules\@babel\par
ser\lib\index.js:13299:10)
    at Parser.parseBlock (D:\Smmplan\node_modules\@babel\parser\
lib\index.js:13287:10)
    at Parser.parseFunctionBody (D:\Smmplan\node_modules\@babel\
parser\lib\index.js:12090:24)
    at Parser.parseFunctionBodyAndFinish (D:\Smmplan\node_module
s\@babel\parser\lib\index.js:12076:10)
    at D:\Smmplan\node_modules\@babel\parser\lib\index.js:13435:
12
    at Parser.withSmartMixTopicForbiddingContext (D:\Smmplan\nod
e_modules\@babel\parser\lib\index.js:12393:14)
    at Parser.parseFunction (D:\Smmplan\node_modules\@babel\pars
er\lib\index.js:13434:10)
    at Parser.parseFunctionStatement (D:\Smmplan\node_modules\@b
abel\parser\lib\index.js:13115:17)
    at Parser.parseStatementContent (D:\Smmplan\node_modules\@ba
bel\parser\lib\index.js:12880:25)
    at Parser.parseStatementLike (D:\Smmplan\node_modules\@babel
\parser\lib\index.js:12757:17)
    at Parser.parseModuleItem (D:\Smmplan\node_modules\@babel\pa
rser\lib\index.js:12734:17)
    at Parser.parseBlockOrModuleBlockBody (D:\Smmplan\node_modul
es\@babel\parser\lib\index.js:13306:36)
    at Parser.parseBlockBody (D:\Smmplan\node_modules\@babel\par
ser\lib\index.js:13299:10)
    at Parser.parseProgram (D:\Smmplan\node_modules\@babel\parse
r\lib\index.js:12612:10)
    at Parser.parseTopLevel (D:\Smmplan\node_modules\@babel\pars
er\lib\index.js:12602:25)
    at Parser.parse (D:\Smmplan\node_modules\@babel\parser\lib\i
ndex.js:14478:25)
    at parse (D:\Smmplan\node_modules\@babel\parser\lib\index.js
:14512:38)
Failed to collect coverage from D:\Smmplan\src\app\admin\support
\macros\page.tsx
ERROR: D:\Smmplan\src\app\admin\support\macros\page.tsx: Support
 for the experimental syntax 'jsx' isn't currently enabled (28:4
1):

[0m [90m 26 |[39m     [36mconst[39m getActionIcon [33m=[3
9m (type) [33m=>[39m {
 [90m 27 |[39m         [36mswitch[39m (type) {
[31m[1m>[22m[39m[90m 28 |[39m             [36mcase[39m 
[32m'SEND_MESSAGE'[39m[33m:[39m [36mreturn[39m [33m<[39m
[33mlucide_react_1[39m[33m.[39m[33mMessageSquare[39m size[
33m=[39m{[35m12[39m} className[33m=[39m[32m"text-blue-500"
[39m[33m/[39m[33m>[39m[33m;[39m
 [90m    |[39m                                         [31m[
1m^[22m[39m
 [90m 29 |[39m             [36mcase[39m [32m'REFUND_LAST_OR
DER'[39m[33m:[39m [36mreturn[39m [33m<[39m[33mlucide_rea
ct_1[39m[33m.[39m[33mUndo2[39m size[33m=[39m{[35m12[39m
} className[33m=[39m[32m"text-rose-500"[39m[33m/[39m[33m>
[39m[33m;[39m
 [90m 30 |[39m             [36mcase[39m [32m'CLOSE_TICKET'
[39m[33m:[39m [36mreturn[39m [33m<[39m[33mlucide_react_1
[39m[33m.[39m[33mLock[39m size[33m=[39m{[35m12[39m} clas
sName[33m=[39m[32m"text-slate-500"[39m[33m/[39m[33m>[39m
[33m;[39m
 [90m 31 |[39m             [36mcase[39m [32m'ADD_BONUS'[39
m[33m:[39m [36mreturn[39m [33m<[39m[33mlucide_react_1[39
m[33m.[39m[33mGift[39m size[33m=[39m{[35m12[39m} classNa
me[33m=[39m[32m"text-emerald-500"[39m[33m/[39m[33m>[39m
[33m;[39m[0m

Add @babel/preset-react (https://github.com/babel/babel/tree/mai
n/packages/babel-preset-react) to the 'presets' section of your 
Babel config to enable transformation.
If you want to leave it as-is, add @babel/plugin-syntax-jsx (htt
ps://github.com/babel/babel/tree/main/packages/babel-plugin-synt
ax-jsx) to the 'plugins' section to enable parsing.

If you already added the plugin for this syntax to your config, 
it's possible that your config isn't being loaded.
You can re-run Babel with the BABEL_SHOW_CONFIG_FOR environment 
variable to show the loaded configuration:
	npx cross-env BABEL_SHOW_CONFIG_FOR=D:\Smmplan\src\app\admin\su
pport\macros\page.tsx <your build command>
See https://babeljs.io/docs/configuration#print-effective-config
s for more info.

STACK: SyntaxError: D:\Smmplan\src\app\admin\support\macros\page
.tsx: Support for the experimental syntax 'jsx' isn't currently 
enabled (28:41):

[0m [90m 26 |[39m     [36mconst[39m getActionIcon [33m=[3
9m (type) [33m=>[39m {
 [90m 27 |[39m         [36mswitch[39m (type) {
[31m[1m>[22m[39m[90m 28 |[39m             [36mcase[39m 
[32m'SEND_MESSAGE'[39m[33m:[39m [36mreturn[39m [33m<[39m
[33mlucide_react_1[39m[33m.[39m[33mMessageSquare[39m size[
33m=[39m{[35m12[39m} className[33m=[39m[32m"text-blue-500"
[39m[33m/[39m[33m>[39m[33m;[39m
 [90m    |[39m                                         [31m[
1m^[22m[39m
 [90m 29 |[39m             [36mcase[39m [32m'REFUND_LAST_OR
DER'[39m[33m:[39m [36mreturn[39m [33m<[39m[33mlucide_rea
ct_1[39m[33m.[39m[33mUndo2[39m size[33m=[39m{[35m12[39m
} className[33m=[39m[32m"text-rose-500"[39m[33m/[39m[33m>
[39m[33m;[39m
 [90m 30 |[39m             [36mcase[39m [32m'CLOSE_TICKET'
[39m[33m:[39m [36mreturn[39m [33m<[39m[33mlucide_react_1
[39m[33m.[39m[33mLock[39m size[33m=[39m{[35m12[39m} clas
sName[33m=[39m[32m"text-slate-500"[39m[33m/[39m[33m>[39m
[33m;[39m
 [90m 31 |[39m             [36mcase[39m [32m'ADD_BONUS'[39
m[33m:[39m [36mreturn[39m [33m<[39m[33mlucide_react_1[39
m[33m.[39m[33mGift[39m size[33m=[39m{[35m12[39m} classNa
me[33m=[39m[32m"text-emerald-500"[39m[33m/[39m[33m>[39m
[33m;[39m[0m

Add @babel/preset-react (https://github.com/babel/babel/tree/mai
n/packages/babel-preset-react) to the 'presets' section of your 
Babel config to enable transformation.
If you want to leave it as-is, add @babel/plugin-syntax-jsx (htt
ps://github.com/babel/babel/tree/main/packages/babel-plugin-synt
ax-jsx) to the 'plugins' section to enable parsing.

If you already added the plugin for this syntax to your config, 
it's possible that your config isn't being loaded.
You can re-run Babel with the BABEL_SHOW_CONFIG_FOR environment 
variable to show the loaded configuration:
	npx cross-env BABEL_SHOW_CONFIG_FOR=D:\Smmplan\src\app\admin\su
pport\macros\page.tsx <your build command>
See https://babeljs.io/docs/configuration#print-effective-config
s for more info.

    at constructor (D:\Smmplan\node_modules\@babel\parser\lib\in
dex.js:365:19)
    at Parser.raise (D:\Smmplan\node_modules\@babel\parser\lib\i
ndex.js:6599:19)
    at Parser.expectOnePlugin (D:\Smmplan\node_modules\@babel\pa
rser\lib\index.js:6633:18)
    at Parser.parseExprAtom (D:\Smmplan\node_modules\@babel\pars
er\lib\index.js:11388:24)
    at Parser.parseExprSubscripts (D:\Smmplan\node_modules\@babe
l\parser\lib\index.js:11071:23)
    at Parser.parseUpdate (D:\Smmplan\node_modules\@babel\parser
\lib\index.js:11056:21)
    at Parser.parseMaybeUnary (D:\Smmplan\node_modules\@babel\pa
rser\lib\index.js:11036:23)
    at Parser.parseMaybeUnaryOrPrivate (D:\Smmplan\node_modules\
@babel\parser\lib\index.js:10889:61)
    at Parser.parseExprOps (D:\Smmplan\node_modules\@babel\parse
r\lib\index.js:10894:23)
    at Parser.parseMaybeConditional (D:\Smmplan\node_modules\@ba
bel\parser\lib\index.js:10871:23)
    at Parser.parseMaybeAssign (D:\Smmplan\node_modules\@babel\p
arser\lib\index.js:10821:21)
    at Parser.parseExpressionBase (D:\Smmplan\node_modules\@babe
l\parser\lib\index.js:10774:23)
    at D:\Smmplan\node_modules\@babel\parser\lib\index.js:10770:
39
    at Parser.allowInAnd (D:\Smmplan\node_modules\@babel\parser\
lib\index.js:12411:16)
    at Parser.parseExpression (D:\Smmplan\node_modules\@babel\pa
rser\lib\index.js:10770:17)
    at Parser.parseReturnStatement (D:\Smmplan\node_modules\@bab
el\parser\lib\index.js:13132:28)
    at Parser.parseStatementContent (D:\Smmplan\node_modules\@ba
bel\parser\lib\index.js:12788:21)
    at Parser.parseStatementLike (D:\Smmplan\node_modules\@babel
\parser\lib\index.js:12757:17)
    at Parser.parseStatementListItem (D:\Smmplan\node_modules\@b
abel\parser\lib\index.js:12737:17)
    at Parser.parseSwitchStatement (D:\Smmplan\node_modules\@bab
el\parser\lib\index.js:13164:36)
    at Parser.parseStatementContent (D:\Smmplan\node_modules\@ba
bel\parser\lib\index.js:12790:21)
    at Parser.parseStatementLike (D:\Smmplan\node_modules\@babel
\parser\lib\index.js:12757:17)
    at Parser.parseStatementListItem (D:\Smmplan\node_modules\@b
abel\parser\lib\index.js:12737:17)
    at Parser.parseBlockOrModuleBlockBody (D:\Smmplan\node_modul
es\@babel\parser\lib\index.js:13306:61)
    at Parser.parseBlockBody (D:\Smmplan\node_modules\@babel\par
ser\lib\index.js:13299:10)
    at Parser.parseBlock (D:\Smmplan\node_modules\@babel\parser\
lib\index.js:13287:10)
    at Parser.parseFunctionBody (D:\Smmplan\node_modules\@babel\
parser\lib\index.js:12090:24)
    at Parser.parseArrowExpression (D:\Smmplan\node_modules\@bab
el\parser\lib\index.js:12065:10)
    at Parser.parseParenAndDistinguishExpression (D:\Smmplan\nod
e_modules\@babel\parser\lib\index.js:11677:12)
    at Parser.parseExprAtom (D:\Smmplan\node_modules\@babel\pars
er\lib\index.js:11321:23)
    at Parser.parseExprSubscripts (D:\Smmplan\node_modules\@babe
l\parser\lib\index.js:11071:23)
    at Parser.parseUpdate (D:\Smmplan\node_modules\@babel\parser
\lib\index.js:11056:21)
    at Parser.parseMaybeUnary (D:\Smmplan\node_modules\@babel\pa
rser\lib\index.js:11036:23)
    at Parser.parseMaybeUnaryOrPrivate (D:\Smmplan\node_modules\
@babel\parser\lib\index.js:10889:61)
    at Parser.parseExprOps (D:\Smmplan\node_modules\@babel\parse
r\lib\index.js:10894:23)
    at Parser.parseMaybeConditional (D:\Smmplan\node_modules\@ba
bel\parser\lib\index.js:10871:23)
    at Parser.parseMaybeAssign (D:\Smmplan\node_modules\@babel\p
arser\lib\index.js:10821:21)
    at D:\Smmplan\node_modules\@babel\parser\lib\index.js:10790:
39
    at Parser.allowInAnd (D:\Smmplan\node_modules\@babel\parser\
lib\index.js:12411:16)
    at Parser.parseMaybeAssignAllowIn (D:\Smmplan\node_modules\@
babel\parser\lib\index.js:10790:17)
    at Parser.parseVar (D:\Smmplan\node_modules\@babel\parser\li
b\index.js:13374:91)
    at Parser.parseVarStatement (D:\Smmplan\node_modules\@babel\
parser\lib\index.js:13220:10)
    at Parser.parseStatementContent (D:\Smmplan\node_modules\@ba
bel\parser\lib\index.js:12841:23)
    at Parser.parseStatementLike (D:\Smmplan\node_modules\@babel
\parser\lib\index.js:12757:17)
    at Parser.parseStatementListItem (D:\Smmplan\node_modules\@b
abel\parser\lib\index.js:12737:17)
    at Parser.parseBlockOrModuleBlockBody (D:\Smmplan\node_modul
es\@babel\parser\lib\index.js:13306:61)
    at Parser.parseBlockBody (D:\Smmplan\node_modules\@babel\par
ser\lib\index.js:13299:10)
    at Parser.parseBlock (D:\Smmplan\node_modules\@babel\parser\
lib\index.js:13287:10)
    at Parser.parseFunctionBody (D:\Smmplan\node_modules\@babel\
parser\lib\index.js:12090:24)
    at Parser.parseFunctionBodyAndFinish (D:\Smmplan\node_module
s\@babel\parser\lib\index.js:12076:10)
Failed to collect coverage from D:\Smmplan\src\app\admin\support
\templates\page.tsx
ERROR: D:\Smmplan\src\app\admin\support\templates\page.tsx: Supp
ort for the experimental syntax 'jsx' isn't currently enabled (2
1:13):

[0m [90m 19 |[39m [36masync[39m [36mfunction[39m [33mSup
portTemplatesPage[39m() {
 [90m 20 |[39m     [36mconst[39m templates [33m=[39m [36m
await[39m getTemplates()[33m;[39m
[31m[1m>[22m[39m[90m 21 |[39m     [36mreturn[39m ([33m<
[39m[33mdiv[39m className[33m=[39m[32m"space-y-6 max-w-5xl
 mx-auto"[39m[33m>[39m
 [90m    |[39m             [31m[1m^[22m[39m
 [90m 22 |[39m       [33m<[39m[33mdiv[39m className[33m=
[39m[32m"flex items-center justify-between"[39m[33m>[39m
 [90m 23 |[39m         [33m<[39m[33mdiv[39m className[33m
=[39m[32m"flex items-center gap-4"[39m[33m>[39m
 [90m 24 |[39m           [33m<[39m[33mlink_1[39m[33m.[39
m[36mdefault[39m href[33m=[39m[32m"/admin/support"[39m cla
ssName[33m=[39m[32m"p-2 bg-white border border-slate-200 roun
ded-lg hover:bg-slate-50 transition-colors"[39m[33m>[39m[0m

Add @babel/preset-react (https://github.com/babel/babel/tree/mai
n/packages/babel-preset-react) to the 'presets' section of your 
Babel config to enable transformation.
If you want to leave it as-is, add @babel/plugin-syntax-jsx (htt
ps://github.com/babel/babel/tree/main/packages/babel-plugin-synt
ax-jsx) to the 'plugins' section to enable parsing.

If you already added the plugin for this syntax to your config, 
it's possible that your config isn't being loaded.
You can re-run Babel with the BABEL_SHOW_CONFIG_FOR environment 
variable to show the loaded configuration:
	npx cross-env BABEL_SHOW_CONFIG_FOR=D:\Smmplan\src\app\admin\su
pport\templates\page.tsx <your build command>
See https://babeljs.io/docs/configuration#print-effective-config
s for more info.

STACK: SyntaxError: D:\Smmplan\src\app\admin\support\templates\p
age.tsx: Support for the experimental syntax 'jsx' isn't current
ly enabled (21:13):

[0m [90m 19 |[39m [36masync[39m [36mfunction[39m [33mSup
portTemplatesPage[39m() {
 [90m 20 |[39m     [36mconst[39m templates [33m=[39m [36m
await[39m getTemplates()[33m;[39m
[31m[1m>[22m[39m[90m 21 |[39m     [36mreturn[39m ([33m<
[39m[33mdiv[39m className[33m=[39m[32m"space-y-6 max-w-5xl
 mx-auto"[39m[33m>[39m
 [90m    |[39m             [31m[1m^[22m[39m
 [90m 22 |[39m       [33m<[39m[33mdiv[39m className[33m=
[39m[32m"flex items-center justify-between"[39m[33m>[39m
 [90m 23 |[39m         [33m<[39m[33mdiv[39m className[33m
=[39m[32m"flex items-center gap-4"[39m[33m>[39m
 [90m 24 |[39m           [33m<[39m[33mlink_1[39m[33m.[39
m[36mdefault[39m href[33m=[39m[32m"/admin/support"[39m cla
ssName[33m=[39m[32m"p-2 bg-white border border-slate-200 roun
ded-lg hover:bg-slate-50 transition-colors"[39m[33m>[39m[0m

Add @babel/preset-react (https://github.com/babel/babel/tree/mai
n/packages/babel-preset-react) to the 'presets' section of your 
Babel config to enable transformation.
If you want to leave it as-is, add @babel/plugin-syntax-jsx (htt
ps://github.com/babel/babel/tree/main/packages/babel-plugin-synt
ax-jsx) to the 'plugins' section to enable parsing.

If you already added the plugin for this syntax to your config, 
it's possible that your config isn't being loaded.
You can re-run Babel with the BABEL_SHOW_CONFIG_FOR environment 
variable to show the loaded configuration:
	npx cross-env BABEL_SHOW_CONFIG_FOR=D:\Smmplan\src\app\admin\su
pport\templates\page.tsx <your build command>
See https://babeljs.io/docs/configuration#print-effective-config
s for more info.

    at constructor (D:\Smmplan\node_modules\@babel\parser\lib\in
dex.js:365:19)
    at Parser.raise (D:\Smmplan\node_modules\@babel\parser\lib\i
ndex.js:6599:19)
    at Parser.expectOnePlugin (D:\Smmplan\node_modules\@babel\pa
rser\lib\index.js:6633:18)
    at Parser.parseExprAtom (D:\Smmplan\node_modules\@babel\pars
er\lib\index.js:11388:24)
    at Parser.parseExprSubscripts (D:\Smmplan\node_modules\@babe
l\parser\lib\index.js:11071:23)
    at Parser.parseUpdate (D:\Smmplan\node_modules\@babel\parser
\lib\index.js:11056:21)
    at Parser.parseMaybeUnary (D:\Smmplan\node_modules\@babel\pa
rser\lib\index.js:11036:23)
    at Parser.parseMaybeUnaryOrPrivate (D:\Smmplan\node_modules\
@babel\parser\lib\index.js:10889:61)
    at Parser.parseExprOps (D:\Smmplan\node_modules\@babel\parse
r\lib\index.js:10894:23)
    at Parser.parseMaybeConditional (D:\Smmplan\node_modules\@ba
bel\parser\lib\index.js:10871:23)
    at Parser.parseMaybeAssign (D:\Smmplan\node_modules\@babel\p
arser\lib\index.js:10821:21)
    at D:\Smmplan\node_modules\@babel\parser\lib\index.js:10790:
39
    at Parser.allowInAnd (D:\Smmplan\node_modules\@babel\parser\
lib\index.js:12416:12)
    at Parser.parseMaybeAssignAllowIn (D:\Smmplan\node_modules\@
babel\parser\lib\index.js:10790:17)
    at Parser.parseMaybeAssignAllowInOrVoidPattern (D:\Smmplan\n
ode_modules\@babel\parser\lib\index.js:12483:17)
    at Parser.parseParenAndDistinguishExpression (D:\Smmplan\nod
e_modules\@babel\parser\lib\index.js:11665:28)
    at Parser.parseExprAtom (D:\Smmplan\node_modules\@babel\pars
er\lib\index.js:11321:23)
    at Parser.parseExprSubscripts (D:\Smmplan\node_modules\@babe
l\parser\lib\index.js:11071:23)
    at Parser.parseUpdate (D:\Smmplan\node_modules\@babel\parser
\lib\index.js:11056:21)
    at Parser.parseMaybeUnary (D:\Smmplan\node_modules\@babel\pa
rser\lib\index.js:11036:23)
    at Parser.parseMaybeUnaryOrPrivate (D:\Smmplan\node_modules\
@babel\parser\lib\index.js:10889:61)
    at Parser.parseExprOps (D:\Smmplan\node_modules\@babel\parse
r\lib\index.js:10894:23)
    at Parser.parseMaybeConditional (D:\Smmplan\node_modules\@ba
bel\parser\lib\index.js:10871:23)
    at Parser.parseMaybeAssign (D:\Smmplan\node_modules\@babel\p
arser\lib\index.js:10821:21)
    at Parser.parseExpressionBase (D:\Smmplan\node_modules\@babe
l\parser\lib\index.js:10774:23)
    at D:\Smmplan\node_modules\@babel\parser\lib\index.js:10770:
39
    at Parser.allowInAnd (D:\Smmplan\node_modules\@babel\parser\
lib\index.js:12411:16)
    at Parser.parseExpression (D:\Smmplan\node_modules\@babel\pa
rser\lib\index.js:10770:17)
    at Parser.parseReturnStatement (D:\Smmplan\node_modules\@bab
el\parser\lib\index.js:13132:28)
    at Parser.parseStatementContent (D:\Smmplan\node_modules\@ba
bel\parser\lib\index.js:12788:21)
    at Parser.parseStatementLike (D:\Smmplan\node_modules\@babel
\parser\lib\index.js:12757:17)
    at Parser.parseStatementListItem (D:\Smmplan\node_modules\@b
abel\parser\lib\index.js:12737:17)
    at Parser.parseBlockOrModuleBlockBody (D:\Smmplan\node_modul
es\@babel\parser\lib\index.js:13306:61)
    at Parser.parseBlockBody (D:\Smmplan\node_modules\@babel\par
ser\lib\index.js:13299:10)
    at Parser.parseBlock (D:\Smmplan\node_modules\@babel\parser\
lib\index.js:13287:10)
    at Parser.parseFunctionBody (D:\Smmplan\node_modules\@babel\
parser\lib\index.js:12090:24)
    at Parser.parseFunctionBodyAndFinish (D:\Smmplan\node_module
s\@babel\parser\lib\index.js:12076:10)
    at D:\Smmplan\node_modules\@babel\parser\lib\index.js:13435:
12
    at Parser.withSmartMixTopicForbiddingContext (D:\Smmplan\nod
e_modules\@babel\parser\lib\index.js:12393:14)
    at Parser.parseFunction (D:\Smmplan\node_modules\@babel\pars
er\lib\index.js:13434:10)
    at Parser.parseFunctionStatement (D:\Smmplan\node_modules\@b
abel\parser\lib\index.js:13115:17)
    at Parser.parseStatementContent (D:\Smmplan\node_modules\@ba
bel\parser\lib\index.js:12880:25)
    at Parser.parseStatementLike (D:\Smmplan\node_modules\@babel
\parser\lib\index.js:12757:17)
    at Parser.parseModuleItem (D:\Smmplan\node_modules\@babel\pa
rser\lib\index.js:12734:17)
    at Parser.parseBlockOrModuleBlockBody (D:\Smmplan\node_modul
es\@babel\parser\lib\index.js:13306:36)
    at Parser.parseBlockBody (D:\Smmplan\node_modules\@babel\par
ser\lib\index.js:13299:10)
    at Parser.parseProgram (D:\Smmplan\node_modules\@babel\parse
r\lib\index.js:12612:10)
    at Parser.parseTopLevel (D:\Smmplan\node_modules\@babel\pars
er\lib\index.js:12602:25)
    at Parser.parse (D:\Smmplan\node_modules\@babel\parser\lib\i
ndex.js:14478:25)
    at parse (D:\Smmplan\node_modules\@babel\parser\lib\index.js
:14512:38)
Failed to collect coverage from D:\Smmplan\src\app\admin\service
s\import\page.tsx
ERROR: D:\Smmplan\src\app\admin\services\import\page.tsx: Suppor
t for the experimental syntax 'jsx' isn't currently enabled (232
:13):

[0m [90m 230 |[39m         }
 [90m 231 |[39m     }[33m;[39m
[31m[1m>[22m[39m[90m 232 |[39m     [36mreturn[39m ([33m
<[39m[33mdiv[39m className[33m=[39m[32m"space-y-6"[39m[3
3m>[39m
 [90m     |[39m             [31m[1m^[22m[39m
 [90m 233 |[39m       [33m<[39m[33mdiv[39m className[33m=
[39m[32m"flex items-center justify-between"[39m[33m>[39m
 [90m 234 |[39m         [33m<[39m[33mdiv[39m[33m>[39m
 [90m 235 |[39m           [33m<[39m[33mh2[39m className[3
3m=[39m[32m"text-2xl font-bold text-slate-800 tracking-tight i
talic uppercase"[39m[33m>[39m[33m╨Ш╨╝╨┐╨╛╤А╤В[39m ╤Г╤Б╨╗╤Г╨
│[33m<[39m[33m/[39m[33mh2[39m[33m>[39m[0m

Add @babel/preset-react (https://github.com/babel/babel/tree/mai
n/packages/babel-preset-react) to the 'presets' section of your 
Babel config to enable transformation.
If you want to leave it as-is, add @babel/plugin-syntax-jsx (htt
ps://github.com/babel/babel/tree/main/packages/babel-plugin-synt
ax-jsx) to the 'plugins' section to enable parsing.

If you already added the plugin for this syntax to your config, 
it's possible that your config isn't being loaded.
You can re-run Babel with the BABEL_SHOW_CONFIG_FOR environment 
variable to show the loaded configuration:
	npx cross-env BABEL_SHOW_CONFIG_FOR=D:\Smmplan\src\app\admin\se
rvices\import\page.tsx <your build command>
See https://babeljs.io/docs/configuration#print-effective-config
s for more info.

STACK: SyntaxError: D:\Smmplan\src\app\admin\services\import\pag
e.tsx: Support for the experimental syntax 'jsx' isn't currently
 enabled (232:13):

[0m [90m 230 |[39m         }
 [90m 231 |[39m     }[33m;[39m
[31m[1m>[22m[39m[90m 232 |[39m     [36mreturn[39m ([33m
<[39m[33mdiv[39m className[33m=[39m[32m"space-y-6"[39m[3
3m>[39m
 [90m     |[39m             [31m[1m^[22m[39m
 [90m 233 |[39m       [33m<[39m[33mdiv[39m className[33m=
[39m[32m"flex items-center justify-between"[39m[33m>[39m
 [90m 234 |[39m         [33m<[39m[33mdiv[39m[33m>[39m
 [90m 235 |[39m           [33m<[39m[33mh2[39m className[3
3m=[39m[32m"text-2xl font-bold text-slate-800 tracking-tight i
talic uppercase"[39m[33m>[39m[33m╨Ш╨╝╨┐╨╛╤А╤В[39m ╤Г╤Б╨╗╤Г╨
│[33m<[39m[33m/[39m[33mh2[39m[33m>[39m[0m

Add @babel/preset-react (https://github.com/babel/babel/tree/mai
n/packages/babel-preset-react) to the 'presets' section of your 
Babel config to enable transformation.
If you want to leave it as-is, add @babel/plugin-syntax-jsx (htt
ps://github.com/babel/babel/tree/main/packages/babel-plugin-synt
ax-jsx) to the 'plugins' section to enable parsing.

If you already added the plugin for this syntax to your config, 
it's possible that your config isn't being loaded.
You can re-run Babel with the BABEL_SHOW_CONFIG_FOR environment 
variable to show the loaded configuration:
	npx cross-env BABEL_SHOW_CONFIG_FOR=D:\Smmplan\src\app\admin\se
rvices\import\page.tsx <your build command>
See https://babeljs.io/docs/configuration#print-effective-config
s for more info.

    at constructor (D:\Smmplan\node_modules\@babel\parser\lib\in
dex.js:365:19)
    at Parser.raise (D:\Smmplan\node_modules\@babel\parser\lib\i
ndex.js:6599:19)
    at Parser.expectOnePlugin (D:\Smmplan\node_modules\@babel\pa
rser\lib\index.js:6633:18)
    at Parser.parseExprAtom (D:\Smmplan\node_modules\@babel\pars
er\lib\index.js:11388:24)
    at Parser.parseExprSubscripts (D:\Smmplan\node_modules\@babe
l\parser\lib\index.js:11071:23)
    at Parser.parseUpdate (D:\Smmplan\node_modules\@babel\parser
\lib\index.js:11056:21)
    at Parser.parseMaybeUnary (D:\Smmplan\node_modules\@babel\pa
rser\lib\index.js:11036:23)
    at Parser.parseMaybeUnaryOrPrivate (D:\Smmplan\node_modules\
@babel\parser\lib\index.js:10889:61)
    at Parser.parseExprOps (D:\Smmplan\node_modules\@babel\parse
r\lib\index.js:10894:23)
    at Parser.parseMaybeConditional (D:\Smmplan\node_modules\@ba
bel\parser\lib\index.js:10871:23)
    at Parser.parseMaybeAssign (D:\Smmplan\node_modules\@babel\p
arser\lib\index.js:10821:21)
    at D:\Smmplan\node_modules\@babel\parser\lib\index.js:10790:
39
    at Parser.allowInAnd (D:\Smmplan\node_modules\@babel\parser\
lib\index.js:12416:12)
    at Parser.parseMaybeAssignAllowIn (D:\Smmplan\node_modules\@
babel\parser\lib\index.js:10790:17)
    at Parser.parseMaybeAssignAllowInOrVoidPattern (D:\Smmplan\n
ode_modules\@babel\parser\lib\index.js:12483:17)
    at Parser.parseParenAndDistinguishExpression (D:\Smmplan\nod
e_modules\@babel\parser\lib\index.js:11665:28)
    at Parser.parseExprAtom (D:\Smmplan\node_modules\@babel\pars
er\lib\index.js:11321:23)
    at Parser.parseExprSubscripts (D:\Smmplan\node_modules\@babe
l\parser\lib\index.js:11071:23)
    at Parser.parseUpdate (D:\Smmplan\node_modules\@babel\parser
\lib\index.js:11056:21)
    at Parser.parseMaybeUnary (D:\Smmplan\node_modules\@babel\pa
rser\lib\index.js:11036:23)
    at Parser.parseMaybeUnaryOrPrivate (D:\Smmplan\node_modules\
@babel\parser\lib\index.js:10889:61)
    at Parser.parseExprOps (D:\Smmplan\node_modules\@babel\parse
r\lib\index.js:10894:23)
    at Parser.parseMaybeConditional (D:\Smmplan\node_modules\@ba
bel\parser\lib\index.js:10871:23)
    at Parser.parseMaybeAssign (D:\Smmplan\node_modules\@babel\p
arser\lib\index.js:10821:21)
    at Parser.parseExpressionBase (D:\Smmplan\node_modules\@babe
l\parser\lib\index.js:10774:23)
    at D:\Smmplan\node_modules\@babel\parser\lib\index.js:10770:
39
    at Parser.allowInAnd (D:\Smmplan\node_modules\@babel\parser\
lib\index.js:12411:16)
    at Parser.parseExpression (D:\Smmplan\node_modules\@babel\pa
rser\lib\index.js:10770:17)
    at Parser.parseReturnStatement (D:\Smmplan\node_modules\@bab
el\parser\lib\index.js:13132:28)
    at Parser.parseStatementContent (D:\Smmplan\node_modules\@ba
bel\parser\lib\index.js:12788:21)
    at Parser.parseStatementLike (D:\Smmplan\node_modules\@babel
\parser\lib\index.js:12757:17)
    at Parser.parseStatementListItem (D:\Smmplan\node_modules\@b
abel\parser\lib\index.js:12737:17)
    at Parser.parseBlockOrModuleBlockBody (D:\Smmplan\node_modul
es\@babel\parser\lib\index.js:13306:61)
    at Parser.parseBlockBody (D:\Smmplan\node_modules\@babel\par
ser\lib\index.js:13299:10)
    at Parser.parseBlock (D:\Smmplan\node_modules\@babel\parser\
lib\index.js:13287:10)
    at Parser.parseFunctionBody (D:\Smmplan\node_modules\@babel\
parser\lib\index.js:12090:24)
    at Parser.parseFunctionBodyAndFinish (D:\Smmplan\node_module
s\@babel\parser\lib\index.js:12076:10)
    at D:\Smmplan\node_modules\@babel\parser\lib\index.js:13435:
12
    at Parser.withSmartMixTopicForbiddingContext (D:\Smmplan\nod
e_modules\@babel\parser\lib\index.js:12393:14)
    at Parser.parseFunction (D:\Smmplan\node_modules\@babel\pars
er\lib\index.js:13434:10)
    at Parser.parseFunctionStatement (D:\Smmplan\node_modules\@b
abel\parser\lib\index.js:13115:17)
    at Parser.parseStatementContent (D:\Smmplan\node_modules\@ba
bel\parser\lib\index.js:12781:21)
    at Parser.parseStatementLike (D:\Smmplan\node_modules\@babel
\parser\lib\index.js:12757:17)
    at Parser.parseModuleItem (D:\Smmplan\node_modules\@babel\pa
rser\lib\index.js:12734:17)
    at Parser.parseBlockOrModuleBlockBody (D:\Smmplan\node_modul
es\@babel\parser\lib\index.js:13306:36)
    at Parser.parseBlockBody (D:\Smmplan\node_modules\@babel\par
ser\lib\index.js:13299:10)
    at Parser.parseProgram (D:\Smmplan\node_modules\@babel\parse
r\lib\index.js:12612:10)
    at Parser.parseTopLevel (D:\Smmplan\node_modules\@babel\pars
er\lib\index.js:12602:25)
    at Parser.parse (D:\Smmplan\node_modules\@babel\parser\lib\i
ndex.js:14478:25)
    at parse (D:\Smmplan\node_modules\@babel\parser\lib\index.js
:14512:38)
Failed to collect coverage from D:\Smmplan\src\app\admin\support
\[id]\page.tsx
ERROR: D:\Smmplan\src\app\admin\support\[id]\page.tsx: Support f
or the experimental syntax 'jsx' isn't currently enabled (39:13)
:

[0m [90m 37 |[39m     [36mif[39m ([33m![39mticket)
 [90m 38 |[39m         ([35m0[39m[33m,[39m navigation_1[3
3m.[39mnotFound)()[33m;[39m
[31m[1m>[22m[39m[90m 39 |[39m     [36mreturn[39m ([33m<
[39m[33mdiv[39m className[33m=[39m[32m"space-y-6 max-w-5xl
 mx-auto"[39m[33m>[39m
 [90m    |[39m             [31m[1m^[22m[39m
 [90m 40 |[39m       {[90m/* ╨Я╨а╨Ю╨Т╨Х╨а╨Ъ╨Р ╨Ъ╨Ю╨Ы╨Ы╨Ш╨Ч╨Ш╨
Ш */[39m}
 [90m 41 |[39m       [33m<[39m[33msupport_presence_1[39m[
33m.[39m[33mSupportPresence[39m ticketId[33m=[39m{ticket[3
3m.[39mid}[33m/[39m[33m>[39m
 [90m 42 |[39m[0m

Add @babel/preset-react (https://github.com/babel/babel/tree/mai
n/packages/babel-preset-react) to the 'presets' section of your 
Babel config to enable transformation.
If you want to leave it as-is, add @babel/plugin-syntax-jsx (htt
ps://github.com/babel/babel/tree/main/packages/babel-plugin-synt
ax-jsx) to the 'plugins' section to enable parsing.

If you already added the plugin for this syntax to your config, 
it's possible that your config isn't being loaded.
You can re-run Babel with the BABEL_SHOW_CONFIG_FOR environment 
variable to show the loaded configuration:
	npx cross-env BABEL_SHOW_CONFIG_FOR=D:\Smmplan\src\app\admin\su
pport\[id]\page.tsx <your build command>
See https://babeljs.io/docs/configuration#print-effective-config
s for more info.

STACK: SyntaxError: D:\Smmplan\src\app\admin\support\[id]\page.t
sx: Support for the experimental syntax 'jsx' isn't currently en
abled (39:13):

[0m [90m 37 |[39m     [36mif[39m ([33m![39mticket)
 [90m 38 |[39m         ([35m0[39m[33m,[39m navigation_1[3
3m.[39mnotFound)()[33m;[39m
[31m[1m>[22m[39m[90m 39 |[39m     [36mreturn[39m ([33m<
[39m[33mdiv[39m className[33m=[39m[32m"space-y-6 max-w-5xl
 mx-auto"[39m[33m>[39m
 [90m    |[39m             [31m[1m^[22m[39m
 [90m 40 |[39m       {[90m/* ╨Я╨а╨Ю╨Т╨Х╨а╨Ъ╨Р ╨Ъ╨Ю╨Ы╨Ы╨Ш╨Ч╨Ш╨
Ш */[39m}
 [90m 41 |[39m       [33m<[39m[33msupport_presence_1[39m[
33m.[39m[33mSupportPresence[39m ticketId[33m=[39m{ticket[3
3m.[39mid}[33m/[39m[33m>[39m
 [90m 42 |[39m[0m

Add @babel/preset-react (https://github.com/babel/babel/tree/mai
n/packages/babel-preset-react) to the 'presets' section of your 
Babel config to enable transformation.
If you want to leave it as-is, add @babel/plugin-syntax-jsx (htt
ps://github.com/babel/babel/tree/main/packages/babel-plugin-synt
ax-jsx) to the 'plugins' section to enable parsing.

If you already added the plugin for this syntax to your config, 
it's possible that your config isn't being loaded.
You can re-run Babel with the BABEL_SHOW_CONFIG_FOR environment 
variable to show the loaded configuration:
	npx cross-env BABEL_SHOW_CONFIG_FOR=D:\Smmplan\src\app\admin\su
pport\[id]\page.tsx <your build command>
See https://babeljs.io/docs/configuration#print-effective-config
s for more info.

    at constructor (D:\Smmplan\node_modules\@babel\parser\lib\in
dex.js:365:19)
    at Parser.raise (D:\Smmplan\node_modules\@babel\parser\lib\i
ndex.js:6599:19)
    at Parser.expectOnePlugin (D:\Smmplan\node_modules\@babel\pa
rser\lib\index.js:6633:18)
    at Parser.parseExprAtom (D:\Smmplan\node_modules\@babel\pars
er\lib\index.js:11388:24)
    at Parser.parseExprSubscripts (D:\Smmplan\node_modules\@babe
l\parser\lib\index.js:11071:23)
    at Parser.parseUpdate (D:\Smmplan\node_modules\@babel\parser
\lib\index.js:11056:21)
    at Parser.parseMaybeUnary (D:\Smmplan\node_modules\@babel\pa
rser\lib\index.js:11036:23)
    at Parser.parseMaybeUnaryOrPrivate (D:\Smmplan\node_modules\
@babel\parser\lib\index.js:10889:61)
    at Parser.parseExprOps (D:\Smmplan\node_modules\@babel\parse
r\lib\index.js:10894:23)
    at Parser.parseMaybeConditional (D:\Smmplan\node_modules\@ba
bel\parser\lib\index.js:10871:23)
    at Parser.parseMaybeAssign (D:\Smmplan\node_modules\@babel\p
arser\lib\index.js:10821:21)
    at D:\Smmplan\node_modules\@babel\parser\lib\index.js:10790:
39
    at Parser.allowInAnd (D:\Smmplan\node_modules\@babel\parser\
lib\index.js:12416:12)
    at Parser.parseMaybeAssignAllowIn (D:\Smmplan\node_modules\@
babel\parser\lib\index.js:10790:17)
    at Parser.parseMaybeAssignAllowInOrVoidPattern (D:\Smmplan\n
ode_modules\@babel\parser\lib\index.js:12483:17)
    at Parser.parseParenAndDistinguishExpression (D:\Smmplan\nod
e_modules\@babel\parser\lib\index.js:11665:28)
    at Parser.parseExprAtom (D:\Smmplan\node_modules\@babel\pars
er\lib\index.js:11321:23)
    at Parser.parseExprSubscripts (D:\Smmplan\node_modules\@babe
l\parser\lib\index.js:11071:23)
    at Parser.parseUpdate (D:\Smmplan\node_modules\@babel\parser
\lib\index.js:11056:21)
    at Parser.parseMaybeUnary (D:\Smmplan\node_modules\@babel\pa
rser\lib\index.js:11036:23)
    at Parser.parseMaybeUnaryOrPrivate (D:\Smmplan\node_modules\
@babel\parser\lib\index.js:10889:61)
    at Parser.parseExprOps (D:\Smmplan\node_modules\@babel\parse
r\lib\index.js:10894:23)
    at Parser.parseMaybeConditional (D:\Smmplan\node_modules\@ba
bel\parser\lib\index.js:10871:23)
    at Parser.parseMaybeAssign (D:\Smmplan\node_modules\@babel\p
arser\lib\index.js:10821:21)
    at Parser.parseExpressionBase (D:\Smmplan\node_modules\@babe
l\parser\lib\index.js:10774:23)
    at D:\Smmplan\node_modules\@babel\parser\lib\index.js:10770:
39
    at Parser.allowInAnd (D:\Smmplan\node_modules\@babel\parser\
lib\index.js:12411:16)
    at Parser.parseExpression (D:\Smmplan\node_modules\@babel\pa
rser\lib\index.js:10770:17)
    at Parser.parseReturnStatement (D:\Smmplan\node_modules\@bab
el\parser\lib\index.js:13132:28)
    at Parser.parseStatementContent (D:\Smmplan\node_modules\@ba
bel\parser\lib\index.js:12788:21)
    at Parser.parseStatementLike (D:\Smmplan\node_modules\@babel
\parser\lib\index.js:12757:17)
    at Parser.parseStatementListItem (D:\Smmplan\node_modules\@b
abel\parser\lib\index.js:12737:17)
    at Parser.parseBlockOrModuleBlockBody (D:\Smmplan\node_modul
es\@babel\parser\lib\index.js:13306:61)
    at Parser.parseBlockBody (D:\Smmplan\node_modules\@babel\par
ser\lib\index.js:13299:10)
    at Parser.parseBlock (D:\Smmplan\node_modules\@babel\parser\
lib\index.js:13287:10)
    at Parser.parseFunctionBody (D:\Smmplan\node_modules\@babel\
parser\lib\index.js:12090:24)
    at Parser.parseFunctionBodyAndFinish (D:\Smmplan\node_module
s\@babel\parser\lib\index.js:12076:10)
    at D:\Smmplan\node_modules\@babel\parser\lib\index.js:13435:
12
    at Parser.withSmartMixTopicForbiddingContext (D:\Smmplan\nod
e_modules\@babel\parser\lib\index.js:12393:14)
    at Parser.parseFunction (D:\Smmplan\node_modules\@babel\pars
er\lib\index.js:13434:10)
    at Parser.parseFunctionStatement (D:\Smmplan\node_modules\@b
abel\parser\lib\index.js:13115:17)
    at Parser.parseStatementContent (D:\Smmplan\node_modules\@ba
bel\parser\lib\index.js:12880:25)
    at Parser.parseStatementLike (D:\Smmplan\node_modules\@babel
\parser\lib\index.js:12757:17)
    at Parser.parseModuleItem (D:\Smmplan\node_modules\@babel\pa
rser\lib\index.js:12734:17)
    at Parser.parseBlockOrModuleBlockBody (D:\Smmplan\node_modul
es\@babel\parser\lib\index.js:13306:36)
    at Parser.parseBlockBody (D:\Smmplan\node_modules\@babel\par
ser\lib\index.js:13299:10)
    at Parser.parseProgram (D:\Smmplan\node_modules\@babel\parse
r\lib\index.js:12612:10)
    at Parser.parseTopLevel (D:\Smmplan\node_modules\@babel\pars
er\lib\index.js:12602:25)
    at Parser.parse (D:\Smmplan\node_modules\@babel\parser\lib\i
ndex.js:14478:25)
    at parse (D:\Smmplan\node_modules\@babel\parser\lib\index.js
:14512:38)
Failed to collect coverage from D:\Smmplan\src\app\admin\users\[
id]\page.tsx
ERROR: D:\Smmplan\src\app\admin\users\[id]\page.tsx: Support for
 the experimental syntax 'jsx' isn't currently enabled (71:13):

[0m [90m 69 |[39m         [33mDEPOSIT[39m[33m:[39m [32m'
╨Я╨╛╨┐╨╛╨╗╨╜╨╡╨╜╨╕╨╡'[39m[33m,[39m [33mWITHDRAW[39m[33m:[
39m [32m'╨б╨┐╨╕╤Б╨░╨╜╨╕╨╡'[39m[33m,[39m [33mREFUND[39m[33
m:[39m [32m'╨Т╨╛╨╖╨▓╤А╨░╤В'[39m
 [90m 70 |[39m     }[33m;[39m
[31m[1m>[22m[39m[90m 71 |[39m     [36mreturn[39m ([33m<
[39m[33mdiv[39m className[33m=[39m[32m"space-y-6 max-w-6xl
 pb-20 text-[13px]"[39m[33m>[39m
 [90m    |[39m             [31m[1m^[22m[39m
 [90m 72 |[39m       {[90m/* Header */[39m}
 [90m 73 |[39m       [33m<[39m[33mdiv[39m className[33m=
[39m[32m"flex items-center justify-between"[39m[33m>[39m
 [90m 74 |[39m         [33m<[39m[33mdiv[39m className[33m
=[39m[32m"flex items-center gap-4"[39m[33m>[39m[0m

Add @babel/preset-react (https://github.com/babel/babel/tree/mai
n/packages/babel-preset-react) to the 'presets' section of your 
Babel config to enable transformation.
If you want to leave it as-is, add @babel/plugin-syntax-jsx (htt
ps://github.com/babel/babel/tree/main/packages/babel-plugin-synt
ax-jsx) to the 'plugins' section to enable parsing.

If you already added the plugin for this syntax to your config, 
it's possible that your config isn't being loaded.
You can re-run Babel with the BABEL_SHOW_CONFIG_FOR environment 
variable to show the loaded configuration:
	npx cross-env BABEL_SHOW_CONFIG_FOR=D:\Smmplan\src\app\admin\us
ers\[id]\page.tsx <your build command>
See https://babeljs.io/docs/configuration#print-effective-config
s for more info.

STACK: SyntaxError: D:\Smmplan\src\app\admin\users\[id]\page.tsx
: Support for the experimental syntax 'jsx' isn't currently enab
led (71:13):

[0m [90m 69 |[39m         [33mDEPOSIT[39m[33m:[39m [32m'
╨Я╨╛╨┐╨╛╨╗╨╜╨╡╨╜╨╕╨╡'[39m[33m,[39m [33mWITHDRAW[39m[33m:[
39m [32m'╨б╨┐╨╕╤Б╨░╨╜╨╕╨╡'[39m[33m,[39m [33mREFUND[39m[33
m:[39m [32m'╨Т╨╛╨╖╨▓╤А╨░╤В'[39m
 [90m 70 |[39m     }[33m;[39m
[31m[1m>[22m[39m[90m 71 |[39m     [36mreturn[39m ([33m<
[39m[33mdiv[39m className[33m=[39m[32m"space-y-6 max-w-6xl
 pb-20 text-[13px]"[39m[33m>[39m
 [90m    |[39m             [31m[1m^[22m[39m
 [90m 72 |[39m       {[90m/* Header */[39m}
 [90m 73 |[39m       [33m<[39m[33mdiv[39m className[33m=
[39m[32m"flex items-center justify-between"[39m[33m>[39m
 [90m 74 |[39m         [33m<[39m[33mdiv[39m className[33m
=[39m[32m"flex items-center gap-4"[39m[33m>[39m[0m

Add @babel/preset-react (https://github.com/babel/babel/tree/mai
n/packages/babel-preset-react) to the 'presets' section of your 
Babel config to enable transformation.
If you want to leave it as-is, add @babel/plugin-syntax-jsx (htt
ps://github.com/babel/babel/tree/main/packages/babel-plugin-synt
ax-jsx) to the 'plugins' section to enable parsing.

If you already added the plugin for this syntax to your config, 
it's possible that your config isn't being loaded.
You can re-run Babel with the BABEL_SHOW_CONFIG_FOR environment 
variable to show the loaded configuration:
	npx cross-env BABEL_SHOW_CONFIG_FOR=D:\Smmplan\src\app\admin\us
ers\[id]\page.tsx <your build command>
See https://babeljs.io/docs/configuration#print-effective-config
s for more info.

    at constructor (D:\Smmplan\node_modules\@babel\parser\lib\in
dex.js:365:19)
    at Parser.raise (D:\Smmplan\node_modules\@babel\parser\lib\i
ndex.js:6599:19)
    at Parser.expectOnePlugin (D:\Smmplan\node_modules\@babel\pa
rser\lib\index.js:6633:18)
    at Parser.parseExprAtom (D:\Smmplan\node_modules\@babel\pars
er\lib\index.js:11388:24)
    at Parser.parseExprSubscripts (D:\Smmplan\node_modules\@babe
l\parser\lib\index.js:11071:23)
    at Parser.parseUpdate (D:\Smmplan\node_modules\@babel\parser
\lib\index.js:11056:21)
    at Parser.parseMaybeUnary (D:\Smmplan\node_modules\@babel\pa
rser\lib\index.js:11036:23)
    at Parser.parseMaybeUnaryOrPrivate (D:\Smmplan\node_modules\
@babel\parser\lib\index.js:10889:61)
    at Parser.parseExprOps (D:\Smmplan\node_modules\@babel\parse
r\lib\index.js:10894:23)
    at Parser.parseMaybeConditional (D:\Smmplan\node_modules\@ba
bel\parser\lib\index.js:10871:23)
    at Parser.parseMaybeAssign (D:\Smmplan\node_modules\@babel\p
arser\lib\index.js:10821:21)
    at D:\Smmplan\node_modules\@babel\parser\lib\index.js:10790:
39
    at Parser.allowInAnd (D:\Smmplan\node_modules\@babel\parser\
lib\index.js:12416:12)
    at Parser.parseMaybeAssignAllowIn (D:\Smmplan\node_modules\@
babel\parser\lib\index.js:10790:17)
    at Parser.parseMaybeAssignAllowInOrVoidPattern (D:\Smmplan\n
ode_modules\@babel\parser\lib\index.js:12483:17)
    at Parser.parseParenAndDistinguishExpression (D:\Smmplan\nod
e_modules\@babel\parser\lib\index.js:11665:28)
    at Parser.parseExprAtom (D:\Smmplan\node_modules\@babel\pars
er\lib\index.js:11321:23)
    at Parser.parseExprSubscripts (D:\Smmplan\node_modules\@babe
l\parser\lib\index.js:11071:23)
    at Parser.parseUpdate (D:\Smmplan\node_modules\@babel\parser
\lib\index.js:11056:21)
    at Parser.parseMaybeUnary (D:\Smmplan\node_modules\@babel\pa
rser\lib\index.js:11036:23)
    at Parser.parseMaybeUnaryOrPrivate (D:\Smmplan\node_modules\
@babel\parser\lib\index.js:10889:61)
    at Parser.parseExprOps (D:\Smmplan\node_modules\@babel\parse
r\lib\index.js:10894:23)
    at Parser.parseMaybeConditional (D:\Smmplan\node_modules\@ba
bel\parser\lib\index.js:10871:23)
    at Parser.parseMaybeAssign (D:\Smmplan\node_modules\@babel\p
arser\lib\index.js:10821:21)
    at Parser.parseExpressionBase (D:\Smmplan\node_modules\@babe
l\parser\lib\index.js:10774:23)
    at D:\Smmplan\node_modules\@babel\parser\lib\index.js:10770:
39
    at Parser.allowInAnd (D:\Smmplan\node_modules\@babel\parser\
lib\index.js:12411:16)
    at Parser.parseExpression (D:\Smmplan\node_modules\@babel\pa
rser\lib\index.js:10770:17)
    at Parser.parseReturnStatement (D:\Smmplan\node_modules\@bab
el\parser\lib\index.js:13132:28)
    at Parser.parseStatementContent (D:\Smmplan\node_modules\@ba
bel\parser\lib\index.js:12788:21)
    at Parser.parseStatementLike (D:\Smmplan\node_modules\@babel
\parser\lib\index.js:12757:17)
    at Parser.parseStatementListItem (D:\Smmplan\node_modules\@b
abel\parser\lib\index.js:12737:17)
    at Parser.parseBlockOrModuleBlockBody (D:\Smmplan\node_modul
es\@babel\parser\lib\index.js:13306:61)
    at Parser.parseBlockBody (D:\Smmplan\node_modules\@babel\par
ser\lib\index.js:13299:10)
    at Parser.parseBlock (D:\Smmplan\node_modules\@babel\parser\
lib\index.js:13287:10)
    at Parser.parseFunctionBody (D:\Smmplan\node_modules\@babel\
parser\lib\index.js:12090:24)
    at Parser.parseFunctionBodyAndFinish (D:\Smmplan\node_module
s\@babel\parser\lib\index.js:12076:10)
    at D:\Smmplan\node_modules\@babel\parser\lib\index.js:13435:
12
    at Parser.withSmartMixTopicForbiddingContext (D:\Smmplan\nod
e_modules\@babel\parser\lib\index.js:12393:14)
    at Parser.parseFunction (D:\Smmplan\node_modules\@babel\pars
er\lib\index.js:13434:10)
    at Parser.parseFunctionStatement (D:\Smmplan\node_modules\@b
abel\parser\lib\index.js:13115:17)
    at Parser.parseStatementContent (D:\Smmplan\node_modules\@ba
bel\parser\lib\index.js:12880:25)
    at Parser.parseStatementLike (D:\Smmplan\node_modules\@babel
\parser\lib\index.js:12757:17)
    at Parser.parseModuleItem (D:\Smmplan\node_modules\@babel\pa
rser\lib\index.js:12734:17)
    at Parser.parseBlockOrModuleBlockBody (D:\Smmplan\node_modul
es\@babel\parser\lib\index.js:13306:36)
    at Parser.parseBlockBody (D:\Smmplan\node_modules\@babel\par
ser\lib\index.js:13299:10)
    at Parser.parseProgram (D:\Smmplan\node_modules\@babel\parse
r\lib\index.js:12612:10)
    at Parser.parseTopLevel (D:\Smmplan\node_modules\@babel\pars
er\lib\index.js:12602:25)
    at Parser.parse (D:\Smmplan\node_modules\@babel\parser\lib\i
ndex.js:14478:25)
    at parse (D:\Smmplan\node_modules\@babel\parser\lib\index.js
:14512:38)
Failed to collect coverage from D:\Smmplan\src\app\admin\news\[i
d]\broadcast\page.tsx
ERROR: D:\Smmplan\src\app\admin\news\[id]\broadcast\page.tsx: Su
pport for the experimental syntax 'jsx' isn't currently enabled 
(28:13):

[0m [90m 26 |[39m     [36mif[39m (news[33m.[39misSent)
 [90m 27 |[39m         ([35m0[39m[33m,[39m navigation_1[3
3m.[39mredirect)([32m'/admin/news'[39m)[33m;[39m
[31m[1m>[22m[39m[90m 28 |[39m     [36mreturn[39m ([33m<
[39m[33mdiv[39m className[33m=[39m[32m"space-y-6 max-w-2xl
"[39m[33m>[39m
 [90m    |[39m             [31m[1m^[22m[39m
 [90m 29 |[39m       [33m<[39m[33mdiv[39m className[33m=
[39m[32m"flex items-center gap-4"[39m[33m>[39m
 [90m 30 |[39m         [33m<[39m[33mlink_1[39m[33m.[39m
[36mdefault[39m href[33m=[39m[32m"/admin/news"[39m classNam
e[33m=[39m[32m"p-2 bg-white border border-slate-200 rounded-l
g hover:bg-slate-50 transition-colors"[39m[33m>[39m
 [90m 31 |[39m           [33m<[39m[33mlucide_react_1[39m[
33m.[39m[33mArrowLeft[39m size[33m=[39m{[35m20[39m} class
Name[33m=[39m[32m"text-slate-600"[39m[33m/[39m[33m>[39m
[0m

Add @babel/preset-react (https://github.com/babel/babel/tree/mai
n/packages/babel-preset-react) to the 'presets' section of your 
Babel config to enable transformation.
If you want to leave it as-is, add @babel/plugin-syntax-jsx (htt
ps://github.com/babel/babel/tree/main/packages/babel-plugin-synt
ax-jsx) to the 'plugins' section to enable parsing.

If you already added the plugin for this syntax to your config, 
it's possible that your config isn't being loaded.
You can re-run Babel with the BABEL_SHOW_CONFIG_FOR environment 
variable to show the loaded configuration:
	npx cross-env BABEL_SHOW_CONFIG_FOR=D:\Smmplan\src\app\admin\ne
ws\[id]\broadcast\page.tsx <your build command>
See https://babeljs.io/docs/configuration#print-effective-config
s for more info.

STACK: SyntaxError: D:\Smmplan\src\app\admin\news\[id]\broadcast
\page.tsx: Support for the experimental syntax 'jsx' isn't curre
ntly enabled (28:13):

[0m [90m 26 |[39m     [36mif[39m (news[33m.[39misSent)
 [90m 27 |[39m         ([35m0[39m[33m,[39m navigation_1[3
3m.[39mredirect)([32m'/admin/news'[39m)[33m;[39m
[31m[1m>[22m[39m[90m 28 |[39m     [36mreturn[39m ([33m<
[39m[33mdiv[39m className[33m=[39m[32m"space-y-6 max-w-2xl
"[39m[33m>[39m
 [90m    |[39m             [31m[1m^[22m[39m
 [90m 29 |[39m       [33m<[39m[33mdiv[39m className[33m=
[39m[32m"flex items-center gap-4"[39m[33m>[39m
 [90m 30 |[39m         [33m<[39m[33mlink_1[39m[33m.[39m
[36mdefault[39m href[33m=[39m[32m"/admin/news"[39m classNam
e[33m=[39m[32m"p-2 bg-white border border-slate-200 rounded-l
g hover:bg-slate-50 transition-colors"[39m[33m>[39m
 [90m 31 |[39m           [33m<[39m[33mlucide_react_1[39m[
33m.[39m[33mArrowLeft[39m size[33m=[39m{[35m20[39m} class
Name[33m=[39m[32m"text-slate-600"[39m[33m/[39m[33m>[39m
[0m

Add @babel/preset-react (https://github.com/babel/babel/tree/mai
n/packages/babel-preset-react) to the 'presets' section of your 
Babel config to enable transformation.
If you want to leave it as-is, add @babel/plugin-syntax-jsx (htt
ps://github.com/babel/babel/tree/main/packages/babel-plugin-synt
ax-jsx) to the 'plugins' section to enable parsing.

If you already added the plugin for this syntax to your config, 
it's possible that your config isn't being loaded.
You can re-run Babel with the BABEL_SHOW_CONFIG_FOR environment 
variable to show the loaded configuration:
	npx cross-env BABEL_SHOW_CONFIG_FOR=D:\Smmplan\src\app\admin\ne
ws\[id]\broadcast\page.tsx <your build command>
See https://babeljs.io/docs/configuration#print-effective-config
s for more info.

    at constructor (D:\Smmplan\node_modules\@babel\parser\lib\in
dex.js:365:19)
    at Parser.raise (D:\Smmplan\node_modules\@babel\parser\lib\i
ndex.js:6599:19)
    at Parser.expectOnePlugin (D:\Smmplan\node_modules\@babel\pa
rser\lib\index.js:6633:18)
    at Parser.parseExprAtom (D:\Smmplan\node_modules\@babel\pars
er\lib\index.js:11388:24)
    at Parser.parseExprSubscripts (D:\Smmplan\node_modules\@babe
l\parser\lib\index.js:11071:23)
    at Parser.parseUpdate (D:\Smmplan\node_modules\@babel\parser
\lib\index.js:11056:21)
    at Parser.parseMaybeUnary (D:\Smmplan\node_modules\@babel\pa
rser\lib\index.js:11036:23)
    at Parser.parseMaybeUnaryOrPrivate (D:\Smmplan\node_modules\
@babel\parser\lib\index.js:10889:61)
    at Parser.parseExprOps (D:\Smmplan\node_modules\@babel\parse
r\lib\index.js:10894:23)
    at Parser.parseMaybeConditional (D:\Smmplan\node_modules\@ba
bel\parser\lib\index.js:10871:23)
    at Parser.parseMaybeAssign (D:\Smmplan\node_modules\@babel\p
arser\lib\index.js:10821:21)
    at D:\Smmplan\node_modules\@babel\parser\lib\index.js:10790:
39
    at Parser.allowInAnd (D:\Smmplan\node_modules\@babel\parser\
lib\index.js:12416:12)
    at Parser.parseMaybeAssignAllowIn (D:\Smmplan\node_modules\@
babel\parser\lib\index.js:10790:17)
    at Parser.parseMaybeAssignAllowInOrVoidPattern (D:\Smmplan\n
ode_modules\@babel\parser\lib\index.js:12483:17)
    at Parser.parseParenAndDistinguishExpression (D:\Smmplan\nod
e_modules\@babel\parser\lib\index.js:11665:28)
    at Parser.parseExprAtom (D:\Smmplan\node_modules\@babel\pars
er\lib\index.js:11321:23)
    at Parser.parseExprSubscripts (D:\Smmplan\node_modules\@babe
l\parser\lib\index.js:11071:23)
    at Parser.parseUpdate (D:\Smmplan\node_modules\@babel\parser
\lib\index.js:11056:21)
    at Parser.parseMaybeUnary (D:\Smmplan\node_modules\@babel\pa
rser\lib\index.js:11036:23)
    at Parser.parseMaybeUnaryOrPrivate (D:\Smmplan\node_modules\
@babel\parser\lib\index.js:10889:61)
    at Parser.parseExprOps (D:\Smmplan\node_modules\@babel\parse
r\lib\index.js:10894:23)
    at Parser.parseMaybeConditional (D:\Smmplan\node_modules\@ba
bel\parser\lib\index.js:10871:23)
    at Parser.parseMaybeAssign (D:\Smmplan\node_modules\@babel\p
arser\lib\index.js:10821:21)
    at Parser.parseExpressionBase (D:\Smmplan\node_modules\@babe
l\parser\lib\index.js:10774:23)
    at D:\Smmplan\node_modules\@babel\parser\lib\index.js:10770:
39
    at Parser.allowInAnd (D:\Smmplan\node_modules\@babel\parser\
lib\index.js:12411:16)
    at Parser.parseExpression (D:\Smmplan\node_modules\@babel\pa
rser\lib\index.js:10770:17)
    at Parser.parseReturnStatement (D:\Smmplan\node_modules\@bab
el\parser\lib\index.js:13132:28)
    at Parser.parseStatementContent (D:\Smmplan\node_modules\@ba
bel\parser\lib\index.js:12788:21)
    at Parser.parseStatementLike (D:\Smmplan\node_modules\@babel
\parser\lib\index.js:12757:17)
    at Parser.parseStatementListItem (D:\Smmplan\node_modules\@b
abel\parser\lib\index.js:12737:17)
    at Parser.parseBlockOrModuleBlockBody (D:\Smmplan\node_modul
es\@babel\parser\lib\index.js:13306:61)
    at Parser.parseBlockBody (D:\Smmplan\node_modules\@babel\par
ser\lib\index.js:13299:10)
    at Parser.parseBlock (D:\Smmplan\node_modules\@babel\parser\
lib\index.js:13287:10)
    at Parser.parseFunctionBody (D:\Smmplan\node_modules\@babel\
parser\lib\index.js:12090:24)
    at Parser.parseFunctionBodyAndFinish (D:\Smmplan\node_module
s\@babel\parser\lib\index.js:12076:10)
    at D:\Smmplan\node_modules\@babel\parser\lib\index.js:13435:
12
    at Parser.withSmartMixTopicForbiddingContext (D:\Smmplan\nod
e_modules\@babel\parser\lib\index.js:12393:14)
    at Parser.parseFunction (D:\Smmplan\node_modules\@babel\pars
er\lib\index.js:13434:10)
    at Parser.parseFunctionStatement (D:\Smmplan\node_modules\@b
abel\parser\lib\index.js:13115:17)
    at Parser.parseStatementContent (D:\Smmplan\node_modules\@ba
bel\parser\lib\index.js:12880:25)
    at Parser.parseStatementLike (D:\Smmplan\node_modules\@babel
\parser\lib\index.js:12757:17)
    at Parser.parseModuleItem (D:\Smmplan\node_modules\@babel\pa
rser\lib\index.js:12734:17)
    at Parser.parseBlockOrModuleBlockBody (D:\Smmplan\node_modul
es\@babel\parser\lib\index.js:13306:36)
    at Parser.parseBlockBody (D:\Smmplan\node_modules\@babel\par
ser\lib\index.js:13299:10)
    at Parser.parseProgram (D:\Smmplan\node_modules\@babel\parse
r\lib\index.js:12612:10)
    at Parser.parseTopLevel (D:\Smmplan\node_modules\@babel\pars
er\lib\index.js:12602:25)
    at Parser.parse (D:\Smmplan\node_modules\@babel\parser\lib\i
ndex.js:14478:25)
    at parse (D:\Smmplan\node_modules\@babel\parser\lib\index.js
:14512:38)
--------------------------------------------|---------|----------|---------|---------|----------------------------------------------------------------------------
File                                        | % Stmts | % Branch | % Funcs | % Lines | Uncovered Line #s                                                          
--------------------------------------------|---------|----------|---------|---------|----------------------------------------------------------------------------
All files                                   |     3.6 |     0.32 |     0.3 |    3.94 |                                                                            
 src                                        |       0 |        0 |       0 |       0 |                                                                            
  middleware.ts                             |       0 |        0 |       0 |       0 | 1-36                                                                       
 src/app/admin                              |       0 |        0 |       0 |       0 |                                                                            
  global-search-action.ts                   |       0 |        0 |       0 |       0 | 3-58                                                                       
 src/app/admin/analytics                    |       0 |        0 |       0 |       0 |                                                                            
  actions.ts                                |       0 |        0 |       0 |       0 | 3-61                                                                       
 src/app/admin/analytics/churn              |       0 |      100 |       0 |       0 |                                                                            
  actions.ts                                |       0 |      100 |       0 |       0 | 3-6                                                                        
 src/app/admin/auth                         |       0 |      100 |       0 |       0 |                                                                            
  actions.ts                                |       0 |      100 |       0 |       0 | 3-9                                                                        
 src/app/admin/employees                    |       0 |        0 |       0 |       0 |                                                                            
  actions.ts                                |       0 |        0 |       0 |       0 | 3-60                                                                       
 src/app/admin/expenses                     |       0 |        0 |       0 |       0 |                                                                            
  actions.ts                                |       0 |        0 |       0 |       0 | 3-54                                                                       
 src/app/admin/legal/components             |       0 |      100 |     100 |       0 |                                                                            
  index.ts                                  |       0 |      100 |     100 |       0 | 1-3                                                                        
 src/app/admin/loyalty                      |       0 |        0 |       0 |       0 |                                                                            
  actions.ts                                |       0 |        0 |       0 |       0 | 4-66                                                                       
 src/app/admin/news                         |       0 |        0 |       0 |       0 |                                                                            
  actions.ts                                |       0 |        0 |       0 |       0 | 4-82                                                                       
 src/app/admin/orders                       |       0 |        0 |       0 |       0 |                                                                            
  actions.ts                                |       0 |        0 |       0 |       0 | 4-172                                                                      
 src/app/admin/projects                     |       0 |        0 |       0 |       0 |                                                                            
  actions.ts                                |       0 |        0 |       0 |       0 | 4-115                                                                      
 src/app/admin/providers                    |       0 |        0 |       0 |       0 |                                                                            
  actions.ts                                |       0 |        0 |       0 |       0 | 3-174                                                                      
 src/app/admin/reports                      |       0 |        0 |       0 |       0 |                                                                            
  actions.ts                                |       0 |        0 |       0 |       0 | 3-92                                                                       
 src/app/admin/services                     |       0 |        0 |       0 |       0 |                                                                            
  actions.ts                                |       0 |        0 |       0 |       0 | 3-213                                                                      
  health-actions.ts                         |       0 |        0 |       0 |       0 | 3-50                                                                       
  overrides-actions.ts                      |       0 |        0 |       0 |       0 | 4-33                                                                       
 src/app/admin/services/curator             |       0 |        0 |       0 |       0 |                                                                            
  actions.ts                                |       0 |        0 |       0 |       0 | 3-138                                                                      
 src/app/admin/settings                     |       0 |        0 |       0 |       0 |                                                                            
  actions.ts                                |       0 |        0 |       0 |       0 | 3-117                                                                      
 src/app/admin/support                      |       0 |        0 |       0 |       0 |                                                                            
  actions.ts                                |       0 |        0 |       0 |       0 | 3-111                                                                      
  ai-actions.ts                             |       0 |        0 |       0 |       0 | 4-87                                                                       
  macro-actions.ts                          |       0 |        0 |       0 |       0 | 4-53                                                                       
  moderation-actions.ts                     |       0 |        0 |       0 |       0 | 3-143                                                                      
  ticket-actions.ts                         |       0 |        0 |       0 |       0 | 4-355                                                                      
 src/app/admin/support/macros               |       0 |        0 |       0 |       0 |                                                                            
  actions.ts                                |       0 |        0 |       0 |       0 | 3-133                                                                      
 src/app/admin/support/presence             |       0 |        0 |       0 |       0 |                                                                            
  actions.ts                                |       0 |        0 |       0 |       0 | 3-55                                                                       
 src/app/admin/support/templates            |       0 |        0 |       0 |       0 |                                                                            
  actions.ts                                |       0 |        0 |       0 |       0 | 3-51                                                                       
 src/app/admin/transactions                 |       0 |        0 |       0 |       0 |                                                                            
  actions.ts                                |       0 |        0 |       0 |       0 | 3-84                                                                       
 src/app/admin/users                        |       0 |        0 |       0 |       0 |                                                                            
  actions.ts                                |       0 |        0 |       0 |       0 | 3-160                                                                      
 src/app/admin/users/referrals              |       0 |        0 |       0 |       0 |                                                                            
  actions.ts                                |       0 |        0 |       0 |       0 | 3-39                                                                       
 src/app/api/admin/auth                     |       0 |        0 |       0 |       0 |                                                                            
  route.ts                                  |       0 |        0 |       0 |       0 | 1-276                                                                      
 src/app/api/admin/auth/reset-password      |       0 |        0 |       0 |       0 |                                                                            
  route.ts                                  |       0 |        0 |       0 |       0 | 1-84                                                                       
 src/app/api/admin/legal                    |       0 |        0 |       0 |       0 |                                                                            
  route.ts                                  |       0 |        0 |       0 |       0 | 1-85                                                                       
 src/app/api/admin/media/[fileId]           |       0 |        0 |       0 |       0 |                                                                            
  route.ts                                  |       0 |        0 |       0 |       0 | 3-46                                                                       
 src/app/api/admin/providers                |       0 |        0 |       0 |       0 |                                                                            
  route.ts                                  |       0 |        0 |       0 |       0 | 1-95                                                                       
 src/app/api/admin/services/analyze         |       0 |        0 |       0 |       0 |                                                                            
  route.ts                                  |       0 |        0 |       0 |       0 | 2-21                                                                       
 src/app/api/admin/services/health          |       0 |        0 |       0 |       0 |                                                                            
  route.ts                                  |       0 |        0 |       0 |       0 | 2-61                                                                       
 src/app/api/admin/services/import          |       0 |        0 |       0 |       0 |                                                                            
  route.ts                                  |       0 |        0 |       0 |       0 | 1-187                                                                      
 src/app/api/admin/services/markup          |       0 |        0 |       0 |       0 |                                                                            
  route.ts                                  |       0 |        0 |       0 |       0 | 1-64                                                                       
 src/app/api/admin/stats                    |       0 |        0 |       0 |       0 |                                                                            
  route.ts                                  |       0 |        0 |       0 |       0 | 1-106                                                                      
 src/app/api/admin/support/tickets          |       0 |        0 |       0 |       0 |                                                                            
  route.ts                                  |       0 |        0 |       0 |       0 | 1-40                                                                       
 src/app/api/admin/support/tickets/[id]     |       0 |        0 |       0 |       0 |                                                                            
  route.ts                                  |       0 |        0 |       0 |       0 | 1-48                                                                       
 src/app/api/admin/support/user-dialog/[id] |       0 |        0 |       0 |       0 |                                                                            
  route.ts                                  |       0 |        0 |       0 |       0 | 1-105                                                                      
 src/app/api/admin/support/users            |       0 |        0 |       0 |       0 |                                                                            
  route.ts                                  |       0 |        0 |       0 |       0 | 1-107                                                                      
 src/app/api/auth/[...nextauth]             |       0 |      100 |     100 |       0 |                                                                            
  route.ts                                  |       0 |      100 |     100 |       0 | 2-7                                                                        
 src/app/api/auth/register                  |       0 |        0 |       0 |       0 |                                                                            
  route.ts                                  |       0 |        0 |       0 |       0 | 2-57                                                                       
 src/app/api/client/legal                   |       0 |        0 |       0 |       0 |                                                                            
  route.ts                                  |       0 |        0 |       0 |       0 | 1-17                                                                       
 src/app/api/client/legal/[slug]            |       0 |        0 |       0 |       0 |                                                                            
  route.ts                                  |       0 |        0 |       0 |       0 | 1-26                                                                       
 src/app/api/client/orders                  |       0 |        0 |       0 |       0 |                                                                            
  route.ts                                  |       0 |        0 |       0 |       0 | 1-261                                                                      
 src/app/api/client/orders/[id]             |       0 |        0 |       0 |       0 |                                                                            
  route.ts                                  |       0 |        0 |       0 |       0 | 1-52                                                                       
 src/app/api/client/services                |       0 |        0 |       0 |       0 |                                                                            
  route.ts                                  |       0 |        0 |       0 |       0 | 1-43                                                                       
 src/app/api/client/stats                   |       0 |        0 |       0 |       0 |                                                                            
  route.ts                                  |       0 |        0 |       0 |       0 | 1-61                                                                       
 src/app/api/client/user                    |       0 |        0 |       0 |       0 |                                                                            
  route.ts                                  |       0 |        0 |       0 |       0 | 1-70                                                                       
 src/app/api/internal/project-lookup        |       0 |        0 |       0 |       0 |                                                                            
  route.ts                                  |       0 |        0 |       0 |       0 | 2-28                                                                       
 src/app/api/tma/analyze                    |       0 |        0 |       0 |       0 |                                                                            
  route.ts                                  |       0 |        0 |       0 |       0 | 2-141                                                                      
 src/app/api/tma/orders                     |       0 |        0 |       0 |       0 |                                                                            
  route.ts                                  |       0 |        0 |       0 |       0 | 1-143                                                                      
 src/app/api/tma/orders/list                |       0 |        0 |       0 |       0 |                                                                            
  route.ts                                  |       0 |        0 |       0 |       0 | 1-39                                                                       
 src/app/api/tma/orders/mass                |       0 |        0 |       0 |       0 |                                                                            
  route.ts                                  |       0 |        0 |       0 |       0 | 1-61                                                                       
 src/app/api/tma/payments                   |       0 |        0 |       0 |       0 |                                                                            
  route.ts                                  |       0 |        0 |       0 |       0 | 1-84                                                                       
 src/app/api/tma/services                   |       0 |        0 |       0 |       0 |                                                                            
  route.ts                                  |       0 |        0 |       0 |       0 | 1-47                                                                       
 src/app/api/tma/support                    |       0 |        0 |       0 |       0 |                                                                            
  route.ts                                  |       0 |        0 |       0 |       0 | 2-69                                                                       
 src/app/api/tma/user                       |       0 |        0 |       0 |       0 |                                                                            
  route.ts                                  |       0 |        0 |       0 |       0 | 1-97                                                                       
 src/app/api/webhooks/yookassa              |       0 |        0 |       0 |       0 |                                                                            
  route.ts                                  |       0 |        0 |       0 |       0 | 2-42                                                                       
 src/bot/commands                           |       0 |        0 |       0 |       0 |                                                                            
  admin.command.ts                          |       0 |        0 |       0 |       0 | 1-9                                                                        
  cancel.command.ts                         |       0 |      100 |       0 |       0 | 1-6                                                                        
  mass.command.ts                           |       0 |        0 |       0 |       0 | 1-134                                                                      
  orders.command.ts                         |       0 |      100 |       0 |       0 | 1-4                                                                        
  shop.command.ts                           |       0 |        0 |       0 |       0 | 1-6                                                                        
  start.command.ts                          |       0 |        0 |       0 |       0 | 1-137                                                                      
  support.command.ts                        |       0 |      100 |       0 |       0 | 1-2                                                                        
 src/bot/handlers                           |       0 |        0 |       0 |       0 |                                                                            
  callback.handler.ts                       |       0 |        0 |       0 |       0 | 1-95                                                                       
  menu.handler.ts                           |       0 |        0 |       0 |       0 | 1-212                                                                      
  order.handler.ts                          |       0 |        0 |       0 |       0 | 1-65                                                                       
  text.handler.ts                           |       0 |        0 |       0 |       0 | 1-135                                                                      
 src/bot/middleware                         |       0 |        0 |       0 |       0 |                                                                            
  moderation.middleware.ts                  |       0 |        0 |       0 |       0 | 1-46                                                                       
  project.middleware.ts                     |       0 |        0 |       0 |       0 | 1-12                                                                       
 src/bot/scenes                             |       0 |        0 |       0 |       0 |                                                                            
  auto.wizard.ts                            |       0 |        0 |       0 |       0 | 2-173                                                                      
  bind-email.wizard.ts                      |       0 |        0 |       0 |       0 | 1-106                                                                      
  deposit.wizard.ts                         |       0 |        0 |       0 |       0 | 2-125                                                                      
  order.wizard.ts                           |       0 |        0 |       0 |       0 | 1-327                                                                      
  referral.wizard.ts                        |       0 |        0 |       0 |       0 | 2-98                                                                       
  support.wizard.ts                         |       0 |        0 |       0 |       0 | 1-155                                                                      
 src/bot/utils                              |       0 |        0 |       0 |       0 |                                                                            
  menu.utils.ts                             |       0 |        0 |       0 |       0 | 1-71                                                                       
  notification-templates.ts                 |       0 |      100 |       0 |       0 | 5-22                                                                       
 src/components/admin/core                  |       0 |        0 |       0 |       0 |                                                                            
  navigation-hotkeys.tsx                    |       0 |        0 |       0 |       0 | 4-45                                                                       
 src/configs/catalog                        |       0 |      100 |     100 |       0 |                                                                            
  discord.ts                                |       0 |      100 |     100 |       0 | 1-22                                                                       
  instagram.ts                              |       0 |      100 |     100 |       0 | 1-22                                                                       
  likee.ts                                  |       0 |      100 |     100 |       0 | 1-22                                                                       
  telegram.ts                               |       0 |      100 |     100 |       0 | 1-22                                                                       
  tiktok.ts                                 |       0 |      100 |     100 |       0 | 1-22                                                                       
  twitch.ts                                 |       0 |      100 |     100 |       0 | 1-22                                                                       
  vk.ts                                     |       0 |      100 |     100 |       0 | 1-22                                                                       
  youtube.ts                                |       0 |      100 |     100 |       0 | 1-22                                                                       
 src/lib                                    |   22.22 |       15 |   10.52 |   22.22 |                                                                            
  auth.ts                                   |       0 |        0 |       0 |       0 | 2-75                                                                       
  bot.ts                                    |       0 |        0 |     100 |       0 | 2-14                                                                       
  config.service.ts                         |   13.04 |     7.89 |      25 |   14.28 | 10-76                                                                      
  prisma.ts                                 |     100 |       75 |     100 |     100 | 9                                                                          
  queues.ts                                 |   93.75 |       75 |     100 |   93.33 | 21                                                                         
  redis.ts                                  |       0 |        0 |       0 |       0 | 1-43                                                                       
  schemas.ts                                |   55.55 |      100 |       0 |   55.55 | 7-9,20                                                                     
  utils.ts                                  |       0 |      100 |       0 |       0 | 1-5                                                                        
  validations.ts                            |       0 |        0 |       0 |       0 | 2-57                                                                       
 src/services                               |       0 |        0 |       0 |       0 |                                                                            
  mail.service.ts                           |       0 |        0 |       0 |       0 | 1-89                                                                       
 src/services/core                          |   17.19 |        0 |       0 |   17.88 |                                                                            
  index.ts                                  |     100 |      100 |     100 |     100 |                                                                            
  project.service.ts                        |      12 |        0 |       0 |      12 | 11-90                                                                      
  self-healing.service.ts                   |    12.5 |        0 |       0 |    12.5 | 12-172                                                                     
  session.service.ts                        |   11.53 |        0 |       0 |   13.04 | 50-117                                                                     
  settings.service.ts                       |    7.69 |        0 |       0 |    8.69 | 10-79                                                                      
  webhook.service.ts                        |   29.62 |        0 |       0 |   29.62 | 14-47                                                                      
 src/services/finance                       |    12.2 |        0 |       0 |   13.19 |                                                                            
  currency.service.ts                       |   17.64 |        0 |       0 |   18.75 | 11-64                                                                      
  index.ts                                  |     100 |      100 |     100 |     100 |                                                                            
  ledger.service.ts                         |      10 |        0 |       0 |   11.11 | 11-48                                                                      
  payment.service.ts                        |     9.8 |        0 |       0 |    10.2 | 10-156                                                                     
  pricing.service.ts                        |    6.32 |        0 |       0 |    7.14 | 12-199                                                                     
  reconciliation.service.ts                 |   13.72 |        0 |       0 |   14.58 | 14-134                                                                     
 src/services/orders                        |   10.52 |        0 |       0 |   11.54 |                                                                            
  auto-monitoring.service.ts                |   13.33 |        0 |       0 |   13.95 | 24-153                                                                     
  drip-feed.service.ts                      |   14.81 |        0 |       0 |   15.38 | 11-83                                                                      
  index.ts                                  |     100 |      100 |     100 |     100 |                                                                            
  mass-order.service.ts                     |    9.25 |        0 |       0 |   11.11 | 18-132                                                                     
  order-processor.service.ts                |    8.68 |        0 |       0 |     9.5 | 41-115,120-174,179,184-302,307-455,463-493,497-588,601-715,723-796,800-810 
 src/services/payments                      |       0 |        0 |       0 |       0 |                                                                            
  yookassa.service.ts                       |       0 |        0 |       0 |       0 | 1-78                                                                       
 src/services/providers                     |    5.22 |        0 |       0 |    6.17 |                                                                            
  index.ts                                  |     100 |      100 |     100 |     100 |                                                                            
  link.service.ts                           |    1.96 |        0 |       0 |    2.32 | 18-109                                                                     
  provider.service.ts                       |    5.71 |        0 |       0 |    6.45 | 18-301                                                                     
  smart-analyzer.service.ts                 |    0.64 |        0 |       0 |    0.95 | 14-157                                                                     
  smart-sync.service.ts                     |   11.32 |        0 |       0 |      12 | 12-97                                                                      
  stream-promotion.provider.ts              |    6.25 |        0 |       0 |    6.45 | 10-115                                                                     
  universal.provider.ts                     |    6.12 |        0 |       0 |    6.38 | 16-132                                                                     
  vexboost.provider.ts                      |    6.06 |        0 |       0 |    6.06 | 13-97                                                                      
 src/services/support                       |   14.75 |        0 |       0 |   16.07 |                                                                            
  broadcast.service.ts                      |    12.5 |        0 |       0 |   14.28 | 10-72                                                                      
  index.ts                                  |     100 |      100 |     100 |     100 |                                                                            
  ticket.service.ts                         |   11.11 |        0 |       0 |   11.53 | 12-115                                                                     
 src/services/users                         |   10.82 |        0 |       0 |   11.83 |                                                                            
  analytics.service.ts                      |    6.97 |        0 |       0 |    7.22 | 13-279                                                                     
  index.ts                                  |     100 |      100 |     100 |     100 |                                                                            
  loyalty.service.ts                        |    9.75 |        0 |       0 |   10.81 | 20-120                                                                     
  ml-forecaster.service.ts                  |    4.16 |        0 |       0 |    4.87 | 17-114                                                                     
  prediction.service.ts                     |   11.42 |        0 |       0 |    12.9 | 22-99                                                                      
  promo.service.ts                          |    5.66 |        0 |       0 |    6.38 | 9-166                                                                      
  referral.service.ts                       |   27.77 |        0 |       0 |   31.25 | 12-40                                                                      
  retention.service.ts                      |      15 |        0 |       0 |      15 | 9-65                                                                       
  safety.service.ts                         |    8.86 |        0 |       0 |    9.72 | 15-181                                                                     
 src/tests/e2e                              |       0 |        0 |       0 |       0 |                                                                            
  auth.spec.ts                              |       0 |      100 |       0 |       0 | 2-30                                                                       
  finance.spec.ts                           |       0 |        0 |       0 |       0 | 2-50                                                                       
 src/utils                                  |    1.01 |        0 |       0 |    1.21 |                                                                            
  admin-auth.ts                             |       0 |        0 |       0 |       0 | 1-53                                                                       
  analyzer.ts                               |       0 |        0 |       0 |       0 | 1-112                                                                      
  formatter.ts                              |   14.81 |        0 |       0 |   16.66 | 9-27,32-33,40-55                                                           
  guarantee-parser.ts                       |       0 |        0 |       0 |       0 | 1-39                                                                       
  link-validator.ts                         |       0 |        0 |       0 |       0 | 20-42                                                                      
  loyalty.ts                                |       0 |        0 |       0 |       0 | 8-19                                                                       
  normalizer.ts                             |       0 |        0 |       0 |       0 | 4-86                                                                       
  order-utils.ts                            |   11.11 |        0 |       0 |   11.11 | 8-22,30-44                                                                 
  project-resolver.ts                       |       0 |        0 |       0 |       0 | 1-39                                                                       
  rate-limit.ts                             |       0 |        0 |       0 |       0 | 10-49                                                                      
  service-analytics.ts                      |       0 |        0 |       0 |       0 | 2-176                                                                      
  smart-ranker.ts                           |       0 |        0 |       0 |       0 | 1-706                                                                      
  sync-catalog.ts                           |       0 |        0 |       0 |       0 | 1-149                                                                      
  tips.ts                                   |       0 |        0 |       0 |       0 | 1-63                                                                       
  tma-auth.ts                               |       0 |        0 |       0 |       0 | 1-77                                                                       
 src/workers                                |       0 |        0 |       0 |       0 |                                                                            
  check-balance.job.ts                      |       0 |      100 |       0 |       0 | 1-14                                                                       
  index.ts                                  |       0 |        0 |       0 |       0 | 2-88                                                                       
--------------------------------------------|---------|----------|---------|---------|----------------------------------------------------------------------------
Test Suites: 1 failed, 1 total
Tests:       1 failed, 1 total
Snapshots:   0 total
Time:        8.298 s, estimated 11 s
Ran all test suites matching src/tests/full_cycle.test.ts.
Jest did not exit one second after the test run has completed.

'This usually means that there are asynchronous operations that 
weren't stopped in your tests. Consider running Jest with `--det
ectOpenHandles` to troubleshoot this issue.
